
> anima-engine-frontend@0.1.0 test:frontend
> vitest run --config vitest.config.ts --root tests

[33mThe CJS build of Vite's Node API is deprecated. See https://vite.dev/guide/troubleshooting.html#vite-cjs-node-api-deprecated for more details.[39m

[7m[1m[36m RUN [39m[22m[27m [36mv1.6.1[39m [90mE:/project/Anima-Engine/tests[39m

 [32m✓[39m frontend/terrainGenerator.test.ts [2m ([22m[2m6 tests[22m[2m)[22m[33m 570[2mms[22m[39m
[90mstderr[2m | frontend/vegetation.test.tsx[2m > [22m[2mVegetation Component Tests[2m > [22m[2mshould render instanced meshes for each flora type[22m[39m
Warning: The tag <primitive> is unrecognized in this browser. If you meant to render a React component, start its name with an uppercase letter.
    at primitive
    at instancedMesh
    at group
    at Vegetation (E:\project\Anima-Engine\src\components\Landscape\Vegetation.tsx:58:3)
Warning: <instancedMesh /> is using incorrect casing. Use PascalCase for React components, or lowercase for HTML elements.
    at instancedMesh
    at group
    at Vegetation (E:\project\Anima-Engine\src\components\Landscape\Vegetation.tsx:58:3)
Warning: The tag <instancedMesh> is unrecognized in this browser. If you meant to render a React component, start its name with an uppercase letter.
    at instancedMesh
    at group
    at Vegetation (E:\project\Anima-Engine\src\components\Landscape\Vegetation.tsx:58:3)
Warning: <instancedMesh /> is using incorrect casing. Use PascalCase for React components, or lowercase for HTML elements.
    at instancedMesh
    at group
    at Vegetation (E:\project\Anima-Engine\src\components\Landscape\Vegetation.tsx:58:3)
Warning: <instancedMesh /> is using incorrect casing. Use PascalCase for React components, or lowercase for HTML elements.
    at instancedMesh
    at group
    at Vegetation (E:\project\Anima-Engine\src\components\Landscape\Vegetation.tsx:58:3)
Warning: <instancedMesh /> is using incorrect casing. Use PascalCase for React components, or lowercase for HTML elements.
    at instancedMesh
    at group
    at Vegetation (E:\project\Anima-Engine\src\components\Landscape\Vegetation.tsx:58:3)
Warning: <instancedMesh /> is using incorrect casing. Use PascalCase for React components, or lowercase for HTML elements.
    at instancedMesh
    at group
    at Vegetation (E:\project\Anima-Engine\src\components\Landscape\Vegetation.tsx:58:3)
Warning: The tag <group> is unrecognized in this browser. If you meant to render a React component, start its name with an uppercase letter.
    at group
    at Vegetation (E:\project\Anima-Engine\src\components\Landscape\Vegetation.tsx:58:3)
Warning: React does not recognize the `userData` prop on a DOM element. If you intentionally want it to appear in the DOM as a custom attribute, spell it as lowercase `userdata` instead. If you accidentally passed it from a parent component, remove it from the DOM element.
    at group
    at Vegetation (E:\project\Anima-Engine\src\components\Landscape\Vegetation.tsx:58:3)

[90mstderr[2m | frontend/vegetation.test.tsx[2m > [22m[2mVegetation Component Tests[2m > [22m[2mshould correctly position instances according to terrain heights[22m[39m
Warning: <instancedMesh /> is using incorrect casing. Use PascalCase for React components, or lowercase for HTML elements.
    at instancedMesh
    at group
    at Vegetation (E:\project\Anima-Engine\src\components\Landscape\Vegetation.tsx:58:3)
Warning: <instancedMesh /> is using incorrect casing. Use PascalCase for React components, or lowercase for HTML elements.
    at instancedMesh
    at group
    at Vegetation (E:\project\Anima-Engine\src\components\Landscape\Vegetation.tsx:58:3)
Warning: <instancedMesh /> is using incorrect casing. Use PascalCase for React components, or lowercase for HTML elements.
    at instancedMesh
    at group
    at Vegetation (E:\project\Anima-Engine\src\components\Landscape\Vegetation.tsx:58:3)
Warning: <instancedMesh /> is using incorrect casing. Use PascalCase for React components, or lowercase for HTML elements.
    at instancedMesh
    at group
    at Vegetation (E:\project\Anima-Engine\src\components\Landscape\Vegetation.tsx:58:3)
Warning: <instancedMesh /> is using incorrect casing. Use PascalCase for React components, or lowercase for HTML elements.
    at instancedMesh
    at group
    at Vegetation (E:\project\Anima-Engine\src\components\Landscape\Vegetation.tsx:58:3)

[90mstderr[2m | frontend/vegetation.test.tsx[2m > [22m[2mVegetation Component Tests[2m > [22m[2mshould reactively update uniforms when windSpeed or windDirection props change[22m[39m
Warning: <instancedMesh /> is using incorrect casing. Use PascalCase for React components, or lowercase for HTML elements.
    at instancedMesh
    at group
    at Vegetation (E:\project\Anima-Engine\src\components\Landscape\Vegetation.tsx:58:3)
Warning: <instancedMesh /> is using incorrect casing. Use PascalCase for React components, or lowercase for HTML elements.
    at instancedMesh
    at group
    at Vegetation (E:\project\Anima-Engine\src\components\Landscape\Vegetation.tsx:58:3)
Warning: <instancedMesh /> is using incorrect casing. Use PascalCase for React components, or lowercase for HTML elements.
    at instancedMesh
    at group
    at Vegetation (E:\project\Anima-Engine\src\components\Landscape\Vegetation.tsx:58:3)
Warning: <instancedMesh /> is using incorrect casing. Use PascalCase for React components, or lowercase for HTML elements.
    at instancedMesh
    at group
    at Vegetation (E:\project\Anima-Engine\src\components\Landscape\Vegetation.tsx:58:3)
Warning: <instancedMesh /> is using incorrect casing. Use PascalCase for React components, or lowercase for HTML elements.
    at instancedMesh
    at group
    at Vegetation (E:\project\Anima-Engine\src\components\Landscape\Vegetation.tsx:58:3)

 [32m✓[39m frontend/vegetation.test.tsx [2m ([22m[2m3 tests[22m[2m)[22m[33m 460[2mms[22m[39m
 [32m✓[39m frontend/skyWeather.test.tsx [2m ([22m[2m7 tests[22m[2m)[22m[33m 373[2mms[22m[39m
 [32m✓[39m frontend/terrainWater.test.tsx [2m ([22m[2m5 tests[22m[2m)[22m[33m 1409[2mms[22m[39m
 [32m✓[39m frontend/rabbit_visualizer_boundaries.test.tsx [2m ([22m[2m13 tests[22m[2m)[22m[33m 2140[2mms[22m[39m
 [32m✓[39m frontend/phase3_adversarial.test.tsx [2m ([22m[2m4 tests[22m[2m)[22m[33m 1705[2mms[22m[39m
 [32m✓[39m frontend/phase4_adversarial_crashes.test.tsx [2m ([22m[2m7 tests[22m[2m)[22m[33m 2167[2mms[22m[39m
 [32m✓[39m frontend/phase4_ui.test.tsx [2m ([22m[2m7 tests[22m[2m)[22m[33m 2936[2mms[22m[39m
 [32m✓[39m frontend/phase5_pixi_rendering.test.tsx [2m ([22m[2m2 tests[22m[2m)[22m[90m 288[2mms[22m[39m
 [32m✓[39m frontend/ipc_command_phase2.test.ts [2m ([22m[2m5 tests[22m[2m)[22m[90m 31[2mms[22m[39m
 [32m✓[39m frontend/phase3_ui.test.tsx [2m ([22m[2m3 tests[22m[2m)[22m[33m 1351[2mms[22m[39m
 [32m✓[39m frontend/phase5_gemini_timeline.test.tsx [2m ([22m[2m2 tests[22m[2m)[22m[33m 910[2mms[22m[39m
 [32m✓[39m frontend/ipc_command.test.ts [2m ([22m[2m3 tests[22m[2m)[22m[90m 12[2mms[22m[39m
 [32m✓[39m frontend/morphology_ipc.test.ts [2m ([22m[2m1 test[22m[2m)[22m[90m 13[2mms[22m[39m
 [32m✓[39m frontend/dashboard_grid.test.tsx [2m ([22m[2m5 tests[22m[2m)[22m[33m 1558[2mms[22m[39m
 [32m✓[39m frontend/ipc_event.test.ts [2m ([22m[2m1 test[22m[2m)[22m[90m 7[2mms[22m[39m
 [32m✓[39m frontend/phase4_adversarial.test.tsx [2m ([22m[2m4 tests[22m[2m)[22m[33m 7417[2mms[22m[39m
[90mstderr[2m | frontend/landscape_showcase.test.tsx[2m > [22m[2mLandscape Showcase Test Suite (93 Tests)[2m > [22m[2mTier 1: Feature Coverage (40 tests)[2m > [22m[2mF2: Advanced Water[2m > [22m[2mF2.1: reflection updates[22m[39m
Warning: <shaderMaterial /> is using incorrect casing. Use PascalCase for React components, or lowercase for HTML elements.
    at shaderMaterial
    at mesh
    at group
    at Water (E:\project\Anima-Engine\src\components\Landscape\Water.tsx:87:3)
Warning: The tag <shaderMaterial> is unrecognized in this browser. If you meant to render a React component, start its name with an uppercase letter.
    at shaderMaterial
    at mesh
    at group
    at Water (E:\project\Anima-Engine\src\components\Landscape\Water.tsx:87:3)
Warning: React does not recognize the `vertexShader` prop on a DOM element. If you intentionally want it to appear in the DOM as a custom attribute, spell it as lowercase `vertexshader` instead. If you accidentally passed it from a parent component, remove it from the DOM element.
    at shaderMaterial
    at mesh
    at group
    at Water (E:\project\Anima-Engine\src\components\Landscape\Water.tsx:87:3)
Warning: React does not recognize the `fragmentShader` prop on a DOM element. If you intentionally want it to appear in the DOM as a custom attribute, spell it as lowercase `fragmentshader` instead. If you accidentally passed it from a parent component, remove it from the DOM element.
    at shaderMaterial
    at mesh
    at group
    at Water (E:\project\Anima-Engine\src\components\Landscape\Water.tsx:87:3)
Warning: Received `true` for a non-boolean attribute `transparent`.

If you want to write it to the DOM, pass a string instead: transparent="true" or transparent={value.toString()}.
    at shaderMaterial
    at mesh
    at group
    at Water (E:\project\Anima-Engine\src\components\Landscape\Water.tsx:87:3)
Warning: React does not recognize the `depthWrite` prop on a DOM element. If you intentionally want it to appear in the DOM as a custom attribute, spell it as lowercase `depthwrite` instead. If you accidentally passed it from a parent component, remove it from the DOM element.
    at shaderMaterial
    at mesh
    at group
    at Water (E:\project\Anima-Engine\src\components\Landscape\Water.tsx:87:3)
Warning: The tag <mesh> is unrecognized in this browser. If you meant to render a React component, start its name with an uppercase letter.
    at mesh
    at group
    at Water (E:\project\Anima-Engine\src\components\Landscape\Water.tsx:87:3)
Warning: React does not recognize the `userData` prop on a DOM element. If you intentionally want it to appear in the DOM as a custom attribute, spell it as lowercase `userdata` instead. If you accidentally passed it from a parent component, remove it from the DOM element.
    at mesh
    at group
    at Water (E:\project\Anima-Engine\src\components\Landscape\Water.tsx:87:3)
Warning: <bufferAttribute /> is using incorrect casing. Use PascalCase for React components, or lowercase for HTML elements.
    at bufferAttribute
    at bufferGeometry
    at points
    at group
    at Water (E:\project\Anima-Engine\src\components\Landscape\Water.tsx:87:3)
Warning: The tag <bufferAttribute> is unrecognized in this browser. If you meant to render a React component, start its name with an uppercase letter.
    at bufferAttribute
    at bufferGeometry
    at points
    at group
    at Water (E:\project\Anima-Engine\src\components\Landscape\Water.tsx:87:3)
Warning: React does not recognize the `itemSize` prop on a DOM element. If you intentionally want it to appear in the DOM as a custom attribute, spell it as lowercase `itemsize` instead. If you accidentally passed it from a parent component, remove it from the DOM element.
    at bufferAttribute
    at bufferGeometry
    at points
    at group
    at Water (E:\project\Anima-Engine\src\components\Landscape\Water.tsx:87:3)
Warning: <bufferGeometry /> is using incorrect casing. Use PascalCase for React components, or lowercase for HTML elements.
    at bufferGeometry
    at points
    at group
    at Water (E:\project\Anima-Engine\src\components\Landscape\Water.tsx:87:3)
Warning: The tag <bufferGeometry> is unrecognized in this browser. If you meant to render a React component, start its name with an uppercase letter.
    at bufferGeometry
    at points
    at group
    at Water (E:\project\Anima-Engine\src\components\Landscape\Water.tsx:87:3)
Warning: <pointsMaterial /> is using incorrect casing. Use PascalCase for React components, or lowercase for HTML elements.
    at pointsMaterial
    at points
    at group
    at Water (E:\project\Anima-Engine\src\components\Landscape\Water.tsx:87:3)
Warning: The tag <pointsMaterial> is unrecognized in this browser. If you meant to render a React component, start its name with an uppercase letter.
    at pointsMaterial
    at points
    at group
    at Water (E:\project\Anima-Engine\src\components\Landscape\Water.tsx:87:3)
Warning: The tag <points> is unrecognized in this browser. If you meant to render a React component, start its name with an uppercase letter.
    at points
    at group
    at Water (E:\project\Anima-Engine\src\components\Landscape\Water.tsx:87:3)
Warning: The tag <group> is unrecognized in this browser. If you meant to render a React component, start its name with an uppercase letter.
    at group
    at Water (E:\project\Anima-Engine\src\components\Landscape\Water.tsx:87:3)

[90mstderr[2m | frontend/landscape_showcase.test.tsx[2m > [22m[2mLandscape Showcase Test Suite (93 Tests)[2m > [22m[2mTier 1: Feature Coverage (40 tests)[2m > [22m[2mF2: Advanced Water[2m > [22m[2mF2.2: wave ticks[22m[39m
Warning: <shaderMaterial /> is using incorrect casing. Use PascalCase for React components, or lowercase for HTML elements.
    at shaderMaterial
    at mesh
    at group
    at Water (E:\project\Anima-Engine\src\components\Landscape\Water.tsx:87:3)
Warning: <bufferAttribute /> is using incorrect casing. Use PascalCase for React components, or lowercase for HTML elements.
    at bufferAttribute
    at bufferGeometry
    at points
    at group
    at Water (E:\project\Anima-Engine\src\components\Landscape\Water.tsx:87:3)
Warning: <bufferGeometry /> is using incorrect casing. Use PascalCase for React components, or lowercase for HTML elements.
    at bufferGeometry
    at points
    at group
    at Water (E:\project\Anima-Engine\src\components\Landscape\Water.tsx:87:3)
Warning: <pointsMaterial /> is using incorrect casing. Use PascalCase for React components, or lowercase for HTML elements.
    at pointsMaterial
    at points
    at group
    at Water (E:\project\Anima-Engine\src\components\Landscape\Water.tsx:87:3)

[90mstderr[2m | frontend/landscape_showcase.test.tsx[2m > [22m[2mLandscape Showcase Test Suite (93 Tests)[2m > [22m[2mTier 1: Feature Coverage (40 tests)[2m > [22m[2mF2: Advanced Water[2m > [22m[2mF2.3: distinct waves[22m[39m
Warning: <shaderMaterial /> is using incorrect casing. Use PascalCase for React components, or lowercase for HTML elements.
    at shaderMaterial
    at mesh
    at group
    at Water (E:\project\Anima-Engine\src\components\Landscape\Water.tsx:87:3)
Warning: <bufferAttribute /> is using incorrect casing. Use PascalCase for React components, or lowercase for HTML elements.
    at bufferAttribute
    at bufferGeometry
    at points
    at group
    at Water (E:\project\Anima-Engine\src\components\Landscape\Water.tsx:87:3)
Warning: <bufferGeometry /> is using incorrect casing. Use PascalCase for React components, or lowercase for HTML elements.
    at bufferGeometry
    at points
    at group
    at Water (E:\project\Anima-Engine\src\components\Landscape\Water.tsx:87:3)
Warning: <pointsMaterial /> is using incorrect casing. Use PascalCase for React components, or lowercase for HTML elements.
    at pointsMaterial
    at points
    at group
    at Water (E:\project\Anima-Engine\src\components\Landscape\Water.tsx:87:3)
Warning: <shaderMaterial /> is using incorrect casing. Use PascalCase for React components, or lowercase for HTML elements.
    at shaderMaterial
    at mesh
    at group
    at Water (E:\project\Anima-Engine\src\components\Landscape\Water.tsx:87:3)
Warning: <bufferAttribute /> is using incorrect casing. Use PascalCase for React components, or lowercase for HTML elements.
    at bufferAttribute
    at bufferGeometry
    at points
    at group
    at Water (E:\project\Anima-Engine\src\components\Landscape\Water.tsx:87:3)
Warning: <bufferGeometry /> is using incorrect casing. Use PascalCase for React components, or lowercase for HTML elements.
    at bufferGeometry
    at points
    at group
    at Water (E:\project\Anima-Engine\src\components\Landscape\Water.tsx:87:3)
Warning: <pointsMaterial /> is using incorrect casing. Use PascalCase for React components, or lowercase for HTML elements.
    at pointsMaterial
    at points
    at group
    at Water (E:\project\Anima-Engine\src\components\Landscape\Water.tsx:87:3)

[90mstderr[2m | frontend/landscape_showcase.test.tsx[2m > [22m[2mLandscape Showcase Test Suite (93 Tests)[2m > [22m[2mTier 1: Feature Coverage (40 tests)[2m > [22m[2mF2: Advanced Water[2m > [22m[2mF2.4: waterfall particles[22m[39m
Warning: <shaderMaterial /> is using incorrect casing. Use PascalCase for React components, or lowercase for HTML elements.
    at shaderMaterial
    at mesh
    at group
    at Water (E:\project\Anima-Engine\src\components\Landscape\Water.tsx:87:3)
Warning: <bufferAttribute /> is using incorrect casing. Use PascalCase for React components, or lowercase for HTML elements.
    at bufferAttribute
    at bufferGeometry
    at points
    at group
    at Water (E:\project\Anima-Engine\src\components\Landscape\Water.tsx:87:3)
Warning: <bufferGeometry /> is using incorrect casing. Use PascalCase for React components, or lowercase for HTML elements.
    at bufferGeometry
    at points
    at group
    at Water (E:\project\Anima-Engine\src\components\Landscape\Water.tsx:87:3)
Warning: <pointsMaterial /> is using incorrect casing. Use PascalCase for React components, or lowercase for HTML elements.
    at pointsMaterial
    at points
    at group
    at Water (E:\project\Anima-Engine\src\components\Landscape\Water.tsx:87:3)

[90mstderr[2m | frontend/landscape_showcase.test.tsx[2m > [22m[2mLandscape Showcase Test Suite (93 Tests)[2m > [22m[2mTier 1: Feature Coverage (40 tests)[2m > [22m[2mF2: Advanced Water[2m > [22m[2mF2.5: depth transparency[22m[39m
Warning: <shaderMaterial /> is using incorrect casing. Use PascalCase for React components, or lowercase for HTML elements.
    at shaderMaterial
    at mesh
    at group
    at Water (E:\project\Anima-Engine\src\components\Landscape\Water.tsx:87:3)
Warning: <bufferAttribute /> is using incorrect casing. Use PascalCase for React components, or lowercase for HTML elements.
    at bufferAttribute
    at bufferGeometry
    at points
    at group
    at Water (E:\project\Anima-Engine\src\components\Landscape\Water.tsx:87:3)
Warning: <bufferGeometry /> is using incorrect casing. Use PascalCase for React components, or lowercase for HTML elements.
    at bufferGeometry
    at points
    at group
    at Water (E:\project\Anima-Engine\src\components\Landscape\Water.tsx:87:3)
Warning: <pointsMaterial /> is using incorrect casing. Use PascalCase for React components, or lowercase for HTML elements.
    at pointsMaterial
    at points
    at group
    at Water (E:\project\Anima-Engine\src\components\Landscape\Water.tsx:87:3)

[90mstderr[2m | frontend/landscape_showcase.test.tsx[2m > [22m[2mLandscape Showcase Test Suite (93 Tests)[2m > [22m[2mTier 1: Feature Coverage (40 tests)[2m > [22m[2mF3: Vegetation[2m > [22m[2mF3.1: tree species[22m[39m
Warning: The tag <primitive> is unrecognized in this browser. If you meant to render a React component, start its name with an uppercase letter.
    at primitive
    at instancedMesh
    at group
    at Vegetation (E:\project\Anima-Engine\src\components\Landscape\Vegetation.tsx:58:3)
Warning: <instancedMesh /> is using incorrect casing. Use PascalCase for React components, or lowercase for HTML elements.
    at instancedMesh
    at group
    at Vegetation (E:\project\Anima-Engine\src\components\Landscape\Vegetation.tsx:58:3)
Warning: The tag <instancedMesh> is unrecognized in this browser. If you meant to render a React component, start its name with an uppercase letter.
    at instancedMesh
    at group
    at Vegetation (E:\project\Anima-Engine\src\components\Landscape\Vegetation.tsx:58:3)
Warning: <instancedMesh /> is using incorrect casing. Use PascalCase for React components, or lowercase for HTML elements.
    at instancedMesh
    at group
    at Vegetation (E:\project\Anima-Engine\src\components\Landscape\Vegetation.tsx:58:3)
Warning: <instancedMesh /> is using incorrect casing. Use PascalCase for React components, or lowercase for HTML elements.
    at instancedMesh
    at group
    at Vegetation (E:\project\Anima-Engine\src\components\Landscape\Vegetation.tsx:58:3)
Warning: <instancedMesh /> is using incorrect casing. Use PascalCase for React components, or lowercase for HTML elements.
    at instancedMesh
    at group
    at Vegetation (E:\project\Anima-Engine\src\components\Landscape\Vegetation.tsx:58:3)
Warning: <instancedMesh /> is using incorrect casing. Use PascalCase for React components, or lowercase for HTML elements.
    at instancedMesh
    at group
    at Vegetation (E:\project\Anima-Engine\src\components\Landscape\Vegetation.tsx:58:3)

[90mstderr[2m | frontend/landscape_showcase.test.tsx[2m > [22m[2mLandscape Showcase Test Suite (93 Tests)[2m > [22m[2mTier 1: Feature Coverage (40 tests)[2m > [22m[2mF3: Vegetation[2m > [22m[2mF3.2: ground cover biomes[22m[39m
Warning: <instancedMesh /> is using incorrect casing. Use PascalCase for React components, or lowercase for HTML elements.
    at instancedMesh
    at group
    at Vegetation (E:\project\Anima-Engine\src\components\Landscape\Vegetation.tsx:58:3)
Warning: <instancedMesh /> is using incorrect casing. Use PascalCase for React components, or lowercase for HTML elements.
    at instancedMesh
    at group
    at Vegetation (E:\project\Anima-Engine\src\components\Landscape\Vegetation.tsx:58:3)
Warning: <instancedMesh /> is using incorrect casing. Use PascalCase for React components, or lowercase for HTML elements.
    at instancedMesh
    at group
    at Vegetation (E:\project\Anima-Engine\src\components\Landscape\Vegetation.tsx:58:3)
Warning: <instancedMesh /> is using incorrect casing. Use PascalCase for React components, or lowercase for HTML elements.
    at instancedMesh
    at group
    at Vegetation (E:\project\Anima-Engine\src\components\Landscape\Vegetation.tsx:58:3)
Warning: <instancedMesh /> is using incorrect casing. Use PascalCase for React components, or lowercase for HTML elements.
    at instancedMesh
    at group
    at Vegetation (E:\project\Anima-Engine\src\components\Landscape\Vegetation.tsx:58:3)

[90mstderr[2m | frontend/landscape_showcase.test.tsx[2m > [22m[2mLandscape Showcase Test Suite (93 Tests)[2m > [22m[2mTier 1: Feature Coverage (40 tests)[2m > [22m[2mF3: Vegetation[2m > [22m[2mF3.3: wind angle[22m[39m
Warning: <instancedMesh /> is using incorrect casing. Use PascalCase for React components, or lowercase for HTML elements.
    at instancedMesh
    at group
    at Vegetation (E:\project\Anima-Engine\src\components\Landscape\Vegetation.tsx:58:3)
Warning: <instancedMesh /> is using incorrect casing. Use PascalCase for React components, or lowercase for HTML elements.
    at instancedMesh
    at group
    at Vegetation (E:\project\Anima-Engine\src\components\Landscape\Vegetation.tsx:58:3)
Warning: <instancedMesh /> is using incorrect casing. Use PascalCase for React components, or lowercase for HTML elements.
    at instancedMesh
    at group
    at Vegetation (E:\project\Anima-Engine\src\components\Landscape\Vegetation.tsx:58:3)
Warning: <instancedMesh /> is using incorrect casing. Use PascalCase for React components, or lowercase for HTML elements.
    at instancedMesh
    at group
    at Vegetation (E:\project\Anima-Engine\src\components\Landscape\Vegetation.tsx:58:3)
Warning: <instancedMesh /> is using incorrect casing. Use PascalCase for React components, or lowercase for HTML elements.
    at instancedMesh
    at group
    at Vegetation (E:\project\Anima-Engine\src\components\Landscape\Vegetation.tsx:58:3)

[90mstderr[2m | frontend/landscape_showcase.test.tsx[2m > [22m[2mLandscape Showcase Test Suite (93 Tests)[2m > [22m[2mTier 1: Feature Coverage (40 tests)[2m > [22m[2mF3: Vegetation[2m > [22m[2mF3.4: GPU instancing setup[22m[39m
Warning: <instancedMesh /> is using incorrect casing. Use PascalCase for React components, or lowercase for HTML elements.
    at instancedMesh
    at group
    at Vegetation (E:\project\Anima-Engine\src\components\Landscape\Vegetation.tsx:58:3)
Warning: <instancedMesh /> is using incorrect casing. Use PascalCase for React components, or lowercase for HTML elements.
    at instancedMesh
    at group
    at Vegetation (E:\project\Anima-Engine\src\components\Landscape\Vegetation.tsx:58:3)
Warning: <instancedMesh /> is using incorrect casing. Use PascalCase for React components, or lowercase for HTML elements.
    at instancedMesh
    at group
    at Vegetation (E:\project\Anima-Engine\src\components\Landscape\Vegetation.tsx:58:3)
Warning: <instancedMesh /> is using incorrect casing. Use PascalCase for React components, or lowercase for HTML elements.
    at instancedMesh
    at group
    at Vegetation (E:\project\Anima-Engine\src\components\Landscape\Vegetation.tsx:58:3)
Warning: <instancedMesh /> is using incorrect casing. Use PascalCase for React components, or lowercase for HTML elements.
    at instancedMesh
    at group
    at Vegetation (E:\project\Anima-Engine\src\components\Landscape\Vegetation.tsx:58:3)

[90mstderr[2m | frontend/landscape_showcase.test.tsx[2m > [22m[2mLandscape Showcase Test Suite (93 Tests)[2m > [22m[2mTier 1: Feature Coverage (40 tests)[2m > [22m[2mF3: Vegetation[2m > [22m[2mF3.5: density check[22m[39m
Warning: <instancedMesh /> is using incorrect casing. Use PascalCase for React components, or lowercase for HTML elements.
    at instancedMesh
    at group
    at Vegetation (E:\project\Anima-Engine\src\components\Landscape\Vegetation.tsx:58:3)
Warning: <instancedMesh /> is using incorrect casing. Use PascalCase for React components, or lowercase for HTML elements.
    at instancedMesh
    at group
    at Vegetation (E:\project\Anima-Engine\src\components\Landscape\Vegetation.tsx:58:3)
Warning: <instancedMesh /> is using incorrect casing. Use PascalCase for React components, or lowercase for HTML elements.
    at instancedMesh
    at group
    at Vegetation (E:\project\Anima-Engine\src\components\Landscape\Vegetation.tsx:58:3)
Warning: <instancedMesh /> is using incorrect casing. Use PascalCase for React components, or lowercase for HTML elements.
    at instancedMesh
    at group
    at Vegetation (E:\project\Anima-Engine\src\components\Landscape\Vegetation.tsx:58:3)
Warning: <instancedMesh /> is using incorrect casing. Use PascalCase for React components, or lowercase for HTML elements.
    at instancedMesh
    at group
    at Vegetation (E:\project\Anima-Engine\src\components\Landscape\Vegetation.tsx:58:3)
Warning: <instancedMesh /> is using incorrect casing. Use PascalCase for React components, or lowercase for HTML elements.
    at instancedMesh
    at group
    at Vegetation (E:\project\Anima-Engine\src\components\Landscape\Vegetation.tsx:58:3)
Warning: <instancedMesh /> is using incorrect casing. Use PascalCase for React components, or lowercase for HTML elements.
    at instancedMesh
    at group
    at Vegetation (E:\project\Anima-Engine\src\components\Landscape\Vegetation.tsx:58:3)
Warning: <instancedMesh /> is using incorrect casing. Use PascalCase for React components, or lowercase for HTML elements.
    at instancedMesh
    at group
    at Vegetation (E:\project\Anima-Engine\src\components\Landscape\Vegetation.tsx:58:3)
Warning: <instancedMesh /> is using incorrect casing. Use PascalCase for React components, or lowercase for HTML elements.
    at instancedMesh
    at group
    at Vegetation (E:\project\Anima-Engine\src\components\Landscape\Vegetation.tsx:58:3)
Warning: <instancedMesh /> is using incorrect casing. Use PascalCase for React components, or lowercase for HTML elements.
    at instancedMesh
    at group
    at Vegetation (E:\project\Anima-Engine\src\components\Landscape\Vegetation.tsx:58:3)

[90mstderr[2m | frontend/landscape_showcase.test.tsx[2m > [22m[2mLandscape Showcase Test Suite (93 Tests)[2m > [22m[2mTier 1: Feature Coverage (40 tests)[2m > [22m[2mF4: Sky & Lighting[2m > [22m[2mF4.1: sky colors[22m[39m
Warning: <sphereGeometry /> is using incorrect casing. Use PascalCase for React components, or lowercase for HTML elements.
    at sphereGeometry
    at mesh
    at group
    at Sky (E:\project\Anima-Engine\src\components\Landscape\Sky.tsx:50:16)
Warning: The tag <sphereGeometry> is unrecognized in this browser. If you meant to render a React component, start its name with an uppercase letter.
    at sphereGeometry
    at mesh
    at group
    at Sky (E:\project\Anima-Engine\src\components\Landscape\Sky.tsx:50:16)
Warning: <meshBasicMaterial /> is using incorrect casing. Use PascalCase for React components, or lowercase for HTML elements.
    at meshBasicMaterial
    at mesh
    at group
    at Sky (E:\project\Anima-Engine\src\components\Landscape\Sky.tsx:50:16)
Warning: The tag <meshBasicMaterial> is unrecognized in this browser. If you meant to render a React component, start its name with an uppercase letter.
    at meshBasicMaterial
    at mesh
    at group
    at Sky (E:\project\Anima-Engine\src\components\Landscape\Sky.tsx:50:16)
Warning: <directionalLight /> is using incorrect casing. Use PascalCase for React components, or lowercase for HTML elements.
    at directionalLight
    at group
    at Sky (E:\project\Anima-Engine\src\components\Landscape\Sky.tsx:50:16)
Warning: The tag <directionalLight> is unrecognized in this browser. If you meant to render a React component, start its name with an uppercase letter.
    at directionalLight
    at group
    at Sky (E:\project\Anima-Engine\src\components\Landscape\Sky.tsx:50:16)
Warning: React does not recognize the `castShadow` prop on a DOM element. If you intentionally want it to appear in the DOM as a custom attribute, spell it as lowercase `castshadow` instead. If you accidentally passed it from a parent component, remove it from the DOM element.
    at directionalLight
    at group
    at Sky (E:\project\Anima-Engine\src\components\Landscape\Sky.tsx:50:16)
Warning: React does not recognize the `shadow-mapSize-width` prop on a DOM element. If you intentionally want it to appear in the DOM as a custom attribute, spell it as lowercase `shadow-mapsize-width` instead. If you accidentally passed it from a parent component, remove it from the DOM element.
    at directionalLight
    at group
    at Sky (E:\project\Anima-Engine\src\components\Landscape\Sky.tsx:50:16)
Warning: React does not recognize the `shadow-mapSize-height` prop on a DOM element. If you intentionally want it to appear in the DOM as a custom attribute, spell it as lowercase `shadow-mapsize-height` instead. If you accidentally passed it from a parent component, remove it from the DOM element.
    at directionalLight
    at group
    at Sky (E:\project\Anima-Engine\src\components\Landscape\Sky.tsx:50:16)
Warning: <hemisphereLight /> is using incorrect casing. Use PascalCase for React components, or lowercase for HTML elements.
    at hemisphereLight
    at group
    at Sky (E:\project\Anima-Engine\src\components\Landscape\Sky.tsx:50:16)
Warning: The tag <hemisphereLight> is unrecognized in this browser. If you meant to render a React component, start its name with an uppercase letter.
    at hemisphereLight
    at group
    at Sky (E:\project\Anima-Engine\src\components\Landscape\Sky.tsx:50:16)
Warning: React does not recognize the `groundColor` prop on a DOM element. If you intentionally want it to appear in the DOM as a custom attribute, spell it as lowercase `groundcolor` instead. If you accidentally passed it from a parent component, remove it from the DOM element.
    at hemisphereLight
    at group
    at Sky (E:\project\Anima-Engine\src\components\Landscape\Sky.tsx:50:16)
Warning: <ambientLight /> is using incorrect casing. Use PascalCase for React components, or lowercase for HTML elements.
    at ambientLight
    at group
    at Sky (E:\project\Anima-Engine\src\components\Landscape\Sky.tsx:50:16)
Warning: The tag <ambientLight> is unrecognized in this browser. If you meant to render a React component, start its name with an uppercase letter.
    at ambientLight
    at group
    at Sky (E:\project\Anima-Engine\src\components\Landscape\Sky.tsx:50:16)
Warning: <boxGeometry /> is using incorrect casing. Use PascalCase for React components, or lowercase for HTML elements.
    at boxGeometry
    at mesh
    at group
    at group
    at group
    at Sky (E:\project\Anima-Engine\src\components\Landscape\Sky.tsx:50:16)
Warning: The tag <boxGeometry> is unrecognized in this browser. If you meant to render a React component, start its name with an uppercase letter.
    at boxGeometry
    at mesh
    at group
    at group
    at group
    at Sky (E:\project\Anima-Engine\src\components\Landscape\Sky.tsx:50:16)
Warning: <meshStandardMaterial /> is using incorrect casing. Use PascalCase for React components, or lowercase for HTML elements.
    at meshStandardMaterial
    at mesh
    at group
    at group
    at group
    at Sky (E:\project\Anima-Engine\src\components\Landscape\Sky.tsx:50:16)
Warning: The tag <meshStandardMaterial> is unrecognized in this browser. If you meant to render a React component, start its name with an uppercase letter.
    at meshStandardMaterial
    at mesh
    at group
    at group
    at group
    at Sky (E:\project\Anima-Engine\src\components\Landscape\Sky.tsx:50:16)
Warning: <boxGeometry /> is using incorrect casing. Use PascalCase for React components, or lowercase for HTML elements.
    at boxGeometry
    at mesh
    at group
    at group
    at group
    at Sky (E:\project\Anima-Engine\src\components\Landscape\Sky.tsx:50:16)
Warning: <meshStandardMaterial /> is using incorrect casing. Use PascalCase for React components, or lowercase for HTML elements.
    at meshStandardMaterial
    at mesh
    at group
    at group
    at group
    at Sky (E:\project\Anima-Engine\src\components\Landscape\Sky.tsx:50:16)
Warning: <boxGeometry /> is using incorrect casing. Use PascalCase for React components, or lowercase for HTML elements.
    at boxGeometry
    at mesh
    at group
    at group
    at group
    at Sky (E:\project\Anima-Engine\src\components\Landscape\Sky.tsx:50:16)
Warning: <meshStandardMaterial /> is using incorrect casing. Use PascalCase for React components, or lowercase for HTML elements.
    at meshStandardMaterial
    at mesh
    at group
    at group
    at group
    at Sky (E:\project\Anima-Engine\src\components\Landscape\Sky.tsx:50:16)
Warning: <boxGeometry /> is using incorrect casing. Use PascalCase for React components, or lowercase for HTML elements.
    at boxGeometry
    at mesh
    at group
    at group
    at group
    at Sky (E:\project\Anima-Engine\src\components\Landscape\Sky.tsx:50:16)
Warning: <meshStandardMaterial /> is using incorrect casing. Use PascalCase for React components, or lowercase for HTML elements.
    at meshStandardMaterial
    at mesh
    at group
    at group
    at group
    at Sky (E:\project\Anima-Engine\src\components\Landscape\Sky.tsx:50:16)
Warning: <boxGeometry /> is using incorrect casing. Use PascalCase for React components, or lowercase for HTML elements.
    at boxGeometry
    at mesh
    at group
    at group
    at group
    at Sky (E:\project\Anima-Engine\src\components\Landscape\Sky.tsx:50:16)
Warning: <meshStandardMaterial /> is using incorrect casing. Use PascalCase for React components, or lowercase for HTML elements.
    at meshStandardMaterial
    at mesh
    at group
    at group
    at group
    at Sky (E:\project\Anima-Engine\src\components\Landscape\Sky.tsx:50:16)
Warning: <boxGeometry /> is using incorrect casing. Use PascalCase for React components, or lowercase for HTML elements.
    at boxGeometry
    at mesh
    at group
    at group
    at group
    at Sky (E:\project\Anima-Engine\src\components\Landscape\Sky.tsx:50:16)
Warning: <meshStandardMaterial /> is using incorrect casing. Use PascalCase for React components, or lowercase for HTML elements.
    at meshStandardMaterial
    at mesh
    at group
    at group
    at group
    at Sky (E:\project\Anima-Engine\src\components\Landscape\Sky.tsx:50:16)
Warning: <boxGeometry /> is using incorrect casing. Use PascalCase for React components, or lowercase for HTML elements.
    at boxGeometry
    at mesh
    at group
    at group
    at group
    at Sky (E:\project\Anima-Engine\src\components\Landscape\Sky.tsx:50:16)
Warning: <meshStandardMaterial /> is using incorrect casing. Use PascalCase for React components, or lowercase for HTML elements.
    at meshStandardMaterial
    at mesh
    at group
    at group
    at group
    at Sky (E:\project\Anima-Engine\src\components\Landscape\Sky.tsx:50:16)
Warning: <boxGeometry /> is using incorrect casing. Use PascalCase for React components, or lowercase for HTML elements.
    at boxGeometry
    at mesh
    at group
    at group
    at group
    at Sky (E:\project\Anima-Engine\src\components\Landscape\Sky.tsx:50:16)
Warning: <meshStandardMaterial /> is using incorrect casing. Use PascalCase for React components, or lowercase for HTML elements.
    at meshStandardMaterial
    at mesh
    at group
    at group
    at group
    at Sky (E:\project\Anima-Engine\src\components\Landscape\Sky.tsx:50:16)
Warning: <boxGeometry /> is using incorrect casing. Use PascalCase for React components, or lowercase for HTML elements.
    at boxGeometry
    at mesh
    at group
    at group
    at group
    at Sky (E:\project\Anima-Engine\src\components\Landscape\Sky.tsx:50:16)
Warning: <meshStandardMaterial /> is using incorrect casing. Use PascalCase for React components, or lowercase for HTML elements.
    at meshStandardMaterial
    at mesh
    at group
    at group
    at group
    at Sky (E:\project\Anima-Engine\src\components\Landscape\Sky.tsx:50:16)
Warning: <boxGeometry /> is using incorrect casing. Use PascalCase for React components, or lowercase for HTML elements.
    at boxGeometry
    at mesh
    at group
    at group
    at group
    at Sky (E:\project\Anima-Engine\src\components\Landscape\Sky.tsx:50:16)
Warning: <meshStandardMaterial /> is using incorrect casing. Use PascalCase for React components, or lowercase for HTML elements.
    at meshStandardMaterial
    at mesh
    at group
    at group
    at group
    at Sky (E:\project\Anima-Engine\src\components\Landscape\Sky.tsx:50:16)
Warning: <boxGeometry /> is using incorrect casing. Use PascalCase for React components, or lowercase for HTML elements.
    at boxGeometry
    at mesh
    at group
    at group
    at group
    at Sky (E:\project\Anima-Engine\src\components\Landscape\Sky.tsx:50:16)
Warning: <meshStandardMaterial /> is using incorrect casing. Use PascalCase for React components, or lowercase for HTML elements.
    at meshStandardMaterial
    at mesh
    at group
    at group
    at group
    at Sky (E:\project\Anima-Engine\src\components\Landscape\Sky.tsx:50:16)
Warning: <boxGeometry /> is using incorrect casing. Use PascalCase for React components, or lowercase for HTML elements.
    at boxGeometry
    at mesh
    at group
    at group
    at group
    at Sky (E:\project\Anima-Engine\src\components\Landscape\Sky.tsx:50:16)
Warning: <meshStandardMaterial /> is using incorrect casing. Use PascalCase for React components, or lowercase for HTML elements.
    at meshStandardMaterial
    at mesh
    at group
    at group
    at group
    at Sky (E:\project\Anima-Engine\src\components\Landscape\Sky.tsx:50:16)
Warning: <boxGeometry /> is using incorrect casing. Use PascalCase for React components, or lowercase for HTML elements.
    at boxGeometry
    at mesh
    at group
    at group
    at group
    at Sky (E:\project\Anima-Engine\src\components\Landscape\Sky.tsx:50:16)
Warning: <meshStandardMaterial /> is using incorrect casing. Use PascalCase for React components, or lowercase for HTML elements.
    at meshStandardMaterial
    at mesh
    at group
    at group
    at group
    at Sky (E:\project\Anima-Engine\src\components\Landscape\Sky.tsx:50:16)
Warning: <boxGeometry /> is using incorrect casing. Use PascalCase for React components, or lowercase for HTML elements.
    at boxGeometry
    at mesh
    at group
    at group
    at group
    at Sky (E:\project\Anima-Engine\src\components\Landscape\Sky.tsx:50:16)
Warning: <meshStandardMaterial /> is using incorrect casing. Use PascalCase for React components, or lowercase for HTML elements.
    at meshStandardMaterial
    at mesh
    at group
    at group
    at group
    at Sky (E:\project\Anima-Engine\src\components\Landscape\Sky.tsx:50:16)
Warning: <boxGeometry /> is using incorrect casing. Use PascalCase for React components, or lowercase for HTML elements.
    at boxGeometry
    at mesh
    at group
    at group
    at group
    at Sky (E:\project\Anima-Engine\src\components\Landscape\Sky.tsx:50:16)
Warning: <meshStandardMaterial /> is using incorrect casing. Use PascalCase for React components, or lowercase for HTML elements.
    at meshStandardMaterial
    at mesh
    at group
    at group
    at group
    at Sky (E:\project\Anima-Engine\src\components\Landscape\Sky.tsx:50:16)
Warning: <boxGeometry /> is using incorrect casing. Use PascalCase for React components, or lowercase for HTML elements.
    at boxGeometry
    at mesh
    at group
    at group
    at group
    at Sky (E:\project\Anima-Engine\src\components\Landscape\Sky.tsx:50:16)
Warning: <meshStandardMaterial /> is using incorrect casing. Use PascalCase for React components, or lowercase for HTML elements.
    at meshStandardMaterial
    at mesh
    at group
    at group
    at group
    at Sky (E:\project\Anima-Engine\src\components\Landscape\Sky.tsx:50:16)
Warning: <boxGeometry /> is using incorrect casing. Use PascalCase for React components, or lowercase for HTML elements.
    at boxGeometry
    at mesh
    at group
    at group
    at group
    at Sky (E:\project\Anima-Engine\src\components\Landscape\Sky.tsx:50:16)
Warning: <meshStandardMaterial /> is using incorrect casing. Use PascalCase for React components, or lowercase for HTML elements.
    at meshStandardMaterial
    at mesh
    at group
    at group
    at group
    at Sky (E:\project\Anima-Engine\src\components\Landscape\Sky.tsx:50:16)
Warning: <boxGeometry /> is using incorrect casing. Use PascalCase for React components, or lowercase for HTML elements.
    at boxGeometry
    at mesh
    at group
    at group
    at group
    at Sky (E:\project\Anima-Engine\src\components\Landscape\Sky.tsx:50:16)
Warning: <meshStandardMaterial /> is using incorrect casing. Use PascalCase for React components, or lowercase for HTML elements.
    at meshStandardMaterial
    at mesh
    at group
    at group
    at group
    at Sky (E:\project\Anima-Engine\src\components\Landscape\Sky.tsx:50:16)
Warning: <sphereGeometry /> is using incorrect casing. Use PascalCase for React components, or lowercase for HTML elements.
    at sphereGeometry
    at mesh
    at group
    at Sky (E:\project\Anima-Engine\src\components\Landscape\Sky.tsx:50:16)
Warning: <meshBasicMaterial /> is using incorrect casing. Use PascalCase for React components, or lowercase for HTML elements.
    at meshBasicMaterial
    at mesh
    at group
    at Sky (E:\project\Anima-Engine\src\components\Landscape\Sky.tsx:50:16)
Warning: <directionalLight /> is using incorrect casing. Use PascalCase for React components, or lowercase for HTML elements.
    at directionalLight
    at group
    at Sky (E:\project\Anima-Engine\src\components\Landscape\Sky.tsx:50:16)
Warning: <directionalLight /> is using incorrect casing. Use PascalCase for React components, or lowercase for HTML elements.
    at directionalLight
    at group
    at Sky (E:\project\Anima-Engine\src\components\Landscape\Sky.tsx:50:16)
Warning: <hemisphereLight /> is using incorrect casing. Use PascalCase for React components, or lowercase for HTML elements.
    at hemisphereLight
    at group
    at Sky (E:\project\Anima-Engine\src\components\Landscape\Sky.tsx:50:16)
Warning: <ambientLight /> is using incorrect casing. Use PascalCase for React components, or lowercase for HTML elements.
    at ambientLight
    at group
    at Sky (E:\project\Anima-Engine\src\components\Landscape\Sky.tsx:50:16)
Warning: <sphereGeometry /> is using incorrect casing. Use PascalCase for React components, or lowercase for HTML elements.
    at sphereGeometry
    at mesh
    at group
    at Sky (E:\project\Anima-Engine\src\components\Landscape\Sky.tsx:50:16)
Warning: <meshBasicMaterial /> is using incorrect casing. Use PascalCase for React components, or lowercase for HTML elements.
    at meshBasicMaterial
    at mesh
    at group
    at Sky (E:\project\Anima-Engine\src\components\Landscape\Sky.tsx:50:16)
Warning: <bufferAttribute /> is using incorrect casing. Use PascalCase for React components, or lowercase for HTML elements.
    at bufferAttribute
    at bufferGeometry
    at points
    at group
    at Sky (E:\project\Anima-Engine\src\components\Landscape\Sky.tsx:50:16)
Warning: <bufferGeometry /> is using incorrect casing. Use PascalCase for React components, or lowercase for HTML elements.
    at bufferGeometry
    at points
    at group
    at Sky (E:\project\Anima-Engine\src\components\Landscape\Sky.tsx:50:16)
Warning: <pointsMaterial /> is using incorrect casing. Use PascalCase for React components, or lowercase for HTML elements.
    at pointsMaterial
    at points
    at group
    at Sky (E:\project\Anima-Engine\src\components\Landscape\Sky.tsx:50:16)
Warning: React does not recognize the `sizeAttenuation` prop on a DOM element. If you intentionally want it to appear in the DOM as a custom attribute, spell it as lowercase `sizeattenuation` instead. If you accidentally passed it from a parent component, remove it from the DOM element.
    at pointsMaterial
    at points
    at group
    at Sky (E:\project\Anima-Engine\src\components\Landscape\Sky.tsx:50:16)
Warning: <boxGeometry /> is using incorrect casing. Use PascalCase for React components, or lowercase for HTML elements.
    at boxGeometry
    at mesh
    at group
    at group
    at group
    at Sky (E:\project\Anima-Engine\src\components\Landscape\Sky.tsx:50:16)
Warning: <meshStandardMaterial /> is using incorrect casing. Use PascalCase for React components, or lowercase for HTML elements.
    at meshStandardMaterial
    at mesh
    at group
    at group
    at group
    at Sky (E:\project\Anima-Engine\src\components\Landscape\Sky.tsx:50:16)
Warning: <boxGeometry /> is using incorrect casing. Use PascalCase for React components, or lowercase for HTML elements.
    at boxGeometry
    at mesh
    at group
    at group
    at group
    at Sky (E:\project\Anima-Engine\src\components\Landscape\Sky.tsx:50:16)
Warning: <meshStandardMaterial /> is using incorrect casing. Use PascalCase for React components, or lowercase for HTML elements.
    at meshStandardMaterial
    at mesh
    at group
    at group
    at group
    at Sky (E:\project\Anima-Engine\src\components\Landscape\Sky.tsx:50:16)
Warning: <boxGeometry /> is using incorrect casing. Use PascalCase for React components, or lowercase for HTML elements.
    at boxGeometry
    at mesh
    at group
    at group
    at group
    at Sky (E:\project\Anima-Engine\src\components\Landscape\Sky.tsx:50:16)
Warning: <meshStandardMaterial /> is using incorrect casing. Use PascalCase for React components, or lowercase for HTML elements.
    at meshStandardMaterial
    at mesh
    at group
    at group
    at group
    at Sky (E:\project\Anima-Engine\src\components\Landscape\Sky.tsx:50:16)
Warning: <boxGeometry /> is using incorrect casing. Use PascalCase for React components, or lowercase for HTML elements.
    at boxGeometry
    at mesh
    at group
    at group
    at group
    at Sky (E:\project\Anima-Engine\src\components\Landscape\Sky.tsx:50:16)
Warning: <meshStandardMaterial /> is using incorrect casing. Use PascalCase for React components, or lowercase for HTML elements.
    at meshStandardMaterial
    at mesh
    at group
    at group
    at group
    at Sky (E:\project\Anima-Engine\src\components\Landscape\Sky.tsx:50:16)
Warning: <boxGeometry /> is using incorrect casing. Use PascalCase for React components, or lowercase for HTML elements.
    at boxGeometry
    at mesh
    at group
    at group
    at group
    at Sky (E:\project\Anima-Engine\src\components\Landscape\Sky.tsx:50:16)
Warning: <meshStandardMaterial /> is using incorrect casing. Use PascalCase for React components, or lowercase for HTML elements.
    at meshStandardMaterial
    at mesh
    at group
    at group
    at group
    at Sky (E:\project\Anima-Engine\src\components\Landscape\Sky.tsx:50:16)
Warning: <boxGeometry /> is using incorrect casing. Use PascalCase for React components, or lowercase for HTML elements.
    at boxGeometry
    at mesh
    at group
    at group
    at group
    at Sky (E:\project\Anima-Engine\src\components\Landscape\Sky.tsx:50:16)
Warning: <meshStandardMaterial /> is using incorrect casing. Use PascalCase for React components, or lowercase for HTML elements.
    at meshStandardMaterial
    at mesh
    at group
    at group
    at group
    at Sky (E:\project\Anima-Engine\src\components\Landscape\Sky.tsx:50:16)
Warning: <boxGeometry /> is using incorrect casing. Use PascalCase for React components, or lowercase for HTML elements.
    at boxGeometry
    at mesh
    at group
    at group
    at group
    at Sky (E:\project\Anima-Engine\src\components\Landscape\Sky.tsx:50:16)
Warning: <meshStandardMaterial /> is using incorrect casing. Use PascalCase for React components, or lowercase for HTML elements.
    at meshStandardMaterial
    at mesh
    at group
    at group
    at group
    at Sky (E:\project\Anima-Engine\src\components\Landscape\Sky.tsx:50:16)
Warning: <boxGeometry /> is using incorrect casing. Use PascalCase for React components, or lowercase for HTML elements.
    at boxGeometry
    at mesh
    at group
    at group
    at group
    at Sky (E:\project\Anima-Engine\src\components\Landscape\Sky.tsx:50:16)
Warning: <meshStandardMaterial /> is using incorrect casing. Use PascalCase for React components, or lowercase for HTML elements.
    at meshStandardMaterial
    at mesh
    at group
    at group
    at group
    at Sky (E:\project\Anima-Engine\src\components\Landscape\Sky.tsx:50:16)
Warning: <boxGeometry /> is using incorrect casing. Use PascalCase for React components, or lowercase for HTML elements.
    at boxGeometry
    at mesh
    at group
    at group
    at group
    at Sky (E:\project\Anima-Engine\src\components\Landscape\Sky.tsx:50:16)
Warning: <meshStandardMaterial /> is using incorrect casing. Use PascalCase for React components, or lowercase for HTML elements.
    at meshStandardMaterial
    at mesh
    at group
    at group
    at group
    at Sky (E:\project\Anima-Engine\src\components\Landscape\Sky.tsx:50:16)
Warning: <boxGeometry /> is using incorrect casing. Use PascalCase for React components, or lowercase for HTML elements.
    at boxGeometry
    at mesh
    at group
    at group
    at group
    at Sky (E:\project\Anima-Engine\src\components\Landscape\Sky.tsx:50:16)
Warning: <meshStandardMaterial /> is using incorrect casing. Use PascalCase for React components, or lowercase for HTML elements.
    at meshStandardMaterial
    at mesh
    at group
    at group
    at group
    at Sky (E:\project\Anima-Engine\src\components\Landscape\Sky.tsx:50:16)
Warning: <boxGeometry /> is using incorrect casing. Use PascalCase for React components, or lowercase for HTML elements.
    at boxGeometry
    at mesh
    at group
    at group
    at group
    at Sky (E:\project\Anima-Engine\src\components\Landscape\Sky.tsx:50:16)
Warning: <meshStandardMaterial /> is using incorrect casing. Use PascalCase for React components, or lowercase for HTML elements.
    at meshStandardMaterial
    at mesh
    at group
    at group
    at group
    at Sky (E:\project\Anima-Engine\src\components\Landscape\Sky.tsx:50:16)
Warning: <boxGeometry /> is using incorrect casing. Use PascalCase for React components, or lowercase for HTML elements.
    at boxGeometry
    at mesh
    at group
    at group
    at group
    at Sky (E:\project\Anima-Engine\src\components\Landscape\Sky.tsx:50:16)
Warning: <meshStandardMaterial /> is using incorrect casing. Use PascalCase for React components, or lowercase for HTML elements.
    at meshStandardMaterial
    at mesh
    at group
    at group
    at group
    at Sky (E:\project\Anima-Engine\src\components\Landscape\Sky.tsx:50:16)
Warning: <boxGeometry /> is using incorrect casing. Use PascalCase for React components, or lowercase for HTML elements.
    at boxGeometry
    at mesh
    at group
    at group
    at group
    at Sky (E:\project\Anima-Engine\src\components\Landscape\Sky.tsx:50:16)
Warning: <meshStandardMaterial /> is using incorrect casing. Use PascalCase for React components, or lowercase for HTML elements.
    at meshStandardMaterial
    at mesh
    at group
    at group
    at group
    at Sky (E:\project\Anima-Engine\src\components\Landscape\Sky.tsx:50:16)
Warning: <boxGeometry /> is using incorrect casing. Use PascalCase for React components, or lowercase for HTML elements.
    at boxGeometry
    at mesh
    at group
    at group
    at group
    at Sky (E:\project\Anima-Engine\src\components\Landscape\Sky.tsx:50:16)
Warning: <meshStandardMaterial /> is using incorrect casing. Use PascalCase for React components, or lowercase for HTML elements.
    at meshStandardMaterial
    at mesh
    at group
    at group
    at group
    at Sky (E:\project\Anima-Engine\src\components\Landscape\Sky.tsx:50:16)
Warning: <boxGeometry /> is using incorrect casing. Use PascalCase for React components, or lowercase for HTML elements.
    at boxGeometry
    at mesh
    at group
    at group
    at group
    at Sky (E:\project\Anima-Engine\src\components\Landscape\Sky.tsx:50:16)
Warning: <meshStandardMaterial /> is using incorrect casing. Use PascalCase for React components, or lowercase for HTML elements.
    at meshStandardMaterial
    at mesh
    at group
    at group
    at group
    at Sky (E:\project\Anima-Engine\src\components\Landscape\Sky.tsx:50:16)
Warning: <boxGeometry /> is using incorrect casing. Use PascalCase for React components, or lowercase for HTML elements.
    at boxGeometry
    at mesh
    at group
    at group
    at group
    at Sky (E:\project\Anima-Engine\src\components\Landscape\Sky.tsx:50:16)
Warning: <meshStandardMaterial /> is using incorrect casing. Use PascalCase for React components, or lowercase for HTML elements.
    at meshStandardMaterial
    at mesh
    at group
    at group
    at group
    at Sky (E:\project\Anima-Engine\src\components\Landscape\Sky.tsx:50:16)
Warning: <boxGeometry /> is using incorrect casing. Use PascalCase for React components, or lowercase for HTML elements.
    at boxGeometry
    at mesh
    at group
    at group
    at group
    at Sky (E:\project\Anima-Engine\src\components\Landscape\Sky.tsx:50:16)
Warning: <meshStandardMaterial /> is using incorrect casing. Use PascalCase for React components, or lowercase for HTML elements.
    at meshStandardMaterial
    at mesh
    at group
    at group
    at group
    at Sky (E:\project\Anima-Engine\src\components\Landscape\Sky.tsx:50:16)
Warning: <boxGeometry /> is using incorrect casing. Use PascalCase for React components, or lowercase for HTML elements.
    at boxGeometry
    at mesh
    at group
    at group
    at group
    at Sky (E:\project\Anima-Engine\src\components\Landscape\Sky.tsx:50:16)
Warning: <meshStandardMaterial /> is using incorrect casing. Use PascalCase for React components, or lowercase for HTML elements.
    at meshStandardMaterial
    at mesh
    at group
    at group
    at group
    at Sky (E:\project\Anima-Engine\src\components\Landscape\Sky.tsx:50:16)

[90mstderr[2m | frontend/landscape_showcase.test.tsx[2m > [22m[2mLandscape Showcase Test Suite (93 Tests)[2m > [22m[2mTier 1: Feature Coverage (40 tests)[2m > [22m[2mF4: Sky & Lighting[2m > [22m[2mF4.2: lighting intensities[22m[39m
Warning: <sphereGeometry /> is using incorrect casing. Use PascalCase for React components, or lowercase for HTML elements.
    at sphereGeometry
    at mesh
    at group
    at Sky (E:\project\Anima-Engine\src\components\Landscape\Sky.tsx:50:16)
Warning: <meshBasicMaterial /> is using incorrect casing. Use PascalCase for React components, or lowercase for HTML elements.
    at meshBasicMaterial
    at mesh
    at group
    at Sky (E:\project\Anima-Engine\src\components\Landscape\Sky.tsx:50:16)
Warning: <directionalLight /> is using incorrect casing. Use PascalCase for React components, or lowercase for HTML elements.
    at directionalLight
    at group
    at Sky (E:\project\Anima-Engine\src\components\Landscape\Sky.tsx:50:16)
Warning: <hemisphereLight /> is using incorrect casing. Use PascalCase for React components, or lowercase for HTML elements.
    at hemisphereLight
    at group
    at Sky (E:\project\Anima-Engine\src\components\Landscape\Sky.tsx:50:16)
Warning: <ambientLight /> is using incorrect casing. Use PascalCase for React components, or lowercase for HTML elements.
    at ambientLight
    at group
    at Sky (E:\project\Anima-Engine\src\components\Landscape\Sky.tsx:50:16)
Warning: <boxGeometry /> is using incorrect casing. Use PascalCase for React components, or lowercase for HTML elements.
    at boxGeometry
    at mesh
    at group
    at group
    at group
    at Sky (E:\project\Anima-Engine\src\components\Landscape\Sky.tsx:50:16)
Warning: <meshStandardMaterial /> is using incorrect casing. Use PascalCase for React components, or lowercase for HTML elements.
    at meshStandardMaterial
    at mesh
    at group
    at group
    at group
    at Sky (E:\project\Anima-Engine\src\components\Landscape\Sky.tsx:50:16)
Warning: <boxGeometry /> is using incorrect casing. Use PascalCase for React components, or lowercase for HTML elements.
    at boxGeometry
    at mesh
    at group
    at group
    at group
    at Sky (E:\project\Anima-Engine\src\components\Landscape\Sky.tsx:50:16)
Warning: <meshStandardMaterial /> is using incorrect casing. Use PascalCase for React components, or lowercase for HTML elements.
    at meshStandardMaterial
    at mesh
    at group
    at group
    at group
    at Sky (E:\project\Anima-Engine\src\components\Landscape\Sky.tsx:50:16)
Warning: <boxGeometry /> is using incorrect casing. Use PascalCase for React components, or lowercase for HTML elements.
    at boxGeometry
    at mesh
    at group
    at group
    at group
    at Sky (E:\project\Anima-Engine\src\components\Landscape\Sky.tsx:50:16)
Warning: <meshStandardMaterial /> is using incorrect casing. Use PascalCase for React components, or lowercase for HTML elements.
    at meshStandardMaterial
    at mesh
    at group
    at group
    at group
    at Sky (E:\project\Anima-Engine\src\components\Landscape\Sky.tsx:50:16)
Warning: <boxGeometry /> is using incorrect casing. Use PascalCase for React components, or lowercase for HTML elements.
    at boxGeometry
    at mesh
    at group
    at group
    at group
    at Sky (E:\project\Anima-Engine\src\components\Landscape\Sky.tsx:50:16)
Warning: <meshStandardMaterial /> is using incorrect casing. Use PascalCase for React components, or lowercase for HTML elements.
    at meshStandardMaterial
    at mesh
    at group
    at group
    at group
    at Sky (E:\project\Anima-Engine\src\components\Landscape\Sky.tsx:50:16)
Warning: <boxGeometry /> is using incorrect casing. Use PascalCase for React components, or lowercase for HTML elements.
    at boxGeometry
    at mesh
    at group
    at group
    at group
    at Sky (E:\project\Anima-Engine\src\components\Landscape\Sky.tsx:50:16)
Warning: <meshStandardMaterial /> is using incorrect casing. Use PascalCase for React components, or lowercase for HTML elements.
    at meshStandardMaterial
    at mesh
    at group
    at group
    at group
    at Sky (E:\project\Anima-Engine\src\components\Landscape\Sky.tsx:50:16)
Warning: <boxGeometry /> is using incorrect casing. Use PascalCase for React components, or lowercase for HTML elements.
    at boxGeometry
    at mesh
    at group
    at group
    at group
    at Sky (E:\project\Anima-Engine\src\components\Landscape\Sky.tsx:50:16)
Warning: <meshStandardMaterial /> is using incorrect casing. Use PascalCase for React components, or lowercase for HTML elements.
    at meshStandardMaterial
    at mesh
    at group
    at group
    at group
    at Sky (E:\project\Anima-Engine\src\components\Landscape\Sky.tsx:50:16)
Warning: <boxGeometry /> is using incorrect casing. Use PascalCase for React components, or lowercase for HTML elements.
    at boxGeometry
    at mesh
    at group
    at group
    at group
    at Sky (E:\project\Anima-Engine\src\components\Landscape\Sky.tsx:50:16)
Warning: <meshStandardMaterial /> is using incorrect casing. Use PascalCase for React components, or lowercase for HTML elements.
    at meshStandardMaterial
    at mesh
    at group
    at group
    at group
    at Sky (E:\project\Anima-Engine\src\components\Landscape\Sky.tsx:50:16)
Warning: <boxGeometry /> is using incorrect casing. Use PascalCase for React components, or lowercase for HTML elements.
    at boxGeometry
    at mesh
    at group
    at group
    at group
    at Sky (E:\project\Anima-Engine\src\components\Landscape\Sky.tsx:50:16)
Warning: <meshStandardMaterial /> is using incorrect casing. Use PascalCase for React components, or lowercase for HTML elements.
    at meshStandardMaterial
    at mesh
    at group
    at group
    at group
    at Sky (E:\project\Anima-Engine\src\components\Landscape\Sky.tsx:50:16)
Warning: <boxGeometry /> is using incorrect casing. Use PascalCase for React components, or lowercase for HTML elements.
    at boxGeometry
    at mesh
    at group
    at group
    at group
    at Sky (E:\project\Anima-Engine\src\components\Landscape\Sky.tsx:50:16)
Warning: <meshStandardMaterial /> is using incorrect casing. Use PascalCase for React components, or lowercase for HTML elements.
    at meshStandardMaterial
    at mesh
    at group
    at group
    at group
    at Sky (E:\project\Anima-Engine\src\components\Landscape\Sky.tsx:50:16)
Warning: <boxGeometry /> is using incorrect casing. Use PascalCase for React components, or lowercase for HTML elements.
    at boxGeometry
    at mesh
    at group
    at group
    at group
    at Sky (E:\project\Anima-Engine\src\components\Landscape\Sky.tsx:50:16)
Warning: <meshStandardMaterial /> is using incorrect casing. Use PascalCase for React components, or lowercase for HTML elements.
    at meshStandardMaterial
    at mesh
    at group
    at group
    at group
    at Sky (E:\project\Anima-Engine\src\components\Landscape\Sky.tsx:50:16)
Warning: <boxGeometry /> is using incorrect casing. Use PascalCase for React components, or lowercase for HTML elements.
    at boxGeometry
    at mesh
    at group
    at group
    at group
    at Sky (E:\project\Anima-Engine\src\components\Landscape\Sky.tsx:50:16)
Warning: <meshStandardMaterial /> is using incorrect casing. Use PascalCase for React components, or lowercase for HTML elements.
    at meshStandardMaterial
    at mesh
    at group
    at group
    at group
    at Sky (E:\project\Anima-Engine\src\components\Landscape\Sky.tsx:50:16)
Warning: <boxGeometry /> is using incorrect casing. Use PascalCase for React components, or lowercase for HTML elements.
    at boxGeometry
    at mesh
    at group
    at group
    at group
    at Sky (E:\project\Anima-Engine\src\components\Landscape\Sky.tsx:50:16)
Warning: <meshStandardMaterial /> is using incorrect casing. Use PascalCase for React components, or lowercase for HTML elements.
    at meshStandardMaterial
    at mesh
    at group
    at group
    at group
    at Sky (E:\project\Anima-Engine\src\components\Landscape\Sky.tsx:50:16)
Warning: <boxGeometry /> is using incorrect casing. Use PascalCase for React components, or lowercase for HTML elements.
    at boxGeometry
    at mesh
    at group
    at group
    at group
    at Sky (E:\project\Anima-Engine\src\components\Landscape\Sky.tsx:50:16)
Warning: <meshStandardMaterial /> is using incorrect casing. Use PascalCase for React components, or lowercase for HTML elements.
    at meshStandardMaterial
    at mesh
    at group
    at group
    at group
    at Sky (E:\project\Anima-Engine\src\components\Landscape\Sky.tsx:50:16)
Warning: <boxGeometry /> is using incorrect casing. Use PascalCase for React components, or lowercase for HTML elements.
    at boxGeometry
    at mesh
    at group
    at group
    at group
    at Sky (E:\project\Anima-Engine\src\components\Landscape\Sky.tsx:50:16)
Warning: <meshStandardMaterial /> is using incorrect casing. Use PascalCase for React components, or lowercase for HTML elements.
    at meshStandardMaterial
    at mesh
    at group
    at group
    at group
    at Sky (E:\project\Anima-Engine\src\components\Landscape\Sky.tsx:50:16)
Warning: <boxGeometry /> is using incorrect casing. Use PascalCase for React components, or lowercase for HTML elements.
    at boxGeometry
    at mesh
    at group
    at group
    at group
    at Sky (E:\project\Anima-Engine\src\components\Landscape\Sky.tsx:50:16)
Warning: <meshStandardMaterial /> is using incorrect casing. Use PascalCase for React components, or lowercase for HTML elements.
    at meshStandardMaterial
    at mesh
    at group
    at group
    at group
    at Sky (E:\project\Anima-Engine\src\components\Landscape\Sky.tsx:50:16)
Warning: <boxGeometry /> is using incorrect casing. Use PascalCase for React components, or lowercase for HTML elements.
    at boxGeometry
    at mesh
    at group
    at group
    at group
    at Sky (E:\project\Anima-Engine\src\components\Landscape\Sky.tsx:50:16)
Warning: <meshStandardMaterial /> is using incorrect casing. Use PascalCase for React components, or lowercase for HTML elements.
    at meshStandardMaterial
    at mesh
    at group
    at group
    at group
    at Sky (E:\project\Anima-Engine\src\components\Landscape\Sky.tsx:50:16)
Warning: <boxGeometry /> is using incorrect casing. Use PascalCase for React components, or lowercase for HTML elements.
    at boxGeometry
    at mesh
    at group
    at group
    at group
    at Sky (E:\project\Anima-Engine\src\components\Landscape\Sky.tsx:50:16)
Warning: <meshStandardMaterial /> is using incorrect casing. Use PascalCase for React components, or lowercase for HTML elements.
    at meshStandardMaterial
    at mesh
    at group
    at group
    at group
    at Sky (E:\project\Anima-Engine\src\components\Landscape\Sky.tsx:50:16)
Warning: <boxGeometry /> is using incorrect casing. Use PascalCase for React components, or lowercase for HTML elements.
    at boxGeometry
    at mesh
    at group
    at group
    at group
    at Sky (E:\project\Anima-Engine\src\components\Landscape\Sky.tsx:50:16)
Warning: <meshStandardMaterial /> is using incorrect casing. Use PascalCase for React components, or lowercase for HTML elements.
    at meshStandardMaterial
    at mesh
    at group
    at group
    at group
    at Sky (E:\project\Anima-Engine\src\components\Landscape\Sky.tsx:50:16)

[90mstderr[2m | frontend/landscape_showcase.test.tsx[2m > [22m[2mLandscape Showcase Test Suite (93 Tests)[2m > [22m[2mTier 1: Feature Coverage (40 tests)[2m > [22m[2mF4: Sky & Lighting[2m > [22m[2mF4.3: shadow maps[22m[39m
Warning: <sphereGeometry /> is using incorrect casing. Use PascalCase for React components, or lowercase for HTML elements.
    at sphereGeometry
    at mesh
    at group
    at Sky (E:\project\Anima-Engine\src\components\Landscape\Sky.tsx:50:16)
Warning: <meshBasicMaterial /> is using incorrect casing. Use PascalCase for React components, or lowercase for HTML elements.
    at meshBasicMaterial
    at mesh
    at group
    at Sky (E:\project\Anima-Engine\src\components\Landscape\Sky.tsx:50:16)
Warning: <directionalLight /> is using incorrect casing. Use PascalCase for React components, or lowercase for HTML elements.
    at directionalLight
    at group
    at Sky (E:\project\Anima-Engine\src\components\Landscape\Sky.tsx:50:16)
Warning: <hemisphereLight /> is using incorrect casing. Use PascalCase for React components, or lowercase for HTML elements.
    at hemisphereLight
    at group
    at Sky (E:\project\Anima-Engine\src\components\Landscape\Sky.tsx:50:16)
Warning: <ambientLight /> is using incorrect casing. Use PascalCase for React components, or lowercase for HTML elements.
    at ambientLight
    at group
    at Sky (E:\project\Anima-Engine\src\components\Landscape\Sky.tsx:50:16)
Warning: <boxGeometry /> is using incorrect casing. Use PascalCase for React components, or lowercase for HTML elements.
    at boxGeometry
    at mesh
    at group
    at group
    at group
    at Sky (E:\project\Anima-Engine\src\components\Landscape\Sky.tsx:50:16)
Warning: <meshStandardMaterial /> is using incorrect casing. Use PascalCase for React components, or lowercase for HTML elements.
    at meshStandardMaterial
    at mesh
    at group
    at group
    at group
    at Sky (E:\project\Anima-Engine\src\components\Landscape\Sky.tsx:50:16)
Warning: <boxGeometry /> is using incorrect casing. Use PascalCase for React components, or lowercase for HTML elements.
    at boxGeometry
    at mesh
    at group
    at group
    at group
    at Sky (E:\project\Anima-Engine\src\components\Landscape\Sky.tsx:50:16)
Warning: <meshStandardMaterial /> is using incorrect casing. Use PascalCase for React components, or lowercase for HTML elements.
    at meshStandardMaterial
    at mesh
    at group
    at group
    at group
    at Sky (E:\project\Anima-Engine\src\components\Landscape\Sky.tsx:50:16)
Warning: <boxGeometry /> is using incorrect casing. Use PascalCase for React components, or lowercase for HTML elements.
    at boxGeometry
    at mesh
    at group
    at group
    at group
    at Sky (E:\project\Anima-Engine\src\components\Landscape\Sky.tsx:50:16)
Warning: <meshStandardMaterial /> is using incorrect casing. Use PascalCase for React components, or lowercase for HTML elements.
    at meshStandardMaterial
    at mesh
    at group
    at group
    at group
    at Sky (E:\project\Anima-Engine\src\components\Landscape\Sky.tsx:50:16)
Warning: <boxGeometry /> is using incorrect casing. Use PascalCase for React components, or lowercase for HTML elements.
    at boxGeometry
    at mesh
    at group
    at group
    at group
    at Sky (E:\project\Anima-Engine\src\components\Landscape\Sky.tsx:50:16)
Warning: <meshStandardMaterial /> is using incorrect casing. Use PascalCase for React components, or lowercase for HTML elements.
    at meshStandardMaterial
    at mesh
    at group
    at group
    at group
    at Sky (E:\project\Anima-Engine\src\components\Landscape\Sky.tsx:50:16)
Warning: <boxGeometry /> is using incorrect casing. Use PascalCase for React components, or lowercase for HTML elements.
    at boxGeometry
    at mesh
    at group
    at group
    at group
    at Sky (E:\project\Anima-Engine\src\components\Landscape\Sky.tsx:50:16)
Warning: <meshStandardMaterial /> is using incorrect casing. Use PascalCase for React components, or lowercase for HTML elements.
    at meshStandardMaterial
    at mesh
    at group
    at group
    at group
    at Sky (E:\project\Anima-Engine\src\components\Landscape\Sky.tsx:50:16)
Warning: <boxGeometry /> is using incorrect casing. Use PascalCase for React components, or lowercase for HTML elements.
    at boxGeometry
    at mesh
    at group
    at group
    at group
    at Sky (E:\project\Anima-Engine\src\components\Landscape\Sky.tsx:50:16)
Warning: <meshStandardMaterial /> is using incorrect casing. Use PascalCase for React components, or lowercase for HTML elements.
    at meshStandardMaterial
    at mesh
    at group
    at group
    at group
    at Sky (E:\project\Anima-Engine\src\components\Landscape\Sky.tsx:50:16)
Warning: <boxGeometry /> is using incorrect casing. Use PascalCase for React components, or lowercase for HTML elements.
    at boxGeometry
    at mesh
    at group
    at group
    at group
    at Sky (E:\project\Anima-Engine\src\components\Landscape\Sky.tsx:50:16)
Warning: <meshStandardMaterial /> is using incorrect casing. Use PascalCase for React components, or lowercase for HTML elements.
    at meshStandardMaterial
    at mesh
    at group
    at group
    at group
    at Sky (E:\project\Anima-Engine\src\components\Landscape\Sky.tsx:50:16)
Warning: <boxGeometry /> is using incorrect casing. Use PascalCase for React components, or lowercase for HTML elements.
    at boxGeometry
    at mesh
    at group
    at group
    at group
    at Sky (E:\project\Anima-Engine\src\components\Landscape\Sky.tsx:50:16)
Warning: <meshStandardMaterial /> is using incorrect casing. Use PascalCase for React components, or lowercase for HTML elements.
    at meshStandardMaterial
    at mesh
    at group
    at group
    at group
    at Sky (E:\project\Anima-Engine\src\components\Landscape\Sky.tsx:50:16)
Warning: <boxGeometry /> is using incorrect casing. Use PascalCase for React components, or lowercase for HTML elements.
    at boxGeometry
    at mesh
    at group
    at group
    at group
    at Sky (E:\project\Anima-Engine\src\components\Landscape\Sky.tsx:50:16)
Warning: <meshStandardMaterial /> is using incorrect casing. Use PascalCase for React components, or lowercase for HTML elements.
    at meshStandardMaterial
    at mesh
    at group
    at group
    at group
    at Sky (E:\project\Anima-Engine\src\components\Landscape\Sky.tsx:50:16)
Warning: <boxGeometry /> is using incorrect casing. Use PascalCase for React components, or lowercase for HTML elements.
    at boxGeometry
    at mesh
    at group
    at group
    at group
    at Sky (E:\project\Anima-Engine\src\components\Landscape\Sky.tsx:50:16)
Warning: <meshStandardMaterial /> is using incorrect casing. Use PascalCase for React components, or lowercase for HTML elements.
    at meshStandardMaterial
    at mesh
    at group
    at group
    at group
    at Sky (E:\project\Anima-Engine\src\components\Landscape\Sky.tsx:50:16)
Warning: <boxGeometry /> is using incorrect casing. Use PascalCase for React components, or lowercase for HTML elements.
    at boxGeometry
    at mesh
    at group
    at group
    at group
    at Sky (E:\project\Anima-Engine\src\components\Landscape\Sky.tsx:50:16)
Warning: <meshStandardMaterial /> is using incorrect casing. Use PascalCase for React components, or lowercase for HTML elements.
    at meshStandardMaterial
    at mesh
    at group
    at group
    at group
    at Sky (E:\project\Anima-Engine\src\components\Landscape\Sky.tsx:50:16)
Warning: <boxGeometry /> is using incorrect casing. Use PascalCase for React components, or lowercase for HTML elements.
    at boxGeometry
    at mesh
    at group
    at group
    at group
    at Sky (E:\project\Anima-Engine\src\components\Landscape\Sky.tsx:50:16)
Warning: <meshStandardMaterial /> is using incorrect casing. Use PascalCase for React components, or lowercase for HTML elements.
    at meshStandardMaterial
    at mesh
    at group
    at group
    at group
    at Sky (E:\project\Anima-Engine\src\components\Landscape\Sky.tsx:50:16)
Warning: <boxGeometry /> is using incorrect casing. Use PascalCase for React components, or lowercase for HTML elements.
    at boxGeometry
    at mesh
    at group
    at group
    at group
    at Sky (E:\project\Anima-Engine\src\components\Landscape\Sky.tsx:50:16)
Warning: <meshStandardMaterial /> is using incorrect casing. Use PascalCase for React components, or lowercase for HTML elements.
    at meshStandardMaterial
    at mesh
    at group
    at group
    at group
    at Sky (E:\project\Anima-Engine\src\components\Landscape\Sky.tsx:50:16)
Warning: <boxGeometry /> is using incorrect casing. Use PascalCase for React components, or lowercase for HTML elements.
    at boxGeometry
    at mesh
    at group
    at group
    at group
    at Sky (E:\project\Anima-Engine\src\components\Landscape\Sky.tsx:50:16)
Warning: <meshStandardMaterial /> is using incorrect casing. Use PascalCase for React components, or lowercase for HTML elements.
    at meshStandardMaterial
    at mesh
    at group
    at group
    at group
    at Sky (E:\project\Anima-Engine\src\components\Landscape\Sky.tsx:50:16)
Warning: <boxGeometry /> is using incorrect casing. Use PascalCase for React components, or lowercase for HTML elements.
    at boxGeometry
    at mesh
    at group
    at group
    at group
    at Sky (E:\project\Anima-Engine\src\components\Landscape\Sky.tsx:50:16)
Warning: <meshStandardMaterial /> is using incorrect casing. Use PascalCase for React components, or lowercase for HTML elements.
    at meshStandardMaterial
    at mesh
    at group
    at group
    at group
    at Sky (E:\project\Anima-Engine\src\components\Landscape\Sky.tsx:50:16)
Warning: <boxGeometry /> is using incorrect casing. Use PascalCase for React components, or lowercase for HTML elements.
    at boxGeometry
    at mesh
    at group
    at group
    at group
    at Sky (E:\project\Anima-Engine\src\components\Landscape\Sky.tsx:50:16)
Warning: <meshStandardMaterial /> is using incorrect casing. Use PascalCase for React components, or lowercase for HTML elements.
    at meshStandardMaterial
    at mesh
    at group
    at group
    at group
    at Sky (E:\project\Anima-Engine\src\components\Landscape\Sky.tsx:50:16)
Warning: <boxGeometry /> is using incorrect casing. Use PascalCase for React components, or lowercase for HTML elements.
    at boxGeometry
    at mesh
    at group
    at group
    at group
    at Sky (E:\project\Anima-Engine\src\components\Landscape\Sky.tsx:50:16)
Warning: <meshStandardMaterial /> is using incorrect casing. Use PascalCase for React components, or lowercase for HTML elements.
    at meshStandardMaterial
    at mesh
    at group
    at group
    at group
    at Sky (E:\project\Anima-Engine\src\components\Landscape\Sky.tsx:50:16)
Warning: <boxGeometry /> is using incorrect casing. Use PascalCase for React components, or lowercase for HTML elements.
    at boxGeometry
    at mesh
    at group
    at group
    at group
    at Sky (E:\project\Anima-Engine\src\components\Landscape\Sky.tsx:50:16)
Warning: <meshStandardMaterial /> is using incorrect casing. Use PascalCase for React components, or lowercase for HTML elements.
    at meshStandardMaterial
    at mesh
    at group
    at group
    at group
    at Sky (E:\project\Anima-Engine\src\components\Landscape\Sky.tsx:50:16)

[90mstderr[2m | frontend/landscape_showcase.test.tsx[2m > [22m[2mLandscape Showcase Test Suite (93 Tests)[2m > [22m[2mTier 1: Feature Coverage (40 tests)[2m > [22m[2mF4: Sky & Lighting[2m > [22m[2mF4.4: cloud animation[22m[39m
Warning: <sphereGeometry /> is using incorrect casing. Use PascalCase for React components, or lowercase for HTML elements.
    at sphereGeometry
    at mesh
    at group
    at Sky (E:\project\Anima-Engine\src\components\Landscape\Sky.tsx:50:16)
Warning: <meshBasicMaterial /> is using incorrect casing. Use PascalCase for React components, or lowercase for HTML elements.
    at meshBasicMaterial
    at mesh
    at group
    at Sky (E:\project\Anima-Engine\src\components\Landscape\Sky.tsx:50:16)
Warning: <directionalLight /> is using incorrect casing. Use PascalCase for React components, or lowercase for HTML elements.
    at directionalLight
    at group
    at Sky (E:\project\Anima-Engine\src\components\Landscape\Sky.tsx:50:16)
Warning: <hemisphereLight /> is using incorrect casing. Use PascalCase for React components, or lowercase for HTML elements.
    at hemisphereLight
    at group
    at Sky (E:\project\Anima-Engine\src\components\Landscape\Sky.tsx:50:16)
Warning: <ambientLight /> is using incorrect casing. Use PascalCase for React components, or lowercase for HTML elements.
    at ambientLight
    at group
    at Sky (E:\project\Anima-Engine\src\components\Landscape\Sky.tsx:50:16)
Warning: <boxGeometry /> is using incorrect casing. Use PascalCase for React components, or lowercase for HTML elements.
    at boxGeometry
    at mesh
    at group
    at group
    at group
    at Sky (E:\project\Anima-Engine\src\components\Landscape\Sky.tsx:50:16)
Warning: <meshStandardMaterial /> is using incorrect casing. Use PascalCase for React components, or lowercase for HTML elements.
    at meshStandardMaterial
    at mesh
    at group
    at group
    at group
    at Sky (E:\project\Anima-Engine\src\components\Landscape\Sky.tsx:50:16)
Warning: <boxGeometry /> is using incorrect casing. Use PascalCase for React components, or lowercase for HTML elements.
    at boxGeometry
    at mesh
    at group
    at group
    at group
    at Sky (E:\project\Anima-Engine\src\components\Landscape\Sky.tsx:50:16)
Warning: <meshStandardMaterial /> is using incorrect casing. Use PascalCase for React components, or lowercase for HTML elements.
    at meshStandardMaterial
    at mesh
    at group
    at group
    at group
    at Sky (E:\project\Anima-Engine\src\components\Landscape\Sky.tsx:50:16)
Warning: <boxGeometry /> is using incorrect casing. Use PascalCase for React components, or lowercase for HTML elements.
    at boxGeometry
    at mesh
    at group
    at group
    at group
    at Sky (E:\project\Anima-Engine\src\components\Landscape\Sky.tsx:50:16)
Warning: <meshStandardMaterial /> is using incorrect casing. Use PascalCase for React components, or lowercase for HTML elements.
    at meshStandardMaterial
    at mesh
    at group
    at group
    at group
    at Sky (E:\project\Anima-Engine\src\components\Landscape\Sky.tsx:50:16)
Warning: <boxGeometry /> is using incorrect casing. Use PascalCase for React components, or lowercase for HTML elements.
    at boxGeometry
    at mesh
    at group
    at group
    at group
    at Sky (E:\project\Anima-Engine\src\components\Landscape\Sky.tsx:50:16)
Warning: <meshStandardMaterial /> is using incorrect casing. Use PascalCase for React components, or lowercase for HTML elements.
    at meshStandardMaterial
    at mesh
    at group
    at group
    at group
    at Sky (E:\project\Anima-Engine\src\components\Landscape\Sky.tsx:50:16)
Warning: <boxGeometry /> is using incorrect casing. Use PascalCase for React components, or lowercase for HTML elements.
    at boxGeometry
    at mesh
    at group
    at group
    at group
    at Sky (E:\project\Anima-Engine\src\components\Landscape\Sky.tsx:50:16)
Warning: <meshStandardMaterial /> is using incorrect casing. Use PascalCase for React components, or lowercase for HTML elements.
    at meshStandardMaterial
    at mesh
    at group
    at group
    at group
    at Sky (E:\project\Anima-Engine\src\components\Landscape\Sky.tsx:50:16)
Warning: <boxGeometry /> is using incorrect casing. Use PascalCase for React components, or lowercase for HTML elements.
    at boxGeometry
    at mesh
    at group
    at group
    at group
    at Sky (E:\project\Anima-Engine\src\components\Landscape\Sky.tsx:50:16)
Warning: <meshStandardMaterial /> is using incorrect casing. Use PascalCase for React components, or lowercase for HTML elements.
    at meshStandardMaterial
    at mesh
    at group
    at group
    at group
    at Sky (E:\project\Anima-Engine\src\components\Landscape\Sky.tsx:50:16)
Warning: <boxGeometry /> is using incorrect casing. Use PascalCase for React components, or lowercase for HTML elements.
    at boxGeometry
    at mesh
    at group
    at group
    at group
    at Sky (E:\project\Anima-Engine\src\components\Landscape\Sky.tsx:50:16)
Warning: <meshStandardMaterial /> is using incorrect casing. Use PascalCase for React components, or lowercase for HTML elements.
    at meshStandardMaterial
    at mesh
    at group
    at group
    at group
    at Sky (E:\project\Anima-Engine\src\components\Landscape\Sky.tsx:50:16)
Warning: <boxGeometry /> is using incorrect casing. Use PascalCase for React components, or lowercase for HTML elements.
    at boxGeometry
    at mesh
    at group
    at group
    at group
    at Sky (E:\project\Anima-Engine\src\components\Landscape\Sky.tsx:50:16)
Warning: <meshStandardMaterial /> is using incorrect casing. Use PascalCase for React components, or lowercase for HTML elements.
    at meshStandardMaterial
    at mesh
    at group
    at group
    at group
    at Sky (E:\project\Anima-Engine\src\components\Landscape\Sky.tsx:50:16)
Warning: <boxGeometry /> is using incorrect casing. Use PascalCase for React components, or lowercase for HTML elements.
    at boxGeometry
    at mesh
    at group
    at group
    at group
    at Sky (E:\project\Anima-Engine\src\components\Landscape\Sky.tsx:50:16)
Warning: <meshStandardMaterial /> is using incorrect casing. Use PascalCase for React components, or lowercase for HTML elements.
    at meshStandardMaterial
    at mesh
    at group
    at group
    at group
    at Sky (E:\project\Anima-Engine\src\components\Landscape\Sky.tsx:50:16)
Warning: <boxGeometry /> is using incorrect casing. Use PascalCase for React components, or lowercase for HTML elements.
    at boxGeometry
    at mesh
    at group
    at group
    at group
    at Sky (E:\project\Anima-Engine\src\components\Landscape\Sky.tsx:50:16)
Warning: <meshStandardMaterial /> is using incorrect casing. Use PascalCase for React components, or lowercase for HTML elements.
    at meshStandardMaterial
    at mesh
    at group
    at group
    at group
    at Sky (E:\project\Anima-Engine\src\components\Landscape\Sky.tsx:50:16)
Warning: <boxGeometry /> is using incorrect casing. Use PascalCase for React components, or lowercase for HTML elements.
    at boxGeometry
    at mesh
    at group
    at group
    at group
    at Sky (E:\project\Anima-Engine\src\components\Landscape\Sky.tsx:50:16)
Warning: <meshStandardMaterial /> is using incorrect casing. Use PascalCase for React components, or lowercase for HTML elements.
    at meshStandardMaterial
    at mesh
    at group
    at group
    at group
    at Sky (E:\project\Anima-Engine\src\components\Landscape\Sky.tsx:50:16)
Warning: <boxGeometry /> is using incorrect casing. Use PascalCase for React components, or lowercase for HTML elements.
    at boxGeometry
    at mesh
    at group
    at group
    at group
    at Sky (E:\project\Anima-Engine\src\components\Landscape\Sky.tsx:50:16)
Warning: <meshStandardMaterial /> is using incorrect casing. Use PascalCase for React components, or lowercase for HTML elements.
    at meshStandardMaterial
    at mesh
    at group
    at group
    at group
    at Sky (E:\project\Anima-Engine\src\components\Landscape\Sky.tsx:50:16)
Warning: <boxGeometry /> is using incorrect casing. Use PascalCase for React components, or lowercase for HTML elements.
    at boxGeometry
    at mesh
    at group
    at group
    at group
    at Sky (E:\project\Anima-Engine\src\components\Landscape\Sky.tsx:50:16)
Warning: <meshStandardMaterial /> is using incorrect casing. Use PascalCase for React components, or lowercase for HTML elements.
    at meshStandardMaterial
    at mesh
    at group
    at group
    at group
    at Sky (E:\project\Anima-Engine\src\components\Landscape\Sky.tsx:50:16)
Warning: <boxGeometry /> is using incorrect casing. Use PascalCase for React components, or lowercase for HTML elements.
    at boxGeometry
    at mesh
    at group
    at group
    at group
    at Sky (E:\project\Anima-Engine\src\components\Landscape\Sky.tsx:50:16)
Warning: <meshStandardMaterial /> is using incorrect casing. Use PascalCase for React components, or lowercase for HTML elements.
    at meshStandardMaterial
    at mesh
    at group
    at group
    at group
    at Sky (E:\project\Anima-Engine\src\components\Landscape\Sky.tsx:50:16)
Warning: <boxGeometry /> is using incorrect casing. Use PascalCase for React components, or lowercase for HTML elements.
    at boxGeometry
    at mesh
    at group
    at group
    at group
    at Sky (E:\project\Anima-Engine\src\components\Landscape\Sky.tsx:50:16)
Warning: <meshStandardMaterial /> is using incorrect casing. Use PascalCase for React components, or lowercase for HTML elements.
    at meshStandardMaterial
    at mesh
    at group
    at group
    at group
    at Sky (E:\project\Anima-Engine\src\components\Landscape\Sky.tsx:50:16)
Warning: <boxGeometry /> is using incorrect casing. Use PascalCase for React components, or lowercase for HTML elements.
    at boxGeometry
    at mesh
    at group
    at group
    at group
    at Sky (E:\project\Anima-Engine\src\components\Landscape\Sky.tsx:50:16)
Warning: <meshStandardMaterial /> is using incorrect casing. Use PascalCase for React components, or lowercase for HTML elements.
    at meshStandardMaterial
    at mesh
    at group
    at group
    at group
    at Sky (E:\project\Anima-Engine\src\components\Landscape\Sky.tsx:50:16)
Warning: <boxGeometry /> is using incorrect casing. Use PascalCase for React components, or lowercase for HTML elements.
    at boxGeometry
    at mesh
    at group
    at group
    at group
    at Sky (E:\project\Anima-Engine\src\components\Landscape\Sky.tsx:50:16)
Warning: <meshStandardMaterial /> is using incorrect casing. Use PascalCase for React components, or lowercase for HTML elements.
    at meshStandardMaterial
    at mesh
    at group
    at group
    at group
    at Sky (E:\project\Anima-Engine\src\components\Landscape\Sky.tsx:50:16)
Warning: <boxGeometry /> is using incorrect casing. Use PascalCase for React components, or lowercase for HTML elements.
    at boxGeometry
    at mesh
    at group
    at group
    at group
    at Sky (E:\project\Anima-Engine\src\components\Landscape\Sky.tsx:50:16)
Warning: <meshStandardMaterial /> is using incorrect casing. Use PascalCase for React components, or lowercase for HTML elements.
    at meshStandardMaterial
    at mesh
    at group
    at group
    at group
    at Sky (E:\project\Anima-Engine\src\components\Landscape\Sky.tsx:50:16)

[90mstderr[2m | frontend/landscape_showcase.test.tsx[2m > [22m[2mLandscape Showcase Test Suite (93 Tests)[2m > [22m[2mTier 1: Feature Coverage (40 tests)[2m > [22m[2mF4: Sky & Lighting[2m > [22m[2mF4.5: moon/stars visibility[22m[39m
Warning: <sphereGeometry /> is using incorrect casing. Use PascalCase for React components, or lowercase for HTML elements.
    at sphereGeometry
    at mesh
    at group
    at Sky (E:\project\Anima-Engine\src\components\Landscape\Sky.tsx:50:16)
Warning: <meshBasicMaterial /> is using incorrect casing. Use PascalCase for React components, or lowercase for HTML elements.
    at meshBasicMaterial
    at mesh
    at group
    at Sky (E:\project\Anima-Engine\src\components\Landscape\Sky.tsx:50:16)
Warning: <directionalLight /> is using incorrect casing. Use PascalCase for React components, or lowercase for HTML elements.
    at directionalLight
    at group
    at Sky (E:\project\Anima-Engine\src\components\Landscape\Sky.tsx:50:16)
Warning: <directionalLight /> is using incorrect casing. Use PascalCase for React components, or lowercase for HTML elements.
    at directionalLight
    at group
    at Sky (E:\project\Anima-Engine\src\components\Landscape\Sky.tsx:50:16)
Warning: <hemisphereLight /> is using incorrect casing. Use PascalCase for React components, or lowercase for HTML elements.
    at hemisphereLight
    at group
    at Sky (E:\project\Anima-Engine\src\components\Landscape\Sky.tsx:50:16)
Warning: <ambientLight /> is using incorrect casing. Use PascalCase for React components, or lowercase for HTML elements.
    at ambientLight
    at group
    at Sky (E:\project\Anima-Engine\src\components\Landscape\Sky.tsx:50:16)
Warning: <sphereGeometry /> is using incorrect casing. Use PascalCase for React components, or lowercase for HTML elements.
    at sphereGeometry
    at mesh
    at group
    at Sky (E:\project\Anima-Engine\src\components\Landscape\Sky.tsx:50:16)
Warning: <meshBasicMaterial /> is using incorrect casing. Use PascalCase for React components, or lowercase for HTML elements.
    at meshBasicMaterial
    at mesh
    at group
    at Sky (E:\project\Anima-Engine\src\components\Landscape\Sky.tsx:50:16)
Warning: <bufferAttribute /> is using incorrect casing. Use PascalCase for React components, or lowercase for HTML elements.
    at bufferAttribute
    at bufferGeometry
    at points
    at group
    at Sky (E:\project\Anima-Engine\src\components\Landscape\Sky.tsx:50:16)
Warning: <bufferGeometry /> is using incorrect casing. Use PascalCase for React components, or lowercase for HTML elements.
    at bufferGeometry
    at points
    at group
    at Sky (E:\project\Anima-Engine\src\components\Landscape\Sky.tsx:50:16)
Warning: <pointsMaterial /> is using incorrect casing. Use PascalCase for React components, or lowercase for HTML elements.
    at pointsMaterial
    at points
    at group
    at Sky (E:\project\Anima-Engine\src\components\Landscape\Sky.tsx:50:16)
Warning: <boxGeometry /> is using incorrect casing. Use PascalCase for React components, or lowercase for HTML elements.
    at boxGeometry
    at mesh
    at group
    at group
    at group
    at Sky (E:\project\Anima-Engine\src\components\Landscape\Sky.tsx:50:16)
Warning: <meshStandardMaterial /> is using incorrect casing. Use PascalCase for React components, or lowercase for HTML elements.
    at meshStandardMaterial
    at mesh
    at group
    at group
    at group
    at Sky (E:\project\Anima-Engine\src\components\Landscape\Sky.tsx:50:16)
Warning: <boxGeometry /> is using incorrect casing. Use PascalCase for React components, or lowercase for HTML elements.
    at boxGeometry
    at mesh
    at group
    at group
    at group
    at Sky (E:\project\Anima-Engine\src\components\Landscape\Sky.tsx:50:16)
Warning: <meshStandardMaterial /> is using incorrect casing. Use PascalCase for React components, or lowercase for HTML elements.
    at meshStandardMaterial
    at mesh
    at group
    at group
    at group
    at Sky (E:\project\Anima-Engine\src\components\Landscape\Sky.tsx:50:16)
Warning: <boxGeometry /> is using incorrect casing. Use PascalCase for React components, or lowercase for HTML elements.
    at boxGeometry
    at mesh
    at group
    at group
    at group
    at Sky (E:\project\Anima-Engine\src\components\Landscape\Sky.tsx:50:16)
Warning: <meshStandardMaterial /> is using incorrect casing. Use PascalCase for React components, or lowercase for HTML elements.
    at meshStandardMaterial
    at mesh
    at group
    at group
    at group
    at Sky (E:\project\Anima-Engine\src\components\Landscape\Sky.tsx:50:16)
Warning: <boxGeometry /> is using incorrect casing. Use PascalCase for React components, or lowercase for HTML elements.
    at boxGeometry
    at mesh
    at group
    at group
    at group
    at Sky (E:\project\Anima-Engine\src\components\Landscape\Sky.tsx:50:16)
Warning: <meshStandardMaterial /> is using incorrect casing. Use PascalCase for React components, or lowercase for HTML elements.
    at meshStandardMaterial
    at mesh
    at group
    at group
    at group
    at Sky (E:\project\Anima-Engine\src\components\Landscape\Sky.tsx:50:16)
Warning: <boxGeometry /> is using incorrect casing. Use PascalCase for React components, or lowercase for HTML elements.
    at boxGeometry
    at mesh
    at group
    at group
    at group
    at Sky (E:\project\Anima-Engine\src\components\Landscape\Sky.tsx:50:16)
Warning: <meshStandardMaterial /> is using incorrect casing. Use PascalCase for React components, or lowercase for HTML elements.
    at meshStandardMaterial
    at mesh
    at group
    at group
    at group
    at Sky (E:\project\Anima-Engine\src\components\Landscape\Sky.tsx:50:16)
Warning: <boxGeometry /> is using incorrect casing. Use PascalCase for React components, or lowercase for HTML elements.
    at boxGeometry
    at mesh
    at group
    at group
    at group
    at Sky (E:\project\Anima-Engine\src\components\Landscape\Sky.tsx:50:16)
Warning: <meshStandardMaterial /> is using incorrect casing. Use PascalCase for React components, or lowercase for HTML elements.
    at meshStandardMaterial
    at mesh
    at group
    at group
    at group
    at Sky (E:\project\Anima-Engine\src\components\Landscape\Sky.tsx:50:16)
Warning: <boxGeometry /> is using incorrect casing. Use PascalCase for React components, or lowercase for HTML elements.
    at boxGeometry
    at mesh
    at group
    at group
    at group
    at Sky (E:\project\Anima-Engine\src\components\Landscape\Sky.tsx:50:16)
Warning: <meshStandardMaterial /> is using incorrect casing. Use PascalCase for React components, or lowercase for HTML elements.
    at meshStandardMaterial
    at mesh
    at group
    at group
    at group
    at Sky (E:\project\Anima-Engine\src\components\Landscape\Sky.tsx:50:16)
Warning: <boxGeometry /> is using incorrect casing. Use PascalCase for React components, or lowercase for HTML elements.
    at boxGeometry
    at mesh
    at group
    at group
    at group
    at Sky (E:\project\Anima-Engine\src\components\Landscape\Sky.tsx:50:16)
Warning: <meshStandardMaterial /> is using incorrect casing. Use PascalCase for React components, or lowercase for HTML elements.
    at meshStandardMaterial
    at mesh
    at group
    at group
    at group
    at Sky (E:\project\Anima-Engine\src\components\Landscape\Sky.tsx:50:16)
Warning: <boxGeometry /> is using incorrect casing. Use PascalCase for React components, or lowercase for HTML elements.
    at boxGeometry
    at mesh
    at group
    at group
    at group
    at Sky (E:\project\Anima-Engine\src\components\Landscape\Sky.tsx:50:16)
Warning: <meshStandardMaterial /> is using incorrect casing. Use PascalCase for React components, or lowercase for HTML elements.
    at meshStandardMaterial
    at mesh
    at group
    at group
    at group
    at Sky (E:\project\Anima-Engine\src\components\Landscape\Sky.tsx:50:16)
Warning: <boxGeometry /> is using incorrect casing. Use PascalCase for React components, or lowercase for HTML elements.
    at boxGeometry
    at mesh
    at group
    at group
    at group
    at Sky (E:\project\Anima-Engine\src\components\Landscape\Sky.tsx:50:16)
Warning: <meshStandardMaterial /> is using incorrect casing. Use PascalCase for React components, or lowercase for HTML elements.
    at meshStandardMaterial
    at mesh
    at group
    at group
    at group
    at Sky (E:\project\Anima-Engine\src\components\Landscape\Sky.tsx:50:16)
Warning: <boxGeometry /> is using incorrect casing. Use PascalCase for React components, or lowercase for HTML elements.
    at boxGeometry
    at mesh
    at group
    at group
    at group
    at Sky (E:\project\Anima-Engine\src\components\Landscape\Sky.tsx:50:16)
Warning: <meshStandardMaterial /> is using incorrect casing. Use PascalCase for React components, or lowercase for HTML elements.
    at meshStandardMaterial
    at mesh
    at group
    at group
    at group
    at Sky (E:\project\Anima-Engine\src\components\Landscape\Sky.tsx:50:16)
Warning: <boxGeometry /> is using incorrect casing. Use PascalCase for React components, or lowercase for HTML elements.
    at boxGeometry
    at mesh
    at group
    at group
    at group
    at Sky (E:\project\Anima-Engine\src\components\Landscape\Sky.tsx:50:16)
Warning: <meshStandardMaterial /> is using incorrect casing. Use PascalCase for React components, or lowercase for HTML elements.
    at meshStandardMaterial
    at mesh
    at group
    at group
    at group
    at Sky (E:\project\Anima-Engine\src\components\Landscape\Sky.tsx:50:16)
Warning: <boxGeometry /> is using incorrect casing. Use PascalCase for React components, or lowercase for HTML elements.
    at boxGeometry
    at mesh
    at group
    at group
    at group
    at Sky (E:\project\Anima-Engine\src\components\Landscape\Sky.tsx:50:16)
Warning: <meshStandardMaterial /> is using incorrect casing. Use PascalCase for React components, or lowercase for HTML elements.
    at meshStandardMaterial
    at mesh
    at group
    at group
    at group
    at Sky (E:\project\Anima-Engine\src\components\Landscape\Sky.tsx:50:16)
Warning: <boxGeometry /> is using incorrect casing. Use PascalCase for React components, or lowercase for HTML elements.
    at boxGeometry
    at mesh
    at group
    at group
    at group
    at Sky (E:\project\Anima-Engine\src\components\Landscape\Sky.tsx:50:16)
Warning: <meshStandardMaterial /> is using incorrect casing. Use PascalCase for React components, or lowercase for HTML elements.
    at meshStandardMaterial
    at mesh
    at group
    at group
    at group
    at Sky (E:\project\Anima-Engine\src\components\Landscape\Sky.tsx:50:16)
Warning: <boxGeometry /> is using incorrect casing. Use PascalCase for React components, or lowercase for HTML elements.
    at boxGeometry
    at mesh
    at group
    at group
    at group
    at Sky (E:\project\Anima-Engine\src\components\Landscape\Sky.tsx:50:16)
Warning: <meshStandardMaterial /> is using incorrect casing. Use PascalCase for React components, or lowercase for HTML elements.
    at meshStandardMaterial
    at mesh
    at group
    at group
    at group
    at Sky (E:\project\Anima-Engine\src\components\Landscape\Sky.tsx:50:16)
Warning: <boxGeometry /> is using incorrect casing. Use PascalCase for React components, or lowercase for HTML elements.
    at boxGeometry
    at mesh
    at group
    at group
    at group
    at Sky (E:\project\Anima-Engine\src\components\Landscape\Sky.tsx:50:16)
Warning: <meshStandardMaterial /> is using incorrect casing. Use PascalCase for React components, or lowercase for HTML elements.
    at meshStandardMaterial
    at mesh
    at group
    at group
    at group
    at Sky (E:\project\Anima-Engine\src\components\Landscape\Sky.tsx:50:16)
Warning: <boxGeometry /> is using incorrect casing. Use PascalCase for React components, or lowercase for HTML elements.
    at boxGeometry
    at mesh
    at group
    at group
    at group
    at Sky (E:\project\Anima-Engine\src\components\Landscape\Sky.tsx:50:16)
Warning: <meshStandardMaterial /> is using incorrect casing. Use PascalCase for React components, or lowercase for HTML elements.
    at meshStandardMaterial
    at mesh
    at group
    at group
    at group
    at Sky (E:\project\Anima-Engine\src\components\Landscape\Sky.tsx:50:16)
Warning: <boxGeometry /> is using incorrect casing. Use PascalCase for React components, or lowercase for HTML elements.
    at boxGeometry
    at mesh
    at group
    at group
    at group
    at Sky (E:\project\Anima-Engine\src\components\Landscape\Sky.tsx:50:16)
Warning: <meshStandardMaterial /> is using incorrect casing. Use PascalCase for React components, or lowercase for HTML elements.
    at meshStandardMaterial
    at mesh
    at group
    at group
    at group
    at Sky (E:\project\Anima-Engine\src\components\Landscape\Sky.tsx:50:16)

[90mstderr[2m | frontend/landscape_showcase.test.tsx[2m > [22m[2mLandscape Showcase Test Suite (93 Tests)[2m > [22m[2mTier 1: Feature Coverage (40 tests)[2m > [22m[2mF5: Weather[2m > [22m[2mF5.1: transitions[22m[39m
Warning: <fogExp2 /> is using incorrect casing. Use PascalCase for React components, or lowercase for HTML elements.
    at fogExp2
    at group
    at Weather (E:\project\Anima-Engine\src\components\Landscape\Weather.tsx:10:3)
Warning: The tag <fogExp2> is unrecognized in this browser. If you meant to render a React component, start its name with an uppercase letter.
    at fogExp2
    at group
    at Weather (E:\project\Anima-Engine\src\components\Landscape\Weather.tsx:10:3)
Warning: <bufferAttribute /> is using incorrect casing. Use PascalCase for React components, or lowercase for HTML elements.
    at bufferAttribute
    at bufferGeometry
    at points
    at group
    at Weather (E:\project\Anima-Engine\src\components\Landscape\Weather.tsx:10:3)
Warning: <bufferGeometry /> is using incorrect casing. Use PascalCase for React components, or lowercase for HTML elements.
    at bufferGeometry
    at points
    at group
    at Weather (E:\project\Anima-Engine\src\components\Landscape\Weather.tsx:10:3)
Warning: <pointsMaterial /> is using incorrect casing. Use PascalCase for React components, or lowercase for HTML elements.
    at pointsMaterial
    at points
    at group
    at Weather (E:\project\Anima-Engine\src\components\Landscape\Weather.tsx:10:3)

[90mstderr[2m | frontend/landscape_showcase.test.tsx[2m > [22m[2mLandscape Showcase Test Suite (93 Tests)[2m > [22m[2mTier 1: Feature Coverage (40 tests)[2m > [22m[2mF5: Weather[2m > [22m[2mF5.2: rain drops[22m[39m
Warning: <fogExp2 /> is using incorrect casing. Use PascalCase for React components, or lowercase for HTML elements.
    at fogExp2
    at group
    at Weather (E:\project\Anima-Engine\src\components\Landscape\Weather.tsx:10:3)
Warning: <bufferAttribute /> is using incorrect casing. Use PascalCase for React components, or lowercase for HTML elements.
    at bufferAttribute
    at bufferGeometry
    at points
    at group
    at Weather (E:\project\Anima-Engine\src\components\Landscape\Weather.tsx:10:3)
Warning: <bufferGeometry /> is using incorrect casing. Use PascalCase for React components, or lowercase for HTML elements.
    at bufferGeometry
    at points
    at group
    at Weather (E:\project\Anima-Engine\src\components\Landscape\Weather.tsx:10:3)
Warning: <pointsMaterial /> is using incorrect casing. Use PascalCase for React components, or lowercase for HTML elements.
    at pointsMaterial
    at points
    at group
    at Weather (E:\project\Anima-Engine\src\components\Landscape\Weather.tsx:10:3)

[90mstderr[2m | frontend/landscape_showcase.test.tsx[2m > [22m[2mLandscape Showcase Test Suite (93 Tests)[2m > [22m[2mTier 1: Feature Coverage (40 tests)[2m > [22m[2mF5: Weather[2m > [22m[2mF5.3: snow accumulation[22m[39m
Warning: <fogExp2 /> is using incorrect casing. Use PascalCase for React components, or lowercase for HTML elements.
    at fogExp2
    at group
    at Weather (E:\project\Anima-Engine\src\components\Landscape\Weather.tsx:10:3)
Warning: <bufferAttribute /> is using incorrect casing. Use PascalCase for React components, or lowercase for HTML elements.
    at bufferAttribute
    at bufferGeometry
    at points
    at group
    at Weather (E:\project\Anima-Engine\src\components\Landscape\Weather.tsx:10:3)
Warning: <bufferGeometry /> is using incorrect casing. Use PascalCase for React components, or lowercase for HTML elements.
    at bufferGeometry
    at points
    at group
    at Weather (E:\project\Anima-Engine\src\components\Landscape\Weather.tsx:10:3)
Warning: <pointsMaterial /> is using incorrect casing. Use PascalCase for React components, or lowercase for HTML elements.
    at pointsMaterial
    at points
    at group
    at Weather (E:\project\Anima-Engine\src\components\Landscape\Weather.tsx:10:3)

[90mstderr[2m | frontend/landscape_showcase.test.tsx[2m > [22m[2mLandscape Showcase Test Suite (93 Tests)[2m > [22m[2mTier 1: Feature Coverage (40 tests)[2m > [22m[2mF5: Weather[2m > [22m[2mF5.4: fog thickness[22m[39m
Warning: <fogExp2 /> is using incorrect casing. Use PascalCase for React components, or lowercase for HTML elements.
    at fogExp2
    at group
    at Weather (E:\project\Anima-Engine\src\components\Landscape\Weather.tsx:10:3)

[90mstderr[2m | frontend/landscape_showcase.test.tsx[2m > [22m[2mLandscape Showcase Test Suite (93 Tests)[2m > [22m[2mTier 1: Feature Coverage (40 tests)[2m > [22m[2mF5: Weather[2m > [22m[2mF5.5: wet surface darkening[22m[39m
Warning: <bufferGeometry /> is using incorrect casing. Use PascalCase for React components, or lowercase for HTML elements.
    at bufferGeometry
    at mesh
    at lod
    at Terrain (E:\project\Anima-Engine\src\components\Landscape\Terrain.tsx:26:20)
Warning: <meshStandardMaterial /> is using incorrect casing. Use PascalCase for React components, or lowercase for HTML elements.
    at meshStandardMaterial
    at mesh
    at lod
    at Terrain (E:\project\Anima-Engine\src\components\Landscape\Terrain.tsx:26:20)
Warning: React does not recognize the `vertexColors` prop on a DOM element. If you intentionally want it to appear in the DOM as a custom attribute, spell it as lowercase `vertexcolors` instead. If you accidentally passed it from a parent component, remove it from the DOM element.
    at meshStandardMaterial
    at mesh
    at lod
    at Terrain (E:\project\Anima-Engine\src\components\Landscape\Terrain.tsx:26:20)
Warning: <bufferGeometry /> is using incorrect casing. Use PascalCase for React components, or lowercase for HTML elements.
    at bufferGeometry
    at mesh
    at lod
    at Terrain (E:\project\Anima-Engine\src\components\Landscape\Terrain.tsx:26:20)
Warning: <meshStandardMaterial /> is using incorrect casing. Use PascalCase for React components, or lowercase for HTML elements.
    at meshStandardMaterial
    at mesh
    at lod
    at Terrain (E:\project\Anima-Engine\src\components\Landscape\Terrain.tsx:26:20)
Warning: <bufferGeometry /> is using incorrect casing. Use PascalCase for React components, or lowercase for HTML elements.
    at bufferGeometry
    at mesh
    at lod
    at Terrain (E:\project\Anima-Engine\src\components\Landscape\Terrain.tsx:26:20)
Warning: <meshStandardMaterial /> is using incorrect casing. Use PascalCase for React components, or lowercase for HTML elements.
    at meshStandardMaterial
    at mesh
    at lod
    at Terrain (E:\project\Anima-Engine\src\components\Landscape\Terrain.tsx:26:20)
Warning: The tag <lod> is unrecognized in this browser. If you meant to render a React component, start its name with an uppercase letter.
    at lod
    at Terrain (E:\project\Anima-Engine\src\components\Landscape\Terrain.tsx:26:20)

[90mstderr[2m | frontend/landscape_showcase.test.tsx[2m > [22m[2mLandscape Showcase Test Suite (93 Tests)[2m > [22m[2mTier 1: Feature Coverage (40 tests)[2m > [22m[2mF7: Camera[2m > [22m[2mF7.1: orbit navigation[22m[39m
Warning: <orbitControls /> is using incorrect casing. Use PascalCase for React components, or lowercase for HTML elements.
    at orbitControls
    at CameraControls (E:\project\Anima-Engine\src\components\Landscape\CameraControls.tsx:15:3)
Warning: The tag <orbitControls> is unrecognized in this browser. If you meant to render a React component, start its name with an uppercase letter.
    at orbitControls
    at CameraControls (E:\project\Anima-Engine\src\components\Landscape\CameraControls.tsx:15:3)
Warning: React does not recognize the `enableDamping` prop on a DOM element. If you intentionally want it to appear in the DOM as a custom attribute, spell it as lowercase `enabledamping` instead. If you accidentally passed it from a parent component, remove it from the DOM element.
    at orbitControls
    at CameraControls (E:\project\Anima-Engine\src\components\Landscape\CameraControls.tsx:15:3)
Warning: <object3D /> is using incorrect casing. Use PascalCase for React components, or lowercase for HTML elements.
    at object3D
    at CameraControls (E:\project\Anima-Engine\src\components\Landscape\CameraControls.tsx:15:3)
Warning: The tag <object3D> is unrecognized in this browser. If you meant to render a React component, start its name with an uppercase letter.
    at object3D
    at CameraControls (E:\project\Anima-Engine\src\components\Landscape\CameraControls.tsx:15:3)

[90mstderr[2m | frontend/landscape_showcase.test.tsx[2m > [22m[2mLandscape Showcase Test Suite (93 Tests)[2m > [22m[2mTier 1: Feature Coverage (40 tests)[2m > [22m[2mF7: Camera[2m > [22m[2mF7.2: fly WASD[22m[39m
Warning: <object3D /> is using incorrect casing. Use PascalCase for React components, or lowercase for HTML elements.
    at object3D
    at CameraControls (E:\project\Anima-Engine\src\components\Landscape\CameraControls.tsx:15:3)

[90mstderr[2m | frontend/landscape_showcase.test.tsx[2m > [22m[2mLandscape Showcase Test Suite (93 Tests)[2m > [22m[2mTier 1: Feature Coverage (40 tests)[2m > [22m[2mF7: Camera[2m > [22m[2mF7.3: terrain collision[22m[39m
Warning: <object3D /> is using incorrect casing. Use PascalCase for React components, or lowercase for HTML elements.
    at object3D
    at CameraControls (E:\project\Anima-Engine\src\components\Landscape\CameraControls.tsx:15:3)

[90mstderr[2m | frontend/landscape_showcase.test.tsx[2m > [22m[2mLandscape Showcase Test Suite (93 Tests)[2m > [22m[2mTier 1: Feature Coverage (40 tests)[2m > [22m[2mF7: Camera[2m > [22m[2mF7.4: mode switching[22m[39m
Warning: <object3D /> is using incorrect casing. Use PascalCase for React components, or lowercase for HTML elements.
    at object3D
    at CameraControls (E:\project\Anima-Engine\src\components\Landscape\CameraControls.tsx:15:3)

[90mstderr[2m | frontend/landscape_showcase.test.tsx[2m > [22m[2mLandscape Showcase Test Suite (93 Tests)[2m > [22m[2mTier 1: Feature Coverage (40 tests)[2m > [22m[2mF7: Camera[2m > [22m[2mF7.5: cinematic flight[22m[39m
Warning: <object3D /> is using incorrect casing. Use PascalCase for React components, or lowercase for HTML elements.
    at object3D
    at CameraControls (E:\project\Anima-Engine\src\components\Landscape\CameraControls.tsx:15:3)

[90mstderr[2m | frontend/landscape_showcase.test.tsx[2m > [22m[2mLandscape Showcase Test Suite (93 Tests)[2m > [22m[2mTier 1: Feature Coverage (40 tests)[2m > [22m[2mF8: App Integration[2m > [22m[2mF8.1: dashboard sliders[22m[39m
Warning: <sphereGeometry /> is using incorrect casing. Use PascalCase for React components, or lowercase for HTML elements.
    at sphereGeometry
    at mesh
    at group
    at Sky (E:\project\Anima-Engine\src\components\Landscape\Sky.tsx:50:16)
    at div
    at Canvas (E:\project\Anima-Engine\tests\frontend\landscape_showcase.test.tsx:4:16)
    at div
    at LandscapeShowcase (E:\project\Anima-Engine\src\components\Landscape\LandscapeShowcase.tsx:28:55)
Warning: <meshBasicMaterial /> is using incorrect casing. Use PascalCase for React components, or lowercase for HTML elements.
    at meshBasicMaterial
    at mesh
    at group
    at Sky (E:\project\Anima-Engine\src\components\Landscape\Sky.tsx:50:16)
    at div
    at Canvas (E:\project\Anima-Engine\tests\frontend\landscape_showcase.test.tsx:4:16)
    at div
    at LandscapeShowcase (E:\project\Anima-Engine\src\components\Landscape\LandscapeShowcase.tsx:28:55)
Warning: <directionalLight /> is using incorrect casing. Use PascalCase for React components, or lowercase for HTML elements.
    at directionalLight
    at group
    at Sky (E:\project\Anima-Engine\src\components\Landscape\Sky.tsx:50:16)
    at div
    at Canvas (E:\project\Anima-Engine\tests\frontend\landscape_showcase.test.tsx:4:16)
    at div
    at LandscapeShowcase (E:\project\Anima-Engine\src\components\Landscape\LandscapeShowcase.tsx:28:55)
Warning: <hemisphereLight /> is using incorrect casing. Use PascalCase for React components, or lowercase for HTML elements.
    at hemisphereLight
    at group
    at Sky (E:\project\Anima-Engine\src\components\Landscape\Sky.tsx:50:16)
    at div
    at Canvas (E:\project\Anima-Engine\tests\frontend\landscape_showcase.test.tsx:4:16)
    at div
    at LandscapeShowcase (E:\project\Anima-Engine\src\components\Landscape\LandscapeShowcase.tsx:28:55)
Warning: <ambientLight /> is using incorrect casing. Use PascalCase for React components, or lowercase for HTML elements.
    at ambientLight
    at group
    at Sky (E:\project\Anima-Engine\src\components\Landscape\Sky.tsx:50:16)
    at div
    at Canvas (E:\project\Anima-Engine\tests\frontend\landscape_showcase.test.tsx:4:16)
    at div
    at LandscapeShowcase (E:\project\Anima-Engine\src\components\Landscape\LandscapeShowcase.tsx:28:55)
Warning: <boxGeometry /> is using incorrect casing. Use PascalCase for React components, or lowercase for HTML elements.
    at boxGeometry
    at mesh
    at group
    at group
    at group
    at Sky (E:\project\Anima-Engine\src\components\Landscape\Sky.tsx:50:16)
    at div
    at Canvas (E:\project\Anima-Engine\tests\frontend\landscape_showcase.test.tsx:4:16)
    at div
    at LandscapeShowcase (E:\project\Anima-Engine\src\components\Landscape\LandscapeShowcase.tsx:28:55)
Warning: <meshStandardMaterial /> is using incorrect casing. Use PascalCase for React components, or lowercase for HTML elements.
    at meshStandardMaterial
    at mesh
    at group
    at group
    at group
    at Sky (E:\project\Anima-Engine\src\components\Landscape\Sky.tsx:50:16)
    at div
    at Canvas (E:\project\Anima-Engine\tests\frontend\landscape_showcase.test.tsx:4:16)
    at div
    at LandscapeShowcase (E:\project\Anima-Engine\src\components\Landscape\LandscapeShowcase.tsx:28:55)
Warning: <boxGeometry /> is using incorrect casing. Use PascalCase for React components, or lowercase for HTML elements.
    at boxGeometry
    at mesh
    at group
    at group
    at group
    at Sky (E:\project\Anima-Engine\src\components\Landscape\Sky.tsx:50:16)
    at div
    at Canvas (E:\project\Anima-Engine\tests\frontend\landscape_showcase.test.tsx:4:16)
    at div
    at LandscapeShowcase (E:\project\Anima-Engine\src\components\Landscape\LandscapeShowcase.tsx:28:55)
Warning: <meshStandardMaterial /> is using incorrect casing. Use PascalCase for React components, or lowercase for HTML elements.
    at meshStandardMaterial
    at mesh
    at group
    at group
    at group
    at Sky (E:\project\Anima-Engine\src\components\Landscape\Sky.tsx:50:16)
    at div
    at Canvas (E:\project\Anima-Engine\tests\frontend\landscape_showcase.test.tsx:4:16)
    at div
    at LandscapeShowcase (E:\project\Anima-Engine\src\components\Landscape\LandscapeShowcase.tsx:28:55)
Warning: <boxGeometry /> is using incorrect casing. Use PascalCase for React components, or lowercase for HTML elements.
    at boxGeometry
    at mesh
    at group
    at group
    at group
    at Sky (E:\project\Anima-Engine\src\components\Landscape\Sky.tsx:50:16)
    at div
    at Canvas (E:\project\Anima-Engine\tests\frontend\landscape_showcase.test.tsx:4:16)
    at div
    at LandscapeShowcase (E:\project\Anima-Engine\src\components\Landscape\LandscapeShowcase.tsx:28:55)
Warning: <meshStandardMaterial /> is using incorrect casing. Use PascalCase for React components, or lowercase for HTML elements.
    at meshStandardMaterial
    at mesh
    at group
    at group
    at group
    at Sky (E:\project\Anima-Engine\src\components\Landscape\Sky.tsx:50:16)
    at div
    at Canvas (E:\project\Anima-Engine\tests\frontend\landscape_showcase.test.tsx:4:16)
    at div
    at LandscapeShowcase (E:\project\Anima-Engine\src\components\Landscape\LandscapeShowcase.tsx:28:55)
Warning: <boxGeometry /> is using incorrect casing. Use PascalCase for React components, or lowercase for HTML elements.
    at boxGeometry
    at mesh
    at group
    at group
    at group
    at Sky (E:\project\Anima-Engine\src\components\Landscape\Sky.tsx:50:16)
    at div
    at Canvas (E:\project\Anima-Engine\tests\frontend\landscape_showcase.test.tsx:4:16)
    at div
    at LandscapeShowcase (E:\project\Anima-Engine\src\components\Landscape\LandscapeShowcase.tsx:28:55)
Warning: <meshStandardMaterial /> is using incorrect casing. Use PascalCase for React components, or lowercase for HTML elements.
    at meshStandardMaterial
    at mesh
    at group
    at group
    at group
    at Sky (E:\project\Anima-Engine\src\components\Landscape\Sky.tsx:50:16)
    at div
    at Canvas (E:\project\Anima-Engine\tests\frontend\landscape_showcase.test.tsx:4:16)
    at div
    at LandscapeShowcase (E:\project\Anima-Engine\src\components\Landscape\LandscapeShowcase.tsx:28:55)
Warning: <boxGeometry /> is using incorrect casing. Use PascalCase for React components, or lowercase for HTML elements.
    at boxGeometry
    at mesh
    at group
    at group
    at group
    at Sky (E:\project\Anima-Engine\src\components\Landscape\Sky.tsx:50:16)
    at div
    at Canvas (E:\project\Anima-Engine\tests\frontend\landscape_showcase.test.tsx:4:16)
    at div
    at LandscapeShowcase (E:\project\Anima-Engine\src\components\Landscape\LandscapeShowcase.tsx:28:55)
Warning: <meshStandardMaterial /> is using incorrect casing. Use PascalCase for React components, or lowercase for HTML elements.
    at meshStandardMaterial
    at mesh
    at group
    at group
    at group
    at Sky (E:\project\Anima-Engine\src\components\Landscape\Sky.tsx:50:16)
    at div
    at Canvas (E:\project\Anima-Engine\tests\frontend\landscape_showcase.test.tsx:4:16)
    at div
    at LandscapeShowcase (E:\project\Anima-Engine\src\components\Landscape\LandscapeShowcase.tsx:28:55)
Warning: <boxGeometry /> is using incorrect casing. Use PascalCase for React components, or lowercase for HTML elements.
    at boxGeometry
    at mesh
    at group
    at group
    at group
    at Sky (E:\project\Anima-Engine\src\components\Landscape\Sky.tsx:50:16)
    at div
    at Canvas (E:\project\Anima-Engine\tests\frontend\landscape_showcase.test.tsx:4:16)
    at div
    at LandscapeShowcase (E:\project\Anima-Engine\src\components\Landscape\LandscapeShowcase.tsx:28:55)
Warning: <meshStandardMaterial /> is using incorrect casing. Use PascalCase for React components, or lowercase for HTML elements.
    at meshStandardMaterial
    at mesh
    at group
    at group
    at group
    at Sky (E:\project\Anima-Engine\src\components\Landscape\Sky.tsx:50:16)
    at div
    at Canvas (E:\project\Anima-Engine\tests\frontend\landscape_showcase.test.tsx:4:16)
    at div
    at LandscapeShowcase (E:\project\Anima-Engine\src\components\Landscape\LandscapeShowcase.tsx:28:55)
Warning: <boxGeometry /> is using incorrect casing. Use PascalCase for React components, or lowercase for HTML elements.
    at boxGeometry
    at mesh
    at group
    at group
    at group
    at Sky (E:\project\Anima-Engine\src\components\Landscape\Sky.tsx:50:16)
    at div
    at Canvas (E:\project\Anima-Engine\tests\frontend\landscape_showcase.test.tsx:4:16)
    at div
    at LandscapeShowcase (E:\project\Anima-Engine\src\components\Landscape\LandscapeShowcase.tsx:28:55)
Warning: <meshStandardMaterial /> is using incorrect casing. Use PascalCase for React components, or lowercase for HTML elements.
    at meshStandardMaterial
    at mesh
    at group
    at group
    at group
    at Sky (E:\project\Anima-Engine\src\components\Landscape\Sky.tsx:50:16)
    at div
    at Canvas (E:\project\Anima-Engine\tests\frontend\landscape_showcase.test.tsx:4:16)
    at div
    at LandscapeShowcase (E:\project\Anima-Engine\src\components\Landscape\LandscapeShowcase.tsx:28:55)
Warning: <boxGeometry /> is using incorrect casing. Use PascalCase for React components, or lowercase for HTML elements.
    at boxGeometry
    at mesh
    at group
    at group
    at group
    at Sky (E:\project\Anima-Engine\src\components\Landscape\Sky.tsx:50:16)
    at div
    at Canvas (E:\project\Anima-Engine\tests\frontend\landscape_showcase.test.tsx:4:16)
    at div
    at LandscapeShowcase (E:\project\Anima-Engine\src\components\Landscape\LandscapeShowcase.tsx:28:55)
Warning: <meshStandardMaterial /> is using incorrect casing. Use PascalCase for React components, or lowercase for HTML elements.
    at meshStandardMaterial
    at mesh
    at group
    at group
    at group
    at Sky (E:\project\Anima-Engine\src\components\Landscape\Sky.tsx:50:16)
    at div
    at Canvas (E:\project\Anima-Engine\tests\frontend\landscape_showcase.test.tsx:4:16)
    at div
    at LandscapeShowcase (E:\project\Anima-Engine\src\components\Landscape\LandscapeShowcase.tsx:28:55)
Warning: <boxGeometry /> is using incorrect casing. Use PascalCase for React components, or lowercase for HTML elements.
    at boxGeometry
    at mesh
    at group
    at group
    at group
    at Sky (E:\project\Anima-Engine\src\components\Landscape\Sky.tsx:50:16)
    at div
    at Canvas (E:\project\Anima-Engine\tests\frontend\landscape_showcase.test.tsx:4:16)
    at div
    at LandscapeShowcase (E:\project\Anima-Engine\src\components\Landscape\LandscapeShowcase.tsx:28:55)
Warning: <meshStandardMaterial /> is using incorrect casing. Use PascalCase for React components, or lowercase for HTML elements.
    at meshStandardMaterial
    at mesh
    at group
    at group
    at group
    at Sky (E:\project\Anima-Engine\src\components\Landscape\Sky.tsx:50:16)
    at div
    at Canvas (E:\project\Anima-Engine\tests\frontend\landscape_showcase.test.tsx:4:16)
    at div
    at LandscapeShowcase (E:\project\Anima-Engine\src\components\Landscape\LandscapeShowcase.tsx:28:55)
Warning: <boxGeometry /> is using incorrect casing. Use PascalCase for React components, or lowercase for HTML elements.
    at boxGeometry
    at mesh
    at group
    at group
    at group
    at Sky (E:\project\Anima-Engine\src\components\Landscape\Sky.tsx:50:16)
    at div
    at Canvas (E:\project\Anima-Engine\tests\frontend\landscape_showcase.test.tsx:4:16)
    at div
    at LandscapeShowcase (E:\project\Anima-Engine\src\components\Landscape\LandscapeShowcase.tsx:28:55)
Warning: <meshStandardMaterial /> is using incorrect casing. Use PascalCase for React components, or lowercase for HTML elements.
    at meshStandardMaterial
    at mesh
    at group
    at group
    at group
    at Sky (E:\project\Anima-Engine\src\components\Landscape\Sky.tsx:50:16)
    at div
    at Canvas (E:\project\Anima-Engine\tests\frontend\landscape_showcase.test.tsx:4:16)
    at div
    at LandscapeShowcase (E:\project\Anima-Engine\src\components\Landscape\LandscapeShowcase.tsx:28:55)
Warning: <boxGeometry /> is using incorrect casing. Use PascalCase for React components, or lowercase for HTML elements.
    at boxGeometry
    at mesh
    at group
    at group
    at group
    at Sky (E:\project\Anima-Engine\src\components\Landscape\Sky.tsx:50:16)
    at div
    at Canvas (E:\project\Anima-Engine\tests\frontend\landscape_showcase.test.tsx:4:16)
    at div
    at LandscapeShowcase (E:\project\Anima-Engine\src\components\Landscape\LandscapeShowcase.tsx:28:55)
Warning: <meshStandardMaterial /> is using incorrect casing. Use PascalCase for React components, or lowercase for HTML elements.
    at meshStandardMaterial
    at mesh
    at group
    at group
    at group
    at Sky (E:\project\Anima-Engine\src\components\Landscape\Sky.tsx:50:16)
    at div
    at Canvas (E:\project\Anima-Engine\tests\frontend\landscape_showcase.test.tsx:4:16)
    at div
    at LandscapeShowcase (E:\project\Anima-Engine\src\components\Landscape\LandscapeShowcase.tsx:28:55)
Warning: <boxGeometry /> is using incorrect casing. Use PascalCase for React components, or lowercase for HTML elements.
    at boxGeometry
    at mesh
    at group
    at group
    at group
    at Sky (E:\project\Anima-Engine\src\components\Landscape\Sky.tsx:50:16)
    at div
    at Canvas (E:\project\Anima-Engine\tests\frontend\landscape_showcase.test.tsx:4:16)
    at div
    at LandscapeShowcase (E:\project\Anima-Engine\src\components\Landscape\LandscapeShowcase.tsx:28:55)
Warning: <meshStandardMaterial /> is using incorrect casing. Use PascalCase for React components, or lowercase for HTML elements.
    at meshStandardMaterial
    at mesh
    at group
    at group
    at group
    at Sky (E:\project\Anima-Engine\src\components\Landscape\Sky.tsx:50:16)
    at div
    at Canvas (E:\project\Anima-Engine\tests\frontend\landscape_showcase.test.tsx:4:16)
    at div
    at LandscapeShowcase (E:\project\Anima-Engine\src\components\Landscape\LandscapeShowcase.tsx:28:55)
Warning: <boxGeometry /> is using incorrect casing. Use PascalCase for React components, or lowercase for HTML elements.
    at boxGeometry
    at mesh
    at group
    at group
    at group
    at Sky (E:\project\Anima-Engine\src\components\Landscape\Sky.tsx:50:16)
    at div
    at Canvas (E:\project\Anima-Engine\tests\frontend\landscape_showcase.test.tsx:4:16)
    at div
    at LandscapeShowcase (E:\project\Anima-Engine\src\components\Landscape\LandscapeShowcase.tsx:28:55)
Warning: <meshStandardMaterial /> is using incorrect casing. Use PascalCase for React components, or lowercase for HTML elements.
    at meshStandardMaterial
    at mesh
    at group
    at group
    at group
    at Sky (E:\project\Anima-Engine\src\components\Landscape\Sky.tsx:50:16)
    at div
    at Canvas (E:\project\Anima-Engine\tests\frontend\landscape_showcase.test.tsx:4:16)
    at div
    at LandscapeShowcase (E:\project\Anima-Engine\src\components\Landscape\LandscapeShowcase.tsx:28:55)
Warning: <boxGeometry /> is using incorrect casing. Use PascalCase for React components, or lowercase for HTML elements.
    at boxGeometry
    at mesh
    at group
    at group
    at group
    at Sky (E:\project\Anima-Engine\src\components\Landscape\Sky.tsx:50:16)
    at div
    at Canvas (E:\project\Anima-Engine\tests\frontend\landscape_showcase.test.tsx:4:16)
    at div
    at LandscapeShowcase (E:\project\Anima-Engine\src\components\Landscape\LandscapeShowcase.tsx:28:55)
Warning: <meshStandardMaterial /> is using incorrect casing. Use PascalCase for React components, or lowercase for HTML elements.
    at meshStandardMaterial
    at mesh
    at group
    at group
    at group
    at Sky (E:\project\Anima-Engine\src\components\Landscape\Sky.tsx:50:16)
    at div
    at Canvas (E:\project\Anima-Engine\tests\frontend\landscape_showcase.test.tsx:4:16)
    at div
    at LandscapeShowcase (E:\project\Anima-Engine\src\components\Landscape\LandscapeShowcase.tsx:28:55)
Warning: <boxGeometry /> is using incorrect casing. Use PascalCase for React components, or lowercase for HTML elements.
    at boxGeometry
    at mesh
    at group
    at group
    at group
    at Sky (E:\project\Anima-Engine\src\components\Landscape\Sky.tsx:50:16)
    at div
    at Canvas (E:\project\Anima-Engine\tests\frontend\landscape_showcase.test.tsx:4:16)
    at div
    at LandscapeShowcase (E:\project\Anima-Engine\src\components\Landscape\LandscapeShowcase.tsx:28:55)
Warning: <meshStandardMaterial /> is using incorrect casing. Use PascalCase for React components, or lowercase for HTML elements.
    at meshStandardMaterial
    at mesh
    at group
    at group
    at group
    at Sky (E:\project\Anima-Engine\src\components\Landscape\Sky.tsx:50:16)
    at div
    at Canvas (E:\project\Anima-Engine\tests\frontend\landscape_showcase.test.tsx:4:16)
    at div
    at LandscapeShowcase (E:\project\Anima-Engine\src\components\Landscape\LandscapeShowcase.tsx:28:55)
Warning: <boxGeometry /> is using incorrect casing. Use PascalCase for React components, or lowercase for HTML elements.
    at boxGeometry
    at mesh
    at group
    at group
    at group
    at Sky (E:\project\Anima-Engine\src\components\Landscape\Sky.tsx:50:16)
    at div
    at Canvas (E:\project\Anima-Engine\tests\frontend\landscape_showcase.test.tsx:4:16)
    at div
    at LandscapeShowcase (E:\project\Anima-Engine\src\components\Landscape\LandscapeShowcase.tsx:28:55)
Warning: <meshStandardMaterial /> is using incorrect casing. Use PascalCase for React components, or lowercase for HTML elements.
    at meshStandardMaterial
    at mesh
    at group
    at group
    at group
    at Sky (E:\project\Anima-Engine\src\components\Landscape\Sky.tsx:50:16)
    at div
    at Canvas (E:\project\Anima-Engine\tests\frontend\landscape_showcase.test.tsx:4:16)
    at div
    at LandscapeShowcase (E:\project\Anima-Engine\src\components\Landscape\LandscapeShowcase.tsx:28:55)
Warning: <boxGeometry /> is using incorrect casing. Use PascalCase for React components, or lowercase for HTML elements.
    at boxGeometry
    at mesh
    at group
    at group
    at group
    at Sky (E:\project\Anima-Engine\src\components\Landscape\Sky.tsx:50:16)
    at div
    at Canvas (E:\project\Anima-Engine\tests\frontend\landscape_showcase.test.tsx:4:16)
    at div
    at LandscapeShowcase (E:\project\Anima-Engine\src\components\Landscape\LandscapeShowcase.tsx:28:55)
Warning: <meshStandardMaterial /> is using incorrect casing. Use PascalCase for React components, or lowercase for HTML elements.
    at meshStandardMaterial
    at mesh
    at group
    at group
    at group
    at Sky (E:\project\Anima-Engine\src\components\Landscape\Sky.tsx:50:16)
    at div
    at Canvas (E:\project\Anima-Engine\tests\frontend\landscape_showcase.test.tsx:4:16)
    at div
    at LandscapeShowcase (E:\project\Anima-Engine\src\components\Landscape\LandscapeShowcase.tsx:28:55)
Warning: <boxGeometry /> is using incorrect casing. Use PascalCase for React components, or lowercase for HTML elements.
    at boxGeometry
    at mesh
    at group
    at group
    at group
    at Sky (E:\project\Anima-Engine\src\components\Landscape\Sky.tsx:50:16)
    at div
    at Canvas (E:\project\Anima-Engine\tests\frontend\landscape_showcase.test.tsx:4:16)
    at div
    at LandscapeShowcase (E:\project\Anima-Engine\src\components\Landscape\LandscapeShowcase.tsx:28:55)
Warning: <meshStandardMaterial /> is using incorrect casing. Use PascalCase for React components, or lowercase for HTML elements.
    at meshStandardMaterial
    at mesh
    at group
    at group
    at group
    at Sky (E:\project\Anima-Engine\src\components\Landscape\Sky.tsx:50:16)
    at div
    at Canvas (E:\project\Anima-Engine\tests\frontend\landscape_showcase.test.tsx:4:16)
    at div
    at LandscapeShowcase (E:\project\Anima-Engine\src\components\Landscape\LandscapeShowcase.tsx:28:55)
Warning: <bufferGeometry /> is using incorrect casing. Use PascalCase for React components, or lowercase for HTML elements.
    at bufferGeometry
    at mesh
    at lod
    at Terrain (E:\project\Anima-Engine\src\components\Landscape\Terrain.tsx:26:20)
    at div
    at Canvas (E:\project\Anima-Engine\tests\frontend\landscape_showcase.test.tsx:4:16)
    at div
    at LandscapeShowcase (E:\project\Anima-Engine\src\components\Landscape\LandscapeShowcase.tsx:28:55)
Warning: <meshStandardMaterial /> is using incorrect casing. Use PascalCase for React components, or lowercase for HTML elements.
    at meshStandardMaterial
    at mesh
    at lod
    at Terrain (E:\project\Anima-Engine\src\components\Landscape\Terrain.tsx:26:20)
    at div
    at Canvas (E:\project\Anima-Engine\tests\frontend\landscape_showcase.test.tsx:4:16)
    at div
    at LandscapeShowcase (E:\project\Anima-Engine\src\components\Landscape\LandscapeShowcase.tsx:28:55)
Warning: <bufferGeometry /> is using incorrect casing. Use PascalCase for React components, or lowercase for HTML elements.
    at bufferGeometry
    at mesh
    at lod
    at Terrain (E:\project\Anima-Engine\src\components\Landscape\Terrain.tsx:26:20)
    at div
    at Canvas (E:\project\Anima-Engine\tests\frontend\landscape_showcase.test.tsx:4:16)
    at div
    at LandscapeShowcase (E:\project\Anima-Engine\src\components\Landscape\LandscapeShowcase.tsx:28:55)
Warning: <meshStandardMaterial /> is using incorrect casing. Use PascalCase for React components, or lowercase for HTML elements.
    at meshStandardMaterial
    at mesh
    at lod
    at Terrain (E:\project\Anima-Engine\src\components\Landscape\Terrain.tsx:26:20)
    at div
    at Canvas (E:\project\Anima-Engine\tests\frontend\landscape_showcase.test.tsx:4:16)
    at div
    at LandscapeShowcase (E:\project\Anima-Engine\src\components\Landscape\LandscapeShowcase.tsx:28:55)
Warning: <bufferGeometry /> is using incorrect casing. Use PascalCase for React components, or lowercase for HTML elements.
    at bufferGeometry
    at mesh
    at lod
    at Terrain (E:\project\Anima-Engine\src\components\Landscape\Terrain.tsx:26:20)
    at div
    at Canvas (E:\project\Anima-Engine\tests\frontend\landscape_showcase.test.tsx:4:16)
    at div
    at LandscapeShowcase (E:\project\Anima-Engine\src\components\Landscape\LandscapeShowcase.tsx:28:55)
Warning: <meshStandardMaterial /> is using incorrect casing. Use PascalCase for React components, or lowercase for HTML elements.
    at meshStandardMaterial
    at mesh
    at lod
    at Terrain (E:\project\Anima-Engine\src\components\Landscape\Terrain.tsx:26:20)
    at div
    at Canvas (E:\project\Anima-Engine\tests\frontend\landscape_showcase.test.tsx:4:16)
    at div
    at LandscapeShowcase (E:\project\Anima-Engine\src\components\Landscape\LandscapeShowcase.tsx:28:55)
Warning: <shaderMaterial /> is using incorrect casing. Use PascalCase for React components, or lowercase for HTML elements.
    at shaderMaterial
    at mesh
    at group
    at Water (E:\project\Anima-Engine\src\components\Landscape\Water.tsx:87:3)
    at div
    at Canvas (E:\project\Anima-Engine\tests\frontend\landscape_showcase.test.tsx:4:16)
    at div
    at LandscapeShowcase (E:\project\Anima-Engine\src\components\Landscape\LandscapeShowcase.tsx:28:55)
Warning: <bufferAttribute /> is using incorrect casing. Use PascalCase for React components, or lowercase for HTML elements.
    at bufferAttribute
    at bufferGeometry
    at points
    at group
    at Water (E:\project\Anima-Engine\src\components\Landscape\Water.tsx:87:3)
    at div
    at Canvas (E:\project\Anima-Engine\tests\frontend\landscape_showcase.test.tsx:4:16)
    at div
    at LandscapeShowcase (E:\project\Anima-Engine\src\components\Landscape\LandscapeShowcase.tsx:28:55)
Warning: <bufferGeometry /> is using incorrect casing. Use PascalCase for React components, or lowercase for HTML elements.
    at bufferGeometry
    at points
    at group
    at Water (E:\project\Anima-Engine\src\components\Landscape\Water.tsx:87:3)
    at div
    at Canvas (E:\project\Anima-Engine\tests\frontend\landscape_showcase.test.tsx:4:16)
    at div
    at LandscapeShowcase (E:\project\Anima-Engine\src\components\Landscape\LandscapeShowcase.tsx:28:55)
Warning: <pointsMaterial /> is using incorrect casing. Use PascalCase for React components, or lowercase for HTML elements.
    at pointsMaterial
    at points
    at group
    at Water (E:\project\Anima-Engine\src\components\Landscape\Water.tsx:87:3)
    at div
    at Canvas (E:\project\Anima-Engine\tests\frontend\landscape_showcase.test.tsx:4:16)
    at div
    at LandscapeShowcase (E:\project\Anima-Engine\src\components\Landscape\LandscapeShowcase.tsx:28:55)
Warning: <instancedMesh /> is using incorrect casing. Use PascalCase for React components, or lowercase for HTML elements.
    at instancedMesh
    at group
    at Vegetation (E:\project\Anima-Engine\src\components\Landscape\Vegetation.tsx:58:3)
    at div
    at Canvas (E:\project\Anima-Engine\tests\frontend\landscape_showcase.test.tsx:4:16)
    at div
    at LandscapeShowcase (E:\project\Anima-Engine\src\components\Landscape\LandscapeShowcase.tsx:28:55)
Warning: <instancedMesh /> is using incorrect casing. Use PascalCase for React components, or lowercase for HTML elements.
    at instancedMesh
    at group
    at Vegetation (E:\project\Anima-Engine\src\components\Landscape\Vegetation.tsx:58:3)
    at div
    at Canvas (E:\project\Anima-Engine\tests\frontend\landscape_showcase.test.tsx:4:16)
    at div
    at LandscapeShowcase (E:\project\Anima-Engine\src\components\Landscape\LandscapeShowcase.tsx:28:55)
Warning: <instancedMesh /> is using incorrect casing. Use PascalCase for React components, or lowercase for HTML elements.
    at instancedMesh
    at group
    at Vegetation (E:\project\Anima-Engine\src\components\Landscape\Vegetation.tsx:58:3)
    at div
    at Canvas (E:\project\Anima-Engine\tests\frontend\landscape_showcase.test.tsx:4:16)
    at div
    at LandscapeShowcase (E:\project\Anima-Engine\src\components\Landscape\LandscapeShowcase.tsx:28:55)
Warning: <instancedMesh /> is using incorrect casing. Use PascalCase for React components, or lowercase for HTML elements.
    at instancedMesh
    at group
    at Vegetation (E:\project\Anima-Engine\src\components\Landscape\Vegetation.tsx:58:3)
    at div
    at Canvas (E:\project\Anima-Engine\tests\frontend\landscape_showcase.test.tsx:4:16)
    at div
    at LandscapeShowcase (E:\project\Anima-Engine\src\components\Landscape\LandscapeShowcase.tsx:28:55)
Warning: <instancedMesh /> is using incorrect casing. Use PascalCase for React components, or lowercase for HTML elements.
    at instancedMesh
    at group
    at Vegetation (E:\project\Anima-Engine\src\components\Landscape\Vegetation.tsx:58:3)
    at div
    at Canvas (E:\project\Anima-Engine\tests\frontend\landscape_showcase.test.tsx:4:16)
    at div
    at LandscapeShowcase (E:\project\Anima-Engine\src\components\Landscape\LandscapeShowcase.tsx:28:55)
Warning: <fogExp2 /> is using incorrect casing. Use PascalCase for React components, or lowercase for HTML elements.
    at fogExp2
    at group
    at Weather (E:\project\Anima-Engine\src\components\Landscape\Weather.tsx:10:3)
    at div
    at Canvas (E:\project\Anima-Engine\tests\frontend\landscape_showcase.test.tsx:4:16)
    at div
    at LandscapeShowcase (E:\project\Anima-Engine\src\components\Landscape\LandscapeShowcase.tsx:28:55)
Warning: <sphereGeometry /> is using incorrect casing. Use PascalCase for React components, or lowercase for HTML elements.
    at sphereGeometry
    at mesh
    at group
    at PositionalAudio (E:\project\Anima-Engine\src\components\Landscape\PositionalAudio.tsx:10:3)
    at div
    at Canvas (E:\project\Anima-Engine\tests\frontend\landscape_showcase.test.tsx:4:16)
    at div
    at LandscapeShowcase (E:\project\Anima-Engine\src\components\Landscape\LandscapeShowcase.tsx:28:55)
Warning: <meshBasicMaterial /> is using incorrect casing. Use PascalCase for React components, or lowercase for HTML elements.
    at meshBasicMaterial
    at mesh
    at group
    at PositionalAudio (E:\project\Anima-Engine\src\components\Landscape\PositionalAudio.tsx:10:3)
    at div
    at Canvas (E:\project\Anima-Engine\tests\frontend\landscape_showcase.test.tsx:4:16)
    at div
    at LandscapeShowcase (E:\project\Anima-Engine\src\components\Landscape\LandscapeShowcase.tsx:28:55)
Warning: Received `true` for a non-boolean attribute `wireframe`.

If you want to write it to the DOM, pass a string instead: wireframe="true" or wireframe={value.toString()}.
    at meshBasicMaterial
    at mesh
    at group
    at PositionalAudio (E:\project\Anima-Engine\src\components\Landscape\PositionalAudio.tsx:10:3)
    at div
    at Canvas (E:\project\Anima-Engine\tests\frontend\landscape_showcase.test.tsx:4:16)
    at div
    at LandscapeShowcase (E:\project\Anima-Engine\src\components\Landscape\LandscapeShowcase.tsx:28:55)
Warning: <sphereGeometry /> is using incorrect casing. Use PascalCase for React components, or lowercase for HTML elements.
    at sphereGeometry
    at mesh
    at group
    at PositionalAudio (E:\project\Anima-Engine\src\components\Landscape\PositionalAudio.tsx:10:3)
    at div
    at Canvas (E:\project\Anima-Engine\tests\frontend\landscape_showcase.test.tsx:4:16)
    at div
    at LandscapeShowcase (E:\project\Anima-Engine\src\components\Landscape\LandscapeShowcase.tsx:28:55)
Warning: <meshBasicMaterial /> is using incorrect casing. Use PascalCase for React components, or lowercase for HTML elements.
    at meshBasicMaterial
    at mesh
    at group
    at PositionalAudio (E:\project\Anima-Engine\src\components\Landscape\PositionalAudio.tsx:10:3)
    at div
    at Canvas (E:\project\Anima-Engine\tests\frontend\landscape_showcase.test.tsx:4:16)
    at div
    at LandscapeShowcase (E:\project\Anima-Engine\src\components\Landscape\LandscapeShowcase.tsx:28:55)
Warning: <orbitControls /> is using incorrect casing. Use PascalCase for React components, or lowercase for HTML elements.
    at orbitControls
    at CameraControls (E:\project\Anima-Engine\src\components\Landscape\CameraControls.tsx:15:3)
    at div
    at Canvas (E:\project\Anima-Engine\tests\frontend\landscape_showcase.test.tsx:4:16)
    at div
    at LandscapeShowcase (E:\project\Anima-Engine\src\components\Landscape\LandscapeShowcase.tsx:28:55)
Warning: <object3D /> is using incorrect casing. Use PascalCase for React components, or lowercase for HTML elements.
    at object3D
    at CameraControls (E:\project\Anima-Engine\src\components\Landscape\CameraControls.tsx:15:3)
    at div
    at Canvas (E:\project\Anima-Engine\tests\frontend\landscape_showcase.test.tsx:4:16)
    at div
    at LandscapeShowcase (E:\project\Anima-Engine\src\components\Landscape\LandscapeShowcase.tsx:28:55)

[90mstderr[2m | frontend/landscape_showcase.test.tsx[2m > [22m[2mLandscape Showcase Test Suite (93 Tests)[2m > [22m[2mTier 1: Feature Coverage (40 tests)[2m > [22m[2mF8: App Integration[2m > [22m[2mF8.2: App.tsx mount toggle[22m[39m
Warning: <sphereGeometry /> is using incorrect casing. Use PascalCase for React components, or lowercase for HTML elements.
    at sphereGeometry
    at mesh
    at group
    at Sky (E:\project\Anima-Engine\src\components\Landscape\Sky.tsx:50:16)
    at div
    at Canvas (E:\project\Anima-Engine\tests\frontend\landscape_showcase.test.tsx:4:16)
    at div
    at LandscapeShowcase (E:\project\Anima-Engine\src\components\Landscape\LandscapeShowcase.tsx:28:55)
    at Suspense
    at div
    at div
    at App (E:\project\Anima-Engine\src\App.tsx:81:53)
Warning: <meshBasicMaterial /> is using incorrect casing. Use PascalCase for React components, or lowercase for HTML elements.
    at meshBasicMaterial
    at mesh
    at group
    at Sky (E:\project\Anima-Engine\src\components\Landscape\Sky.tsx:50:16)
    at div
    at Canvas (E:\project\Anima-Engine\tests\frontend\landscape_showcase.test.tsx:4:16)
    at div
    at LandscapeShowcase (E:\project\Anima-Engine\src\components\Landscape\LandscapeShowcase.tsx:28:55)
    at Suspense
    at div
    at div
    at App (E:\project\Anima-Engine\src\App.tsx:81:53)
Warning: <directionalLight /> is using incorrect casing. Use PascalCase for React components, or lowercase for HTML elements.
    at directionalLight
    at group
    at Sky (E:\project\Anima-Engine\src\components\Landscape\Sky.tsx:50:16)
    at div
    at Canvas (E:\project\Anima-Engine\tests\frontend\landscape_showcase.test.tsx:4:16)
    at div
    at LandscapeShowcase (E:\project\Anima-Engine\src\components\Landscape\LandscapeShowcase.tsx:28:55)
    at Suspense
    at div
    at div
    at App (E:\project\Anima-Engine\src\App.tsx:81:53)
Warning: <hemisphereLight /> is using incorrect casing. Use PascalCase for React components, or lowercase for HTML elements.
    at hemisphereLight
    at group
    at Sky (E:\project\Anima-Engine\src\components\Landscape\Sky.tsx:50:16)
    at div
    at Canvas (E:\project\Anima-Engine\tests\frontend\landscape_showcase.test.tsx:4:16)
    at div
    at LandscapeShowcase (E:\project\Anima-Engine\src\components\Landscape\LandscapeShowcase.tsx:28:55)
    at Suspense
    at div
    at div
    at App (E:\project\Anima-Engine\src\App.tsx:81:53)
Warning: <ambientLight /> is using incorrect casing. Use PascalCase for React components, or lowercase for HTML elements.
    at ambientLight
    at group
    at Sky (E:\project\Anima-Engine\src\components\Landscape\Sky.tsx:50:16)
    at div
    at Canvas (E:\project\Anima-Engine\tests\frontend\landscape_showcase.test.tsx:4:16)
    at div
    at LandscapeShowcase (E:\project\Anima-Engine\src\components\Landscape\LandscapeShowcase.tsx:28:55)
    at Suspense
    at div
    at div
    at App (E:\project\Anima-Engine\src\App.tsx:81:53)
Warning: <boxGeometry /> is using incorrect casing. Use PascalCase for React components, or lowercase for HTML elements.
    at boxGeometry
    at mesh
    at group
    at group
    at group
    at Sky (E:\project\Anima-Engine\src\components\Landscape\Sky.tsx:50:16)
    at div
    at Canvas (E:\project\Anima-Engine\tests\frontend\landscape_showcase.test.tsx:4:16)
    at div
    at LandscapeShowcase (E:\project\Anima-Engine\src\components\Landscape\LandscapeShowcase.tsx:28:55)
    at Suspense
    at div
    at div
    at App (E:\project\Anima-Engine\src\App.tsx:81:53)
Warning: <meshStandardMaterial /> is using incorrect casing. Use PascalCase for React components, or lowercase for HTML elements.
    at meshStandardMaterial
    at mesh
    at group
    at group
    at group
    at Sky (E:\project\Anima-Engine\src\components\Landscape\Sky.tsx:50:16)
    at div
    at Canvas (E:\project\Anima-Engine\tests\frontend\landscape_showcase.test.tsx:4:16)
    at div
    at LandscapeShowcase (E:\project\Anima-Engine\src\components\Landscape\LandscapeShowcase.tsx:28:55)
    at Suspense
    at div
    at div
    at App (E:\project\Anima-Engine\src\App.tsx:81:53)
Warning: <boxGeometry /> is using incorrect casing. Use PascalCase for React components, or lowercase for HTML elements.
    at boxGeometry
    at mesh
    at group
    at group
    at group
    at Sky (E:\project\Anima-Engine\src\components\Landscape\Sky.tsx:50:16)
    at div
    at Canvas (E:\project\Anima-Engine\tests\frontend\landscape_showcase.test.tsx:4:16)
    at div
    at LandscapeShowcase (E:\project\Anima-Engine\src\components\Landscape\LandscapeShowcase.tsx:28:55)
    at Suspense
    at div
    at div
    at App (E:\project\Anima-Engine\src\App.tsx:81:53)
Warning: <meshStandardMaterial /> is using incorrect casing. Use PascalCase for React components, or lowercase for HTML elements.
    at meshStandardMaterial
    at mesh
    at group
    at group
    at group
    at Sky (E:\project\Anima-Engine\src\components\Landscape\Sky.tsx:50:16)
    at div
    at Canvas (E:\project\Anima-Engine\tests\frontend\landscape_showcase.test.tsx:4:16)
    at div
    at LandscapeShowcase (E:\project\Anima-Engine\src\components\Landscape\LandscapeShowcase.tsx:28:55)
    at Suspense
    at div
    at div
    at App (E:\project\Anima-Engine\src\App.tsx:81:53)
Warning: <boxGeometry /> is using incorrect casing. Use PascalCase for React components, or lowercase for HTML elements.
    at boxGeometry
    at mesh
    at group
    at group
    at group
    at Sky (E:\project\Anima-Engine\src\components\Landscape\Sky.tsx:50:16)
    at div
    at Canvas (E:\project\Anima-Engine\tests\frontend\landscape_showcase.test.tsx:4:16)
    at div
    at LandscapeShowcase (E:\project\Anima-Engine\src\components\Landscape\LandscapeShowcase.tsx:28:55)
    at Suspense
    at div
    at div
    at App (E:\project\Anima-Engine\src\App.tsx:81:53)
Warning: <meshStandardMaterial /> is using incorrect casing. Use PascalCase for React components, or lowercase for HTML elements.
    at meshStandardMaterial
    at mesh
    at group
    at group
    at group
    at Sky (E:\project\Anima-Engine\src\components\Landscape\Sky.tsx:50:16)
    at div
    at Canvas (E:\project\Anima-Engine\tests\frontend\landscape_showcase.test.tsx:4:16)
    at div
    at LandscapeShowcase (E:\project\Anima-Engine\src\components\Landscape\LandscapeShowcase.tsx:28:55)
    at Suspense
    at div
    at div
    at App (E:\project\Anima-Engine\src\App.tsx:81:53)
Warning: <boxGeometry /> is using incorrect casing. Use PascalCase for React components, or lowercase for HTML elements.
    at boxGeometry
    at mesh
    at group
    at group
    at group
    at Sky (E:\project\Anima-Engine\src\components\Landscape\Sky.tsx:50:16)
    at div
    at Canvas (E:\project\Anima-Engine\tests\frontend\landscape_showcase.test.tsx:4:16)
    at div
    at LandscapeShowcase (E:\project\Anima-Engine\src\components\Landscape\LandscapeShowcase.tsx:28:55)
    at Suspense
    at div
    at div
    at App (E:\project\Anima-Engine\src\App.tsx:81:53)
Warning: <meshStandardMaterial /> is using incorrect casing. Use PascalCase for React components, or lowercase for HTML elements.
    at meshStandardMaterial
    at mesh
    at group
    at group
    at group
    at Sky (E:\project\Anima-Engine\src\components\Landscape\Sky.tsx:50:16)
    at div
    at Canvas (E:\project\Anima-Engine\tests\frontend\landscape_showcase.test.tsx:4:16)
    at div
    at LandscapeShowcase (E:\project\Anima-Engine\src\components\Landscape\LandscapeShowcase.tsx:28:55)
    at Suspense
    at div
    at div
    at App (E:\project\Anima-Engine\src\App.tsx:81:53)
Warning: <boxGeometry /> is using incorrect casing. Use PascalCase for React components, or lowercase for HTML elements.
    at boxGeometry
    at mesh
    at group
    at group
    at group
    at Sky (E:\project\Anima-Engine\src\components\Landscape\Sky.tsx:50:16)
    at div
    at Canvas (E:\project\Anima-Engine\tests\frontend\landscape_showcase.test.tsx:4:16)
    at div
    at LandscapeShowcase (E:\project\Anima-Engine\src\components\Landscape\LandscapeShowcase.tsx:28:55)
    at Suspense
    at div
    at div
    at App (E:\project\Anima-Engine\src\App.tsx:81:53)
Warning: <meshStandardMaterial /> is using incorrect casing. Use PascalCase for React components, or lowercase for HTML elements.
    at meshStandardMaterial
    at mesh
    at group
    at group
    at group
    at Sky (E:\project\Anima-Engine\src\components\Landscape\Sky.tsx:50:16)
    at div
    at Canvas (E:\project\Anima-Engine\tests\frontend\landscape_showcase.test.tsx:4:16)
    at div
    at LandscapeShowcase (E:\project\Anima-Engine\src\components\Landscape\LandscapeShowcase.tsx:28:55)
    at Suspense
    at div
    at div
    at App (E:\project\Anima-Engine\src\App.tsx:81:53)
Warning: <boxGeometry /> is using incorrect casing. Use PascalCase for React components, or lowercase for HTML elements.
    at boxGeometry
    at mesh
    at group
    at group
    at group
    at Sky (E:\project\Anima-Engine\src\components\Landscape\Sky.tsx:50:16)
    at div
    at Canvas (E:\project\Anima-Engine\tests\frontend\landscape_showcase.test.tsx:4:16)
    at div
    at LandscapeShowcase (E:\project\Anima-Engine\src\components\Landscape\LandscapeShowcase.tsx:28:55)
    at Suspense
    at div
    at div
    at App (E:\project\Anima-Engine\src\App.tsx:81:53)
Warning: <meshStandardMaterial /> is using incorrect casing. Use PascalCase for React components, or lowercase for HTML elements.
    at meshStandardMaterial
    at mesh
    at group
    at group
    at group
    at Sky (E:\project\Anima-Engine\src\components\Landscape\Sky.tsx:50:16)
    at div
    at Canvas (E:\project\Anima-Engine\tests\frontend\landscape_showcase.test.tsx:4:16)
    at div
    at LandscapeShowcase (E:\project\Anima-Engine\src\components\Landscape\LandscapeShowcase.tsx:28:55)
    at Suspense
    at div
    at div
    at App (E:\project\Anima-Engine\src\App.tsx:81:53)
Warning: <boxGeometry /> is using incorrect casing. Use PascalCase for React components, or lowercase for HTML elements.
    at boxGeometry
    at mesh
    at group
    at group
    at group
    at Sky (E:\project\Anima-Engine\src\components\Landscape\Sky.tsx:50:16)
    at div
    at Canvas (E:\project\Anima-Engine\tests\frontend\landscape_showcase.test.tsx:4:16)
    at div
    at LandscapeShowcase (E:\project\Anima-Engine\src\components\Landscape\LandscapeShowcase.tsx:28:55)
    at Suspense
    at div
    at div
    at App (E:\project\Anima-Engine\src\App.tsx:81:53)
Warning: <meshStandardMaterial /> is using incorrect casing. Use PascalCase for React components, or lowercase for HTML elements.
    at meshStandardMaterial
    at mesh
    at group
    at group
    at group
    at Sky (E:\project\Anima-Engine\src\components\Landscape\Sky.tsx:50:16)
    at div
    at Canvas (E:\project\Anima-Engine\tests\frontend\landscape_showcase.test.tsx:4:16)
    at div
    at LandscapeShowcase (E:\project\Anima-Engine\src\components\Landscape\LandscapeShowcase.tsx:28:55)
    at Suspense
    at div
    at div
    at App (E:\project\Anima-Engine\src\App.tsx:81:53)
Warning: <boxGeometry /> is using incorrect casing. Use PascalCase for React components, or lowercase for HTML elements.
    at boxGeometry
    at mesh
    at group
    at group
    at group
    at Sky (E:\project\Anima-Engine\src\components\Landscape\Sky.tsx:50:16)
    at div
    at Canvas (E:\project\Anima-Engine\tests\frontend\landscape_showcase.test.tsx:4:16)
    at div
    at LandscapeShowcase (E:\project\Anima-Engine\src\components\Landscape\LandscapeShowcase.tsx:28:55)
    at Suspense
    at div
    at div
    at App (E:\project\Anima-Engine\src\App.tsx:81:53)
Warning: <meshStandardMaterial /> is using incorrect casing. Use PascalCase for React components, or lowercase for HTML elements.
    at meshStandardMaterial
    at mesh
    at group
    at group
    at group
    at Sky (E:\project\Anima-Engine\src\components\Landscape\Sky.tsx:50:16)
    at div
    at Canvas (E:\project\Anima-Engine\tests\frontend\landscape_showcase.test.tsx:4:16)
    at div
    at LandscapeShowcase (E:\project\Anima-Engine\src\components\Landscape\LandscapeShowcase.tsx:28:55)
    at Suspense
    at div
    at div
    at App (E:\project\Anima-Engine\src\App.tsx:81:53)
Warning: <boxGeometry /> is using incorrect casing. Use PascalCase for React components, or lowercase for HTML elements.
    at boxGeometry
    at mesh
    at group
    at group
    at group
    at Sky (E:\project\Anima-Engine\src\components\Landscape\Sky.tsx:50:16)
    at div
    at Canvas (E:\project\Anima-Engine\tests\frontend\landscape_showcase.test.tsx:4:16)
    at div
    at LandscapeShowcase (E:\project\Anima-Engine\src\components\Landscape\LandscapeShowcase.tsx:28:55)
    at Suspense
    at div
    at div
    at App (E:\project\Anima-Engine\src\App.tsx:81:53)
Warning: <meshStandardMaterial /> is using incorrect casing. Use PascalCase for React components, or lowercase for HTML elements.
    at meshStandardMaterial
    at mesh
    at group
    at group
    at group
    at Sky (E:\project\Anima-Engine\src\components\Landscape\Sky.tsx:50:16)
    at div
    at Canvas (E:\project\Anima-Engine\tests\frontend\landscape_showcase.test.tsx:4:16)
    at div
    at LandscapeShowcase (E:\project\Anima-Engine\src\components\Landscape\LandscapeShowcase.tsx:28:55)
    at Suspense
    at div
    at div
    at App (E:\project\Anima-Engine\src\App.tsx:81:53)
Warning: <boxGeometry /> is using incorrect casing. Use PascalCase for React components, or lowercase for HTML elements.
    at boxGeometry
    at mesh
    at group
    at group
    at group
    at Sky (E:\project\Anima-Engine\src\components\Landscape\Sky.tsx:50:16)
    at div
    at Canvas (E:\project\Anima-Engine\tests\frontend\landscape_showcase.test.tsx:4:16)
    at div
    at LandscapeShowcase (E:\project\Anima-Engine\src\components\Landscape\LandscapeShowcase.tsx:28:55)
    at Suspense
    at div
    at div
    at App (E:\project\Anima-Engine\src\App.tsx:81:53)
Warning: <meshStandardMaterial /> is using incorrect casing. Use PascalCase for React components, or lowercase for HTML elements.
    at meshStandardMaterial
    at mesh
    at group
    at group
    at group
    at Sky (E:\project\Anima-Engine\src\components\Landscape\Sky.tsx:50:16)
    at div
    at Canvas (E:\project\Anima-Engine\tests\frontend\landscape_showcase.test.tsx:4:16)
    at div
    at LandscapeShowcase (E:\project\Anima-Engine\src\components\Landscape\LandscapeShowcase.tsx:28:55)
    at Suspense
    at div
    at div
    at App (E:\project\Anima-Engine\src\App.tsx:81:53)
Warning: <boxGeometry /> is using incorrect casing. Use PascalCase for React components, or lowercase for HTML elements.
    at boxGeometry
    at mesh
    at group
    at group
    at group
    at Sky (E:\project\Anima-Engine\src\components\Landscape\Sky.tsx:50:16)
    at div
    at Canvas (E:\project\Anima-Engine\tests\frontend\landscape_showcase.test.tsx:4:16)
    at div
    at LandscapeShowcase (E:\project\Anima-Engine\src\components\Landscape\LandscapeShowcase.tsx:28:55)
    at Suspense
    at div
    at div
    at App (E:\project\Anima-Engine\src\App.tsx:81:53)
Warning: <meshStandardMaterial /> is using incorrect casing. Use PascalCase for React components, or lowercase for HTML elements.
    at meshStandardMaterial
    at mesh
    at group
    at group
    at group
    at Sky (E:\project\Anima-Engine\src\components\Landscape\Sky.tsx:50:16)
    at div
    at Canvas (E:\project\Anima-Engine\tests\frontend\landscape_showcase.test.tsx:4:16)
    at div
    at LandscapeShowcase (E:\project\Anima-Engine\src\components\Landscape\LandscapeShowcase.tsx:28:55)
    at Suspense
    at div
    at div
    at App (E:\project\Anima-Engine\src\App.tsx:81:53)
Warning: <boxGeometry /> is using incorrect casing. Use PascalCase for React components, or lowercase for HTML elements.
    at boxGeometry
    at mesh
    at group
    at group
    at group
    at Sky (E:\project\Anima-Engine\src\components\Landscape\Sky.tsx:50:16)
    at div
    at Canvas (E:\project\Anima-Engine\tests\frontend\landscape_showcase.test.tsx:4:16)
    at div
    at LandscapeShowcase (E:\project\Anima-Engine\src\components\Landscape\LandscapeShowcase.tsx:28:55)
    at Suspense
    at div
    at div
    at App (E:\project\Anima-Engine\src\App.tsx:81:53)
Warning: <meshStandardMaterial /> is using incorrect casing. Use PascalCase for React components, or lowercase for HTML elements.
    at meshStandardMaterial
    at mesh
    at group
    at group
    at group
    at Sky (E:\project\Anima-Engine\src\components\Landscape\Sky.tsx:50:16)
    at div
    at Canvas (E:\project\Anima-Engine\tests\frontend\landscape_showcase.test.tsx:4:16)
    at div
    at LandscapeShowcase (E:\project\Anima-Engine\src\components\Landscape\LandscapeShowcase.tsx:28:55)
    at Suspense
    at div
    at div
    at App (E:\project\Anima-Engine\src\App.tsx:81:53)
Warning: <boxGeometry /> is using incorrect casing. Use PascalCase for React components, or lowercase for HTML elements.
    at boxGeometry
    at mesh
    at group
    at group
    at group
    at Sky (E:\project\Anima-Engine\src\components\Landscape\Sky.tsx:50:16)
    at div
    at Canvas (E:\project\Anima-Engine\tests\frontend\landscape_showcase.test.tsx:4:16)
    at div
    at LandscapeShowcase (E:\project\Anima-Engine\src\components\Landscape\LandscapeShowcase.tsx:28:55)
    at Suspense
    at div
    at div
    at App (E:\project\Anima-Engine\src\App.tsx:81:53)
Warning: <meshStandardMaterial /> is using incorrect casing. Use PascalCase for React components, or lowercase for HTML elements.
    at meshStandardMaterial
    at mesh
    at group
    at group
    at group
    at Sky (E:\project\Anima-Engine\src\components\Landscape\Sky.tsx:50:16)
    at div
    at Canvas (E:\project\Anima-Engine\tests\frontend\landscape_showcase.test.tsx:4:16)
    at div
    at LandscapeShowcase (E:\project\Anima-Engine\src\components\Landscape\LandscapeShowcase.tsx:28:55)
    at Suspense
    at div
    at div
    at App (E:\project\Anima-Engine\src\App.tsx:81:53)
Warning: <boxGeometry /> is using incorrect casing. Use PascalCase for React components, or lowercase for HTML elements.
    at boxGeometry
    at mesh
    at group
    at group
    at group
    at Sky (E:\project\Anima-Engine\src\components\Landscape\Sky.tsx:50:16)
    at div
    at Canvas (E:\project\Anima-Engine\tests\frontend\landscape_showcase.test.tsx:4:16)
    at div
    at LandscapeShowcase (E:\project\Anima-Engine\src\components\Landscape\LandscapeShowcase.tsx:28:55)
    at Suspense
    at div
    at div
    at App (E:\project\Anima-Engine\src\App.tsx:81:53)
Warning: <meshStandardMaterial /> is using incorrect casing. Use PascalCase for React components, or lowercase for HTML elements.
    at meshStandardMaterial
    at mesh
    at group
    at group
    at group
    at Sky (E:\project\Anima-Engine\src\components\Landscape\Sky.tsx:50:16)
    at div
    at Canvas (E:\project\Anima-Engine\tests\frontend\landscape_showcase.test.tsx:4:16)
    at div
    at LandscapeShowcase (E:\project\Anima-Engine\src\components\Landscape\LandscapeShowcase.tsx:28:55)
    at Suspense
    at div
    at div
    at App (E:\project\Anima-Engine\src\App.tsx:81:53)
Warning: <boxGeometry /> is using incorrect casing. Use PascalCase for React components, or lowercase for HTML elements.
    at boxGeometry
    at mesh
    at group
    at group
    at group
    at Sky (E:\project\Anima-Engine\src\components\Landscape\Sky.tsx:50:16)
    at div
    at Canvas (E:\project\Anima-Engine\tests\frontend\landscape_showcase.test.tsx:4:16)
    at div
    at LandscapeShowcase (E:\project\Anima-Engine\src\components\Landscape\LandscapeShowcase.tsx:28:55)
    at Suspense
    at div
    at div
    at App (E:\project\Anima-Engine\src\App.tsx:81:53)
Warning: <meshStandardMaterial /> is using incorrect casing. Use PascalCase for React components, or lowercase for HTML elements.
    at meshStandardMaterial
    at mesh
    at group
    at group
    at group
    at Sky (E:\project\Anima-Engine\src\components\Landscape\Sky.tsx:50:16)
    at div
    at Canvas (E:\project\Anima-Engine\tests\frontend\landscape_showcase.test.tsx:4:16)
    at div
    at LandscapeShowcase (E:\project\Anima-Engine\src\components\Landscape\LandscapeShowcase.tsx:28:55)
    at Suspense
    at div
    at div
    at App (E:\project\Anima-Engine\src\App.tsx:81:53)
Warning: <boxGeometry /> is using incorrect casing. Use PascalCase for React components, or lowercase for HTML elements.
    at boxGeometry
    at mesh
    at group
    at group
    at group
    at Sky (E:\project\Anima-Engine\src\components\Landscape\Sky.tsx:50:16)
    at div
    at Canvas (E:\project\Anima-Engine\tests\frontend\landscape_showcase.test.tsx:4:16)
    at div
    at LandscapeShowcase (E:\project\Anima-Engine\src\components\Landscape\LandscapeShowcase.tsx:28:55)
    at Suspense
    at div
    at div
    at App (E:\project\Anima-Engine\src\App.tsx:81:53)
Warning: <meshStandardMaterial /> is using incorrect casing. Use PascalCase for React components, or lowercase for HTML elements.
    at meshStandardMaterial
    at mesh
    at group
    at group
    at group
    at Sky (E:\project\Anima-Engine\src\components\Landscape\Sky.tsx:50:16)
    at div
    at Canvas (E:\project\Anima-Engine\tests\frontend\landscape_showcase.test.tsx:4:16)
    at div
    at LandscapeShowcase (E:\project\Anima-Engine\src\components\Landscape\LandscapeShowcase.tsx:28:55)
    at Suspense
    at div
    at div
    at App (E:\project\Anima-Engine\src\App.tsx:81:53)
Warning: <boxGeometry /> is using incorrect casing. Use PascalCase for React components, or lowercase for HTML elements.
    at boxGeometry
    at mesh
    at group
    at group
    at group
    at Sky (E:\project\Anima-Engine\src\components\Landscape\Sky.tsx:50:16)
    at div
    at Canvas (E:\project\Anima-Engine\tests\frontend\landscape_showcase.test.tsx:4:16)
    at div
    at LandscapeShowcase (E:\project\Anima-Engine\src\components\Landscape\LandscapeShowcase.tsx:28:55)
    at Suspense
    at div
    at div
    at App (E:\project\Anima-Engine\src\App.tsx:81:53)
Warning: <meshStandardMaterial /> is using incorrect casing. Use PascalCase for React components, or lowercase for HTML elements.
    at meshStandardMaterial
    at mesh
    at group
    at group
    at group
    at Sky (E:\project\Anima-Engine\src\components\Landscape\Sky.tsx:50:16)
    at div
    at Canvas (E:\project\Anima-Engine\tests\frontend\landscape_showcase.test.tsx:4:16)
    at div
    at LandscapeShowcase (E:\project\Anima-Engine\src\components\Landscape\LandscapeShowcase.tsx:28:55)
    at Suspense
    at div
    at div
    at App (E:\project\Anima-Engine\src\App.tsx:81:53)
Warning: <boxGeometry /> is using incorrect casing. Use PascalCase for React components, or lowercase for HTML elements.
    at boxGeometry
    at mesh
    at group
    at group
    at group
    at Sky (E:\project\Anima-Engine\src\components\Landscape\Sky.tsx:50:16)
    at div
    at Canvas (E:\project\Anima-Engine\tests\frontend\landscape_showcase.test.tsx:4:16)
    at div
    at LandscapeShowcase (E:\project\Anima-Engine\src\components\Landscape\LandscapeShowcase.tsx:28:55)
    at Suspense
    at div
    at div
    at App (E:\project\Anima-Engine\src\App.tsx:81:53)
Warning: <meshStandardMaterial /> is using incorrect casing. Use PascalCase for React components, or lowercase for HTML elements.
    at meshStandardMaterial
    at mesh
    at group
    at group
    at group
    at Sky (E:\project\Anima-Engine\src\components\Landscape\Sky.tsx:50:16)
    at div
    at Canvas (E:\project\Anima-Engine\tests\frontend\landscape_showcase.test.tsx:4:16)
    at div
    at LandscapeShowcase (E:\project\Anima-Engine\src\components\Landscape\LandscapeShowcase.tsx:28:55)
    at Suspense
    at div
    at div
    at App (E:\project\Anima-Engine\src\App.tsx:81:53)
Warning: <bufferGeometry /> is using incorrect casing. Use PascalCase for React components, or lowercase for HTML elements.
    at bufferGeometry
    at mesh
    at lod
    at Terrain (E:\project\Anima-Engine\src\components\Landscape\Terrain.tsx:26:20)
    at div
    at Canvas (E:\project\Anima-Engine\tests\frontend\landscape_showcase.test.tsx:4:16)
    at div
    at LandscapeShowcase (E:\project\Anima-Engine\src\components\Landscape\LandscapeShowcase.tsx:28:55)
    at Suspense
    at div
    at div
    at App (E:\project\Anima-Engine\src\App.tsx:81:53)
Warning: <meshStandardMaterial /> is using incorrect casing. Use PascalCase for React components, or lowercase for HTML elements.
    at meshStandardMaterial
    at mesh
    at lod
    at Terrain (E:\project\Anima-Engine\src\components\Landscape\Terrain.tsx:26:20)
    at div
    at Canvas (E:\project\Anima-Engine\tests\frontend\landscape_showcase.test.tsx:4:16)
    at div
    at LandscapeShowcase (E:\project\Anima-Engine\src\components\Landscape\LandscapeShowcase.tsx:28:55)
    at Suspense
    at div
    at div
    at App (E:\project\Anima-Engine\src\App.tsx:81:53)
Warning: <bufferGeometry /> is using incorrect casing. Use PascalCase for React components, or lowercase for HTML elements.
    at bufferGeometry
    at mesh
    at lod
    at Terrain (E:\project\Anima-Engine\src\components\Landscape\Terrain.tsx:26:20)
    at div
    at Canvas (E:\project\Anima-Engine\tests\frontend\landscape_showcase.test.tsx:4:16)
    at div
    at LandscapeShowcase (E:\project\Anima-Engine\src\components\Landscape\LandscapeShowcase.tsx:28:55)
    at Suspense
    at div
    at div
    at App (E:\project\Anima-Engine\src\App.tsx:81:53)
Warning: <meshStandardMaterial /> is using incorrect casing. Use PascalCase for React components, or lowercase for HTML elements.
    at meshStandardMaterial
    at mesh
    at lod
    at Terrain (E:\project\Anima-Engine\src\components\Landscape\Terrain.tsx:26:20)
    at div
    at Canvas (E:\project\Anima-Engine\tests\frontend\landscape_showcase.test.tsx:4:16)
    at div
    at LandscapeShowcase (E:\project\Anima-Engine\src\components\Landscape\LandscapeShowcase.tsx:28:55)
    at Suspense
    at div
    at div
    at App (E:\project\Anima-Engine\src\App.tsx:81:53)
Warning: <bufferGeometry /> is using incorrect casing. Use PascalCase for React components, or lowercase for HTML elements.
    at bufferGeometry
    at mesh
    at lod
    at Terrain (E:\project\Anima-Engine\src\components\Landscape\Terrain.tsx:26:20)
    at div
    at Canvas (E:\project\Anima-Engine\tests\frontend\landscape_showcase.test.tsx:4:16)
    at div
    at LandscapeShowcase (E:\project\Anima-Engine\src\components\Landscape\LandscapeShowcase.tsx:28:55)
    at Suspense
    at div
    at div
    at App (E:\project\Anima-Engine\src\App.tsx:81:53)
Warning: <meshStandardMaterial /> is using incorrect casing. Use PascalCase for React components, or lowercase for HTML elements.
    at meshStandardMaterial
    at mesh
    at lod
    at Terrain (E:\project\Anima-Engine\src\components\Landscape\Terrain.tsx:26:20)
    at div
    at Canvas (E:\project\Anima-Engine\tests\frontend\landscape_showcase.test.tsx:4:16)
    at div
    at LandscapeShowcase (E:\project\Anima-Engine\src\components\Landscape\LandscapeShowcase.tsx:28:55)
    at Suspense
    at div
    at div
    at App (E:\project\Anima-Engine\src\App.tsx:81:53)
Warning: <shaderMaterial /> is using incorrect casing. Use PascalCase for React components, or lowercase for HTML elements.
    at shaderMaterial
    at mesh
    at group
    at Water (E:\project\Anima-Engine\src\components\Landscape\Water.tsx:87:3)
    at div
    at Canvas (E:\project\Anima-Engine\tests\frontend\landscape_showcase.test.tsx:4:16)
    at div
    at LandscapeShowcase (E:\project\Anima-Engine\src\components\Landscape\LandscapeShowcase.tsx:28:55)
    at Suspense
    at div
    at div
    at App (E:\project\Anima-Engine\src\App.tsx:81:53)
Warning: <bufferAttribute /> is using incorrect casing. Use PascalCase for React components, or lowercase for HTML elements.
    at bufferAttribute
    at bufferGeometry
    at points
    at group
    at Water (E:\project\Anima-Engine\src\components\Landscape\Water.tsx:87:3)
    at div
    at Canvas (E:\project\Anima-Engine\tests\frontend\landscape_showcase.test.tsx:4:16)
    at div
    at LandscapeShowcase (E:\project\Anima-Engine\src\components\Landscape\LandscapeShowcase.tsx:28:55)
    at Suspense
    at div
    at div
    at App (E:\project\Anima-Engine\src\App.tsx:81:53)
Warning: <bufferGeometry /> is using incorrect casing. Use PascalCase for React components, or lowercase for HTML elements.
    at bufferGeometry
    at points
    at group
    at Water (E:\project\Anima-Engine\src\components\Landscape\Water.tsx:87:3)
    at div
    at Canvas (E:\project\Anima-Engine\tests\frontend\landscape_showcase.test.tsx:4:16)
    at div
    at LandscapeShowcase (E:\project\Anima-Engine\src\components\Landscape\LandscapeShowcase.tsx:28:55)
    at Suspense
    at div
    at div
    at App (E:\project\Anima-Engine\src\App.tsx:81:53)
Warning: <pointsMaterial /> is using incorrect casing. Use PascalCase for React components, or lowercase for HTML elements.
    at pointsMaterial
    at points
    at group
    at Water (E:\project\Anima-Engine\src\components\Landscape\Water.tsx:87:3)
    at div
    at Canvas (E:\project\Anima-Engine\tests\frontend\landscape_showcase.test.tsx:4:16)
    at div
    at LandscapeShowcase (E:\project\Anima-Engine\src\components\Landscape\LandscapeShowcase.tsx:28:55)
    at Suspense
    at div
    at div
    at App (E:\project\Anima-Engine\src\App.tsx:81:53)
Warning: <instancedMesh /> is using incorrect casing. Use PascalCase for React components, or lowercase for HTML elements.
    at instancedMesh
    at group
    at Vegetation (E:\project\Anima-Engine\src\components\Landscape\Vegetation.tsx:58:3)
    at div
    at Canvas (E:\project\Anima-Engine\tests\frontend\landscape_showcase.test.tsx:4:16)
    at div
    at LandscapeShowcase (E:\project\Anima-Engine\src\components\Landscape\LandscapeShowcase.tsx:28:55)
    at Suspense
    at div
    at div
    at App (E:\project\Anima-Engine\src\App.tsx:81:53)
Warning: <instancedMesh /> is using incorrect casing. Use PascalCase for React components, or lowercase for HTML elements.
    at instancedMesh
    at group
    at Vegetation (E:\project\Anima-Engine\src\components\Landscape\Vegetation.tsx:58:3)
    at div
    at Canvas (E:\project\Anima-Engine\tests\frontend\landscape_showcase.test.tsx:4:16)
    at div
    at LandscapeShowcase (E:\project\Anima-Engine\src\components\Landscape\LandscapeShowcase.tsx:28:55)
    at Suspense
    at div
    at div
    at App (E:\project\Anima-Engine\src\App.tsx:81:53)
Warning: <instancedMesh /> is using incorrect casing. Use PascalCase for React components, or lowercase for HTML elements.
    at instancedMesh
    at group
    at Vegetation (E:\project\Anima-Engine\src\components\Landscape\Vegetation.tsx:58:3)
    at div
    at Canvas (E:\project\Anima-Engine\tests\frontend\landscape_showcase.test.tsx:4:16)
    at div
    at LandscapeShowcase (E:\project\Anima-Engine\src\components\Landscape\LandscapeShowcase.tsx:28:55)
    at Suspense
    at div
    at div
    at App (E:\project\Anima-Engine\src\App.tsx:81:53)
Warning: <instancedMesh /> is using incorrect casing. Use PascalCase for React components, or lowercase for HTML elements.
    at instancedMesh
    at group
    at Vegetation (E:\project\Anima-Engine\src\components\Landscape\Vegetation.tsx:58:3)
    at div
    at Canvas (E:\project\Anima-Engine\tests\frontend\landscape_showcase.test.tsx:4:16)
    at div
    at LandscapeShowcase (E:\project\Anima-Engine\src\components\Landscape\LandscapeShowcase.tsx:28:55)
    at Suspense
    at div
    at div
    at App (E:\project\Anima-Engine\src\App.tsx:81:53)
Warning: <instancedMesh /> is using incorrect casing. Use PascalCase for React components, or lowercase for HTML elements.
    at instancedMesh
    at group
    at Vegetation (E:\project\Anima-Engine\src\components\Landscape\Vegetation.tsx:58:3)
    at div
    at Canvas (E:\project\Anima-Engine\tests\frontend\landscape_showcase.test.tsx:4:16)
    at div
    at LandscapeShowcase (E:\project\Anima-Engine\src\components\Landscape\LandscapeShowcase.tsx:28:55)
    at Suspense
    at div
    at div
    at App (E:\project\Anima-Engine\src\App.tsx:81:53)
Warning: <fogExp2 /> is using incorrect casing. Use PascalCase for React components, or lowercase for HTML elements.
    at fogExp2
    at group
    at Weather (E:\project\Anima-Engine\src\components\Landscape\Weather.tsx:10:3)
    at div
    at Canvas (E:\project\Anima-Engine\tests\frontend\landscape_showcase.test.tsx:4:16)
    at div
    at LandscapeShowcase (E:\project\Anima-Engine\src\components\Landscape\LandscapeShowcase.tsx:28:55)
    at Suspense
    at div
    at div
    at App (E:\project\Anima-Engine\src\App.tsx:81:53)
Warning: <sphereGeometry /> is using incorrect casing. Use PascalCase for React components, or lowercase for HTML elements.
    at sphereGeometry
    at mesh
    at group
    at PositionalAudio (E:\project\Anima-Engine\src\components\Landscape\PositionalAudio.tsx:10:3)
    at div
    at Canvas (E:\project\Anima-Engine\tests\frontend\landscape_showcase.test.tsx:4:16)
    at div
    at LandscapeShowcase (E:\project\Anima-Engine\src\components\Landscape\LandscapeShowcase.tsx:28:55)
    at Suspense
    at div
    at div
    at App (E:\project\Anima-Engine\src\App.tsx:81:53)
Warning: <meshBasicMaterial /> is using incorrect casing. Use PascalCase for React components, or lowercase for HTML elements.
    at meshBasicMaterial
    at mesh
    at group
    at PositionalAudio (E:\project\Anima-Engine\src\components\Landscape\PositionalAudio.tsx:10:3)
    at div
    at Canvas (E:\project\Anima-Engine\tests\frontend\landscape_showcase.test.tsx:4:16)
    at div
    at LandscapeShowcase (E:\project\Anima-Engine\src\components\Landscape\LandscapeShowcase.tsx:28:55)
    at Suspense
    at div
    at div
    at App (E:\project\Anima-Engine\src\App.tsx:81:53)
Warning: <sphereGeometry /> is using incorrect casing. Use PascalCase for React components, or lowercase for HTML elements.
    at sphereGeometry
    at mesh
    at group
    at PositionalAudio (E:\project\Anima-Engine\src\components\Landscape\PositionalAudio.tsx:10:3)
    at div
    at Canvas (E:\project\Anima-Engine\tests\frontend\landscape_showcase.test.tsx:4:16)
    at div
    at LandscapeShowcase (E:\project\Anima-Engine\src\components\Landscape\LandscapeShowcase.tsx:28:55)
    at Suspense
    at div
    at div
    at App (E:\project\Anima-Engine\src\App.tsx:81:53)
Warning: <meshBasicMaterial /> is using incorrect casing. Use PascalCase for React components, or lowercase for HTML elements.
    at meshBasicMaterial
    at mesh
    at group
    at PositionalAudio (E:\project\Anima-Engine\src\components\Landscape\PositionalAudio.tsx:10:3)
    at div
    at Canvas (E:\project\Anima-Engine\tests\frontend\landscape_showcase.test.tsx:4:16)
    at div
    at LandscapeShowcase (E:\project\Anima-Engine\src\components\Landscape\LandscapeShowcase.tsx:28:55)
    at Suspense
    at div
    at div
    at App (E:\project\Anima-Engine\src\App.tsx:81:53)
Warning: <orbitControls /> is using incorrect casing. Use PascalCase for React components, or lowercase for HTML elements.
    at orbitControls
    at CameraControls (E:\project\Anima-Engine\src\components\Landscape\CameraControls.tsx:15:3)
    at div
    at Canvas (E:\project\Anima-Engine\tests\frontend\landscape_showcase.test.tsx:4:16)
    at div
    at LandscapeShowcase (E:\project\Anima-Engine\src\components\Landscape\LandscapeShowcase.tsx:28:55)
    at Suspense
    at div
    at div
    at App (E:\project\Anima-Engine\src\App.tsx:81:53)
Warning: <object3D /> is using incorrect casing. Use PascalCase for React components, or lowercase for HTML elements.
    at object3D
    at CameraControls (E:\project\Anima-Engine\src\components\Landscape\CameraControls.tsx:15:3)
    at div
    at Canvas (E:\project\Anima-Engine\tests\frontend\landscape_showcase.test.tsx:4:16)
    at div
    at LandscapeShowcase (E:\project\Anima-Engine\src\components\Landscape\LandscapeShowcase.tsx:28:55)
    at Suspense
    at div
    at div
    at App (E:\project\Anima-Engine\src\App.tsx:81:53)

 [32m✓[39m frontend/landscape_showcase_adversarial.test.tsx [2m ([22m[2m33 tests[22m[2m)[22m[33m 21739[2mms[22m[39m
[90mstderr[2m | frontend/landscape_showcase_adversarial.test.tsx[2m > [22m[2mLandscape Showcase Adversarial Test Suite (Tier 5)[2m > [22m[2m2. Terrain Component Boundary Settings[2m > [22m[2mshould render successfully with width/height of 0[22m[39m
Warning: <bufferGeometry /> is using incorrect casing. Use PascalCase for React components, or lowercase for HTML elements.
    at bufferGeometry
    at mesh
    at lod
    at Terrain (E:\project\Anima-Engine\src\components\Landscape\Terrain.tsx:26:20)
Warning: The tag <bufferGeometry> is unrecognized in this browser. If you meant to render a React component, start its name with an uppercase letter.
    at bufferGeometry
    at mesh
    at lod
    at Terrain (E:\project\Anima-Engine\src\components\Landscape\Terrain.tsx:26:20)
Warning: <meshStandardMaterial /> is using incorrect casing. Use PascalCase for React components, or lowercase for HTML elements.
    at meshStandardMaterial
    at mesh
    at lod
    at Terrain (E:\project\Anima-Engine\src\components\Landscape\Terrain.tsx:26:20)
Warning: The tag <meshStandardMaterial> is unrecognized in this browser. If you meant to render a React component, start its name with an uppercase letter.
    at meshStandardMaterial
    at mesh
    at lod
    at Terrain (E:\project\Anima-Engine\src\components\Landscape\Terrain.tsx:26:20)
Warning: React does not recognize the `vertexColors` prop on a DOM element. If you intentionally want it to appear in the DOM as a custom attribute, spell it as lowercase `vertexcolors` instead. If you accidentally passed it from a parent component, remove it from the DOM element.
    at meshStandardMaterial
    at mesh
    at lod
    at Terrain (E:\project\Anima-Engine\src\components\Landscape\Terrain.tsx:26:20)
Warning: The tag <mesh> is unrecognized in this browser. If you meant to render a React component, start its name with an uppercase letter.
    at mesh
    at lod
    at Terrain (E:\project\Anima-Engine\src\components\Landscape\Terrain.tsx:26:20)
Warning: React does not recognize the `userData` prop on a DOM element. If you intentionally want it to appear in the DOM as a custom attribute, spell it as lowercase `userdata` instead. If you accidentally passed it from a parent component, remove it from the DOM element.
    at mesh
    at lod
    at Terrain (E:\project\Anima-Engine\src\components\Landscape\Terrain.tsx:26:20)
Warning: <bufferGeometry /> is using incorrect casing. Use PascalCase for React components, or lowercase for HTML elements.
    at bufferGeometry
    at mesh
    at lod
    at Terrain (E:\project\Anima-Engine\src\components\Landscape\Terrain.tsx:26:20)
Warning: <meshStandardMaterial /> is using incorrect casing. Use PascalCase for React components, or lowercase for HTML elements.
    at meshStandardMaterial
    at mesh
    at lod
    at Terrain (E:\project\Anima-Engine\src\components\Landscape\Terrain.tsx:26:20)
Warning: <bufferGeometry /> is using incorrect casing. Use PascalCase for React components, or lowercase for HTML elements.
    at bufferGeometry
    at mesh
    at lod
    at Terrain (E:\project\Anima-Engine\src\components\Landscape\Terrain.tsx:26:20)
Warning: <meshStandardMaterial /> is using incorrect casing. Use PascalCase for React components, or lowercase for HTML elements.
    at meshStandardMaterial
    at mesh
    at lod
    at Terrain (E:\project\Anima-Engine\src\components\Landscape\Terrain.tsx:26:20)
Warning: The tag <lod> is unrecognized in this browser. If you meant to render a React component, start its name with an uppercase letter.
    at lod
    at Terrain (E:\project\Anima-Engine\src\components\Landscape\Terrain.tsx:26:20)

[90mstderr[2m | frontend/landscape_showcase_adversarial.test.tsx[2m > [22m[2mLandscape Showcase Adversarial Test Suite (Tier 5)[2m > [22m[2m2. Terrain Component Boundary Settings[2m > [22m[2mshould render successfully with extreme wetnessRatio[22m[39m
Warning: <bufferGeometry /> is using incorrect casing. Use PascalCase for React components, or lowercase for HTML elements.
    at bufferGeometry
    at mesh
    at lod
    at Terrain (E:\project\Anima-Engine\src\components\Landscape\Terrain.tsx:26:20)
Warning: <meshStandardMaterial /> is using incorrect casing. Use PascalCase for React components, or lowercase for HTML elements.
    at meshStandardMaterial
    at mesh
    at lod
    at Terrain (E:\project\Anima-Engine\src\components\Landscape\Terrain.tsx:26:20)
Warning: <bufferGeometry /> is using incorrect casing. Use PascalCase for React components, or lowercase for HTML elements.
    at bufferGeometry
    at mesh
    at lod
    at Terrain (E:\project\Anima-Engine\src\components\Landscape\Terrain.tsx:26:20)
Warning: <meshStandardMaterial /> is using incorrect casing. Use PascalCase for React components, or lowercase for HTML elements.
    at meshStandardMaterial
    at mesh
    at lod
    at Terrain (E:\project\Anima-Engine\src\components\Landscape\Terrain.tsx:26:20)
Warning: <bufferGeometry /> is using incorrect casing. Use PascalCase for React components, or lowercase for HTML elements.
    at bufferGeometry
    at mesh
    at lod
    at Terrain (E:\project\Anima-Engine\src\components\Landscape\Terrain.tsx:26:20)
Warning: <meshStandardMaterial /> is using incorrect casing. Use PascalCase for React components, or lowercase for HTML elements.
    at meshStandardMaterial
    at mesh
    at lod
    at Terrain (E:\project\Anima-Engine\src\components\Landscape\Terrain.tsx:26:20)
Warning: <bufferGeometry /> is using incorrect casing. Use PascalCase for React components, or lowercase for HTML elements.
    at bufferGeometry
    at mesh
    at lod
    at Terrain (E:\project\Anima-Engine\src\components\Landscape\Terrain.tsx:26:20)
Warning: <meshStandardMaterial /> is using incorrect casing. Use PascalCase for React components, or lowercase for HTML elements.
    at meshStandardMaterial
    at mesh
    at lod
    at Terrain (E:\project\Anima-Engine\src\components\Landscape\Terrain.tsx:26:20)
Warning: <bufferGeometry /> is using incorrect casing. Use PascalCase for React components, or lowercase for HTML elements.
    at bufferGeometry
    at mesh
    at lod
    at Terrain (E:\project\Anima-Engine\src\components\Landscape\Terrain.tsx:26:20)
Warning: <meshStandardMaterial /> is using incorrect casing. Use PascalCase for React components, or lowercase for HTML elements.
    at meshStandardMaterial
    at mesh
    at lod
    at Terrain (E:\project\Anima-Engine\src\components\Landscape\Terrain.tsx:26:20)
Warning: <bufferGeometry /> is using incorrect casing. Use PascalCase for React components, or lowercase for HTML elements.
    at bufferGeometry
    at mesh
    at lod
    at Terrain (E:\project\Anima-Engine\src\components\Landscape\Terrain.tsx:26:20)
Warning: <meshStandardMaterial /> is using incorrect casing. Use PascalCase for React components, or lowercase for HTML elements.
    at meshStandardMaterial
    at mesh
    at lod
    at Terrain (E:\project\Anima-Engine\src\components\Landscape\Terrain.tsx:26:20)
Warning: <bufferGeometry /> is using incorrect casing. Use PascalCase for React components, or lowercase for HTML elements.
    at bufferGeometry
    at mesh
    at lod
    at Terrain (E:\project\Anima-Engine\src\components\Landscape\Terrain.tsx:26:20)
Warning: <meshStandardMaterial /> is using incorrect casing. Use PascalCase for React components, or lowercase for HTML elements.
    at meshStandardMaterial
    at mesh
    at lod
    at Terrain (E:\project\Anima-Engine\src\components\Landscape\Terrain.tsx:26:20)
Warning: Received NaN for the `roughness` attribute. If this is expected, cast the value to a string.
    at meshStandardMaterial
    at mesh
    at lod
    at Terrain (E:\project\Anima-Engine\src\components\Landscape\Terrain.tsx:26:20)
Warning: Received NaN for the `data-wetness-ratio` attribute. If this is expected, cast the value to a string.
    at mesh
    at lod
    at Terrain (E:\project\Anima-Engine\src\components\Landscape\Terrain.tsx:26:20)
Warning: <bufferGeometry /> is using incorrect casing. Use PascalCase for React components, or lowercase for HTML elements.
    at bufferGeometry
    at mesh
    at lod
    at Terrain (E:\project\Anima-Engine\src\components\Landscape\Terrain.tsx:26:20)
Warning: <meshStandardMaterial /> is using incorrect casing. Use PascalCase for React components, or lowercase for HTML elements.
    at meshStandardMaterial
    at mesh
    at lod
    at Terrain (E:\project\Anima-Engine\src\components\Landscape\Terrain.tsx:26:20)
Warning: <bufferGeometry /> is using incorrect casing. Use PascalCase for React components, or lowercase for HTML elements.
    at bufferGeometry
    at mesh
    at lod
    at Terrain (E:\project\Anima-Engine\src\components\Landscape\Terrain.tsx:26:20)
Warning: <meshStandardMaterial /> is using incorrect casing. Use PascalCase for React components, or lowercase for HTML elements.
    at meshStandardMaterial
    at mesh
    at lod
    at Terrain (E:\project\Anima-Engine\src\components\Landscape\Terrain.tsx:26:20)

[90mstderr[2m | frontend/landscape_showcase_adversarial.test.tsx[2m > [22m[2mLandscape Showcase Adversarial Test Suite (Tier 5)[2m > [22m[2m3. Water Component Boundary Settings[2m > [22m[2mshould handle windSpeed of NaN and Infinity[22m[39m
Warning: <shaderMaterial /> is using incorrect casing. Use PascalCase for React components, or lowercase for HTML elements.
    at shaderMaterial
    at mesh
    at group
    at Water (E:\project\Anima-Engine\src\components\Landscape\Water.tsx:87:3)
Warning: The tag <shaderMaterial> is unrecognized in this browser. If you meant to render a React component, start its name with an uppercase letter.
    at shaderMaterial
    at mesh
    at group
    at Water (E:\project\Anima-Engine\src\components\Landscape\Water.tsx:87:3)
Warning: React does not recognize the `vertexShader` prop on a DOM element. If you intentionally want it to appear in the DOM as a custom attribute, spell it as lowercase `vertexshader` instead. If you accidentally passed it from a parent component, remove it from the DOM element.
    at shaderMaterial
    at mesh
    at group
    at Water (E:\project\Anima-Engine\src\components\Landscape\Water.tsx:87:3)
Warning: React does not recognize the `fragmentShader` prop on a DOM element. If you intentionally want it to appear in the DOM as a custom attribute, spell it as lowercase `fragmentshader` instead. If you accidentally passed it from a parent component, remove it from the DOM element.
    at shaderMaterial
    at mesh
    at group
    at Water (E:\project\Anima-Engine\src\components\Landscape\Water.tsx:87:3)
Warning: Received `true` for a non-boolean attribute `transparent`.

If you want to write it to the DOM, pass a string instead: transparent="true" or transparent={value.toString()}.
    at shaderMaterial
    at mesh
    at group
    at Water (E:\project\Anima-Engine\src\components\Landscape\Water.tsx:87:3)
Warning: React does not recognize the `depthWrite` prop on a DOM element. If you intentionally want it to appear in the DOM as a custom attribute, spell it as lowercase `depthwrite` instead. If you accidentally passed it from a parent component, remove it from the DOM element.
    at shaderMaterial
    at mesh
    at group
    at Water (E:\project\Anima-Engine\src\components\Landscape\Water.tsx:87:3)
Warning: Received NaN for the `data-wind-speed` attribute. If this is expected, cast the value to a string.
    at mesh
    at group
    at Water (E:\project\Anima-Engine\src\components\Landscape\Water.tsx:87:3)
Warning: <bufferAttribute /> is using incorrect casing. Use PascalCase for React components, or lowercase for HTML elements.
    at bufferAttribute
    at bufferGeometry
    at points
    at group
    at Water (E:\project\Anima-Engine\src\components\Landscape\Water.tsx:87:3)
Warning: The tag <bufferAttribute> is unrecognized in this browser. If you meant to render a React component, start its name with an uppercase letter.
    at bufferAttribute
    at bufferGeometry
    at points
    at group
    at Water (E:\project\Anima-Engine\src\components\Landscape\Water.tsx:87:3)
Warning: React does not recognize the `itemSize` prop on a DOM element. If you intentionally want it to appear in the DOM as a custom attribute, spell it as lowercase `itemsize` instead. If you accidentally passed it from a parent component, remove it from the DOM element.
    at bufferAttribute
    at bufferGeometry
    at points
    at group
    at Water (E:\project\Anima-Engine\src\components\Landscape\Water.tsx:87:3)
Warning: <bufferGeometry /> is using incorrect casing. Use PascalCase for React components, or lowercase for HTML elements.
    at bufferGeometry
    at points
    at group
    at Water (E:\project\Anima-Engine\src\components\Landscape\Water.tsx:87:3)
Warning: <pointsMaterial /> is using incorrect casing. Use PascalCase for React components, or lowercase for HTML elements.
    at pointsMaterial
    at points
    at group
    at Water (E:\project\Anima-Engine\src\components\Landscape\Water.tsx:87:3)
Warning: The tag <pointsMaterial> is unrecognized in this browser. If you meant to render a React component, start its name with an uppercase letter.
    at pointsMaterial
    at points
    at group
    at Water (E:\project\Anima-Engine\src\components\Landscape\Water.tsx:87:3)
Warning: The tag <points> is unrecognized in this browser. If you meant to render a React component, start its name with an uppercase letter.
    at points
    at group
    at Water (E:\project\Anima-Engine\src\components\Landscape\Water.tsx:87:3)
Warning: The tag <group> is unrecognized in this browser. If you meant to render a React component, start its name with an uppercase letter.
    at group
    at Water (E:\project\Anima-Engine\src\components\Landscape\Water.tsx:87:3)
Warning: <shaderMaterial /> is using incorrect casing. Use PascalCase for React components, or lowercase for HTML elements.
    at shaderMaterial
    at mesh
    at group
    at Water (E:\project\Anima-Engine\src\components\Landscape\Water.tsx:87:3)
Warning: <bufferAttribute /> is using incorrect casing. Use PascalCase for React components, or lowercase for HTML elements.
    at bufferAttribute
    at bufferGeometry
    at points
    at group
    at Water (E:\project\Anima-Engine\src\components\Landscape\Water.tsx:87:3)
Warning: <bufferGeometry /> is using incorrect casing. Use PascalCase for React components, or lowercase for HTML elements.
    at bufferGeometry
    at points
    at group
    at Water (E:\project\Anima-Engine\src\components\Landscape\Water.tsx:87:3)
Warning: <pointsMaterial /> is using incorrect casing. Use PascalCase for React components, or lowercase for HTML elements.
    at pointsMaterial
    at points
    at group
    at Water (E:\project\Anima-Engine\src\components\Landscape\Water.tsx:87:3)

[90mstderr[2m | frontend/landscape_showcase_adversarial.test.tsx[2m > [22m[2mLandscape Showcase Adversarial Test Suite (Tier 5)[2m > [22m[2m3. Water Component Boundary Settings[2m > [22m[2mshould handle negative, NaN, and Infinity depthTransparency[22m[39m
Warning: <shaderMaterial /> is using incorrect casing. Use PascalCase for React components, or lowercase for HTML elements.
    at shaderMaterial
    at mesh
    at group
    at Water (E:\project\Anima-Engine\src\components\Landscape\Water.tsx:87:3)
Warning: <bufferAttribute /> is using incorrect casing. Use PascalCase for React components, or lowercase for HTML elements.
    at bufferAttribute
    at bufferGeometry
    at points
    at group
    at Water (E:\project\Anima-Engine\src\components\Landscape\Water.tsx:87:3)
Warning: <bufferGeometry /> is using incorrect casing. Use PascalCase for React components, or lowercase for HTML elements.
    at bufferGeometry
    at points
    at group
    at Water (E:\project\Anima-Engine\src\components\Landscape\Water.tsx:87:3)
Warning: <pointsMaterial /> is using incorrect casing. Use PascalCase for React components, or lowercase for HTML elements.
    at pointsMaterial
    at points
    at group
    at Water (E:\project\Anima-Engine\src\components\Landscape\Water.tsx:87:3)
Warning: <shaderMaterial /> is using incorrect casing. Use PascalCase for React components, or lowercase for HTML elements.
    at shaderMaterial
    at mesh
    at group
    at Water (E:\project\Anima-Engine\src\components\Landscape\Water.tsx:87:3)
Warning: Received NaN for the `data-depth-transparency` attribute. If this is expected, cast the value to a string.
    at mesh
    at group
    at Water (E:\project\Anima-Engine\src\components\Landscape\Water.tsx:87:3)
Warning: <bufferAttribute /> is using incorrect casing. Use PascalCase for React components, or lowercase for HTML elements.
    at bufferAttribute
    at bufferGeometry
    at points
    at group
    at Water (E:\project\Anima-Engine\src\components\Landscape\Water.tsx:87:3)
Warning: <bufferGeometry /> is using incorrect casing. Use PascalCase for React components, or lowercase for HTML elements.
    at bufferGeometry
    at points
    at group
    at Water (E:\project\Anima-Engine\src\components\Landscape\Water.tsx:87:3)
Warning: <pointsMaterial /> is using incorrect casing. Use PascalCase for React components, or lowercase for HTML elements.
    at pointsMaterial
    at points
    at group
    at Water (E:\project\Anima-Engine\src\components\Landscape\Water.tsx:87:3)
Warning: <shaderMaterial /> is using incorrect casing. Use PascalCase for React components, or lowercase for HTML elements.
    at shaderMaterial
    at mesh
    at group
    at Water (E:\project\Anima-Engine\src\components\Landscape\Water.tsx:87:3)
Warning: <bufferAttribute /> is using incorrect casing. Use PascalCase for React components, or lowercase for HTML elements.
    at bufferAttribute
    at bufferGeometry
    at points
    at group
    at Water (E:\project\Anima-Engine\src\components\Landscape\Water.tsx:87:3)
Warning: <bufferGeometry /> is using incorrect casing. Use PascalCase for React components, or lowercase for HTML elements.
    at bufferGeometry
    at points
    at group
    at Water (E:\project\Anima-Engine\src\components\Landscape\Water.tsx:87:3)
Warning: <pointsMaterial /> is using incorrect casing. Use PascalCase for React components, or lowercase for HTML elements.
    at pointsMaterial
    at points
    at group
    at Water (E:\project\Anima-Engine\src\components\Landscape\Water.tsx:87:3)

[90mstderr[2m | frontend/landscape_showcase_adversarial.test.tsx[2m > [22m[2mLandscape Showcase Adversarial Test Suite (Tier 5)[2m > [22m[2m3. Water Component Boundary Settings[2m > [22m[2mshould handle empty/malformed reflectionColor[22m[39m
Warning: <shaderMaterial /> is using incorrect casing. Use PascalCase for React components, or lowercase for HTML elements.
    at shaderMaterial
    at mesh
    at group
    at Water (E:\project\Anima-Engine\src\components\Landscape\Water.tsx:87:3)
Warning: <bufferAttribute /> is using incorrect casing. Use PascalCase for React components, or lowercase for HTML elements.
    at bufferAttribute
    at bufferGeometry
    at points
    at group
    at Water (E:\project\Anima-Engine\src\components\Landscape\Water.tsx:87:3)
Warning: <bufferGeometry /> is using incorrect casing. Use PascalCase for React components, or lowercase for HTML elements.
    at bufferGeometry
    at points
    at group
    at Water (E:\project\Anima-Engine\src\components\Landscape\Water.tsx:87:3)
Warning: <pointsMaterial /> is using incorrect casing. Use PascalCase for React components, or lowercase for HTML elements.
    at pointsMaterial
    at points
    at group
    at Water (E:\project\Anima-Engine\src\components\Landscape\Water.tsx:87:3)
THREE.Color: Unknown color invalid-rgb-format
Warning: <shaderMaterial /> is using incorrect casing. Use PascalCase for React components, or lowercase for HTML elements.
    at shaderMaterial
    at mesh
    at group
    at Water (E:\project\Anima-Engine\src\components\Landscape\Water.tsx:87:3)
Warning: <bufferAttribute /> is using incorrect casing. Use PascalCase for React components, or lowercase for HTML elements.
    at bufferAttribute
    at bufferGeometry
    at points
    at group
    at Water (E:\project\Anima-Engine\src\components\Landscape\Water.tsx:87:3)
Warning: <bufferGeometry /> is using incorrect casing. Use PascalCase for React components, or lowercase for HTML elements.
    at bufferGeometry
    at points
    at group
    at Water (E:\project\Anima-Engine\src\components\Landscape\Water.tsx:87:3)
Warning: <pointsMaterial /> is using incorrect casing. Use PascalCase for React components, or lowercase for HTML elements.
    at pointsMaterial
    at points
    at group
    at Water (E:\project\Anima-Engine\src\components\Landscape\Water.tsx:87:3)
THREE.Color: Unknown color invalid-rgb-format

[90mstderr[2m | frontend/landscape_showcase_adversarial.test.tsx[2m > [22m[2mLandscape Showcase Adversarial Test Suite (Tier 5)[2m > [22m[2m3. Water Component Boundary Settings[2m > [22m[2mshould handle negative delta in waterfall animation tick without crashing[22m[39m
Warning: <shaderMaterial /> is using incorrect casing. Use PascalCase for React components, or lowercase for HTML elements.
    at shaderMaterial
    at mesh
    at group
    at Water (E:\project\Anima-Engine\src\components\Landscape\Water.tsx:87:3)
Warning: <bufferAttribute /> is using incorrect casing. Use PascalCase for React components, or lowercase for HTML elements.
    at bufferAttribute
    at bufferGeometry
    at points
    at group
    at Water (E:\project\Anima-Engine\src\components\Landscape\Water.tsx:87:3)
Warning: <bufferGeometry /> is using incorrect casing. Use PascalCase for React components, or lowercase for HTML elements.
    at bufferGeometry
    at points
    at group
    at Water (E:\project\Anima-Engine\src\components\Landscape\Water.tsx:87:3)
Warning: <pointsMaterial /> is using incorrect casing. Use PascalCase for React components, or lowercase for HTML elements.
    at pointsMaterial
    at points
    at group
    at Water (E:\project\Anima-Engine\src\components\Landscape\Water.tsx:87:3)

[90mstderr[2m | frontend/landscape_showcase_adversarial.test.tsx[2m > [22m[2mLandscape Showcase Adversarial Test Suite (Tier 5)[2m > [22m[2m4. Sky Component Day-Night Cycle Boundary Settings[2m > [22m[2mshould handle negative and extreme timeOfDay in getSkyParams[22m[39m
Warning: <sphereGeometry /> is using incorrect casing. Use PascalCase for React components, or lowercase for HTML elements.
    at sphereGeometry
    at mesh
    at group
    at Sky (E:\project\Anima-Engine\src\components\Landscape\Sky.tsx:50:16)
Warning: The tag <sphereGeometry> is unrecognized in this browser. If you meant to render a React component, start its name with an uppercase letter.
    at sphereGeometry
    at mesh
    at group
    at Sky (E:\project\Anima-Engine\src\components\Landscape\Sky.tsx:50:16)
Warning: <meshBasicMaterial /> is using incorrect casing. Use PascalCase for React components, or lowercase for HTML elements.
    at meshBasicMaterial
    at mesh
    at group
    at Sky (E:\project\Anima-Engine\src\components\Landscape\Sky.tsx:50:16)
Warning: The tag <meshBasicMaterial> is unrecognized in this browser. If you meant to render a React component, start its name with an uppercase letter.
    at meshBasicMaterial
    at mesh
    at group
    at Sky (E:\project\Anima-Engine\src\components\Landscape\Sky.tsx:50:16)
Warning: <directionalLight /> is using incorrect casing. Use PascalCase for React components, or lowercase for HTML elements.
    at directionalLight
    at group
    at Sky (E:\project\Anima-Engine\src\components\Landscape\Sky.tsx:50:16)
Warning: The tag <directionalLight> is unrecognized in this browser. If you meant to render a React component, start its name with an uppercase letter.
    at directionalLight
    at group
    at Sky (E:\project\Anima-Engine\src\components\Landscape\Sky.tsx:50:16)
Warning: React does not recognize the `castShadow` prop on a DOM element. If you intentionally want it to appear in the DOM as a custom attribute, spell it as lowercase `castshadow` instead. If you accidentally passed it from a parent component, remove it from the DOM element.
    at directionalLight
    at group
    at Sky (E:\project\Anima-Engine\src\components\Landscape\Sky.tsx:50:16)
Warning: React does not recognize the `shadow-mapSize-width` prop on a DOM element. If you intentionally want it to appear in the DOM as a custom attribute, spell it as lowercase `shadow-mapsize-width` instead. If you accidentally passed it from a parent component, remove it from the DOM element.
    at directionalLight
    at group
    at Sky (E:\project\Anima-Engine\src\components\Landscape\Sky.tsx:50:16)
Warning: React does not recognize the `shadow-mapSize-height` prop on a DOM element. If you intentionally want it to appear in the DOM as a custom attribute, spell it as lowercase `shadow-mapsize-height` instead. If you accidentally passed it from a parent component, remove it from the DOM element.
    at directionalLight
    at group
    at Sky (E:\project\Anima-Engine\src\components\Landscape\Sky.tsx:50:16)
Warning: <hemisphereLight /> is using incorrect casing. Use PascalCase for React components, or lowercase for HTML elements.
    at hemisphereLight
    at group
    at Sky (E:\project\Anima-Engine\src\components\Landscape\Sky.tsx:50:16)
Warning: The tag <hemisphereLight> is unrecognized in this browser. If you meant to render a React component, start its name with an uppercase letter.
    at hemisphereLight
    at group
    at Sky (E:\project\Anima-Engine\src\components\Landscape\Sky.tsx:50:16)
Warning: React does not recognize the `groundColor` prop on a DOM element. If you intentionally want it to appear in the DOM as a custom attribute, spell it as lowercase `groundcolor` instead. If you accidentally passed it from a parent component, remove it from the DOM element.
    at hemisphereLight
    at group
    at Sky (E:\project\Anima-Engine\src\components\Landscape\Sky.tsx:50:16)
Warning: <ambientLight /> is using incorrect casing. Use PascalCase for React components, or lowercase for HTML elements.
    at ambientLight
    at group
    at Sky (E:\project\Anima-Engine\src\components\Landscape\Sky.tsx:50:16)
Warning: The tag <ambientLight> is unrecognized in this browser. If you meant to render a React component, start its name with an uppercase letter.
    at ambientLight
    at group
    at Sky (E:\project\Anima-Engine\src\components\Landscape\Sky.tsx:50:16)
Warning: <bufferAttribute /> is using incorrect casing. Use PascalCase for React components, or lowercase for HTML elements.
    at bufferAttribute
    at bufferGeometry
    at points
    at group
    at Sky (E:\project\Anima-Engine\src\components\Landscape\Sky.tsx:50:16)
Warning: <bufferGeometry /> is using incorrect casing. Use PascalCase for React components, or lowercase for HTML elements.
    at bufferGeometry
    at points
    at group
    at Sky (E:\project\Anima-Engine\src\components\Landscape\Sky.tsx:50:16)
Warning: <pointsMaterial /> is using incorrect casing. Use PascalCase for React components, or lowercase for HTML elements.
    at pointsMaterial
    at points
    at group
    at Sky (E:\project\Anima-Engine\src\components\Landscape\Sky.tsx:50:16)
Warning: React does not recognize the `sizeAttenuation` prop on a DOM element. If you intentionally want it to appear in the DOM as a custom attribute, spell it as lowercase `sizeattenuation` instead. If you accidentally passed it from a parent component, remove it from the DOM element.
    at pointsMaterial
    at points
    at group
    at Sky (E:\project\Anima-Engine\src\components\Landscape\Sky.tsx:50:16)
Warning: <boxGeometry /> is using incorrect casing. Use PascalCase for React components, or lowercase for HTML elements.
    at boxGeometry
    at mesh
    at group
    at group
    at group
    at Sky (E:\project\Anima-Engine\src\components\Landscape\Sky.tsx:50:16)
Warning: The tag <boxGeometry> is unrecognized in this browser. If you meant to render a React component, start its name with an uppercase letter.
    at boxGeometry
    at mesh
    at group
    at group
    at group
    at Sky (E:\project\Anima-Engine\src\components\Landscape\Sky.tsx:50:16)
Warning: <meshStandardMaterial /> is using incorrect casing. Use PascalCase for React components, or lowercase for HTML elements.
    at meshStandardMaterial
    at mesh
    at group
    at group
    at group
    at Sky (E:\project\Anima-Engine\src\components\Landscape\Sky.tsx:50:16)
Warning: <boxGeometry /> is using incorrect casing. Use PascalCase for React components, or lowercase for HTML elements.
    at boxGeometry
    at mesh
    at group
    at group
    at group
    at Sky (E:\project\Anima-Engine\src\components\Landscape\Sky.tsx:50:16)
Warning: <meshStandardMaterial /> is using incorrect casing. Use PascalCase for React components, or lowercase for HTML elements.
    at meshStandardMaterial
    at mesh
    at group
    at group
    at group
    at Sky (E:\project\Anima-Engine\src\components\Landscape\Sky.tsx:50:16)
Warning: <boxGeometry /> is using incorrect casing. Use PascalCase for React components, or lowercase for HTML elements.
    at boxGeometry
    at mesh
    at group
    at group
    at group
    at Sky (E:\project\Anima-Engine\src\components\Landscape\Sky.tsx:50:16)
Warning: <meshStandardMaterial /> is using incorrect casing. Use PascalCase for React components, or lowercase for HTML elements.
    at meshStandardMaterial
    at mesh
    at group
    at group
    at group
    at Sky (E:\project\Anima-Engine\src\components\Landscape\Sky.tsx:50:16)
Warning: <boxGeometry /> is using incorrect casing. Use PascalCase for React components, or lowercase for HTML elements.
    at boxGeometry
    at mesh
    at group
    at group
    at group
    at Sky (E:\project\Anima-Engine\src\components\Landscape\Sky.tsx:50:16)
Warning: <meshStandardMaterial /> is using incorrect casing. Use PascalCase for React components, or lowercase for HTML elements.
    at meshStandardMaterial
    at mesh
    at group
    at group
    at group
    at Sky (E:\project\Anima-Engine\src\components\Landscape\Sky.tsx:50:16)
Warning: <boxGeometry /> is using incorrect casing. Use PascalCase for React components, or lowercase for HTML elements.
    at boxGeometry
    at mesh
    at group
    at group
    at group
    at Sky (E:\project\Anima-Engine\src\components\Landscape\Sky.tsx:50:16)
Warning: <meshStandardMaterial /> is using incorrect casing. Use PascalCase for React components, or lowercase for HTML elements.
    at meshStandardMaterial
    at mesh
    at group
    at group
    at group
    at Sky (E:\project\Anima-Engine\src\components\Landscape\Sky.tsx:50:16)
Warning: <boxGeometry /> is using incorrect casing. Use PascalCase for React components, or lowercase for HTML elements.
    at boxGeometry
    at mesh
    at group
    at group
    at group
    at Sky (E:\project\Anima-Engine\src\components\Landscape\Sky.tsx:50:16)
Warning: <meshStandardMaterial /> is using incorrect casing. Use PascalCase for React components, or lowercase for HTML elements.
    at meshStandardMaterial
    at mesh
    at group
    at group
    at group
    at Sky (E:\project\Anima-Engine\src\components\Landscape\Sky.tsx:50:16)
Warning: <boxGeometry /> is using incorrect casing. Use PascalCase for React components, or lowercase for HTML elements.
    at boxGeometry
    at mesh
    at group
    at group
    at group
    at Sky (E:\project\Anima-Engine\src\components\Landscape\Sky.tsx:50:16)
Warning: <meshStandardMaterial /> is using incorrect casing. Use PascalCase for React components, or lowercase for HTML elements.
    at meshStandardMaterial
    at mesh
    at group
    at group
    at group
    at Sky (E:\project\Anima-Engine\src\components\Landscape\Sky.tsx:50:16)
Warning: <boxGeometry /> is using incorrect casing. Use PascalCase for React components, or lowercase for HTML elements.
    at boxGeometry
    at mesh
    at group
    at group
    at group
    at Sky (E:\project\Anima-Engine\src\components\Landscape\Sky.tsx:50:16)
Warning: <meshStandardMaterial /> is using incorrect casing. Use PascalCase for React components, or lowercase for HTML elements.
    at meshStandardMaterial
    at mesh
    at group
    at group
    at group
    at Sky (E:\project\Anima-Engine\src\components\Landscape\Sky.tsx:50:16)
Warning: <boxGeometry /> is using incorrect casing. Use PascalCase for React components, or lowercase for HTML elements.
    at boxGeometry
    at mesh
    at group
    at group
    at group
    at Sky (E:\project\Anima-Engine\src\components\Landscape\Sky.tsx:50:16)
Warning: <meshStandardMaterial /> is using incorrect casing. Use PascalCase for React components, or lowercase for HTML elements.
    at meshStandardMaterial
    at mesh
    at group
    at group
    at group
    at Sky (E:\project\Anima-Engine\src\components\Landscape\Sky.tsx:50:16)
Warning: <boxGeometry /> is using incorrect casing. Use PascalCase for React components, or lowercase for HTML elements.
    at boxGeometry
    at mesh
    at group
    at group
    at group
    at Sky (E:\project\Anima-Engine\src\components\Landscape\Sky.tsx:50:16)
Warning: <meshStandardMaterial /> is using incorrect casing. Use PascalCase for React components, or lowercase for HTML elements.
    at meshStandardMaterial
    at mesh
    at group
    at group
    at group
    at Sky (E:\project\Anima-Engine\src\components\Landscape\Sky.tsx:50:16)
Warning: <boxGeometry /> is using incorrect casing. Use PascalCase for React components, or lowercase for HTML elements.
    at boxGeometry
    at mesh
    at group
    at group
    at group
    at Sky (E:\project\Anima-Engine\src\components\Landscape\Sky.tsx:50:16)
Warning: <meshStandardMaterial /> is using incorrect casing. Use PascalCase for React components, or lowercase for HTML elements.
    at meshStandardMaterial
    at mesh
    at group
    at group
    at group
    at Sky (E:\project\Anima-Engine\src\components\Landscape\Sky.tsx:50:16)
Warning: <boxGeometry /> is using incorrect casing. Use PascalCase for React components, or lowercase for HTML elements.
    at boxGeometry
    at mesh
    at group
    at group
    at group
    at Sky (E:\project\Anima-Engine\src\components\Landscape\Sky.tsx:50:16)
Warning: <meshStandardMaterial /> is using incorrect casing. Use PascalCase for React components, or lowercase for HTML elements.
    at meshStandardMaterial
    at mesh
    at group
    at group
    at group
    at Sky (E:\project\Anima-Engine\src\components\Landscape\Sky.tsx:50:16)
Warning: <boxGeometry /> is using incorrect casing. Use PascalCase for React components, or lowercase for HTML elements.
    at boxGeometry
    at mesh
    at group
    at group
    at group
    at Sky (E:\project\Anima-Engine\src\components\Landscape\Sky.tsx:50:16)
Warning: <meshStandardMaterial /> is using incorrect casing. Use PascalCase for React components, or lowercase for HTML elements.
    at meshStandardMaterial
    at mesh
    at group
    at group
    at group
    at Sky (E:\project\Anima-Engine\src\components\Landscape\Sky.tsx:50:16)
Warning: <boxGeometry /> is using incorrect casing. Use PascalCase for React components, or lowercase for HTML elements.
    at boxGeometry
    at mesh
    at group
    at group
    at group
    at Sky (E:\project\Anima-Engine\src\components\Landscape\Sky.tsx:50:16)
Warning: <meshStandardMaterial /> is using incorrect casing. Use PascalCase for React components, or lowercase for HTML elements.
    at meshStandardMaterial
    at mesh
    at group
    at group
    at group
    at Sky (E:\project\Anima-Engine\src\components\Landscape\Sky.tsx:50:16)
Warning: <boxGeometry /> is using incorrect casing. Use PascalCase for React components, or lowercase for HTML elements.
    at boxGeometry
    at mesh
    at group
    at group
    at group
    at Sky (E:\project\Anima-Engine\src\components\Landscape\Sky.tsx:50:16)
Warning: <meshStandardMaterial /> is using incorrect casing. Use PascalCase for React components, or lowercase for HTML elements.
    at meshStandardMaterial
    at mesh
    at group
    at group
    at group
    at Sky (E:\project\Anima-Engine\src\components\Landscape\Sky.tsx:50:16)
Warning: <boxGeometry /> is using incorrect casing. Use PascalCase for React components, or lowercase for HTML elements.
    at boxGeometry
    at mesh
    at group
    at group
    at group
    at Sky (E:\project\Anima-Engine\src\components\Landscape\Sky.tsx:50:16)
Warning: <meshStandardMaterial /> is using incorrect casing. Use PascalCase for React components, or lowercase for HTML elements.
    at meshStandardMaterial
    at mesh
    at group
    at group
    at group
    at Sky (E:\project\Anima-Engine\src\components\Landscape\Sky.tsx:50:16)
Warning: <boxGeometry /> is using incorrect casing. Use PascalCase for React components, or lowercase for HTML elements.
    at boxGeometry
    at mesh
    at group
    at group
    at group
    at Sky (E:\project\Anima-Engine\src\components\Landscape\Sky.tsx:50:16)
Warning: <meshStandardMaterial /> is using incorrect casing. Use PascalCase for React components, or lowercase for HTML elements.
    at meshStandardMaterial
    at mesh
    at group
    at group
    at group
    at Sky (E:\project\Anima-Engine\src\components\Landscape\Sky.tsx:50:16)
Warning: <boxGeometry /> is using incorrect casing. Use PascalCase for React components, or lowercase for HTML elements.
    at boxGeometry
    at mesh
    at group
    at group
    at group
    at Sky (E:\project\Anima-Engine\src\components\Landscape\Sky.tsx:50:16)
Warning: <meshStandardMaterial /> is using incorrect casing. Use PascalCase for React components, or lowercase for HTML elements.
    at meshStandardMaterial
    at mesh
    at group
    at group
    at group
    at Sky (E:\project\Anima-Engine\src\components\Landscape\Sky.tsx:50:16)
Warning: <sphereGeometry /> is using incorrect casing. Use PascalCase for React components, or lowercase for HTML elements.
    at sphereGeometry
    at mesh
    at group
    at Sky (E:\project\Anima-Engine\src\components\Landscape\Sky.tsx:50:16)
Warning: <meshBasicMaterial /> is using incorrect casing. Use PascalCase for React components, or lowercase for HTML elements.
    at meshBasicMaterial
    at mesh
    at group
    at Sky (E:\project\Anima-Engine\src\components\Landscape\Sky.tsx:50:16)
Warning: <directionalLight /> is using incorrect casing. Use PascalCase for React components, or lowercase for HTML elements.
    at directionalLight
    at group
    at Sky (E:\project\Anima-Engine\src\components\Landscape\Sky.tsx:50:16)
Warning: <hemisphereLight /> is using incorrect casing. Use PascalCase for React components, or lowercase for HTML elements.
    at hemisphereLight
    at group
    at Sky (E:\project\Anima-Engine\src\components\Landscape\Sky.tsx:50:16)
Warning: <ambientLight /> is using incorrect casing. Use PascalCase for React components, or lowercase for HTML elements.
    at ambientLight
    at group
    at Sky (E:\project\Anima-Engine\src\components\Landscape\Sky.tsx:50:16)
Warning: <bufferAttribute /> is using incorrect casing. Use PascalCase for React components, or lowercase for HTML elements.
    at bufferAttribute
    at bufferGeometry
    at points
    at group
    at Sky (E:\project\Anima-Engine\src\components\Landscape\Sky.tsx:50:16)
Warning: <bufferGeometry /> is using incorrect casing. Use PascalCase for React components, or lowercase for HTML elements.
    at bufferGeometry
    at points
    at group
    at Sky (E:\project\Anima-Engine\src\components\Landscape\Sky.tsx:50:16)
Warning: <pointsMaterial /> is using incorrect casing. Use PascalCase for React components, or lowercase for HTML elements.
    at pointsMaterial
    at points
    at group
    at Sky (E:\project\Anima-Engine\src\components\Landscape\Sky.tsx:50:16)
Warning: <boxGeometry /> is using incorrect casing. Use PascalCase for React components, or lowercase for HTML elements.
    at boxGeometry
    at mesh
    at group
    at group
    at group
    at Sky (E:\project\Anima-Engine\src\components\Landscape\Sky.tsx:50:16)
Warning: <meshStandardMaterial /> is using incorrect casing. Use PascalCase for React components, or lowercase for HTML elements.
    at meshStandardMaterial
    at mesh
    at group
    at group
    at group
    at Sky (E:\project\Anima-Engine\src\components\Landscape\Sky.tsx:50:16)
Warning: <boxGeometry /> is using incorrect casing. Use PascalCase for React components, or lowercase for HTML elements.
    at boxGeometry
    at mesh
    at group
    at group
    at group
    at Sky (E:\project\Anima-Engine\src\components\Landscape\Sky.tsx:50:16)
Warning: <meshStandardMaterial /> is using incorrect casing. Use PascalCase for React components, or lowercase for HTML elements.
    at meshStandardMaterial
    at mesh
    at group
    at group
    at group
    at Sky (E:\project\Anima-Engine\src\components\Landscape\Sky.tsx:50:16)
Warning: <boxGeometry /> is using incorrect casing. Use PascalCase for React components, or lowercase for HTML elements.
    at boxGeometry
    at mesh
    at group
    at group
    at group
    at Sky (E:\project\Anima-Engine\src\components\Landscape\Sky.tsx:50:16)
Warning: <meshStandardMaterial /> is using incorrect casing. Use PascalCase for React components, or lowercase for HTML elements.
    at meshStandardMaterial
    at mesh
    at group
    at group
    at group
    at Sky (E:\project\Anima-Engine\src\components\Landscape\Sky.tsx:50:16)
Warning: <boxGeometry /> is using incorrect casing. Use PascalCase for React components, or lowercase for HTML elements.
    at boxGeometry
    at mesh
    at group
    at group
    at group
    at Sky (E:\project\Anima-Engine\src\components\Landscape\Sky.tsx:50:16)
Warning: <meshStandardMaterial /> is using incorrect casing. Use PascalCase for React components, or lowercase for HTML elements.
    at meshStandardMaterial
    at mesh
    at group
    at group
    at group
    at Sky (E:\project\Anima-Engine\src\components\Landscape\Sky.tsx:50:16)
Warning: <boxGeometry /> is using incorrect casing. Use PascalCase for React components, or lowercase for HTML elements.
    at boxGeometry
    at mesh
    at group
    at group
    at group
    at Sky (E:\project\Anima-Engine\src\components\Landscape\Sky.tsx:50:16)
Warning: <meshStandardMaterial /> is using incorrect casing. Use PascalCase for React components, or lowercase for HTML elements.
    at meshStandardMaterial
    at mesh
    at group
    at group
    at group
    at Sky (E:\project\Anima-Engine\src\components\Landscape\Sky.tsx:50:16)
Warning: <boxGeometry /> is using incorrect casing. Use PascalCase for React components, or lowercase for HTML elements.
    at boxGeometry
    at mesh
    at group
    at group
    at group
    at Sky (E:\project\Anima-Engine\src\components\Landscape\Sky.tsx:50:16)
Warning: <meshStandardMaterial /> is using incorrect casing. Use PascalCase for React components, or lowercase for HTML elements.
    at meshStandardMaterial
    at mesh
    at group
    at group
    at group
    at Sky (E:\project\Anima-Engine\src\components\Landscape\Sky.tsx:50:16)
Warning: <boxGeometry /> is using incorrect casing. Use PascalCase for React components, or lowercase for HTML elements.
    at boxGeometry
    at mesh
    at group
    at group
    at group
    at Sky (E:\project\Anima-Engine\src\components\Landscape\Sky.tsx:50:16)
Warning: <meshStandardMaterial /> is using incorrect casing. Use PascalCase for React components, or lowercase for HTML elements.
    at meshStandardMaterial
    at mesh
    at group
    at group
    at group
    at Sky (E:\project\Anima-Engine\src\components\Landscape\Sky.tsx:50:16)
Warning: <boxGeometry /> is using incorrect casing. Use PascalCase for React components, or lowercase for HTML elements.
    at boxGeometry
    at mesh
    at group
    at group
    at group
    at Sky (E:\project\Anima-Engine\src\components\Landscape\Sky.tsx:50:16)
Warning: <meshStandardMaterial /> is using incorrect casing. Use PascalCase for React components, or lowercase for HTML elements.
    at meshStandardMaterial
    at mesh
    at group
    at group
    at group
    at Sky (E:\project\Anima-Engine\src\components\Landscape\Sky.tsx:50:16)
Warning: <boxGeometry /> is using incorrect casing. Use PascalCase for React components, or lowercase for HTML elements.
    at boxGeometry
    at mesh
    at group
    at group
    at group
    at Sky (E:\project\Anima-Engine\src\components\Landscape\Sky.tsx:50:16)
Warning: <meshStandardMaterial /> is using incorrect casing. Use PascalCase for React components, or lowercase for HTML elements.
    at meshStandardMaterial
    at mesh
    at group
    at group
    at group
    at Sky (E:\project\Anima-Engine\src\components\Landscape\Sky.tsx:50:16)
Warning: <boxGeometry /> is using incorrect casing. Use PascalCase for React components, or lowercase for HTML elements.
    at boxGeometry
    at mesh
    at group
    at group
    at group
    at Sky (E:\project\Anima-Engine\src\components\Landscape\Sky.tsx:50:16)
Warning: <meshStandardMaterial /> is using incorrect casing. Use PascalCase for React components, or lowercase for HTML elements.
    at meshStandardMaterial
    at mesh
    at group
    at group
    at group
    at Sky (E:\project\Anima-Engine\src\components\Landscape\Sky.tsx:50:16)
Warning: <boxGeometry /> is using incorrect casing. Use PascalCase for React components, or lowercase for HTML elements.
    at boxGeometry
    at mesh
    at group
    at group
    at group
    at Sky (E:\project\Anima-Engine\src\components\Landscape\Sky.tsx:50:16)
Warning: <meshStandardMaterial /> is using incorrect casing. Use PascalCase for React components, or lowercase for HTML elements.
    at meshStandardMaterial
    at mesh
    at group
    at group
    at group
    at Sky (E:\project\Anima-Engine\src\components\Landscape\Sky.tsx:50:16)
Warning: <boxGeometry /> is using incorrect casing. Use PascalCase for React components, or lowercase for HTML elements.
    at boxGeometry
    at mesh
    at group
    at group
    at group
    at Sky (E:\project\Anima-Engine\src\components\Landscape\Sky.tsx:50:16)
Warning: <meshStandardMaterial /> is using incorrect casing. Use PascalCase for React components, or lowercase for HTML elements.
    at meshStandardMaterial
    at mesh
    at group
    at group
    at group
    at Sky (E:\project\Anima-Engine\src\components\Landscape\Sky.tsx:50:16)
Warning: <boxGeometry /> is using incorrect casing. Use PascalCase for React components, or lowercase for HTML elements.
    at boxGeometry
    at mesh
    at group
    at group
    at group
    at Sky (E:\project\Anima-Engine\src\components\Landscape\Sky.tsx:50:16)
Warning: <meshStandardMaterial /> is using incorrect casing. Use PascalCase for React components, or lowercase for HTML elements.
    at meshStandardMaterial
    at mesh
    at group
    at group
    at group
    at Sky (E:\project\Anima-Engine\src\components\Landscape\Sky.tsx:50:16)
Warning: <boxGeometry /> is using incorrect casing. Use PascalCase for React components, or lowercase for HTML elements.
    at boxGeometry
    at mesh
    at group
    at group
    at group
    at Sky (E:\project\Anima-Engine\src\components\Landscape\Sky.tsx:50:16)
Warning: <meshStandardMaterial /> is using incorrect casing. Use PascalCase for React components, or lowercase for HTML elements.
    at meshStandardMaterial
    at mesh
    at group
    at group
    at group
    at Sky (E:\project\Anima-Engine\src\components\Landscape\Sky.tsx:50:16)
Warning: <boxGeometry /> is using incorrect casing. Use PascalCase for React components, or lowercase for HTML elements.
    at boxGeometry
    at mesh
    at group
    at group
    at group
    at Sky (E:\project\Anima-Engine\src\components\Landscape\Sky.tsx:50:16)
Warning: <meshStandardMaterial /> is using incorrect casing. Use PascalCase for React components, or lowercase for HTML elements.
    at meshStandardMaterial
    at mesh
    at group
    at group
    at group
    at Sky (E:\project\Anima-Engine\src\components\Landscape\Sky.tsx:50:16)
Warning: <boxGeometry /> is using incorrect casing. Use PascalCase for React components, or lowercase for HTML elements.
    at boxGeometry
    at mesh
    at group
    at group
    at group
    at Sky (E:\project\Anima-Engine\src\components\Landscape\Sky.tsx:50:16)
Warning: <meshStandardMaterial /> is using incorrect casing. Use PascalCase for React components, or lowercase for HTML elements.
    at meshStandardMaterial
    at mesh
    at group
    at group
    at group
    at Sky (E:\project\Anima-Engine\src\components\Landscape\Sky.tsx:50:16)
Warning: <boxGeometry /> is using incorrect casing. Use PascalCase for React components, or lowercase for HTML elements.
    at boxGeometry
    at mesh
    at group
    at group
    at group
    at Sky (E:\project\Anima-Engine\src\components\Landscape\Sky.tsx:50:16)
Warning: <meshStandardMaterial /> is using incorrect casing. Use PascalCase for React components, or lowercase for HTML elements.
    at meshStandardMaterial
    at mesh
    at group
    at group
    at group
    at Sky (E:\project\Anima-Engine\src\components\Landscape\Sky.tsx:50:16)
Warning: <boxGeometry /> is using incorrect casing. Use PascalCase for React components, or lowercase for HTML elements.
    at boxGeometry
    at mesh
    at group
    at group
    at group
    at Sky (E:\project\Anima-Engine\src\components\Landscape\Sky.tsx:50:16)
Warning: <meshStandardMaterial /> is using incorrect casing. Use PascalCase for React components, or lowercase for HTML elements.
    at meshStandardMaterial
    at mesh
    at group
    at group
    at group
    at Sky (E:\project\Anima-Engine\src\components\Landscape\Sky.tsx:50:16)
Warning: <sphereGeometry /> is using incorrect casing. Use PascalCase for React components, or lowercase for HTML elements.
    at sphereGeometry
    at mesh
    at group
    at Sky (E:\project\Anima-Engine\src\components\Landscape\Sky.tsx:50:16)
Warning: <meshBasicMaterial /> is using incorrect casing. Use PascalCase for React components, or lowercase for HTML elements.
    at meshBasicMaterial
    at mesh
    at group
    at Sky (E:\project\Anima-Engine\src\components\Landscape\Sky.tsx:50:16)
Warning: <directionalLight /> is using incorrect casing. Use PascalCase for React components, or lowercase for HTML elements.
    at directionalLight
    at group
    at Sky (E:\project\Anima-Engine\src\components\Landscape\Sky.tsx:50:16)
Warning: Received NaN for the `intensity` attribute. If this is expected, cast the value to a string.
    at directionalLight
    at group
    at Sky (E:\project\Anima-Engine\src\components\Landscape\Sky.tsx:50:16)
Warning: <hemisphereLight /> is using incorrect casing. Use PascalCase for React components, or lowercase for HTML elements.
    at hemisphereLight
    at group
    at Sky (E:\project\Anima-Engine\src\components\Landscape\Sky.tsx:50:16)
Warning: <ambientLight /> is using incorrect casing. Use PascalCase for React components, or lowercase for HTML elements.
    at ambientLight
    at group
    at Sky (E:\project\Anima-Engine\src\components\Landscape\Sky.tsx:50:16)
Warning: <boxGeometry /> is using incorrect casing. Use PascalCase for React components, or lowercase for HTML elements.
    at boxGeometry
    at mesh
    at group
    at group
    at group
    at Sky (E:\project\Anima-Engine\src\components\Landscape\Sky.tsx:50:16)
Warning: <meshStandardMaterial /> is using incorrect casing. Use PascalCase for React components, or lowercase for HTML elements.
    at meshStandardMaterial
    at mesh
    at group
    at group
    at group
    at Sky (E:\project\Anima-Engine\src\components\Landscape\Sky.tsx:50:16)
Warning: <boxGeometry /> is using incorrect casing. Use PascalCase for React components, or lowercase for HTML elements.
    at boxGeometry
    at mesh
    at group
    at group
    at group
    at Sky (E:\project\Anima-Engine\src\components\Landscape\Sky.tsx:50:16)
Warning: <meshStandardMaterial /> is using incorrect casing. Use PascalCase for React components, or lowercase for HTML elements.
    at meshStandardMaterial
    at mesh
    at group
    at group
    at group
    at Sky (E:\project\Anima-Engine\src\components\Landscape\Sky.tsx:50:16)
Warning: <boxGeometry /> is using incorrect casing. Use PascalCase for React components, or lowercase for HTML elements.
    at boxGeometry
    at mesh
    at group
    at group
    at group
    at Sky (E:\project\Anima-Engine\src\components\Landscape\Sky.tsx:50:16)
Warning: <meshStandardMaterial /> is using incorrect casing. Use PascalCase for React components, or lowercase for HTML elements.
    at meshStandardMaterial
    at mesh
    at group
    at group
    at group
    at Sky (E:\project\Anima-Engine\src\components\Landscape\Sky.tsx:50:16)
Warning: <boxGeometry /> is using incorrect casing. Use PascalCase for React components, or lowercase for HTML elements.
    at boxGeometry
    at mesh
    at group
    at group
    at group
    at Sky (E:\project\Anima-Engine\src\components\Landscape\Sky.tsx:50:16)
Warning: <meshStandardMaterial /> is using incorrect casing. Use PascalCase for React components, or lowercase for HTML elements.
    at meshStandardMaterial
    at mesh
    at group
    at group
    at group
    at Sky (E:\project\Anima-Engine\src\components\Landscape\Sky.tsx:50:16)
Warning: <boxGeometry /> is using incorrect casing. Use PascalCase for React components, or lowercase for HTML elements.
    at boxGeometry
    at mesh
    at group
    at group
    at group
    at Sky (E:\project\Anima-Engine\src\components\Landscape\Sky.tsx:50:16)
Warning: <meshStandardMaterial /> is using incorrect casing. Use PascalCase for React components, or lowercase for HTML elements.
    at meshStandardMaterial
    at mesh
    at group
    at group
    at group
    at Sky (E:\project\Anima-Engine\src\components\Landscape\Sky.tsx:50:16)
Warning: <boxGeometry /> is using incorrect casing. Use PascalCase for React components, or lowercase for HTML elements.
    at boxGeometry
    at mesh
    at group
    at group
    at group
    at Sky (E:\project\Anima-Engine\src\components\Landscape\Sky.tsx:50:16)
Warning: <meshStandardMaterial /> is using incorrect casing. Use PascalCase for React components, or lowercase for HTML elements.
    at meshStandardMaterial
    at mesh
    at group
    at group
    at group
    at Sky (E:\project\Anima-Engine\src\components\Landscape\Sky.tsx:50:16)
Warning: <boxGeometry /> is using incorrect casing. Use PascalCase for React components, or lowercase for HTML elements.
    at boxGeometry
    at mesh
    at group
    at group
    at group
    at Sky (E:\project\Anima-Engine\src\components\Landscape\Sky.tsx:50:16)
Warning: <meshStandardMaterial /> is using incorrect casing. Use PascalCase for React components, or lowercase for HTML elements.
    at meshStandardMaterial
    at mesh
    at group
    at group
    at group
    at Sky (E:\project\Anima-Engine\src\components\Landscape\Sky.tsx:50:16)
Warning: <boxGeometry /> is using incorrect casing. Use PascalCase for React components, or lowercase for HTML elements.
    at boxGeometry
    at mesh
    at group
    at group
    at group
    at Sky (E:\project\Anima-Engine\src\components\Landscape\Sky.tsx:50:16)
Warning: <meshStandardMaterial /> is using incorrect casing. Use PascalCase for React components, or lowercase for HTML elements.
    at meshStandardMaterial
    at mesh
    at group
    at group
    at group
    at Sky (E:\project\Anima-Engine\src\components\Landscape\Sky.tsx:50:16)
Warning: <boxGeometry /> is using incorrect casing. Use PascalCase for React components, or lowercase for HTML elements.
    at boxGeometry
    at mesh
    at group
    at group
    at group
    at Sky (E:\project\Anima-Engine\src\components\Landscape\Sky.tsx:50:16)
Warning: <meshStandardMaterial /> is using incorrect casing. Use PascalCase for React components, or lowercase for HTML elements.
    at meshStandardMaterial
    at mesh
    at group
    at group
    at group
    at Sky (E:\project\Anima-Engine\src\components\Landscape\Sky.tsx:50:16)
Warning: <boxGeometry /> is using incorrect casing. Use PascalCase for React components, or lowercase for HTML elements.
    at boxGeometry
    at mesh
    at group
    at group
    at group
    at Sky (E:\project\Anima-Engine\src\components\Landscape\Sky.tsx:50:16)
Warning: <meshStandardMaterial /> is using incorrect casing. Use PascalCase for React components, or lowercase for HTML elements.
    at meshStandardMaterial
    at mesh
    at group
    at group
    at group
    at Sky (E:\project\Anima-Engine\src\components\Landscape\Sky.tsx:50:16)
Warning: <boxGeometry /> is using incorrect casing. Use PascalCase for React components, or lowercase for HTML elements.
    at boxGeometry
    at mesh
    at group
    at group
    at group
    at Sky (E:\project\Anima-Engine\src\components\Landscape\Sky.tsx:50:16)
Warning: <meshStandardMaterial /> is using incorrect casing. Use PascalCase for React components, or lowercase for HTML elements.
    at meshStandardMaterial
    at mesh
    at group
    at group
    at group
    at Sky (E:\project\Anima-Engine\src\components\Landscape\Sky.tsx:50:16)
Warning: <boxGeometry /> is using incorrect casing. Use PascalCase for React components, or lowercase for HTML elements.
    at boxGeometry
    at mesh
    at group
    at group
    at group
    at Sky (E:\project\Anima-Engine\src\components\Landscape\Sky.tsx:50:16)
Warning: <meshStandardMaterial /> is using incorrect casing. Use PascalCase for React components, or lowercase for HTML elements.
    at meshStandardMaterial
    at mesh
    at group
    at group
    at group
    at Sky (E:\project\Anima-Engine\src\components\Landscape\Sky.tsx:50:16)
Warning: <boxGeometry /> is using incorrect casing. Use PascalCase for React components, or lowercase for HTML elements.
    at boxGeometry
    at mesh
    at group
    at group
    at group
    at Sky (E:\project\Anima-Engine\src\components\Landscape\Sky.tsx:50:16)
Warning: <meshStandardMaterial /> is using incorrect casing. Use PascalCase for React components, or lowercase for HTML elements.
    at meshStandardMaterial
    at mesh
    at group
    at group
    at group
    at Sky (E:\project\Anima-Engine\src\components\Landscape\Sky.tsx:50:16)
Warning: <boxGeometry /> is using incorrect casing. Use PascalCase for React components, or lowercase for HTML elements.
    at boxGeometry
    at mesh
    at group
    at group
    at group
    at Sky (E:\project\Anima-Engine\src\components\Landscape\Sky.tsx:50:16)
Warning: <meshStandardMaterial /> is using incorrect casing. Use PascalCase for React components, or lowercase for HTML elements.
    at meshStandardMaterial
    at mesh
    at group
    at group
    at group
    at Sky (E:\project\Anima-Engine\src\components\Landscape\Sky.tsx:50:16)
Warning: <boxGeometry /> is using incorrect casing. Use PascalCase for React components, or lowercase for HTML elements.
    at boxGeometry
    at mesh
    at group
    at group
    at group
    at Sky (E:\project\Anima-Engine\src\components\Landscape\Sky.tsx:50:16)
Warning: <meshStandardMaterial /> is using incorrect casing. Use PascalCase for React components, or lowercase for HTML elements.
    at meshStandardMaterial
    at mesh
    at group
    at group
    at group
    at Sky (E:\project\Anima-Engine\src\components\Landscape\Sky.tsx:50:16)
Warning: <boxGeometry /> is using incorrect casing. Use PascalCase for React components, or lowercase for HTML elements.
    at boxGeometry
    at mesh
    at group
    at group
    at group
    at Sky (E:\project\Anima-Engine\src\components\Landscape\Sky.tsx:50:16)
Warning: <meshStandardMaterial /> is using incorrect casing. Use PascalCase for React components, or lowercase for HTML elements.
    at meshStandardMaterial
    at mesh
    at group
    at group
    at group
    at Sky (E:\project\Anima-Engine\src\components\Landscape\Sky.tsx:50:16)
Warning: <boxGeometry /> is using incorrect casing. Use PascalCase for React components, or lowercase for HTML elements.
    at boxGeometry
    at mesh
    at group
    at group
    at group
    at Sky (E:\project\Anima-Engine\src\components\Landscape\Sky.tsx:50:16)
Warning: <meshStandardMaterial /> is using incorrect casing. Use PascalCase for React components, or lowercase for HTML elements.
    at meshStandardMaterial
    at mesh
    at group
    at group
    at group
    at Sky (E:\project\Anima-Engine\src\components\Landscape\Sky.tsx:50:16)
Warning: <boxGeometry /> is using incorrect casing. Use PascalCase for React components, or lowercase for HTML elements.
    at boxGeometry
    at mesh
    at group
    at group
    at group
    at Sky (E:\project\Anima-Engine\src\components\Landscape\Sky.tsx:50:16)
Warning: <meshStandardMaterial /> is using incorrect casing. Use PascalCase for React components, or lowercase for HTML elements.
    at meshStandardMaterial
    at mesh
    at group
    at group
    at group
    at Sky (E:\project\Anima-Engine\src\components\Landscape\Sky.tsx:50:16)
Warning: Received NaN for the `data-time-of-day` attribute. If this is expected, cast the value to a string.
    at group
    at Sky (E:\project\Anima-Engine\src\components\Landscape\Sky.tsx:50:16)
Warning: Received NaN for the `data-light-intensity` attribute. If this is expected, cast the value to a string.
    at group
    at Sky (E:\project\Anima-Engine\src\components\Landscape\Sky.tsx:50:16)
Warning: <sphereGeometry /> is using incorrect casing. Use PascalCase for React components, or lowercase for HTML elements.
    at sphereGeometry
    at mesh
    at group
    at Sky (E:\project\Anima-Engine\src\components\Landscape\Sky.tsx:50:16)
Warning: <meshBasicMaterial /> is using incorrect casing. Use PascalCase for React components, or lowercase for HTML elements.
    at meshBasicMaterial
    at mesh
    at group
    at Sky (E:\project\Anima-Engine\src\components\Landscape\Sky.tsx:50:16)
Warning: <directionalLight /> is using incorrect casing. Use PascalCase for React components, or lowercase for HTML elements.
    at directionalLight
    at group
    at Sky (E:\project\Anima-Engine\src\components\Landscape\Sky.tsx:50:16)
Warning: <hemisphereLight /> is using incorrect casing. Use PascalCase for React components, or lowercase for HTML elements.
    at hemisphereLight
    at group
    at Sky (E:\project\Anima-Engine\src\components\Landscape\Sky.tsx:50:16)
Warning: <ambientLight /> is using incorrect casing. Use PascalCase for React components, or lowercase for HTML elements.
    at ambientLight
    at group
    at Sky (E:\project\Anima-Engine\src\components\Landscape\Sky.tsx:50:16)
Warning: <boxGeometry /> is using incorrect casing. Use PascalCase for React components, or lowercase for HTML elements.
    at boxGeometry
    at mesh
    at group
    at group
    at group
    at Sky (E:\project\Anima-Engine\src\components\Landscape\Sky.tsx:50:16)
Warning: <meshStandardMaterial /> is using incorrect casing. Use PascalCase for React components, or lowercase for HTML elements.
    at meshStandardMaterial
    at mesh
    at group
    at group
    at group
    at Sky (E:\project\Anima-Engine\src\components\Landscape\Sky.tsx:50:16)
Warning: <boxGeometry /> is using incorrect casing. Use PascalCase for React components, or lowercase for HTML elements.
    at boxGeometry
    at mesh
    at group
    at group
    at group
    at Sky (E:\project\Anima-Engine\src\components\Landscape\Sky.tsx:50:16)
Warning: <meshStandardMaterial /> is using incorrect casing. Use PascalCase for React components, or lowercase for HTML elements.
    at meshStandardMaterial
    at mesh
    at group
    at group
    at group
    at Sky (E:\project\Anima-Engine\src\components\Landscape\Sky.tsx:50:16)
Warning: <boxGeometry /> is using incorrect casing. Use PascalCase for React components, or lowercase for HTML elements.
    at boxGeometry
    at mesh
    at group
    at group
    at group
    at Sky (E:\project\Anima-Engine\src\components\Landscape\Sky.tsx:50:16)
Warning: <meshStandardMaterial /> is using incorrect casing. Use PascalCase for React components, or lowercase for HTML elements.
    at meshStandardMaterial
    at mesh
    at group
    at group
    at group
    at Sky (E:\project\Anima-Engine\src\components\Landscape\Sky.tsx:50:16)
Warning: <boxGeometry /> is using incorrect casing. Use PascalCase for React components, or lowercase for HTML elements.
    at boxGeometry
    at mesh
    at group
    at group
    at group
    at Sky (E:\project\Anima-Engine\src\components\Landscape\Sky.tsx:50:16)
Warning: <meshStandardMaterial /> is using incorrect casing. Use PascalCase for React components, or lowercase for HTML elements.
    at meshStandardMaterial
    at mesh
    at group
    at group
    at group
    at Sky (E:\project\Anima-Engine\src\components\Landscape\Sky.tsx:50:16)
Warning: <boxGeometry /> is using incorrect casing. Use PascalCase for React components, or lowercase for HTML elements.
    at boxGeometry
    at mesh
    at group
    at group
    at group
    at Sky (E:\project\Anima-Engine\src\components\Landscape\Sky.tsx:50:16)
Warning: <meshStandardMaterial /> is using incorrect casing. Use PascalCase for React components, or lowercase for HTML elements.
    at meshStandardMaterial
    at mesh
    at group
    at group
    at group
    at Sky (E:\project\Anima-Engine\src\components\Landscape\Sky.tsx:50:16)
Warning: <boxGeometry /> is using incorrect casing. Use PascalCase for React components, or lowercase for HTML elements.
    at boxGeometry
    at mesh
    at group
    at group
    at group
    at Sky (E:\project\Anima-Engine\src\components\Landscape\Sky.tsx:50:16)
Warning: <meshStandardMaterial /> is using incorrect casing. Use PascalCase for React components, or lowercase for HTML elements.
    at meshStandardMaterial
    at mesh
    at group
    at group
    at group
    at Sky (E:\project\Anima-Engine\src\components\Landscape\Sky.tsx:50:16)
Warning: <boxGeometry /> is using incorrect casing. Use PascalCase for React components, or lowercase for HTML elements.
    at boxGeometry
    at mesh
    at group
    at group
    at group
    at Sky (E:\project\Anima-Engine\src\components\Landscape\Sky.tsx:50:16)
Warning: <meshStandardMaterial /> is using incorrect casing. Use PascalCase for React components, or lowercase for HTML elements.
    at meshStandardMaterial
    at mesh
    at group
    at group
    at group
    at Sky (E:\project\Anima-Engine\src\components\Landscape\Sky.tsx:50:16)
Warning: <boxGeometry /> is using incorrect casing. Use PascalCase for React components, or lowercase for HTML elements.
    at boxGeometry
    at mesh
    at group
    at group
    at group
    at Sky (E:\project\Anima-Engine\src\components\Landscape\Sky.tsx:50:16)
Warning: <meshStandardMaterial /> is using incorrect casing. Use PascalCase for React components, or lowercase for HTML elements.
    at meshStandardMaterial
    at mesh
    at group
    at group
    at group
    at Sky (E:\project\Anima-Engine\src\components\Landscape\Sky.tsx:50:16)
Warning: <boxGeometry /> is using incorrect casing. Use PascalCase for React components, or lowercase for HTML elements.
    at boxGeometry
    at mesh
    at group
    at group
    at group
    at Sky (E:\project\Anima-Engine\src\components\Landscape\Sky.tsx:50:16)
Warning: <meshStandardMaterial /> is using incorrect casing. Use PascalCase for React components, or lowercase for HTML elements.
    at meshStandardMaterial
    at mesh
    at group
    at group
    at group
    at Sky (E:\project\Anima-Engine\src\components\Landscape\Sky.tsx:50:16)
Warning: <boxGeometry /> is using incorrect casing. Use PascalCase for React components, or lowercase for HTML elements.
    at boxGeometry
    at mesh
    at group
    at group
    at group
    at Sky (E:\project\Anima-Engine\src\components\Landscape\Sky.tsx:50:16)
Warning: <meshStandardMaterial /> is using incorrect casing. Use PascalCase for React components, or lowercase for HTML elements.
    at meshStandardMaterial
    at mesh
    at group
    at group
    at group
    at Sky (E:\project\Anima-Engine\src\components\Landscape\Sky.tsx:50:16)
Warning: <boxGeometry /> is using incorrect casing. Use PascalCase for React components, or lowercase for HTML elements.
    at boxGeometry
    at mesh
    at group
    at group
    at group
    at Sky (E:\project\Anima-Engine\src\components\Landscape\Sky.tsx:50:16)
Warning: <meshStandardMaterial /> is using incorrect casing. Use PascalCase for React components, or lowercase for HTML elements.
    at meshStandardMaterial
    at mesh
    at group
    at group
    at group
    at Sky (E:\project\Anima-Engine\src\components\Landscape\Sky.tsx:50:16)
Warning: <boxGeometry /> is using incorrect casing. Use PascalCase for React components, or lowercase for HTML elements.
    at boxGeometry
    at mesh
    at group
    at group
    at group
    at Sky (E:\project\Anima-Engine\src\components\Landscape\Sky.tsx:50:16)
Warning: <meshStandardMaterial /> is using incorrect casing. Use PascalCase for React components, or lowercase for HTML elements.
    at meshStandardMaterial
    at mesh
    at group
    at group
    at group
    at Sky (E:\project\Anima-Engine\src\components\Landscape\Sky.tsx:50:16)
Warning: <boxGeometry /> is using incorrect casing. Use PascalCase for React components, or lowercase for HTML elements.
    at boxGeometry
    at mesh
    at group
    at group
    at group
    at Sky (E:\project\Anima-Engine\src\components\Landscape\Sky.tsx:50:16)
Warning: <meshStandardMaterial /> is using incorrect casing. Use PascalCase for React components, or lowercase for HTML elements.
    at meshStandardMaterial
    at mesh
    at group
    at group
    at group
    at Sky (E:\project\Anima-Engine\src\components\Landscape\Sky.tsx:50:16)
Warning: <boxGeometry /> is using incorrect casing. Use PascalCase for React components, or lowercase for HTML elements.
    at boxGeometry
    at mesh
    at group
    at group
    at group
    at Sky (E:\project\Anima-Engine\src\components\Landscape\Sky.tsx:50:16)
Warning: <meshStandardMaterial /> is using incorrect casing. Use PascalCase for React components, or lowercase for HTML elements.
    at meshStandardMaterial
    at mesh
    at group
    at group
    at group
    at Sky (E:\project\Anima-Engine\src\components\Landscape\Sky.tsx:50:16)
Warning: <boxGeometry /> is using incorrect casing. Use PascalCase for React components, or lowercase for HTML elements.
    at boxGeometry
    at mesh
    at group
    at group
    at group
    at Sky (E:\project\Anima-Engine\src\components\Landscape\Sky.tsx:50:16)
Warning: <meshStandardMaterial /> is using incorrect casing. Use PascalCase for React components, or lowercase for HTML elements.
    at meshStandardMaterial
    at mesh
    at group
    at group
    at group
    at Sky (E:\project\Anima-Engine\src\components\Landscape\Sky.tsx:50:16)
Warning: <boxGeometry /> is using incorrect casing. Use PascalCase for React components, or lowercase for HTML elements.
    at boxGeometry
    at mesh
    at group
    at group
    at group
    at Sky (E:\project\Anima-Engine\src\components\Landscape\Sky.tsx:50:16)
Warning: <meshStandardMaterial /> is using incorrect casing. Use PascalCase for React components, or lowercase for HTML elements.
    at meshStandardMaterial
    at mesh
    at group
    at group
    at group
    at Sky (E:\project\Anima-Engine\src\components\Landscape\Sky.tsx:50:16)
Warning: <boxGeometry /> is using incorrect casing. Use PascalCase for React components, or lowercase for HTML elements.
    at boxGeometry
    at mesh
    at group
    at group
    at group
    at Sky (E:\project\Anima-Engine\src\components\Landscape\Sky.tsx:50:16)
Warning: <meshStandardMaterial /> is using incorrect casing. Use PascalCase for React components, or lowercase for HTML elements.
    at meshStandardMaterial
    at mesh
    at group
    at group
    at group
    at Sky (E:\project\Anima-Engine\src\components\Landscape\Sky.tsx:50:16)
Warning: <boxGeometry /> is using incorrect casing. Use PascalCase for React components, or lowercase for HTML elements.
    at boxGeometry
    at mesh
    at group
    at group
    at group
    at Sky (E:\project\Anima-Engine\src\components\Landscape\Sky.tsx:50:16)
Warning: <meshStandardMaterial /> is using incorrect casing. Use PascalCase for React components, or lowercase for HTML elements.
    at meshStandardMaterial
    at mesh
    at group
    at group
    at group
    at Sky (E:\project\Anima-Engine\src\components\Landscape\Sky.tsx:50:16)

[90mstderr[2m | frontend/landscape_showcase_adversarial.test.tsx[2m > [22m[2mLandscape Showcase Adversarial Test Suite (Tier 5)[2m > [22m[2m4. Sky Component Day-Night Cycle Boundary Settings[2m > [22m[2mshould handle boundary exact timeOfDay values at keyframes[22m[39m
Warning: <sphereGeometry /> is using incorrect casing. Use PascalCase for React components, or lowercase for HTML elements.
    at sphereGeometry
    at mesh
    at group
    at Sky (E:\project\Anima-Engine\src\components\Landscape\Sky.tsx:50:16)
Warning: <meshBasicMaterial /> is using incorrect casing. Use PascalCase for React components, or lowercase for HTML elements.
    at meshBasicMaterial
    at mesh
    at group
    at Sky (E:\project\Anima-Engine\src\components\Landscape\Sky.tsx:50:16)
Warning: <directionalLight /> is using incorrect casing. Use PascalCase for React components, or lowercase for HTML elements.
    at directionalLight
    at group
    at Sky (E:\project\Anima-Engine\src\components\Landscape\Sky.tsx:50:16)
Warning: <directionalLight /> is using incorrect casing. Use PascalCase for React components, or lowercase for HTML elements.
    at directionalLight
    at group
    at Sky (E:\project\Anima-Engine\src\components\Landscape\Sky.tsx:50:16)
Warning: <hemisphereLight /> is using incorrect casing. Use PascalCase for React components, or lowercase for HTML elements.
    at hemisphereLight
    at group
    at Sky (E:\project\Anima-Engine\src\components\Landscape\Sky.tsx:50:16)
Warning: <ambientLight /> is using incorrect casing. Use PascalCase for React components, or lowercase for HTML elements.
    at ambientLight
    at group
    at Sky (E:\project\Anima-Engine\src\components\Landscape\Sky.tsx:50:16)
Warning: <sphereGeometry /> is using incorrect casing. Use PascalCase for React components, or lowercase for HTML elements.
    at sphereGeometry
    at mesh
    at group
    at Sky (E:\project\Anima-Engine\src\components\Landscape\Sky.tsx:50:16)
Warning: <meshBasicMaterial /> is using incorrect casing. Use PascalCase for React components, or lowercase for HTML elements.
    at meshBasicMaterial
    at mesh
    at group
    at Sky (E:\project\Anima-Engine\src\components\Landscape\Sky.tsx:50:16)
Warning: <bufferAttribute /> is using incorrect casing. Use PascalCase for React components, or lowercase for HTML elements.
    at bufferAttribute
    at bufferGeometry
    at points
    at group
    at Sky (E:\project\Anima-Engine\src\components\Landscape\Sky.tsx:50:16)
Warning: <bufferGeometry /> is using incorrect casing. Use PascalCase for React components, or lowercase for HTML elements.
    at bufferGeometry
    at points
    at group
    at Sky (E:\project\Anima-Engine\src\components\Landscape\Sky.tsx:50:16)
Warning: <pointsMaterial /> is using incorrect casing. Use PascalCase for React components, or lowercase for HTML elements.
    at pointsMaterial
    at points
    at group
    at Sky (E:\project\Anima-Engine\src\components\Landscape\Sky.tsx:50:16)
Warning: <boxGeometry /> is using incorrect casing. Use PascalCase for React components, or lowercase for HTML elements.
    at boxGeometry
    at mesh
    at group
    at group
    at group
    at Sky (E:\project\Anima-Engine\src\components\Landscape\Sky.tsx:50:16)
Warning: <meshStandardMaterial /> is using incorrect casing. Use PascalCase for React components, or lowercase for HTML elements.
    at meshStandardMaterial
    at mesh
    at group
    at group
    at group
    at Sky (E:\project\Anima-Engine\src\components\Landscape\Sky.tsx:50:16)
Warning: <boxGeometry /> is using incorrect casing. Use PascalCase for React components, or lowercase for HTML elements.
    at boxGeometry
    at mesh
    at group
    at group
    at group
    at Sky (E:\project\Anima-Engine\src\components\Landscape\Sky.tsx:50:16)
Warning: <meshStandardMaterial /> is using incorrect casing. Use PascalCase for React components, or lowercase for HTML elements.
    at meshStandardMaterial
    at mesh
    at group
    at group
    at group
    at Sky (E:\project\Anima-Engine\src\components\Landscape\Sky.tsx:50:16)
Warning: <boxGeometry /> is using incorrect casing. Use PascalCase for React components, or lowercase for HTML elements.
    at boxGeometry
    at mesh
    at group
    at group
    at group
    at Sky (E:\project\Anima-Engine\src\components\Landscape\Sky.tsx:50:16)
Warning: <meshStandardMaterial /> is using incorrect casing. Use PascalCase for React components, or lowercase for HTML elements.
    at meshStandardMaterial
    at mesh
    at group
    at group
    at group
    at Sky (E:\project\Anima-Engine\src\components\Landscape\Sky.tsx:50:16)
Warning: <boxGeometry /> is using incorrect casing. Use PascalCase for React components, or lowercase for HTML elements.
    at boxGeometry
    at mesh
    at group
    at group
    at group
    at Sky (E:\project\Anima-Engine\src\components\Landscape\Sky.tsx:50:16)
Warning: <meshStandardMaterial /> is using incorrect casing. Use PascalCase for React components, or lowercase for HTML elements.
    at meshStandardMaterial
    at mesh
    at group
    at group
    at group
    at Sky (E:\project\Anima-Engine\src\components\Landscape\Sky.tsx:50:16)
Warning: <boxGeometry /> is using incorrect casing. Use PascalCase for React components, or lowercase for HTML elements.
    at boxGeometry
    at mesh
    at group
    at group
    at group
    at Sky (E:\project\Anima-Engine\src\components\Landscape\Sky.tsx:50:16)
Warning: <meshStandardMaterial /> is using incorrect casing. Use PascalCase for React components, or lowercase for HTML elements.
    at meshStandardMaterial
    at mesh
    at group
    at group
    at group
    at Sky (E:\project\Anima-Engine\src\components\Landscape\Sky.tsx:50:16)
Warning: <boxGeometry /> is using incorrect casing. Use PascalCase for React components, or lowercase for HTML elements.
    at boxGeometry
    at mesh
    at group
    at group
    at group
    at Sky (E:\project\Anima-Engine\src\components\Landscape\Sky.tsx:50:16)
Warning: <meshStandardMaterial /> is using incorrect casing. Use PascalCase for React components, or lowercase for HTML elements.
    at meshStandardMaterial
    at mesh
    at group
    at group
    at group
    at Sky (E:\project\Anima-Engine\src\components\Landscape\Sky.tsx:50:16)
Warning: <boxGeometry /> is using incorrect casing. Use PascalCase for React components, or lowercase for HTML elements.
    at boxGeometry
    at mesh
    at group
    at group
    at group
    at Sky (E:\project\Anima-Engine\src\components\Landscape\Sky.tsx:50:16)
Warning: <meshStandardMaterial /> is using incorrect casing. Use PascalCase for React components, or lowercase for HTML elements.
    at meshStandardMaterial
    at mesh
    at group
    at group
    at group
    at Sky (E:\project\Anima-Engine\src\components\Landscape\Sky.tsx:50:16)
Warning: <boxGeometry /> is using incorrect casing. Use PascalCase for React components, or lowercase for HTML elements.
    at boxGeometry
    at mesh
    at group
    at group
    at group
    at Sky (E:\project\Anima-Engine\src\components\Landscape\Sky.tsx:50:16)
Warning: <meshStandardMaterial /> is using incorrect casing. Use PascalCase for React components, or lowercase for HTML elements.
    at meshStandardMaterial
    at mesh
    at group
    at group
    at group
    at Sky (E:\project\Anima-Engine\src\components\Landscape\Sky.tsx:50:16)
Warning: <boxGeometry /> is using incorrect casing. Use PascalCase for React components, or lowercase for HTML elements.
    at boxGeometry
    at mesh
    at group
    at group
    at group
    at Sky (E:\project\Anima-Engine\src\components\Landscape\Sky.tsx:50:16)
Warning: <meshStandardMaterial /> is using incorrect casing. Use PascalCase for React components, or lowercase for HTML elements.
    at meshStandardMaterial
    at mesh
    at group
    at group
    at group
    at Sky (E:\project\Anima-Engine\src\components\Landscape\Sky.tsx:50:16)
Warning: <boxGeometry /> is using incorrect casing. Use PascalCase for React components, or lowercase for HTML elements.
    at boxGeometry
    at mesh
    at group
    at group
    at group
    at Sky (E:\project\Anima-Engine\src\components\Landscape\Sky.tsx:50:16)
Warning: <meshStandardMaterial /> is using incorrect casing. Use PascalCase for React components, or lowercase for HTML elements.
    at meshStandardMaterial
    at mesh
    at group
    at group
    at group
    at Sky (E:\project\Anima-Engine\src\components\Landscape\Sky.tsx:50:16)
Warning: <boxGeometry /> is using incorrect casing. Use PascalCase for React components, or lowercase for HTML elements.
    at boxGeometry
    at mesh
    at group
    at group
    at group
    at Sky (E:\project\Anima-Engine\src\components\Landscape\Sky.tsx:50:16)
Warning: <meshStandardMaterial /> is using incorrect casing. Use PascalCase for React components, or lowercase for HTML elements.
    at meshStandardMaterial
    at mesh
    at group
    at group
    at group
    at Sky (E:\project\Anima-Engine\src\components\Landscape\Sky.tsx:50:16)
Warning: <boxGeometry /> is using incorrect casing. Use PascalCase for React components, or lowercase for HTML elements.
    at boxGeometry
    at mesh
    at group
    at group
    at group
    at Sky (E:\project\Anima-Engine\src\components\Landscape\Sky.tsx:50:16)
Warning: <meshStandardMaterial /> is using incorrect casing. Use PascalCase for React components, or lowercase for HTML elements.
    at meshStandardMaterial
    at mesh
    at group
    at group
    at group
    at Sky (E:\project\Anima-Engine\src\components\Landscape\Sky.tsx:50:16)
Warning: <boxGeometry /> is using incorrect casing. Use PascalCase for React components, or lowercase for HTML elements.
    at boxGeometry
    at mesh
    at group
    at group
    at group
    at Sky (E:\project\Anima-Engine\src\components\Landscape\Sky.tsx:50:16)
Warning: <meshStandardMaterial /> is using incorrect casing. Use PascalCase for React components, or lowercase for HTML elements.
    at meshStandardMaterial
    at mesh
    at group
    at group
    at group
    at Sky (E:\project\Anima-Engine\src\components\Landscape\Sky.tsx:50:16)
Warning: <boxGeometry /> is using incorrect casing. Use PascalCase for React components, or lowercase for HTML elements.
    at boxGeometry
    at mesh
    at group
    at group
    at group
    at Sky (E:\project\Anima-Engine\src\components\Landscape\Sky.tsx:50:16)
Warning: <meshStandardMaterial /> is using incorrect casing. Use PascalCase for React components, or lowercase for HTML elements.
    at meshStandardMaterial
    at mesh
    at group
    at group
    at group
    at Sky (E:\project\Anima-Engine\src\components\Landscape\Sky.tsx:50:16)
Warning: <boxGeometry /> is using incorrect casing. Use PascalCase for React components, or lowercase for HTML elements.
    at boxGeometry
    at mesh
    at group
    at group
    at group
    at Sky (E:\project\Anima-Engine\src\components\Landscape\Sky.tsx:50:16)
Warning: <meshStandardMaterial /> is using incorrect casing. Use PascalCase for React components, or lowercase for HTML elements.
    at meshStandardMaterial
    at mesh
    at group
    at group
    at group
    at Sky (E:\project\Anima-Engine\src\components\Landscape\Sky.tsx:50:16)
Warning: <boxGeometry /> is using incorrect casing. Use PascalCase for React components, or lowercase for HTML elements.
    at boxGeometry
    at mesh
    at group
    at group
    at group
    at Sky (E:\project\Anima-Engine\src\components\Landscape\Sky.tsx:50:16)
Warning: <meshStandardMaterial /> is using incorrect casing. Use PascalCase for React components, or lowercase for HTML elements.
    at meshStandardMaterial
    at mesh
    at group
    at group
    at group
    at Sky (E:\project\Anima-Engine\src\components\Landscape\Sky.tsx:50:16)
Warning: <boxGeometry /> is using incorrect casing. Use PascalCase for React components, or lowercase for HTML elements.
    at boxGeometry
    at mesh
    at group
    at group
    at group
    at Sky (E:\project\Anima-Engine\src\components\Landscape\Sky.tsx:50:16)
Warning: <meshStandardMaterial /> is using incorrect casing. Use PascalCase for React components, or lowercase for HTML elements.
    at meshStandardMaterial
    at mesh
    at group
    at group
    at group
    at Sky (E:\project\Anima-Engine\src\components\Landscape\Sky.tsx:50:16)
Warning: <boxGeometry /> is using incorrect casing. Use PascalCase for React components, or lowercase for HTML elements.
    at boxGeometry
    at mesh
    at group
    at group
    at group
    at Sky (E:\project\Anima-Engine\src\components\Landscape\Sky.tsx:50:16)
Warning: <meshStandardMaterial /> is using incorrect casing. Use PascalCase for React components, or lowercase for HTML elements.
    at meshStandardMaterial
    at mesh
    at group
    at group
    at group
    at Sky (E:\project\Anima-Engine\src\components\Landscape\Sky.tsx:50:16)
Warning: <sphereGeometry /> is using incorrect casing. Use PascalCase for React components, or lowercase for HTML elements.
    at sphereGeometry
    at mesh
    at group
    at Sky (E:\project\Anima-Engine\src\components\Landscape\Sky.tsx:50:16)
Warning: <meshBasicMaterial /> is using incorrect casing. Use PascalCase for React components, or lowercase for HTML elements.
    at meshBasicMaterial
    at mesh
    at group
    at Sky (E:\project\Anima-Engine\src\components\Landscape\Sky.tsx:50:16)
Warning: <directionalLight /> is using incorrect casing. Use PascalCase for React components, or lowercase for HTML elements.
    at directionalLight
    at group
    at Sky (E:\project\Anima-Engine\src\components\Landscape\Sky.tsx:50:16)
Warning: <directionalLight /> is using incorrect casing. Use PascalCase for React components, or lowercase for HTML elements.
    at directionalLight
    at group
    at Sky (E:\project\Anima-Engine\src\components\Landscape\Sky.tsx:50:16)
Warning: <hemisphereLight /> is using incorrect casing. Use PascalCase for React components, or lowercase for HTML elements.
    at hemisphereLight
    at group
    at Sky (E:\project\Anima-Engine\src\components\Landscape\Sky.tsx:50:16)
Warning: <ambientLight /> is using incorrect casing. Use PascalCase for React components, or lowercase for HTML elements.
    at ambientLight
    at group
    at Sky (E:\project\Anima-Engine\src\components\Landscape\Sky.tsx:50:16)
Warning: <sphereGeometry /> is using incorrect casing. Use PascalCase for React components, or lowercase for HTML elements.
    at sphereGeometry
    at mesh
    at group
    at Sky (E:\project\Anima-Engine\src\components\Landscape\Sky.tsx:50:16)
Warning: <meshBasicMaterial /> is using incorrect casing. Use PascalCase for React components, or lowercase for HTML elements.
    at meshBasicMaterial
    at mesh
    at group
    at Sky (E:\project\Anima-Engine\src\components\Landscape\Sky.tsx:50:16)
Warning: <bufferAttribute /> is using incorrect casing. Use PascalCase for React components, or lowercase for HTML elements.
    at bufferAttribute
    at bufferGeometry
    at points
    at group
    at Sky (E:\project\Anima-Engine\src\components\Landscape\Sky.tsx:50:16)
Warning: <bufferGeometry /> is using incorrect casing. Use PascalCase for React components, or lowercase for HTML elements.
    at bufferGeometry
    at points
    at group
    at Sky (E:\project\Anima-Engine\src\components\Landscape\Sky.tsx:50:16)
Warning: <pointsMaterial /> is using incorrect casing. Use PascalCase for React components, or lowercase for HTML elements.
    at pointsMaterial
    at points
    at group
    at Sky (E:\project\Anima-Engine\src\components\Landscape\Sky.tsx:50:16)
Warning: <boxGeometry /> is using incorrect casing. Use PascalCase for React components, or lowercase for HTML elements.
    at boxGeometry
    at mesh
    at group
    at group
    at group
    at Sky (E:\project\Anima-Engine\src\components\Landscape\Sky.tsx:50:16)
Warning: <meshStandardMaterial /> is using incorrect casing. Use PascalCase for React components, or lowercase for HTML elements.
    at meshStandardMaterial
    at mesh
    at group
    at group
    at group
    at Sky (E:\project\Anima-Engine\src\components\Landscape\Sky.tsx:50:16)
Warning: <boxGeometry /> is using incorrect casing. Use PascalCase for React components, or lowercase for HTML elements.
    at boxGeometry
    at mesh
    at group
    at group
    at group
    at Sky (E:\project\Anima-Engine\src\components\Landscape\Sky.tsx:50:16)
Warning: <meshStandardMaterial /> is using incorrect casing. Use PascalCase for React components, or lowercase for HTML elements.
    at meshStandardMaterial
    at mesh
    at group
    at group
    at group
    at Sky (E:\project\Anima-Engine\src\components\Landscape\Sky.tsx:50:16)
Warning: <boxGeometry /> is using incorrect casing. Use PascalCase for React components, or lowercase for HTML elements.
    at boxGeometry
    at mesh
    at group
    at group
    at group
    at Sky (E:\project\Anima-Engine\src\components\Landscape\Sky.tsx:50:16)
Warning: <meshStandardMaterial /> is using incorrect casing. Use PascalCase for React components, or lowercase for HTML elements.
    at meshStandardMaterial
    at mesh
    at group
    at group
    at group
    at Sky (E:\project\Anima-Engine\src\components\Landscape\Sky.tsx:50:16)
Warning: <boxGeometry /> is using incorrect casing. Use PascalCase for React components, or lowercase for HTML elements.
    at boxGeometry
    at mesh
    at group
    at group
    at group
    at Sky (E:\project\Anima-Engine\src\components\Landscape\Sky.tsx:50:16)
Warning: <meshStandardMaterial /> is using incorrect casing. Use PascalCase for React components, or lowercase for HTML elements.
    at meshStandardMaterial
    at mesh
    at group
    at group
    at group
    at Sky (E:\project\Anima-Engine\src\components\Landscape\Sky.tsx:50:16)
Warning: <boxGeometry /> is using incorrect casing. Use PascalCase for React components, or lowercase for HTML elements.
    at boxGeometry
    at mesh
    at group
    at group
    at group
    at Sky (E:\project\Anima-Engine\src\components\Landscape\Sky.tsx:50:16)
Warning: <meshStandardMaterial /> is using incorrect casing. Use PascalCase for React components, or lowercase for HTML elements.
    at meshStandardMaterial
    at mesh
    at group
    at group
    at group
    at Sky (E:\project\Anima-Engine\src\components\Landscape\Sky.tsx:50:16)
Warning: <boxGeometry /> is using incorrect casing. Use PascalCase for React components, or lowercase for HTML elements.
    at boxGeometry
    at mesh
    at group
    at group
    at group
    at Sky (E:\project\Anima-Engine\src\components\Landscape\Sky.tsx:50:16)
Warning: <meshStandardMaterial /> is using incorrect casing. Use PascalCase for React components, or lowercase for HTML elements.
    at meshStandardMaterial
    at mesh
    at group
    at group
    at group
    at Sky (E:\project\Anima-Engine\src\components\Landscape\Sky.tsx:50:16)
Warning: <boxGeometry /> is using incorrect casing. Use PascalCase for React components, or lowercase for HTML elements.
    at boxGeometry
    at mesh
    at group
    at group
    at group
    at Sky (E:\project\Anima-Engine\src\components\Landscape\Sky.tsx:50:16)
Warning: <meshStandardMaterial /> is using incorrect casing. Use PascalCase for React components, or lowercase for HTML elements.
    at meshStandardMaterial
    at mesh
    at group
    at group
    at group
    at Sky (E:\project\Anima-Engine\src\components\Landscape\Sky.tsx:50:16)
Warning: <boxGeometry /> is using incorrect casing. Use PascalCase for React components, or lowercase for HTML elements.
    at boxGeometry
    at mesh
    at group
    at group
    at group
    at Sky (E:\project\Anima-Engine\src\components\Landscape\Sky.tsx:50:16)
Warning: <meshStandardMaterial /> is using incorrect casing. Use PascalCase for React components, or lowercase for HTML elements.
    at meshStandardMaterial
    at mesh
    at group
    at group
    at group
    at Sky (E:\project\Anima-Engine\src\components\Landscape\Sky.tsx:50:16)
Warning: <boxGeometry /> is using incorrect casing. Use PascalCase for React components, or lowercase for HTML elements.
    at boxGeometry
    at mesh
    at group
    at group
    at group
    at Sky (E:\project\Anima-Engine\src\components\Landscape\Sky.tsx:50:16)
Warning: <meshStandardMaterial /> is using incorrect casing. Use PascalCase for React components, or lowercase for HTML elements.
    at meshStandardMaterial
    at mesh
    at group
    at group
    at group
    at Sky (E:\project\Anima-Engine\src\components\Landscape\Sky.tsx:50:16)
Warning: <boxGeometry /> is using incorrect casing. Use PascalCase for React components, or lowercase for HTML elements.
    at boxGeometry
    at mesh
    at group
    at group
    at group
    at Sky (E:\project\Anima-Engine\src\components\Landscape\Sky.tsx:50:16)
Warning: <meshStandardMaterial /> is using incorrect casing. Use PascalCase for React components, or lowercase for HTML elements.
    at meshStandardMaterial
    at mesh
    at group
    at group
    at group
    at Sky (E:\project\Anima-Engine\src\components\Landscape\Sky.tsx:50:16)
Warning: <boxGeometry /> is using incorrect casing. Use PascalCase for React components, or lowercase for HTML elements.
    at boxGeometry
    at mesh
    at group
    at group
    at group
    at Sky (E:\project\Anima-Engine\src\components\Landscape\Sky.tsx:50:16)
Warning: <meshStandardMaterial /> is using incorrect casing. Use PascalCase for React components, or lowercase for HTML elements.
    at meshStandardMaterial
    at mesh
    at group
    at group
    at group
    at Sky (E:\project\Anima-Engine\src\components\Landscape\Sky.tsx:50:16)
Warning: <boxGeometry /> is using incorrect casing. Use PascalCase for React components, or lowercase for HTML elements.
    at boxGeometry
    at mesh
    at group
    at group
    at group
    at Sky (E:\project\Anima-Engine\src\components\Landscape\Sky.tsx:50:16)
Warning: <meshStandardMaterial /> is using incorrect casing. Use PascalCase for React components, or lowercase for HTML elements.
    at meshStandardMaterial
    at mesh
    at group
    at group
    at group
    at Sky (E:\project\Anima-Engine\src\components\Landscape\Sky.tsx:50:16)
Warning: <boxGeometry /> is using incorrect casing. Use PascalCase for React components, or lowercase for HTML elements.
    at boxGeometry
    at mesh
    at group
    at group
    at group
    at Sky (E:\project\Anima-Engine\src\components\Landscape\Sky.tsx:50:16)
Warning: <meshStandardMaterial /> is using incorrect casing. Use PascalCase for React components, or lowercase for HTML elements.
    at meshStandardMaterial
    at mesh
    at group
    at group
    at group
    at Sky (E:\project\Anima-Engine\src\components\Landscape\Sky.tsx:50:16)
Warning: <boxGeometry /> is using incorrect casing. Use PascalCase for React components, or lowercase for HTML elements.
    at boxGeometry
    at mesh
    at group
    at group
    at group
    at Sky (E:\project\Anima-Engine\src\components\Landscape\Sky.tsx:50:16)
Warning: <meshStandardMaterial /> is using incorrect casing. Use PascalCase for React components, or lowercase for HTML elements.
    at meshStandardMaterial
    at mesh
    at group
    at group
    at group
    at Sky (E:\project\Anima-Engine\src\components\Landscape\Sky.tsx:50:16)
Warning: <boxGeometry /> is using incorrect casing. Use PascalCase for React components, or lowercase for HTML elements.
    at boxGeometry
    at mesh
    at group
    at group
    at group
    at Sky (E:\project\Anima-Engine\src\components\Landscape\Sky.tsx:50:16)
Warning: <meshStandardMaterial /> is using incorrect casing. Use PascalCase for React components, or lowercase for HTML elements.
    at meshStandardMaterial
    at mesh
    at group
    at group
    at group
    at Sky (E:\project\Anima-Engine\src\components\Landscape\Sky.tsx:50:16)
Warning: <boxGeometry /> is using incorrect casing. Use PascalCase for React components, or lowercase for HTML elements.
    at boxGeometry
    at mesh
    at group
    at group
    at group
    at Sky (E:\project\Anima-Engine\src\components\Landscape\Sky.tsx:50:16)
Warning: <meshStandardMaterial /> is using incorrect casing. Use PascalCase for React components, or lowercase for HTML elements.
    at meshStandardMaterial
    at mesh
    at group
    at group
    at group
    at Sky (E:\project\Anima-Engine\src\components\Landscape\Sky.tsx:50:16)
Warning: <boxGeometry /> is using incorrect casing. Use PascalCase for React components, or lowercase for HTML elements.
    at boxGeometry
    at mesh
    at group
    at group
    at group
    at Sky (E:\project\Anima-Engine\src\components\Landscape\Sky.tsx:50:16)
Warning: <meshStandardMaterial /> is using incorrect casing. Use PascalCase for React components, or lowercase for HTML elements.
    at meshStandardMaterial
    at mesh
    at group
    at group
    at group
    at Sky (E:\project\Anima-Engine\src\components\Landscape\Sky.tsx:50:16)
Warning: <boxGeometry /> is using incorrect casing. Use PascalCase for React components, or lowercase for HTML elements.
    at boxGeometry
    at mesh
    at group
    at group
    at group
    at Sky (E:\project\Anima-Engine\src\components\Landscape\Sky.tsx:50:16)
Warning: <meshStandardMaterial /> is using incorrect casing. Use PascalCase for React components, or lowercase for HTML elements.
    at meshStandardMaterial
    at mesh
    at group
    at group
    at group
    at Sky (E:\project\Anima-Engine\src\components\Landscape\Sky.tsx:50:16)
Warning: <sphereGeometry /> is using incorrect casing. Use PascalCase for React components, or lowercase for HTML elements.
    at sphereGeometry
    at mesh
    at group
    at Sky (E:\project\Anima-Engine\src\components\Landscape\Sky.tsx:50:16)
Warning: <meshBasicMaterial /> is using incorrect casing. Use PascalCase for React components, or lowercase for HTML elements.
    at meshBasicMaterial
    at mesh
    at group
    at Sky (E:\project\Anima-Engine\src\components\Landscape\Sky.tsx:50:16)
Warning: <directionalLight /> is using incorrect casing. Use PascalCase for React components, or lowercase for HTML elements.
    at directionalLight
    at group
    at Sky (E:\project\Anima-Engine\src\components\Landscape\Sky.tsx:50:16)
Warning: <directionalLight /> is using incorrect casing. Use PascalCase for React components, or lowercase for HTML elements.
    at directionalLight
    at group
    at Sky (E:\project\Anima-Engine\src\components\Landscape\Sky.tsx:50:16)
Warning: <hemisphereLight /> is using incorrect casing. Use PascalCase for React components, or lowercase for HTML elements.
    at hemisphereLight
    at group
    at Sky (E:\project\Anima-Engine\src\components\Landscape\Sky.tsx:50:16)
Warning: <ambientLight /> is using incorrect casing. Use PascalCase for React components, or lowercase for HTML elements.
    at ambientLight
    at group
    at Sky (E:\project\Anima-Engine\src\components\Landscape\Sky.tsx:50:16)
Warning: <sphereGeometry /> is using incorrect casing. Use PascalCase for React components, or lowercase for HTML elements.
    at sphereGeometry
    at mesh
    at group
    at Sky (E:\project\Anima-Engine\src\components\Landscape\Sky.tsx:50:16)
Warning: <meshBasicMaterial /> is using incorrect casing. Use PascalCase for React components, or lowercase for HTML elements.
    at meshBasicMaterial
    at mesh
    at group
    at Sky (E:\project\Anima-Engine\src\components\Landscape\Sky.tsx:50:16)
Warning: <boxGeometry /> is using incorrect casing. Use PascalCase for React components, or lowercase for HTML elements.
    at boxGeometry
    at mesh
    at group
    at group
    at group
    at Sky (E:\project\Anima-Engine\src\components\Landscape\Sky.tsx:50:16)
Warning: <meshStandardMaterial /> is using incorrect casing. Use PascalCase for React components, or lowercase for HTML elements.
    at meshStandardMaterial
    at mesh
    at group
    at group
    at group
    at Sky (E:\project\Anima-Engine\src\components\Landscape\Sky.tsx:50:16)
Warning: <boxGeometry /> is using incorrect casing. Use PascalCase for React components, or lowercase for HTML elements.
    at boxGeometry
    at mesh
    at group
    at group
    at group
    at Sky (E:\project\Anima-Engine\src\components\Landscape\Sky.tsx:50:16)
Warning: <meshStandardMaterial /> is using incorrect casing. Use PascalCase for React components, or lowercase for HTML elements.
    at meshStandardMaterial
    at mesh
    at group
    at group
    at group
    at Sky (E:\project\Anima-Engine\src\components\Landscape\Sky.tsx:50:16)
Warning: <boxGeometry /> is using incorrect casing. Use PascalCase for React components, or lowercase for HTML elements.
    at boxGeometry
    at mesh
    at group
    at group
    at group
    at Sky (E:\project\Anima-Engine\src\components\Landscape\Sky.tsx:50:16)
Warning: <meshStandardMaterial /> is using incorrect casing. Use PascalCase for React components, or lowercase for HTML elements.
    at meshStandardMaterial
    at mesh
    at group
    at group
    at group
    at Sky (E:\project\Anima-Engine\src\components\Landscape\Sky.tsx:50:16)
Warning: <boxGeometry /> is using incorrect casing. Use PascalCase for React components, or lowercase for HTML elements.
    at boxGeometry
    at mesh
    at group
    at group
    at group
    at Sky (E:\project\Anima-Engine\src\components\Landscape\Sky.tsx:50:16)
Warning: <meshStandardMaterial /> is using incorrect casing. Use PascalCase for React components, or lowercase for HTML elements.
    at meshStandardMaterial
    at mesh
    at group
    at group
    at group
    at Sky (E:\project\Anima-Engine\src\components\Landscape\Sky.tsx:50:16)
Warning: <boxGeometry /> is using incorrect casing. Use PascalCase for React components, or lowercase for HTML elements.
    at boxGeometry
    at mesh
    at group
    at group
    at group
    at Sky (E:\project\Anima-Engine\src\components\Landscape\Sky.tsx:50:16)
Warning: <meshStandardMaterial /> is using incorrect casing. Use PascalCase for React components, or lowercase for HTML elements.
    at meshStandardMaterial
    at mesh
    at group
    at group
    at group
    at Sky (E:\project\Anima-Engine\src\components\Landscape\Sky.tsx:50:16)
Warning: <boxGeometry /> is using incorrect casing. Use PascalCase for React components, or lowercase for HTML elements.
    at boxGeometry
    at mesh
    at group
    at group
    at group
    at Sky (E:\project\Anima-Engine\src\components\Landscape\Sky.tsx:50:16)
Warning: <meshStandardMaterial /> is using incorrect casing. Use PascalCase for React components, or lowercase for HTML elements.
    at meshStandardMaterial
    at mesh
    at group
    at group
    at group
    at Sky (E:\project\Anima-Engine\src\components\Landscape\Sky.tsx:50:16)
Warning: <boxGeometry /> is using incorrect casing. Use PascalCase for React components, or lowercase for HTML elements.
    at boxGeometry
    at mesh
    at group
    at group
    at group
    at Sky (E:\project\Anima-Engine\src\components\Landscape\Sky.tsx:50:16)
Warning: <meshStandardMaterial /> is using incorrect casing. Use PascalCase for React components, or lowercase for HTML elements.
    at meshStandardMaterial
    at mesh
    at group
    at group
    at group
    at Sky (E:\project\Anima-Engine\src\components\Landscape\Sky.tsx:50:16)
Warning: <boxGeometry /> is using incorrect casing. Use PascalCase for React components, or lowercase for HTML elements.
    at boxGeometry
    at mesh
    at group
    at group
    at group
    at Sky (E:\project\Anima-Engine\src\components\Landscape\Sky.tsx:50:16)
Warning: <meshStandardMaterial /> is using incorrect casing. Use PascalCase for React components, or lowercase for HTML elements.
    at meshStandardMaterial
    at mesh
    at group
    at group
    at group
    at Sky (E:\project\Anima-Engine\src\components\Landscape\Sky.tsx:50:16)
Warning: <boxGeometry /> is using incorrect casing. Use PascalCase for React components, or lowercase for HTML elements.
    at boxGeometry
    at mesh
    at group
    at group
    at group
    at Sky (E:\project\Anima-Engine\src\components\Landscape\Sky.tsx:50:16)
Warning: <meshStandardMaterial /> is using incorrect casing. Use PascalCase for React components, or lowercase for HTML elements.
    at meshStandardMaterial
    at mesh
    at group
    at group
    at group
    at Sky (E:\project\Anima-Engine\src\components\Landscape\Sky.tsx:50:16)
Warning: <boxGeometry /> is using incorrect casing. Use PascalCase for React components, or lowercase for HTML elements.
    at boxGeometry
    at mesh
    at group
    at group
    at group
    at Sky (E:\project\Anima-Engine\src\components\Landscape\Sky.tsx:50:16)
Warning: <meshStandardMaterial /> is using incorrect casing. Use PascalCase for React components, or lowercase for HTML elements.
    at meshStandardMaterial
    at mesh
    at group
    at group
    at group
    at Sky (E:\project\Anima-Engine\src\components\Landscape\Sky.tsx:50:16)
Warning: <boxGeometry /> is using incorrect casing. Use PascalCase for React components, or lowercase for HTML elements.
    at boxGeometry
    at mesh
    at group
    at group
    at group
    at Sky (E:\project\Anima-Engine\src\components\Landscape\Sky.tsx:50:16)
Warning: <meshStandardMaterial /> is using incorrect casing. Use PascalCase for React components, or lowercase for HTML elements.
    at meshStandardMaterial
    at mesh
    at group
    at group
    at group
    at Sky (E:\project\Anima-Engine\src\components\Landscape\Sky.tsx:50:16)
Warning: <boxGeometry /> is using incorrect casing. Use PascalCase for React components, or lowercase for HTML elements.
    at boxGeometry
    at mesh
    at group
    at group
    at group
    at Sky (E:\project\Anima-Engine\src\components\Landscape\Sky.tsx:50:16)
Warning: <meshStandardMaterial /> is using incorrect casing. Use PascalCase for React components, or lowercase for HTML elements.
    at meshStandardMaterial
    at mesh
    at group
    at group
    at group
    at Sky (E:\project\Anima-Engine\src\components\Landscape\Sky.tsx:50:16)
Warning: <boxGeometry /> is using incorrect casing. Use PascalCase for React components, or lowercase for HTML elements.
    at boxGeometry
    at mesh
    at group
    at group
    at group
    at Sky (E:\project\Anima-Engine\src\components\Landscape\Sky.tsx:50:16)
Warning: <meshStandardMaterial /> is using incorrect casing. Use PascalCase for React components, or lowercase for HTML elements.
    at meshStandardMaterial
    at mesh
    at group
    at group
    at group
    at Sky (E:\project\Anima-Engine\src\components\Landscape\Sky.tsx:50:16)
Warning: <boxGeometry /> is using incorrect casing. Use PascalCase for React components, or lowercase for HTML elements.
    at boxGeometry
    at mesh
    at group
    at group
    at group
    at Sky (E:\project\Anima-Engine\src\components\Landscape\Sky.tsx:50:16)
Warning: <meshStandardMaterial /> is using incorrect casing. Use PascalCase for React components, or lowercase for HTML elements.
    at meshStandardMaterial
    at mesh
    at group
    at group
    at group
    at Sky (E:\project\Anima-Engine\src\components\Landscape\Sky.tsx:50:16)
Warning: <boxGeometry /> is using incorrect casing. Use PascalCase for React components, or lowercase for HTML elements.
    at boxGeometry
    at mesh
    at group
    at group
    at group
    at Sky (E:\project\Anima-Engine\src\components\Landscape\Sky.tsx:50:16)
Warning: <meshStandardMaterial /> is using incorrect casing. Use PascalCase for React components, or lowercase for HTML elements.
    at meshStandardMaterial
    at mesh
    at group
    at group
    at group
    at Sky (E:\project\Anima-Engine\src\components\Landscape\Sky.tsx:50:16)
Warning: <boxGeometry /> is using incorrect casing. Use PascalCase for React components, or lowercase for HTML elements.
    at boxGeometry
    at mesh
    at group
    at group
    at group
    at Sky (E:\project\Anima-Engine\src\components\Landscape\Sky.tsx:50:16)
Warning: <meshStandardMaterial /> is using incorrect casing. Use PascalCase for React components, or lowercase for HTML elements.
    at meshStandardMaterial
    at mesh
    at group
    at group
    at group
    at Sky (E:\project\Anima-Engine\src\components\Landscape\Sky.tsx:50:16)
Warning: <boxGeometry /> is using incorrect casing. Use PascalCase for React components, or lowercase for HTML elements.
    at boxGeometry
    at mesh
    at group
    at group
    at group
    at Sky (E:\project\Anima-Engine\src\components\Landscape\Sky.tsx:50:16)
Warning: <meshStandardMaterial /> is using incorrect casing. Use PascalCase for React components, or lowercase for HTML elements.
    at meshStandardMaterial
    at mesh
    at group
    at group
    at group
    at Sky (E:\project\Anima-Engine\src\components\Landscape\Sky.tsx:50:16)
Warning: <boxGeometry /> is using incorrect casing. Use PascalCase for React components, or lowercase for HTML elements.
    at boxGeometry
    at mesh
    at group
    at group
    at group
    at Sky (E:\project\Anima-Engine\src\components\Landscape\Sky.tsx:50:16)
Warning: <meshStandardMaterial /> is using incorrect casing. Use PascalCase for React components, or lowercase for HTML elements.
    at meshStandardMaterial
    at mesh
    at group
    at group
    at group
    at Sky (E:\project\Anima-Engine\src\components\Landscape\Sky.tsx:50:16)
Warning: <sphereGeometry /> is using incorrect casing. Use PascalCase for React components, or lowercase for HTML elements.
    at sphereGeometry
    at mesh
    at group
    at Sky (E:\project\Anima-Engine\src\components\Landscape\Sky.tsx:50:16)
Warning: <meshBasicMaterial /> is using incorrect casing. Use PascalCase for React components, or lowercase for HTML elements.
    at meshBasicMaterial
    at mesh
    at group
    at Sky (E:\project\Anima-Engine\src\components\Landscape\Sky.tsx:50:16)
Warning: <directionalLight /> is using incorrect casing. Use PascalCase for React components, or lowercase for HTML elements.
    at directionalLight
    at group
    at Sky (E:\project\Anima-Engine\src\components\Landscape\Sky.tsx:50:16)
Warning: <hemisphereLight /> is using incorrect casing. Use PascalCase for React components, or lowercase for HTML elements.
    at hemisphereLight
    at group
    at Sky (E:\project\Anima-Engine\src\components\Landscape\Sky.tsx:50:16)
Warning: <ambientLight /> is using incorrect casing. Use PascalCase for React components, or lowercase for HTML elements.
    at ambientLight
    at group
    at Sky (E:\project\Anima-Engine\src\components\Landscape\Sky.tsx:50:16)
Warning: <boxGeometry /> is using incorrect casing. Use PascalCase for React components, or lowercase for HTML elements.
    at boxGeometry
    at mesh
    at group
    at group
    at group
    at Sky (E:\project\Anima-Engine\src\components\Landscape\Sky.tsx:50:16)
Warning: <meshStandardMaterial /> is using incorrect casing. Use PascalCase for React components, or lowercase for HTML elements.
    at meshStandardMaterial
    at mesh
    at group
    at group
    at group
    at Sky (E:\project\Anima-Engine\src\components\Landscape\Sky.tsx:50:16)
Warning: <boxGeometry /> is using incorrect casing. Use PascalCase for React components, or lowercase for HTML elements.
    at boxGeometry
    at mesh
    at group
    at group
    at group
    at Sky (E:\project\Anima-Engine\src\components\Landscape\Sky.tsx:50:16)
Warning: <meshStandardMaterial /> is using incorrect casing. Use PascalCase for React components, or lowercase for HTML elements.
    at meshStandardMaterial
    at mesh
    at group
    at group
    at group
    at Sky (E:\project\Anima-Engine\src\components\Landscape\Sky.tsx:50:16)
Warning: <boxGeometry /> is using incorrect casing. Use PascalCase for React components, or lowercase for HTML elements.
    at boxGeometry
    at mesh
    at group
    at group
    at group
    at Sky (E:\project\Anima-Engine\src\components\Landscape\Sky.tsx:50:16)
Warning: <meshStandardMaterial /> is using incorrect casing. Use PascalCase for React components, or lowercase for HTML elements.
    at meshStandardMaterial
    at mesh
    at group
    at group
    at group
    at Sky (E:\project\Anima-Engine\src\components\Landscape\Sky.tsx:50:16)
Warning: <boxGeometry /> is using incorrect casing. Use PascalCase for React components, or lowercase for HTML elements.
    at boxGeometry
    at mesh
    at group
    at group
    at group
    at Sky (E:\project\Anima-Engine\src\components\Landscape\Sky.tsx:50:16)
Warning: <meshStandardMaterial /> is using incorrect casing. Use PascalCase for React components, or lowercase for HTML elements.
    at meshStandardMaterial
    at mesh
    at group
    at group
    at group
    at Sky (E:\project\Anima-Engine\src\components\Landscape\Sky.tsx:50:16)
Warning: <boxGeometry /> is using incorrect casing. Use PascalCase for React components, or lowercase for HTML elements.
    at boxGeometry
    at mesh
    at group
    at group
    at group
    at Sky (E:\project\Anima-Engine\src\components\Landscape\Sky.tsx:50:16)
Warning: <meshStandardMaterial /> is using incorrect casing. Use PascalCase for React components, or lowercase for HTML elements.
    at meshStandardMaterial
    at mesh
    at group
    at group
    at group
    at Sky (E:\project\Anima-Engine\src\components\Landscape\Sky.tsx:50:16)
Warning: <boxGeometry /> is using incorrect casing. Use PascalCase for React components, or lowercase for HTML elements.
    at boxGeometry
    at mesh
    at group
    at group
    at group
    at Sky (E:\project\Anima-Engine\src\components\Landscape\Sky.tsx:50:16)
Warning: <meshStandardMaterial /> is using incorrect casing. Use PascalCase for React components, or lowercase for HTML elements.
    at meshStandardMaterial
    at mesh
    at group
    at group
    at group
    at Sky (E:\project\Anima-Engine\src\components\Landscape\Sky.tsx:50:16)
Warning: <boxGeometry /> is using incorrect casing. Use PascalCase for React components, or lowercase for HTML elements.
    at boxGeometry
    at mesh
    at group
    at group
    at group
    at Sky (E:\project\Anima-Engine\src\components\Landscape\Sky.tsx:50:16)
Warning: <meshStandardMaterial /> is using incorrect casing. Use PascalCase for React components, or lowercase for HTML elements.
    at meshStandardMaterial
    at mesh
    at group
    at group
    at group
    at Sky (E:\project\Anima-Engine\src\components\Landscape\Sky.tsx:50:16)
Warning: <boxGeometry /> is using incorrect casing. Use PascalCase for React components, or lowercase for HTML elements.
    at boxGeometry
    at mesh
    at group
    at group
    at group
    at Sky (E:\project\Anima-Engine\src\components\Landscape\Sky.tsx:50:16)
Warning: <meshStandardMaterial /> is using incorrect casing. Use PascalCase for React components, or lowercase for HTML elements.
    at meshStandardMaterial
    at mesh
    at group
    at group
    at group
    at Sky (E:\project\Anima-Engine\src\components\Landscape\Sky.tsx:50:16)
Warning: <boxGeometry /> is using incorrect casing. Use PascalCase for React components, or lowercase for HTML elements.
    at boxGeometry
    at mesh
    at group
    at group
    at group
    at Sky (E:\project\Anima-Engine\src\components\Landscape\Sky.tsx:50:16)
Warning: <meshStandardMaterial /> is using incorrect casing. Use PascalCase for React components, or lowercase for HTML elements.
    at meshStandardMaterial
    at mesh
    at group
    at group
    at group
    at Sky (E:\project\Anima-Engine\src\components\Landscape\Sky.tsx:50:16)
Warning: <boxGeometry /> is using incorrect casing. Use PascalCase for React components, or lowercase for HTML elements.
    at boxGeometry
    at mesh
    at group
    at group
    at group
    at Sky (E:\project\Anima-Engine\src\components\Landscape\Sky.tsx:50:16)
Warning: <meshStandardMaterial /> is using incorrect casing. Use PascalCase for React components, or lowercase for HTML elements.
    at meshStandardMaterial
    at mesh
    at group
    at group
    at group
    at Sky (E:\project\Anima-Engine\src\components\Landscape\Sky.tsx:50:16)
Warning: <boxGeometry /> is using incorrect casing. Use PascalCase for React components, or lowercase for HTML elements.
    at boxGeometry
    at mesh
    at group
    at group
    at group
    at Sky (E:\project\Anima-Engine\src\components\Landscape\Sky.tsx:50:16)
Warning: <meshStandardMaterial /> is using incorrect casing. Use PascalCase for React components, or lowercase for HTML elements.
    at meshStandardMaterial
    at mesh
    at group
    at group
    at group
    at Sky (E:\project\Anima-Engine\src\components\Landscape\Sky.tsx:50:16)
Warning: <boxGeometry /> is using incorrect casing. Use PascalCase for React components, or lowercase for HTML elements.
    at boxGeometry
    at mesh
    at group
    at group
    at group
    at Sky (E:\project\Anima-Engine\src\components\Landscape\Sky.tsx:50:16)
Warning: <meshStandardMaterial /> is using incorrect casing. Use PascalCase for React components, or lowercase for HTML elements.
    at meshStandardMaterial
    at mesh
    at group
    at group
    at group
    at Sky (E:\project\Anima-Engine\src\components\Landscape\Sky.tsx:50:16)
Warning: <boxGeometry /> is using incorrect casing. Use PascalCase for React components, or lowercase for HTML elements.
    at boxGeometry
    at mesh
    at group
    at group
    at group
    at Sky (E:\project\Anima-Engine\src\components\Landscape\Sky.tsx:50:16)
Warning: <meshStandardMaterial /> is using incorrect casing. Use PascalCase for React components, or lowercase for HTML elements.
    at meshStandardMaterial
    at mesh
    at group
    at group
    at group
    at Sky (E:\project\Anima-Engine\src\components\Landscape\Sky.tsx:50:16)
Warning: <boxGeometry /> is using incorrect casing. Use PascalCase for React components, or lowercase for HTML elements.
    at boxGeometry
    at mesh
    at group
    at group
    at group
    at Sky (E:\project\Anima-Engine\src\components\Landscape\Sky.tsx:50:16)
Warning: <meshStandardMaterial /> is using incorrect casing. Use PascalCase for React components, or lowercase for HTML elements.
    at meshStandardMaterial
    at mesh
    at group
    at group
    at group
    at Sky (E:\project\Anima-Engine\src\components\Landscape\Sky.tsx:50:16)
Warning: <boxGeometry /> is using incorrect casing. Use PascalCase for React components, or lowercase for HTML elements.
    at boxGeometry
    at mesh
    at group
    at group
    at group
    at Sky (E:\project\Anima-Engine\src\components\Landscape\Sky.tsx:50:16)
Warning: <meshStandardMaterial /> is using incorrect casing. Use PascalCase for React components, or lowercase for HTML elements.
    at meshStandardMaterial
    at mesh
    at group
    at group
    at group
    at Sky (E:\project\Anima-Engine\src\components\Landscape\Sky.tsx:50:16)
Warning: <boxGeometry /> is using incorrect casing. Use PascalCase for React components, or lowercase for HTML elements.
    at boxGeometry
    at mesh
    at group
    at group
    at group
    at Sky (E:\project\Anima-Engine\src\components\Landscape\Sky.tsx:50:16)
Warning: <meshStandardMaterial /> is using incorrect casing. Use PascalCase for React components, or lowercase for HTML elements.
    at meshStandardMaterial
    at mesh
    at group
    at group
    at group
    at Sky (E:\project\Anima-Engine\src\components\Landscape\Sky.tsx:50:16)
Warning: <boxGeometry /> is using incorrect casing. Use PascalCase for React components, or lowercase for HTML elements.
    at boxGeometry
    at mesh
    at group
    at group
    at group
    at Sky (E:\project\Anima-Engine\src\components\Landscape\Sky.tsx:50:16)
Warning: <meshStandardMaterial /> is using incorrect casing. Use PascalCase for React components, or lowercase for HTML elements.
    at meshStandardMaterial
    at mesh
    at group
    at group
    at group
    at Sky (E:\project\Anima-Engine\src\components\Landscape\Sky.tsx:50:16)
Warning: <boxGeometry /> is using incorrect casing. Use PascalCase for React components, or lowercase for HTML elements.
    at boxGeometry
    at mesh
    at group
    at group
    at group
    at Sky (E:\project\Anima-Engine\src\components\Landscape\Sky.tsx:50:16)
Warning: <meshStandardMaterial /> is using incorrect casing. Use PascalCase for React components, or lowercase for HTML elements.
    at meshStandardMaterial
    at mesh
    at group
    at group
    at group
    at Sky (E:\project\Anima-Engine\src\components\Landscape\Sky.tsx:50:16)
Warning: <sphereGeometry /> is using incorrect casing. Use PascalCase for React components, or lowercase for HTML elements.
    at sphereGeometry
    at mesh
    at group
    at Sky (E:\project\Anima-Engine\src\components\Landscape\Sky.tsx:50:16)
Warning: <meshBasicMaterial /> is using incorrect casing. Use PascalCase for React components, or lowercase for HTML elements.
    at meshBasicMaterial
    at mesh
    at group
    at Sky (E:\project\Anima-Engine\src\components\Landscape\Sky.tsx:50:16)
Warning: <directionalLight /> is using incorrect casing. Use PascalCase for React components, or lowercase for HTML elements.
    at directionalLight
    at group
    at Sky (E:\project\Anima-Engine\src\components\Landscape\Sky.tsx:50:16)
Warning: <hemisphereLight /> is using incorrect casing. Use PascalCase for React components, or lowercase for HTML elements.
    at hemisphereLight
    at group
    at Sky (E:\project\Anima-Engine\src\components\Landscape\Sky.tsx:50:16)
Warning: <ambientLight /> is using incorrect casing. Use PascalCase for React components, or lowercase for HTML elements.
    at ambientLight
    at group
    at Sky (E:\project\Anima-Engine\src\components\Landscape\Sky.tsx:50:16)
Warning: <boxGeometry /> is using incorrect casing. Use PascalCase for React components, or lowercase for HTML elements.
    at boxGeometry
    at mesh
    at group
    at group
    at group
    at Sky (E:\project\Anima-Engine\src\components\Landscape\Sky.tsx:50:16)
Warning: <meshStandardMaterial /> is using incorrect casing. Use PascalCase for React components, or lowercase for HTML elements.
    at meshStandardMaterial
    at mesh
    at group
    at group
    at group
    at Sky (E:\project\Anima-Engine\src\components\Landscape\Sky.tsx:50:16)
Warning: <boxGeometry /> is using incorrect casing. Use PascalCase for React components, or lowercase for HTML elements.
    at boxGeometry
    at mesh
    at group
    at group
    at group
    at Sky (E:\project\Anima-Engine\src\components\Landscape\Sky.tsx:50:16)
Warning: <meshStandardMaterial /> is using incorrect casing. Use PascalCase for React components, or lowercase for HTML elements.
    at meshStandardMaterial
    at mesh
    at group
    at group
    at group
    at Sky (E:\project\Anima-Engine\src\components\Landscape\Sky.tsx:50:16)
Warning: <boxGeometry /> is using incorrect casing. Use PascalCase for React components, or lowercase for HTML elements.
    at boxGeometry
    at mesh
    at group
    at group
    at group
    at Sky (E:\project\Anima-Engine\src\components\Landscape\Sky.tsx:50:16)
Warning: <meshStandardMaterial /> is using incorrect casing. Use PascalCase for React components, or lowercase for HTML elements.
    at meshStandardMaterial
    at mesh
    at group
    at group
    at group
    at Sky (E:\project\Anima-Engine\src\components\Landscape\Sky.tsx:50:16)
Warning: <boxGeometry /> is using incorrect casing. Use PascalCase for React components, or lowercase for HTML elements.
    at boxGeometry
    at mesh
    at group
    at group
    at group
    at Sky (E:\project\Anima-Engine\src\components\Landscape\Sky.tsx:50:16)
Warning: <meshStandardMaterial /> is using incorrect casing. Use PascalCase for React components, or lowercase for HTML elements.
    at meshStandardMaterial
    at mesh
    at group
    at group
    at group
    at Sky (E:\project\Anima-Engine\src\components\Landscape\Sky.tsx:50:16)
Warning: <boxGeometry /> is using incorrect casing. Use PascalCase for React components, or lowercase for HTML elements.
    at boxGeometry
    at mesh
    at group
    at group
    at group
    at Sky (E:\project\Anima-Engine\src\components\Landscape\Sky.tsx:50:16)
Warning: <meshStandardMaterial /> is using incorrect casing. Use PascalCase for React components, or lowercase for HTML elements.
    at meshStandardMaterial
    at mesh
    at group
    at group
    at group
    at Sky (E:\project\Anima-Engine\src\components\Landscape\Sky.tsx:50:16)
Warning: <boxGeometry /> is using incorrect casing. Use PascalCase for React components, or lowercase for HTML elements.
    at boxGeometry
    at mesh
    at group
    at group
    at group
    at Sky (E:\project\Anima-Engine\src\components\Landscape\Sky.tsx:50:16)
Warning: <meshStandardMaterial /> is using incorrect casing. Use PascalCase for React components, or lowercase for HTML elements.
    at meshStandardMaterial
    at mesh
    at group
    at group
    at group
    at Sky (E:\project\Anima-Engine\src\components\Landscape\Sky.tsx:50:16)
Warning: <boxGeometry /> is using incorrect casing. Use PascalCase for React components, or lowercase for HTML elements.
    at boxGeometry
    at mesh
    at group
    at group
    at group
    at Sky (E:\project\Anima-Engine\src\components\Landscape\Sky.tsx:50:16)
Warning: <meshStandardMaterial /> is using incorrect casing. Use PascalCase for React components, or lowercase for HTML elements.
    at meshStandardMaterial
    at mesh
    at group
    at group
    at group
    at Sky (E:\project\Anima-Engine\src\components\Landscape\Sky.tsx:50:16)
Warning: <boxGeometry /> is using incorrect casing. Use PascalCase for React components, or lowercase for HTML elements.
    at boxGeometry
    at mesh
    at group
    at group
    at group
    at Sky (E:\project\Anima-Engine\src\components\Landscape\Sky.tsx:50:16)
Warning: <meshStandardMaterial /> is using incorrect casing. Use PascalCase for React components, or lowercase for HTML elements.
    at meshStandardMaterial
    at mesh
    at group
    at group
    at group
    at Sky (E:\project\Anima-Engine\src\components\Landscape\Sky.tsx:50:16)
Warning: <boxGeometry /> is using incorrect casing. Use PascalCase for React components, or lowercase for HTML elements.
    at boxGeometry
    at mesh
    at group
    at group
    at group
    at Sky (E:\project\Anima-Engine\src\components\Landscape\Sky.tsx:50:16)
Warning: <meshStandardMaterial /> is using incorrect casing. Use PascalCase for React components, or lowercase for HTML elements.
    at meshStandardMaterial
    at mesh
    at group
    at group
    at group
    at Sky (E:\project\Anima-Engine\src\components\Landscape\Sky.tsx:50:16)
Warning: <boxGeometry /> is using incorrect casing. Use PascalCase for React components, or lowercase for HTML elements.
    at boxGeometry
    at mesh
    at group
    at group
    at group
    at Sky (E:\project\Anima-Engine\src\components\Landscape\Sky.tsx:50:16)
Warning: <meshStandardMaterial /> is using incorrect casing. Use PascalCase for React components, or lowercase for HTML elements.
    at meshStandardMaterial
    at mesh
    at group
    at group
    at group
    at Sky (E:\project\Anima-Engine\src\components\Landscape\Sky.tsx:50:16)
Warning: <boxGeometry /> is using incorrect casing. Use PascalCase for React components, or lowercase for HTML elements.
    at boxGeometry
    at mesh
    at group
    at group
    at group
    at Sky (E:\project\Anima-Engine\src\components\Landscape\Sky.tsx:50:16)
Warning: <meshStandardMaterial /> is using incorrect casing. Use PascalCase for React components, or lowercase for HTML elements.
    at meshStandardMaterial
    at mesh
    at group
    at group
    at group
    at Sky (E:\project\Anima-Engine\src\components\Landscape\Sky.tsx:50:16)
Warning: <boxGeometry /> is using incorrect casing. Use PascalCase for React components, or lowercase for HTML elements.
    at boxGeometry
    at mesh
    at group
    at group
    at group
    at Sky (E:\project\Anima-Engine\src\components\Landscape\Sky.tsx:50:16)
Warning: <meshStandardMaterial /> is using incorrect casing. Use PascalCase for React components, or lowercase for HTML elements.
    at meshStandardMaterial
    at mesh
    at group
    at group
    at group
    at Sky (E:\project\Anima-Engine\src\components\Landscape\Sky.tsx:50:16)
Warning: <boxGeometry /> is using incorrect casing. Use PascalCase for React components, or lowercase for HTML elements.
    at boxGeometry
    at mesh
    at group
    at group
    at group
    at Sky (E:\project\Anima-Engine\src\components\Landscape\Sky.tsx:50:16)
Warning: <meshStandardMaterial /> is using incorrect casing. Use PascalCase for React components, or lowercase for HTML elements.
    at meshStandardMaterial
    at mesh
    at group
    at group
    at group
    at Sky (E:\project\Anima-Engine\src\components\Landscape\Sky.tsx:50:16)
Warning: <boxGeometry /> is using incorrect casing. Use PascalCase for React components, or lowercase for HTML elements.
    at boxGeometry
    at mesh
    at group
    at group
    at group
    at Sky (E:\project\Anima-Engine\src\components\Landscape\Sky.tsx:50:16)
Warning: <meshStandardMaterial /> is using incorrect casing. Use PascalCase for React components, or lowercase for HTML elements.
    at meshStandardMaterial
    at mesh
    at group
    at group
    at group
    at Sky (E:\project\Anima-Engine\src\components\Landscape\Sky.tsx:50:16)
Warning: <boxGeometry /> is using incorrect casing. Use PascalCase for React components, or lowercase for HTML elements.
    at boxGeometry
    at mesh
    at group
    at group
    at group
    at Sky (E:\project\Anima-Engine\src\components\Landscape\Sky.tsx:50:16)
Warning: <meshStandardMaterial /> is using incorrect casing. Use PascalCase for React components, or lowercase for HTML elements.
    at meshStandardMaterial
    at mesh
    at group
    at group
    at group
    at Sky (E:\project\Anima-Engine\src\components\Landscape\Sky.tsx:50:16)
Warning: <boxGeometry /> is using incorrect casing. Use PascalCase for React components, or lowercase for HTML elements.
    at boxGeometry
    at mesh
    at group
    at group
    at group
    at Sky (E:\project\Anima-Engine\src\components\Landscape\Sky.tsx:50:16)
Warning: <meshStandardMaterial /> is using incorrect casing. Use PascalCase for React components, or lowercase for HTML elements.
    at meshStandardMaterial
    at mesh
    at group
    at group
    at group
    at Sky (E:\project\Anima-Engine\src\components\Landscape\Sky.tsx:50:16)
Warning: <boxGeometry /> is using incorrect casing. Use PascalCase for React components, or lowercase for HTML elements.
    at boxGeometry
    at mesh
    at group
    at group
    at group
    at Sky (E:\project\Anima-Engine\src\components\Landscape\Sky.tsx:50:16)
Warning: <meshStandardMaterial /> is using incorrect casing. Use PascalCase for React components, or lowercase for HTML elements.
    at meshStandardMaterial
    at mesh
    at group
    at group
    at group
    at Sky (E:\project\Anima-Engine\src\components\Landscape\Sky.tsx:50:16)
Warning: <boxGeometry /> is using incorrect casing. Use PascalCase for React components, or lowercase for HTML elements.
    at boxGeometry
    at mesh
    at group
    at group
    at group
    at Sky (E:\project\Anima-Engine\src\components\Landscape\Sky.tsx:50:16)
Warning: <meshStandardMaterial /> is using incorrect casing. Use PascalCase for React components, or lowercase for HTML elements.
    at meshStandardMaterial
    at mesh
    at group
    at group
    at group
    at Sky (E:\project\Anima-Engine\src\components\Landscape\Sky.tsx:50:16)
Warning: <sphereGeometry /> is using incorrect casing. Use PascalCase for React components, or lowercase for HTML elements.
    at sphereGeometry
    at mesh
    at group
    at Sky (E:\project\Anima-Engine\src\components\Landscape\Sky.tsx:50:16)
Warning: <meshBasicMaterial /> is using incorrect casing. Use PascalCase for React components, or lowercase for HTML elements.
    at meshBasicMaterial
    at mesh
    at group
    at Sky (E:\project\Anima-Engine\src\components\Landscape\Sky.tsx:50:16)
Warning: <directionalLight /> is using incorrect casing. Use PascalCase for React components, or lowercase for HTML elements.
    at directionalLight
    at group
    at Sky (E:\project\Anima-Engine\src\components\Landscape\Sky.tsx:50:16)
Warning: <hemisphereLight /> is using incorrect casing. Use PascalCase for React components, or lowercase for HTML elements.
    at hemisphereLight
    at group
    at Sky (E:\project\Anima-Engine\src\components\Landscape\Sky.tsx:50:16)
Warning: <ambientLight /> is using incorrect casing. Use PascalCase for React components, or lowercase for HTML elements.
    at ambientLight
    at group
    at Sky (E:\project\Anima-Engine\src\components\Landscape\Sky.tsx:50:16)
Warning: <boxGeometry /> is using incorrect casing. Use PascalCase for React components, or lowercase for HTML elements.
    at boxGeometry
    at mesh
    at group
    at group
    at group
    at Sky (E:\project\Anima-Engine\src\components\Landscape\Sky.tsx:50:16)
Warning: <meshStandardMaterial /> is using incorrect casing. Use PascalCase for React components, or lowercase for HTML elements.
    at meshStandardMaterial
    at mesh
    at group
    at group
    at group
    at Sky (E:\project\Anima-Engine\src\components\Landscape\Sky.tsx:50:16)
Warning: <boxGeometry /> is using incorrect casing. Use PascalCase for React components, or lowercase for HTML elements.
    at boxGeometry
    at mesh
    at group
    at group
    at group
    at Sky (E:\project\Anima-Engine\src\components\Landscape\Sky.tsx:50:16)
Warning: <meshStandardMaterial /> is using incorrect casing. Use PascalCase for React components, or lowercase for HTML elements.
    at meshStandardMaterial
    at mesh
    at group
    at group
    at group
    at Sky (E:\project\Anima-Engine\src\components\Landscape\Sky.tsx:50:16)
Warning: <boxGeometry /> is using incorrect casing. Use PascalCase for React components, or lowercase for HTML elements.
    at boxGeometry
    at mesh
    at group
    at group
    at group
    at Sky (E:\project\Anima-Engine\src\components\Landscape\Sky.tsx:50:16)
Warning: <meshStandardMaterial /> is using incorrect casing. Use PascalCase for React components, or lowercase for HTML elements.
    at meshStandardMaterial
    at mesh
    at group
    at group
    at group
    at Sky (E:\project\Anima-Engine\src\components\Landscape\Sky.tsx:50:16)
Warning: <boxGeometry /> is using incorrect casing. Use PascalCase for React components, or lowercase for HTML elements.
    at boxGeometry
    at mesh
    at group
    at group
    at group
    at Sky (E:\project\Anima-Engine\src\components\Landscape\Sky.tsx:50:16)
Warning: <meshStandardMaterial /> is using incorrect casing. Use PascalCase for React components, or lowercase for HTML elements.
    at meshStandardMaterial
    at mesh
    at group
    at group
    at group
    at Sky (E:\project\Anima-Engine\src\components\Landscape\Sky.tsx:50:16)
Warning: <boxGeometry /> is using incorrect casing. Use PascalCase for React components, or lowercase for HTML elements.
    at boxGeometry
    at mesh
    at group
    at group
    at group
    at Sky (E:\project\Anima-Engine\src\components\Landscape\Sky.tsx:50:16)
Warning: <meshStandardMaterial /> is using incorrect casing. Use PascalCase for React components, or lowercase for HTML elements.
    at meshStandardMaterial
    at mesh
    at group
    at group
    at group
    at Sky (E:\project\Anima-Engine\src\components\Landscape\Sky.tsx:50:16)
Warning: <boxGeometry /> is using incorrect casing. Use PascalCase for React components, or lowercase for HTML elements.
    at boxGeometry
    at mesh
    at group
    at group
    at group
    at Sky (E:\project\Anima-Engine\src\components\Landscape\Sky.tsx:50:16)
Warning: <meshStandardMaterial /> is using incorrect casing. Use PascalCase for React components, or lowercase for HTML elements.
    at meshStandardMaterial
    at mesh
    at group
    at group
    at group
    at Sky (E:\project\Anima-Engine\src\components\Landscape\Sky.tsx:50:16)
Warning: <boxGeometry /> is using incorrect casing. Use PascalCase for React components, or lowercase for HTML elements.
    at boxGeometry
    at mesh
    at group
    at group
    at group
    at Sky (E:\project\Anima-Engine\src\components\Landscape\Sky.tsx:50:16)
Warning: <meshStandardMaterial /> is using incorrect casing. Use PascalCase for React components, or lowercase for HTML elements.
    at meshStandardMaterial
    at mesh
    at group
    at group
    at group
    at Sky (E:\project\Anima-Engine\src\components\Landscape\Sky.tsx:50:16)
Warning: <boxGeometry /> is using incorrect casing. Use PascalCase for React components, or lowercase for HTML elements.
    at boxGeometry
    at mesh
    at group
    at group
    at group
    at Sky (E:\project\Anima-Engine\src\components\Landscape\Sky.tsx:50:16)
Warning: <meshStandardMaterial /> is using incorrect casing. Use PascalCase for React components, or lowercase for HTML elements.
    at meshStandardMaterial
    at mesh
    at group
    at group
    at group
    at Sky (E:\project\Anima-Engine\src\components\Landscape\Sky.tsx:50:16)
Warning: <boxGeometry /> is using incorrect casing. Use PascalCase for React components, or lowercase for HTML elements.
    at boxGeometry
    at mesh
    at group
    at group
    at group
    at Sky (E:\project\Anima-Engine\src\components\Landscape\Sky.tsx:50:16)
Warning: <meshStandardMaterial /> is using incorrect casing. Use PascalCase for React components, or lowercase for HTML elements.
    at meshStandardMaterial
    at mesh
    at group
    at group
    at group
    at Sky (E:\project\Anima-Engine\src\components\Landscape\Sky.tsx:50:16)
Warning: <boxGeometry /> is using incorrect casing. Use PascalCase for React components, or lowercase for HTML elements.
    at boxGeometry
    at mesh
    at group
    at group
    at group
    at Sky (E:\project\Anima-Engine\src\components\Landscape\Sky.tsx:50:16)
Warning: <meshStandardMaterial /> is using incorrect casing. Use PascalCase for React components, or lowercase for HTML elements.
    at meshStandardMaterial
    at mesh
    at group
    at group
    at group
    at Sky (E:\project\Anima-Engine\src\components\Landscape\Sky.tsx:50:16)
Warning: <boxGeometry /> is using incorrect casing. Use PascalCase for React components, or lowercase for HTML elements.
    at boxGeometry
    at mesh
    at group
    at group
    at group
    at Sky (E:\project\Anima-Engine\src\components\Landscape\Sky.tsx:50:16)
Warning: <meshStandardMaterial /> is using incorrect casing. Use PascalCase for React components, or lowercase for HTML elements.
    at meshStandardMaterial
    at mesh
    at group
    at group
    at group
    at Sky (E:\project\Anima-Engine\src\components\Landscape\Sky.tsx:50:16)
Warning: <boxGeometry /> is using incorrect casing. Use PascalCase for React components, or lowercase for HTML elements.
    at boxGeometry
    at mesh
    at group
    at group
    at group
    at Sky (E:\project\Anima-Engine\src\components\Landscape\Sky.tsx:50:16)
Warning: <meshStandardMaterial /> is using incorrect casing. Use PascalCase for React components, or lowercase for HTML elements.
    at meshStandardMaterial
    at mesh
    at group
    at group
    at group
    at Sky (E:\project\Anima-Engine\src\components\Landscape\Sky.tsx:50:16)
Warning: <boxGeometry /> is using incorrect casing. Use PascalCase for React components, or lowercase for HTML elements.
    at boxGeometry
    at mesh
    at group
    at group
    at group
    at Sky (E:\project\Anima-Engine\src\components\Landscape\Sky.tsx:50:16)
Warning: <meshStandardMaterial /> is using incorrect casing. Use PascalCase for React components, or lowercase for HTML elements.
    at meshStandardMaterial
    at mesh
    at group
    at group
    at group
    at Sky (E:\project\Anima-Engine\src\components\Landscape\Sky.tsx:50:16)
Warning: <boxGeometry /> is using incorrect casing. Use PascalCase for React components, or lowercase for HTML elements.
    at boxGeometry
    at mesh
    at group
    at group
    at group
    at Sky (E:\project\Anima-Engine\src\components\Landscape\Sky.tsx:50:16)
Warning: <meshStandardMaterial /> is using incorrect casing. Use PascalCase for React components, or lowercase for HTML elements.
    at meshStandardMaterial
    at mesh
    at group
    at group
    at group
    at Sky (E:\project\Anima-Engine\src\components\Landscape\Sky.tsx:50:16)
Warning: <boxGeometry /> is using incorrect casing. Use PascalCase for React components, or lowercase for HTML elements.
    at boxGeometry
    at mesh
    at group
    at group
    at group
    at Sky (E:\project\Anima-Engine\src\components\Landscape\Sky.tsx:50:16)
Warning: <meshStandardMaterial /> is using incorrect casing. Use PascalCase for React components, or lowercase for HTML elements.
    at meshStandardMaterial
    at mesh
    at group
    at group
    at group
    at Sky (E:\project\Anima-Engine\src\components\Landscape\Sky.tsx:50:16)
Warning: <boxGeometry /> is using incorrect casing. Use PascalCase for React components, or lowercase for HTML elements.
    at boxGeometry
    at mesh
    at group
    at group
    at group
    at Sky (E:\project\Anima-Engine\src\components\Landscape\Sky.tsx:50:16)
Warning: <meshStandardMaterial /> is using incorrect casing. Use PascalCase for React components, or lowercase for HTML elements.
    at meshStandardMaterial
    at mesh
    at group
    at group
    at group
    at Sky (E:\project\Anima-Engine\src\components\Landscape\Sky.tsx:50:16)
Warning: <boxGeometry /> is using incorrect casing. Use PascalCase for React components, or lowercase for HTML elements.
    at boxGeometry
    at mesh
    at group
    at group
    at group
    at Sky (E:\project\Anima-Engine\src\components\Landscape\Sky.tsx:50:16)
Warning: <meshStandardMaterial /> is using incorrect casing. Use PascalCase for React components, or lowercase for HTML elements.
    at meshStandardMaterial
    at mesh
    at group
    at group
    at group
    at Sky (E:\project\Anima-Engine\src\components\Landscape\Sky.tsx:50:16)
Warning: <boxGeometry /> is using incorrect casing. Use PascalCase for React components, or lowercase for HTML elements.
    at boxGeometry
    at mesh
    at group
    at group
    at group
    at Sky (E:\project\Anima-Engine\src\components\Landscape\Sky.tsx:50:16)
Warning: <meshStandardMaterial /> is using incorrect casing. Use PascalCase for React components, or lowercase for HTML elements.
    at meshStandardMaterial
    at mesh
    at group
    at group
    at group
    at Sky (E:\project\Anima-Engine\src\components\Landscape\Sky.tsx:50:16)
Warning: <sphereGeometry /> is using incorrect casing. Use PascalCase for React components, or lowercase for HTML elements.
    at sphereGeometry
    at mesh
    at group
    at Sky (E:\project\Anima-Engine\src\components\Landscape\Sky.tsx:50:16)
Warning: <meshBasicMaterial /> is using incorrect casing. Use PascalCase for React components, or lowercase for HTML elements.
    at meshBasicMaterial
    at mesh
    at group
    at Sky (E:\project\Anima-Engine\src\components\Landscape\Sky.tsx:50:16)
Warning: <directionalLight /> is using incorrect casing. Use PascalCase for React components, or lowercase for HTML elements.
    at directionalLight
    at group
    at Sky (E:\project\Anima-Engine\src\components\Landscape\Sky.tsx:50:16)
Warning: <hemisphereLight /> is using incorrect casing. Use PascalCase for React components, or lowercase for HTML elements.
    at hemisphereLight
    at group
    at Sky (E:\project\Anima-Engine\src\components\Landscape\Sky.tsx:50:16)
Warning: <ambientLight /> is using incorrect casing. Use PascalCase for React components, or lowercase for HTML elements.
    at ambientLight
    at group
    at Sky (E:\project\Anima-Engine\src\components\Landscape\Sky.tsx:50:16)
Warning: <boxGeometry /> is using incorrect casing. Use PascalCase for React components, or lowercase for HTML elements.
    at boxGeometry
    at mesh
    at group
    at group
    at group
    at Sky (E:\project\Anima-Engine\src\components\Landscape\Sky.tsx:50:16)
Warning: <meshStandardMaterial /> is using incorrect casing. Use PascalCase for React components, or lowercase for HTML elements.
    at meshStandardMaterial
    at mesh
    at group
    at group
    at group
    at Sky (E:\project\Anima-Engine\src\components\Landscape\Sky.tsx:50:16)
Warning: <boxGeometry /> is using incorrect casing. Use PascalCase for React components, or lowercase for HTML elements.
    at boxGeometry
    at mesh
    at group
    at group
    at group
    at Sky (E:\project\Anima-Engine\src\components\Landscape\Sky.tsx:50:16)
Warning: <meshStandardMaterial /> is using incorrect casing. Use PascalCase for React components, or lowercase for HTML elements.
    at meshStandardMaterial
    at mesh
    at group
    at group
    at group
    at Sky (E:\project\Anima-Engine\src\components\Landscape\Sky.tsx:50:16)
Warning: <boxGeometry /> is using incorrect casing. Use PascalCase for React components, or lowercase for HTML elements.
    at boxGeometry
    at mesh
    at group
    at group
    at group
    at Sky (E:\project\Anima-Engine\src\components\Landscape\Sky.tsx:50:16)
Warning: <meshStandardMaterial /> is using incorrect casing. Use PascalCase for React components, or lowercase for HTML elements.
    at meshStandardMaterial
    at mesh
    at group
    at group
    at group
    at Sky (E:\project\Anima-Engine\src\components\Landscape\Sky.tsx:50:16)
Warning: <boxGeometry /> is using incorrect casing. Use PascalCase for React components, or lowercase for HTML elements.
    at boxGeometry
    at mesh
    at group
    at group
    at group
    at Sky (E:\project\Anima-Engine\src\components\Landscape\Sky.tsx:50:16)
Warning: <meshStandardMaterial /> is using incorrect casing. Use PascalCase for React components, or lowercase for HTML elements.
    at meshStandardMaterial
    at mesh
    at group
    at group
    at group
    at Sky (E:\project\Anima-Engine\src\components\Landscape\Sky.tsx:50:16)
Warning: <boxGeometry /> is using incorrect casing. Use PascalCase for React components, or lowercase for HTML elements.
    at boxGeometry
    at mesh
    at group
    at group
    at group
    at Sky (E:\project\Anima-Engine\src\components\Landscape\Sky.tsx:50:16)
Warning: <meshStandardMaterial /> is using incorrect casing. Use PascalCase for React components, or lowercase for HTML elements.
    at meshStandardMaterial
    at mesh
    at group
    at group
    at group
    at Sky (E:\project\Anima-Engine\src\components\Landscape\Sky.tsx:50:16)
Warning: <boxGeometry /> is using incorrect casing. Use PascalCase for React components, or lowercase for HTML elements.
    at boxGeometry
    at mesh
    at group
    at group
    at group
    at Sky (E:\project\Anima-Engine\src\components\Landscape\Sky.tsx:50:16)
Warning: <meshStandardMaterial /> is using incorrect casing. Use PascalCase for React components, or lowercase for HTML elements.
    at meshStandardMaterial
    at mesh
    at group
    at group
    at group
    at Sky (E:\project\Anima-Engine\src\components\Landscape\Sky.tsx:50:16)
Warning: <boxGeometry /> is using incorrect casing. Use PascalCase for React components, or lowercase for HTML elements.
    at boxGeometry
    at mesh
    at group
    at group
    at group
    at Sky (E:\project\Anima-Engine\src\components\Landscape\Sky.tsx:50:16)
Warning: <meshStandardMaterial /> is using incorrect casing. Use PascalCase for React components, or lowercase for HTML elements.
    at meshStandardMaterial
    at mesh
    at group
    at group
    at group
    at Sky (E:\project\Anima-Engine\src\components\Landscape\Sky.tsx:50:16)
Warning: <boxGeometry /> is using incorrect casing. Use PascalCase for React components, or lowercase for HTML elements.
    at boxGeometry
    at mesh
    at group
    at group
    at group
    at Sky (E:\project\Anima-Engine\src\components\Landscape\Sky.tsx:50:16)
Warning: <meshStandardMaterial /> is using incorrect casing. Use PascalCase for React components, or lowercase for HTML elements.
    at meshStandardMaterial
    at mesh
    at group
    at group
    at group
    at Sky (E:\project\Anima-Engine\src\components\Landscape\Sky.tsx:50:16)
Warning: <boxGeometry /> is using incorrect casing. Use PascalCase for React components, or lowercase for HTML elements.
    at boxGeometry
    at mesh
    at group
    at group
    at group
    at Sky (E:\project\Anima-Engine\src\components\Landscape\Sky.tsx:50:16)
Warning: <meshStandardMaterial /> is using incorrect casing. Use PascalCase for React components, or lowercase for HTML elements.
    at meshStandardMaterial
    at mesh
    at group
    at group
    at group
    at Sky (E:\project\Anima-Engine\src\components\Landscape\Sky.tsx:50:16)
Warning: <boxGeometry /> is using incorrect casing. Use PascalCase for React components, or lowercase for HTML elements.
    at boxGeometry
    at mesh
    at group
    at group
    at group
    at Sky (E:\project\Anima-Engine\src\components\Landscape\Sky.tsx:50:16)
Warning: <meshStandardMaterial /> is using incorrect casing. Use PascalCase for React components, or lowercase for HTML elements.
    at meshStandardMaterial
    at mesh
    at group
    at group
    at group
    at Sky (E:\project\Anima-Engine\src\components\Landscape\Sky.tsx:50:16)
Warning: <boxGeometry /> is using incorrect casing. Use PascalCase for React components, or lowercase for HTML elements.
    at boxGeometry
    at mesh
    at group
    at group
    at group
    at Sky (E:\project\Anima-Engine\src\components\Landscape\Sky.tsx:50:16)
Warning: <meshStandardMaterial /> is using incorrect casing. Use PascalCase for React components, or lowercase for HTML elements.
    at meshStandardMaterial
    at mesh
    at group
    at group
    at group
    at Sky (E:\project\Anima-Engine\src\components\Landscape\Sky.tsx:50:16)
Warning: <boxGeometry /> is using incorrect casing. Use PascalCase for React components, or lowercase for HTML elements.
    at boxGeometry
    at mesh
    at group
    at group
    at group
    at Sky (E:\project\Anima-Engine\src\components\Landscape\Sky.tsx:50:16)
Warning: <meshStandardMaterial /> is using incorrect casing. Use PascalCase for React components, or lowercase for HTML elements.
    at meshStandardMaterial
    at mesh
    at group
    at group
    at group
    at Sky (E:\project\Anima-Engine\src\components\Landscape\Sky.tsx:50:16)
Warning: <boxGeometry /> is using incorrect casing. Use PascalCase for React components, or lowercase for HTML elements.
    at boxGeometry
    at mesh
    at group
    at group
    at group
    at Sky (E:\project\Anima-Engine\src\components\Landscape\Sky.tsx:50:16)
Warning: <meshStandardMaterial /> is using incorrect casing. Use PascalCase for React components, or lowercase for HTML elements.
    at meshStandardMaterial
    at mesh
    at group
    at group
    at group
    at Sky (E:\project\Anima-Engine\src\components\Landscape\Sky.tsx:50:16)
Warning: <boxGeometry /> is using incorrect casing. Use PascalCase for React components, or lowercase for HTML elements.
    at boxGeometry
    at mesh
    at group
    at group
    at group
    at Sky (E:\project\Anima-Engine\src\components\Landscape\Sky.tsx:50:16)
Warning: <meshStandardMaterial /> is using incorrect casing. Use PascalCase for React components, or lowercase for HTML elements.
    at meshStandardMaterial
    at mesh
    at group
    at group
    at group
    at Sky (E:\project\Anima-Engine\src\components\Landscape\Sky.tsx:50:16)
Warning: <boxGeometry /> is using incorrect casing. Use PascalCase for React components, or lowercase for HTML elements.
    at boxGeometry
    at mesh
    at group
    at group
    at group
    at Sky (E:\project\Anima-Engine\src\components\Landscape\Sky.tsx:50:16)
Warning: <meshStandardMaterial /> is using incorrect casing. Use PascalCase for React components, or lowercase for HTML elements.
    at meshStandardMaterial
    at mesh
    at group
    at group
    at group
    at Sky (E:\project\Anima-Engine\src\components\Landscape\Sky.tsx:50:16)
Warning: <boxGeometry /> is using incorrect casing. Use PascalCase for React components, or lowercase for HTML elements.
    at boxGeometry
    at mesh
    at group
    at group
    at group
    at Sky (E:\project\Anima-Engine\src\components\Landscape\Sky.tsx:50:16)
Warning: <meshStandardMaterial /> is using incorrect casing. Use PascalCase for React components, or lowercase for HTML elements.
    at meshStandardMaterial
    at mesh
    at group
    at group
    at group
    at Sky (E:\project\Anima-Engine\src\components\Landscape\Sky.tsx:50:16)
Warning: <boxGeometry /> is using incorrect casing. Use PascalCase for React components, or lowercase for HTML elements.
    at boxGeometry
    at mesh
    at group
    at group
    at group
    at Sky (E:\project\Anima-Engine\src\components\Landscape\Sky.tsx:50:16)
Warning: <meshStandardMaterial /> is using incorrect casing. Use PascalCase for React components, or lowercase for HTML elements.
    at meshStandardMaterial
    at mesh
    at group
    at group
    at group
    at Sky (E:\project\Anima-Engine\src\components\Landscape\Sky.tsx:50:16)
Warning: <boxGeometry /> is using incorrect casing. Use PascalCase for React components, or lowercase for HTML elements.
    at boxGeometry
    at mesh
    at group
    at group
    at group
    at Sky (E:\project\Anima-Engine\src\components\Landscape\Sky.tsx:50:16)
Warning: <meshStandardMaterial /> is using incorrect casing. Use PascalCase for React components, or lowercase for HTML elements.
    at meshStandardMaterial
    at mesh
    at group
    at group
    at group
    at Sky (E:\project\Anima-Engine\src\components\Landscape\Sky.tsx:50:16)
Warning: <sphereGeometry /> is using incorrect casing. Use PascalCase for React components, or lowercase for HTML elements.
    at sphereGeometry
    at mesh
    at group
    at Sky (E:\project\Anima-Engine\src\components\Landscape\Sky.tsx:50:16)
Warning: <meshBasicMaterial /> is using incorrect casing. Use PascalCase for React components, or lowercase for HTML elements.
    at meshBasicMaterial
    at mesh
    at group
    at Sky (E:\project\Anima-Engine\src\components\Landscape\Sky.tsx:50:16)
Warning: <directionalLight /> is using incorrect casing. Use PascalCase for React components, or lowercase for HTML elements.
    at directionalLight
    at group
    at Sky (E:\project\Anima-Engine\src\components\Landscape\Sky.tsx:50:16)
Warning: <directionalLight /> is using incorrect casing. Use PascalCase for React components, or lowercase for HTML elements.
    at directionalLight
    at group
    at Sky (E:\project\Anima-Engine\src\components\Landscape\Sky.tsx:50:16)
Warning: <hemisphereLight /> is using incorrect casing. Use PascalCase for React components, or lowercase for HTML elements.
    at hemisphereLight
    at group
    at Sky (E:\project\Anima-Engine\src\components\Landscape\Sky.tsx:50:16)
Warning: <ambientLight /> is using incorrect casing. Use PascalCase for React components, or lowercase for HTML elements.
    at ambientLight
    at group
    at Sky (E:\project\Anima-Engine\src\components\Landscape\Sky.tsx:50:16)
Warning: <sphereGeometry /> is using incorrect casing. Use PascalCase for React components, or lowercase for HTML elements.
    at sphereGeometry
    at mesh
    at group
    at Sky (E:\project\Anima-Engine\src\components\Landscape\Sky.tsx:50:16)
Warning: <meshBasicMaterial /> is using incorrect casing. Use PascalCase for React components, or lowercase for HTML elements.
    at meshBasicMaterial
    at mesh
    at group
    at Sky (E:\project\Anima-Engine\src\components\Landscape\Sky.tsx:50:16)
Warning: <bufferAttribute /> is using incorrect casing. Use PascalCase for React components, or lowercase for HTML elements.
    at bufferAttribute
    at bufferGeometry
    at points
    at group
    at Sky (E:\project\Anima-Engine\src\components\Landscape\Sky.tsx:50:16)
Warning: <bufferGeometry /> is using incorrect casing. Use PascalCase for React components, or lowercase for HTML elements.
    at bufferGeometry
    at points
    at group
    at Sky (E:\project\Anima-Engine\src\components\Landscape\Sky.tsx:50:16)
Warning: <pointsMaterial /> is using incorrect casing. Use PascalCase for React components, or lowercase for HTML elements.
    at pointsMaterial
    at points
    at group
    at Sky (E:\project\Anima-Engine\src\components\Landscape\Sky.tsx:50:16)
Warning: <boxGeometry /> is using incorrect casing. Use PascalCase for React components, or lowercase for HTML elements.
    at boxGeometry
    at mesh
    at group
    at group
    at group
    at Sky (E:\project\Anima-Engine\src\components\Landscape\Sky.tsx:50:16)
Warning: <meshStandardMaterial /> is using incorrect casing. Use PascalCase for React components, or lowercase for HTML elements.
    at meshStandardMaterial
    at mesh
    at group
    at group
    at group
    at Sky (E:\project\Anima-Engine\src\components\Landscape\Sky.tsx:50:16)
Warning: <boxGeometry /> is using incorrect casing. Use PascalCase for React components, or lowercase for HTML elements.
    at boxGeometry
    at mesh
    at group
    at group
    at group
    at Sky (E:\project\Anima-Engine\src\components\Landscape\Sky.tsx:50:16)
Warning: <meshStandardMaterial /> is using incorrect casing. Use PascalCase for React components, or lowercase for HTML elements.
    at meshStandardMaterial
    at mesh
    at group
    at group
    at group
    at Sky (E:\project\Anima-Engine\src\components\Landscape\Sky.tsx:50:16)
Warning: <boxGeometry /> is using incorrect casing. Use PascalCase for React components, or lowercase for HTML elements.
    at boxGeometry
    at mesh
    at group
    at group
    at group
    at Sky (E:\project\Anima-Engine\src\components\Landscape\Sky.tsx:50:16)
Warning: <meshStandardMaterial /> is using incorrect casing. Use PascalCase for React components, or lowercase for HTML elements.
    at meshStandardMaterial
    at mesh
    at group
    at group
    at group
    at Sky (E:\project\Anima-Engine\src\components\Landscape\Sky.tsx:50:16)
Warning: <boxGeometry /> is using incorrect casing. Use PascalCase for React components, or lowercase for HTML elements.
    at boxGeometry
    at mesh
    at group
    at group
    at group
    at Sky (E:\project\Anima-Engine\src\components\Landscape\Sky.tsx:50:16)
Warning: <meshStandardMaterial /> is using incorrect casing. Use PascalCase for React components, or lowercase for HTML elements.
    at meshStandardMaterial
    at mesh
    at group
    at group
    at group
    at Sky (E:\project\Anima-Engine\src\components\Landscape\Sky.tsx:50:16)
Warning: <boxGeometry /> is using incorrect casing. Use PascalCase for React components, or lowercase for HTML elements.
    at boxGeometry
    at mesh
    at group
    at group
    at group
    at Sky (E:\project\Anima-Engine\src\components\Landscape\Sky.tsx:50:16)
Warning: <meshStandardMaterial /> is using incorrect casing. Use PascalCase for React components, or lowercase for HTML elements.
    at meshStandardMaterial
    at mesh
    at group
    at group
    at group
    at Sky (E:\project\Anima-Engine\src\components\Landscape\Sky.tsx:50:16)
Warning: <boxGeometry /> is using incorrect casing. Use PascalCase for React components, or lowercase for HTML elements.
    at boxGeometry
    at mesh
    at group
    at group
    at group
    at Sky (E:\project\Anima-Engine\src\components\Landscape\Sky.tsx:50:16)
Warning: <meshStandardMaterial /> is using incorrect casing. Use PascalCase for React components, or lowercase for HTML elements.
    at meshStandardMaterial
    at mesh
    at group
    at group
    at group
    at Sky (E:\project\Anima-Engine\src\components\Landscape\Sky.tsx:50:16)
Warning: <boxGeometry /> is using incorrect casing. Use PascalCase for React components, or lowercase for HTML elements.
    at boxGeometry
    at mesh
    at group
    at group
    at group
    at Sky (E:\project\Anima-Engine\src\components\Landscape\Sky.tsx:50:16)
Warning: <meshStandardMaterial /> is using incorrect casing. Use PascalCase for React components, or lowercase for HTML elements.
    at meshStandardMaterial
    at mesh
    at group
    at group
    at group
    at Sky (E:\project\Anima-Engine\src\components\Landscape\Sky.tsx:50:16)
Warning: <boxGeometry /> is using incorrect casing. Use PascalCase for React components, or lowercase for HTML elements.
    at boxGeometry
    at mesh
    at group
    at group
    at group
    at Sky (E:\project\Anima-Engine\src\components\Landscape\Sky.tsx:50:16)
Warning: <meshStandardMaterial /> is using incorrect casing. Use PascalCase for React components, or lowercase for HTML elements.
    at meshStandardMaterial
    at mesh
    at group
    at group
    at group
    at Sky (E:\project\Anima-Engine\src\components\Landscape\Sky.tsx:50:16)
Warning: <boxGeometry /> is using incorrect casing. Use PascalCase for React components, or lowercase for HTML elements.
    at boxGeometry
    at mesh
    at group
    at group
    at group
    at Sky (E:\project\Anima-Engine\src\components\Landscape\Sky.tsx:50:16)
Warning: <meshStandardMaterial /> is using incorrect casing. Use PascalCase for React components, or lowercase for HTML elements.
    at meshStandardMaterial
    at mesh
    at group
    at group
    at group
    at Sky (E:\project\Anima-Engine\src\components\Landscape\Sky.tsx:50:16)
Warning: <boxGeometry /> is using incorrect casing. Use PascalCase for React components, or lowercase for HTML elements.
    at boxGeometry
    at mesh
    at group
    at group
    at group
    at Sky (E:\project\Anima-Engine\src\components\Landscape\Sky.tsx:50:16)
Warning: <meshStandardMaterial /> is using incorrect casing. Use PascalCase for React components, or lowercase for HTML elements.
    at meshStandardMaterial
    at mesh
    at group
    at group
    at group
    at Sky (E:\project\Anima-Engine\src\components\Landscape\Sky.tsx:50:16)
Warning: <boxGeometry /> is using incorrect casing. Use PascalCase for React components, or lowercase for HTML elements.
    at boxGeometry
    at mesh
    at group
    at group
    at group
    at Sky (E:\project\Anima-Engine\src\components\Landscape\Sky.tsx:50:16)
Warning: <meshStandardMaterial /> is using incorrect casing. Use PascalCase for React components, or lowercase for HTML elements.
    at meshStandardMaterial
    at mesh
    at group
    at group
    at group
    at Sky (E:\project\Anima-Engine\src\components\Landscape\Sky.tsx:50:16)
Warning: <boxGeometry /> is using incorrect casing. Use PascalCase for React components, or lowercase for HTML elements.
    at boxGeometry
    at mesh
    at group
    at group
    at group
    at Sky (E:\project\Anima-Engine\src\components\Landscape\Sky.tsx:50:16)
Warning: <meshStandardMaterial /> is using incorrect casing. Use PascalCase for React components, or lowercase for HTML elements.
    at meshStandardMaterial
    at mesh
    at group
    at group
    at group
    at Sky (E:\project\Anima-Engine\src\components\Landscape\Sky.tsx:50:16)
Warning: <boxGeometry /> is using incorrect casing. Use PascalCase for React components, or lowercase for HTML elements.
    at boxGeometry
    at mesh
    at group
    at group
    at group
    at Sky (E:\project\Anima-Engine\src\components\Landscape\Sky.tsx:50:16)
Warning: <meshStandardMaterial /> is using incorrect casing. Use PascalCase for React components, or lowercase for HTML elements.
    at meshStandardMaterial
    at mesh
    at group
    at group
    at group
    at Sky (E:\project\Anima-Engine\src\components\Landscape\Sky.tsx:50:16)
Warning: <boxGeometry /> is using incorrect casing. Use PascalCase for React components, or lowercase for HTML elements.
    at boxGeometry
    at mesh
    at group
    at group
    at group
    at Sky (E:\project\Anima-Engine\src\components\Landscape\Sky.tsx:50:16)
Warning: <meshStandardMaterial /> is using incorrect casing. Use PascalCase for React components, or lowercase for HTML elements.
    at meshStandardMaterial
    at mesh
    at group
    at group
    at group
    at Sky (E:\project\Anima-Engine\src\components\Landscape\Sky.tsx:50:16)
Warning: <boxGeometry /> is using incorrect casing. Use PascalCase for React components, or lowercase for HTML elements.
    at boxGeometry
    at mesh
    at group
    at group
    at group
    at Sky (E:\project\Anima-Engine\src\components\Landscape\Sky.tsx:50:16)
Warning: <meshStandardMaterial /> is using incorrect casing. Use PascalCase for React components, or lowercase for HTML elements.
    at meshStandardMaterial
    at mesh
    at group
    at group
    at group
    at Sky (E:\project\Anima-Engine\src\components\Landscape\Sky.tsx:50:16)
Warning: <boxGeometry /> is using incorrect casing. Use PascalCase for React components, or lowercase for HTML elements.
    at boxGeometry
    at mesh
    at group
    at group
    at group
    at Sky (E:\project\Anima-Engine\src\components\Landscape\Sky.tsx:50:16)
Warning: <meshStandardMaterial /> is using incorrect casing. Use PascalCase for React components, or lowercase for HTML elements.
    at meshStandardMaterial
    at mesh
    at group
    at group
    at group
    at Sky (E:\project\Anima-Engine\src\components\Landscape\Sky.tsx:50:16)
Warning: <boxGeometry /> is using incorrect casing. Use PascalCase for React components, or lowercase for HTML elements.
    at boxGeometry
    at mesh
    at group
    at group
    at group
    at Sky (E:\project\Anima-Engine\src\components\Landscape\Sky.tsx:50:16)
Warning: <meshStandardMaterial /> is using incorrect casing. Use PascalCase for React components, or lowercase for HTML elements.
    at meshStandardMaterial
    at mesh
    at group
    at group
    at group
    at Sky (E:\project\Anima-Engine\src\components\Landscape\Sky.tsx:50:16)
Warning: <boxGeometry /> is using incorrect casing. Use PascalCase for React components, or lowercase for HTML elements.
    at boxGeometry
    at mesh
    at group
    at group
    at group
    at Sky (E:\project\Anima-Engine\src\components\Landscape\Sky.tsx:50:16)
Warning: <meshStandardMaterial /> is using incorrect casing. Use PascalCase for React components, or lowercase for HTML elements.
    at meshStandardMaterial
    at mesh
    at group
    at group
    at group
    at Sky (E:\project\Anima-Engine\src\components\Landscape\Sky.tsx:50:16)
Warning: <sphereGeometry /> is using incorrect casing. Use PascalCase for React components, or lowercase for HTML elements.
    at sphereGeometry
    at mesh
    at group
    at Sky (E:\project\Anima-Engine\src\components\Landscape\Sky.tsx:50:16)
Warning: <meshBasicMaterial /> is using incorrect casing. Use PascalCase for React components, or lowercase for HTML elements.
    at meshBasicMaterial
    at mesh
    at group
    at Sky (E:\project\Anima-Engine\src\components\Landscape\Sky.tsx:50:16)
Warning: <directionalLight /> is using incorrect casing. Use PascalCase for React components, or lowercase for HTML elements.
    at directionalLight
    at group
    at Sky (E:\project\Anima-Engine\src\components\Landscape\Sky.tsx:50:16)
Warning: <directionalLight /> is using incorrect casing. Use PascalCase for React components, or lowercase for HTML elements.
    at directionalLight
    at group
    at Sky (E:\project\Anima-Engine\src\components\Landscape\Sky.tsx:50:16)
Warning: <hemisphereLight /> is using incorrect casing. Use PascalCase for React components, or lowercase for HTML elements.
    at hemisphereLight
    at group
    at Sky (E:\project\Anima-Engine\src\components\Landscape\Sky.tsx:50:16)
Warning: <ambientLight /> is using incorrect casing. Use PascalCase for React components, or lowercase for HTML elements.
    at ambientLight
    at group
    at Sky (E:\project\Anima-Engine\src\components\Landscape\Sky.tsx:50:16)
Warning: <sphereGeometry /> is using incorrect casing. Use PascalCase for React components, or lowercase for HTML elements.
    at sphereGeometry
    at mesh
    at group
    at Sky (E:\project\Anima-Engine\src\components\Landscape\Sky.tsx:50:16)
Warning: <meshBasicMaterial /> is using incorrect casing. Use PascalCase for React components, or lowercase for HTML elements.
    at meshBasicMaterial
    at mesh
    at group
    at Sky (E:\project\Anima-Engine\src\components\Landscape\Sky.tsx:50:16)
Warning: <bufferAttribute /> is using incorrect casing. Use PascalCase for React components, or lowercase for HTML elements.
    at bufferAttribute
    at bufferGeometry
    at points
    at group
    at Sky (E:\project\Anima-Engine\src\components\Landscape\Sky.tsx:50:16)
Warning: <bufferGeometry /> is using incorrect casing. Use PascalCase for React components, or lowercase for HTML elements.
    at bufferGeometry
    at points
    at group
    at Sky (E:\project\Anima-Engine\src\components\Landscape\Sky.tsx:50:16)
Warning: <pointsMaterial /> is using incorrect casing. Use PascalCase for React components, or lowercase for HTML elements.
    at pointsMaterial
    at points
    at group
    at Sky (E:\project\Anima-Engine\src\components\Landscape\Sky.tsx:50:16)
Warning: <boxGeometry /> is using incorrect casing. Use PascalCase for React components, or lowercase for HTML elements.
    at boxGeometry
    at mesh
    at group
    at group
    at group
    at Sky (E:\project\Anima-Engine\src\components\Landscape\Sky.tsx:50:16)
Warning: <meshStandardMaterial /> is using incorrect casing. Use PascalCase for React components, or lowercase for HTML elements.
    at meshStandardMaterial
    at mesh
    at group
    at group
    at group
    at Sky (E:\project\Anima-Engine\src\components\Landscape\Sky.tsx:50:16)
Warning: <boxGeometry /> is using incorrect casing. Use PascalCase for React components, or lowercase for HTML elements.
    at boxGeometry
    at mesh
    at group
    at group
    at group
    at Sky (E:\project\Anima-Engine\src\components\Landscape\Sky.tsx:50:16)
Warning: <meshStandardMaterial /> is using incorrect casing. Use PascalCase for React components, or lowercase for HTML elements.
    at meshStandardMaterial
    at mesh
    at group
    at group
    at group
    at Sky (E:\project\Anima-Engine\src\components\Landscape\Sky.tsx:50:16)
Warning: <boxGeometry /> is using incorrect casing. Use PascalCase for React components, or lowercase for HTML elements.
    at boxGeometry
    at mesh
    at group
    at group
    at group
    at Sky (E:\project\Anima-Engine\src\components\Landscape\Sky.tsx:50:16)
Warning: <meshStandardMaterial /> is using incorrect casing. Use PascalCase for React components, or lowercase for HTML elements.
    at meshStandardMaterial
    at mesh
    at group
    at group
    at group
    at Sky (E:\project\Anima-Engine\src\components\Landscape\Sky.tsx:50:16)
Warning: <boxGeometry /> is using incorrect casing. Use PascalCase for React components, or lowercase for HTML elements.
    at boxGeometry
    at mesh
    at group
    at group
    at group
    at Sky (E:\project\Anima-Engine\src\components\Landscape\Sky.tsx:50:16)
Warning: <meshStandardMaterial /> is using incorrect casing. Use PascalCase for React components, or lowercase for HTML elements.
    at meshStandardMaterial
    at mesh
    at group
    at group
    at group
    at Sky (E:\project\Anima-Engine\src\components\Landscape\Sky.tsx:50:16)
Warning: <boxGeometry /> is using incorrect casing. Use PascalCase for React components, or lowercase for HTML elements.
    at boxGeometry
    at mesh
    at group
    at group
    at group
    at Sky (E:\project\Anima-Engine\src\components\Landscape\Sky.tsx:50:16)
Warning: <meshStandardMaterial /> is using incorrect casing. Use PascalCase for React components, or lowercase for HTML elements.
    at meshStandardMaterial
    at mesh
    at group
    at group
    at group
    at Sky (E:\project\Anima-Engine\src\components\Landscape\Sky.tsx:50:16)
Warning: <boxGeometry /> is using incorrect casing. Use PascalCase for React components, or lowercase for HTML elements.
    at boxGeometry
    at mesh
    at group
    at group
    at group
    at Sky (E:\project\Anima-Engine\src\components\Landscape\Sky.tsx:50:16)
Warning: <meshStandardMaterial /> is using incorrect casing. Use PascalCase for React components, or lowercase for HTML elements.
    at meshStandardMaterial
    at mesh
    at group
    at group
    at group
    at Sky (E:\project\Anima-Engine\src\components\Landscape\Sky.tsx:50:16)
Warning: <boxGeometry /> is using incorrect casing. Use PascalCase for React components, or lowercase for HTML elements.
    at boxGeometry
    at mesh
    at group
    at group
    at group
    at Sky (E:\project\Anima-Engine\src\components\Landscape\Sky.tsx:50:16)
Warning: <meshStandardMaterial /> is using incorrect casing. Use PascalCase for React components, or lowercase for HTML elements.
    at meshStandardMaterial
    at mesh
    at group
    at group
    at group
    at Sky (E:\project\Anima-Engine\src\components\Landscape\Sky.tsx:50:16)
Warning: <boxGeometry /> is using incorrect casing. Use PascalCase for React components, or lowercase for HTML elements.
    at boxGeometry
    at mesh
    at group
    at group
    at group
    at Sky (E:\project\Anima-Engine\src\components\Landscape\Sky.tsx:50:16)
Warning: <meshStandardMaterial /> is using incorrect casing. Use PascalCase for React components, or lowercase for HTML elements.
    at meshStandardMaterial
    at mesh
    at group
    at group
    at group
    at Sky (E:\project\Anima-Engine\src\components\Landscape\Sky.tsx:50:16)
Warning: <boxGeometry /> is using incorrect casing. Use PascalCase for React components, or lowercase for HTML elements.
    at boxGeometry
    at mesh
    at group
    at group
    at group
    at Sky (E:\project\Anima-Engine\src\components\Landscape\Sky.tsx:50:16)
Warning: <meshStandardMaterial /> is using incorrect casing. Use PascalCase for React components, or lowercase for HTML elements.
    at meshStandardMaterial
    at mesh
    at group
    at group
    at group
    at Sky (E:\project\Anima-Engine\src\components\Landscape\Sky.tsx:50:16)
Warning: <boxGeometry /> is using incorrect casing. Use PascalCase for React components, or lowercase for HTML elements.
    at boxGeometry
    at mesh
    at group
    at group
    at group
    at Sky (E:\project\Anima-Engine\src\components\Landscape\Sky.tsx:50:16)
Warning: <meshStandardMaterial /> is using incorrect casing. Use PascalCase for React components, or lowercase for HTML elements.
    at meshStandardMaterial
    at mesh
    at group
    at group
    at group
    at Sky (E:\project\Anima-Engine\src\components\Landscape\Sky.tsx:50:16)
Warning: <boxGeometry /> is using incorrect casing. Use PascalCase for React components, or lowercase for HTML elements.
    at boxGeometry
    at mesh
    at group
    at group
    at group
    at Sky (E:\project\Anima-Engine\src\components\Landscape\Sky.tsx:50:16)
Warning: <meshStandardMaterial /> is using incorrect casing. Use PascalCase for React components, or lowercase for HTML elements.
    at meshStandardMaterial
    at mesh
    at group
    at group
    at group
    at Sky (E:\project\Anima-Engine\src\components\Landscape\Sky.tsx:50:16)
Warning: <boxGeometry /> is using incorrect casing. Use PascalCase for React components, or lowercase for HTML elements.
    at boxGeometry
    at mesh
    at group
    at group
    at group
    at Sky (E:\project\Anima-Engine\src\components\Landscape\Sky.tsx:50:16)
Warning: <meshStandardMaterial /> is using incorrect casing. Use PascalCase for React components, or lowercase for HTML elements.
    at meshStandardMaterial
    at mesh
    at group
    at group
    at group
    at Sky (E:\project\Anima-Engine\src\components\Landscape\Sky.tsx:50:16)
Warning: <boxGeometry /> is using incorrect casing. Use PascalCase for React components, or lowercase for HTML elements.
    at boxGeometry
    at mesh
    at group
    at group
    at group
    at Sky (E:\project\Anima-Engine\src\components\Landscape\Sky.tsx:50:16)
Warning: <meshStandardMaterial /> is using incorrect casing. Use PascalCase for React components, or lowercase for HTML elements.
    at meshStandardMaterial
    at mesh
    at group
    at group
    at group
    at Sky (E:\project\Anima-Engine\src\components\Landscape\Sky.tsx:50:16)
Warning: <boxGeometry /> is using incorrect casing. Use PascalCase for React components, or lowercase for HTML elements.
    at boxGeometry
    at mesh
    at group
    at group
    at group
    at Sky (E:\project\Anima-Engine\src\components\Landscape\Sky.tsx:50:16)
Warning: <meshStandardMaterial /> is using incorrect casing. Use PascalCase for React components, or lowercase for HTML elements.
    at meshStandardMaterial
    at mesh
    at group
    at group
    at group
    at Sky (E:\project\Anima-Engine\src\components\Landscape\Sky.tsx:50:16)
Warning: <boxGeometry /> is using incorrect casing. Use PascalCase for React components, or lowercase for HTML elements.
    at boxGeometry
    at mesh
    at group
    at group
    at group
    at Sky (E:\project\Anima-Engine\src\components\Landscape\Sky.tsx:50:16)
Warning: <meshStandardMaterial /> is using incorrect casing. Use PascalCase for React components, or lowercase for HTML elements.
    at meshStandardMaterial
    at mesh
    at group
    at group
    at group
    at Sky (E:\project\Anima-Engine\src\components\Landscape\Sky.tsx:50:16)
Warning: <boxGeometry /> is using incorrect casing. Use PascalCase for React components, or lowercase for HTML elements.
    at boxGeometry
    at mesh
    at group
    at group
    at group
    at Sky (E:\project\Anima-Engine\src\components\Landscape\Sky.tsx:50:16)
Warning: <meshStandardMaterial /> is using incorrect casing. Use PascalCase for React components, or lowercase for HTML elements.
    at meshStandardMaterial
    at mesh
    at group
    at group
    at group
    at Sky (E:\project\Anima-Engine\src\components\Landscape\Sky.tsx:50:16)
Warning: <boxGeometry /> is using incorrect casing. Use PascalCase for React components, or lowercase for HTML elements.
    at boxGeometry
    at mesh
    at group
    at group
    at group
    at Sky (E:\project\Anima-Engine\src\components\Landscape\Sky.tsx:50:16)
Warning: <meshStandardMaterial /> is using incorrect casing. Use PascalCase for React components, or lowercase for HTML elements.
    at meshStandardMaterial
    at mesh
    at group
    at group
    at group
    at Sky (E:\project\Anima-Engine\src\components\Landscape\Sky.tsx:50:16)
Warning: <boxGeometry /> is using incorrect casing. Use PascalCase for React components, or lowercase for HTML elements.
    at boxGeometry
    at mesh
    at group
    at group
    at group
    at Sky (E:\project\Anima-Engine\src\components\Landscape\Sky.tsx:50:16)
Warning: <meshStandardMaterial /> is using incorrect casing. Use PascalCase for React components, or lowercase for HTML elements.
    at meshStandardMaterial
    at mesh
    at group
    at group
    at group
    at Sky (E:\project\Anima-Engine\src\components\Landscape\Sky.tsx:50:16)

[90mstderr[2m | frontend/landscape_showcase_adversarial.test.tsx[2m > [22m[2mLandscape Showcase Adversarial Test Suite (Tier 5)[2m > [22m[2m4. Sky Component Day-Night Cycle Boundary Settings[2m > [22m[2mshould handle speed of NaN, Infinity, and negative speed[22m[39m
Warning: <sphereGeometry /> is using incorrect casing. Use PascalCase for React components, or lowercase for HTML elements.
    at sphereGeometry
    at mesh
    at group
    at Sky (E:\project\Anima-Engine\src\components\Landscape\Sky.tsx:50:16)
Warning: <meshBasicMaterial /> is using incorrect casing. Use PascalCase for React components, or lowercase for HTML elements.
    at meshBasicMaterial
    at mesh
    at group
    at Sky (E:\project\Anima-Engine\src\components\Landscape\Sky.tsx:50:16)
Warning: <directionalLight /> is using incorrect casing. Use PascalCase for React components, or lowercase for HTML elements.
    at directionalLight
    at group
    at Sky (E:\project\Anima-Engine\src\components\Landscape\Sky.tsx:50:16)
Warning: <hemisphereLight /> is using incorrect casing. Use PascalCase for React components, or lowercase for HTML elements.
    at hemisphereLight
    at group
    at Sky (E:\project\Anima-Engine\src\components\Landscape\Sky.tsx:50:16)
Warning: <ambientLight /> is using incorrect casing. Use PascalCase for React components, or lowercase for HTML elements.
    at ambientLight
    at group
    at Sky (E:\project\Anima-Engine\src\components\Landscape\Sky.tsx:50:16)
Warning: <boxGeometry /> is using incorrect casing. Use PascalCase for React components, or lowercase for HTML elements.
    at boxGeometry
    at mesh
    at group
    at group
    at group
    at Sky (E:\project\Anima-Engine\src\components\Landscape\Sky.tsx:50:16)
Warning: <meshStandardMaterial /> is using incorrect casing. Use PascalCase for React components, or lowercase for HTML elements.
    at meshStandardMaterial
    at mesh
    at group
    at group
    at group
    at Sky (E:\project\Anima-Engine\src\components\Landscape\Sky.tsx:50:16)
Warning: <boxGeometry /> is using incorrect casing. Use PascalCase for React components, or lowercase for HTML elements.
    at boxGeometry
    at mesh
    at group
    at group
    at group
    at Sky (E:\project\Anima-Engine\src\components\Landscape\Sky.tsx:50:16)
Warning: <meshStandardMaterial /> is using incorrect casing. Use PascalCase for React components, or lowercase for HTML elements.
    at meshStandardMaterial
    at mesh
    at group
    at group
    at group
    at Sky (E:\project\Anima-Engine\src\components\Landscape\Sky.tsx:50:16)
Warning: <boxGeometry /> is using incorrect casing. Use PascalCase for React components, or lowercase for HTML elements.
    at boxGeometry
    at mesh
    at group
    at group
    at group
    at Sky (E:\project\Anima-Engine\src\components\Landscape\Sky.tsx:50:16)
Warning: <meshStandardMaterial /> is using incorrect casing. Use PascalCase for React components, or lowercase for HTML elements.
    at meshStandardMaterial
    at mesh
    at group
    at group
    at group
    at Sky (E:\project\Anima-Engine\src\components\Landscape\Sky.tsx:50:16)
Warning: <boxGeometry /> is using incorrect casing. Use PascalCase for React components, or lowercase for HTML elements.
    at boxGeometry
    at mesh
    at group
    at group
    at group
    at Sky (E:\project\Anima-Engine\src\components\Landscape\Sky.tsx:50:16)
Warning: <meshStandardMaterial /> is using incorrect casing. Use PascalCase for React components, or lowercase for HTML elements.
    at meshStandardMaterial
    at mesh
    at group
    at group
    at group
    at Sky (E:\project\Anima-Engine\src\components\Landscape\Sky.tsx:50:16)
Warning: <boxGeometry /> is using incorrect casing. Use PascalCase for React components, or lowercase for HTML elements.
    at boxGeometry
    at mesh
    at group
    at group
    at group
    at Sky (E:\project\Anima-Engine\src\components\Landscape\Sky.tsx:50:16)
Warning: <meshStandardMaterial /> is using incorrect casing. Use PascalCase for React components, or lowercase for HTML elements.
    at meshStandardMaterial
    at mesh
    at group
    at group
    at group
    at Sky (E:\project\Anima-Engine\src\components\Landscape\Sky.tsx:50:16)
Warning: <boxGeometry /> is using incorrect casing. Use PascalCase for React components, or lowercase for HTML elements.
    at boxGeometry
    at mesh
    at group
    at group
    at group
    at Sky (E:\project\Anima-Engine\src\components\Landscape\Sky.tsx:50:16)
Warning: <meshStandardMaterial /> is using incorrect casing. Use PascalCase for React components, or lowercase for HTML elements.
    at meshStandardMaterial
    at mesh
    at group
    at group
    at group
    at Sky (E:\project\Anima-Engine\src\components\Landscape\Sky.tsx:50:16)
Warning: <boxGeometry /> is using incorrect casing. Use PascalCase for React components, or lowercase for HTML elements.
    at boxGeometry
    at mesh
    at group
    at group
    at group
    at Sky (E:\project\Anima-Engine\src\components\Landscape\Sky.tsx:50:16)
Warning: <meshStandardMaterial /> is using incorrect casing. Use PascalCase for React components, or lowercase for HTML elements.
    at meshStandardMaterial
    at mesh
    at group
    at group
    at group
    at Sky (E:\project\Anima-Engine\src\components\Landscape\Sky.tsx:50:16)
Warning: <boxGeometry /> is using incorrect casing. Use PascalCase for React components, or lowercase for HTML elements.
    at boxGeometry
    at mesh
    at group
    at group
    at group
    at Sky (E:\project\Anima-Engine\src\components\Landscape\Sky.tsx:50:16)
Warning: <meshStandardMaterial /> is using incorrect casing. Use PascalCase for React components, or lowercase for HTML elements.
    at meshStandardMaterial
    at mesh
    at group
    at group
    at group
    at Sky (E:\project\Anima-Engine\src\components\Landscape\Sky.tsx:50:16)
Warning: <boxGeometry /> is using incorrect casing. Use PascalCase for React components, or lowercase for HTML elements.
    at boxGeometry
    at mesh
    at group
    at group
    at group
    at Sky (E:\project\Anima-Engine\src\components\Landscape\Sky.tsx:50:16)
Warning: <meshStandardMaterial /> is using incorrect casing. Use PascalCase for React components, or lowercase for HTML elements.
    at meshStandardMaterial
    at mesh
    at group
    at group
    at group
    at Sky (E:\project\Anima-Engine\src\components\Landscape\Sky.tsx:50:16)
Warning: <boxGeometry /> is using incorrect casing. Use PascalCase for React components, or lowercase for HTML elements.
    at boxGeometry
    at mesh
    at group
    at group
    at group
    at Sky (E:\project\Anima-Engine\src\components\Landscape\Sky.tsx:50:16)
Warning: <meshStandardMaterial /> is using incorrect casing. Use PascalCase for React components, or lowercase for HTML elements.
    at meshStandardMaterial
    at mesh
    at group
    at group
    at group
    at Sky (E:\project\Anima-Engine\src\components\Landscape\Sky.tsx:50:16)
Warning: <boxGeometry /> is using incorrect casing. Use PascalCase for React components, or lowercase for HTML elements.
    at boxGeometry
    at mesh
    at group
    at group
    at group
    at Sky (E:\project\Anima-Engine\src\components\Landscape\Sky.tsx:50:16)
Warning: <meshStandardMaterial /> is using incorrect casing. Use PascalCase for React components, or lowercase for HTML elements.
    at meshStandardMaterial
    at mesh
    at group
    at group
    at group
    at Sky (E:\project\Anima-Engine\src\components\Landscape\Sky.tsx:50:16)
Warning: <boxGeometry /> is using incorrect casing. Use PascalCase for React components, or lowercase for HTML elements.
    at boxGeometry
    at mesh
    at group
    at group
    at group
    at Sky (E:\project\Anima-Engine\src\components\Landscape\Sky.tsx:50:16)
Warning: <meshStandardMaterial /> is using incorrect casing. Use PascalCase for React components, or lowercase for HTML elements.
    at meshStandardMaterial
    at mesh
    at group
    at group
    at group
    at Sky (E:\project\Anima-Engine\src\components\Landscape\Sky.tsx:50:16)
Warning: <boxGeometry /> is using incorrect casing. Use PascalCase for React components, or lowercase for HTML elements.
    at boxGeometry
    at mesh
    at group
    at group
    at group
    at Sky (E:\project\Anima-Engine\src\components\Landscape\Sky.tsx:50:16)
Warning: <meshStandardMaterial /> is using incorrect casing. Use PascalCase for React components, or lowercase for HTML elements.
    at meshStandardMaterial
    at mesh
    at group
    at group
    at group
    at Sky (E:\project\Anima-Engine\src\components\Landscape\Sky.tsx:50:16)
Warning: <boxGeometry /> is using incorrect casing. Use PascalCase for React components, or lowercase for HTML elements.
    at boxGeometry
    at mesh
    at group
    at group
    at group
    at Sky (E:\project\Anima-Engine\src\components\Landscape\Sky.tsx:50:16)
Warning: <meshStandardMaterial /> is using incorrect casing. Use PascalCase for React components, or lowercase for HTML elements.
    at meshStandardMaterial
    at mesh
    at group
    at group
    at group
    at Sky (E:\project\Anima-Engine\src\components\Landscape\Sky.tsx:50:16)
Warning: <boxGeometry /> is using incorrect casing. Use PascalCase for React components, or lowercase for HTML elements.
    at boxGeometry
    at mesh
    at group
    at group
    at group
    at Sky (E:\project\Anima-Engine\src\components\Landscape\Sky.tsx:50:16)
Warning: <meshStandardMaterial /> is using incorrect casing. Use PascalCase for React components, or lowercase for HTML elements.
    at meshStandardMaterial
    at mesh
    at group
    at group
    at group
    at Sky (E:\project\Anima-Engine\src\components\Landscape\Sky.tsx:50:16)
Warning: <boxGeometry /> is using incorrect casing. Use PascalCase for React components, or lowercase for HTML elements.
    at boxGeometry
    at mesh
    at group
    at group
    at group
    at Sky (E:\project\Anima-Engine\src\components\Landscape\Sky.tsx:50:16)
Warning: <meshStandardMaterial /> is using incorrect casing. Use PascalCase for React components, or lowercase for HTML elements.
    at meshStandardMaterial
    at mesh
    at group
    at group
    at group
    at Sky (E:\project\Anima-Engine\src\components\Landscape\Sky.tsx:50:16)
Warning: <boxGeometry /> is using incorrect casing. Use PascalCase for React components, or lowercase for HTML elements.
    at boxGeometry
    at mesh
    at group
    at group
    at group
    at Sky (E:\project\Anima-Engine\src\components\Landscape\Sky.tsx:50:16)
Warning: <meshStandardMaterial /> is using incorrect casing. Use PascalCase for React components, or lowercase for HTML elements.
    at meshStandardMaterial
    at mesh
    at group
    at group
    at group
    at Sky (E:\project\Anima-Engine\src\components\Landscape\Sky.tsx:50:16)
Warning: <boxGeometry /> is using incorrect casing. Use PascalCase for React components, or lowercase for HTML elements.
    at boxGeometry
    at mesh
    at group
    at group
    at group
    at Sky (E:\project\Anima-Engine\src\components\Landscape\Sky.tsx:50:16)
Warning: <meshStandardMaterial /> is using incorrect casing. Use PascalCase for React components, or lowercase for HTML elements.
    at meshStandardMaterial
    at mesh
    at group
    at group
    at group
    at Sky (E:\project\Anima-Engine\src\components\Landscape\Sky.tsx:50:16)
Warning: <sphereGeometry /> is using incorrect casing. Use PascalCase for React components, or lowercase for HTML elements.
    at sphereGeometry
    at mesh
    at group
    at Sky (E:\project\Anima-Engine\src\components\Landscape\Sky.tsx:50:16)
Warning: <meshBasicMaterial /> is using incorrect casing. Use PascalCase for React components, or lowercase for HTML elements.
    at meshBasicMaterial
    at mesh
    at group
    at Sky (E:\project\Anima-Engine\src\components\Landscape\Sky.tsx:50:16)
Warning: <directionalLight /> is using incorrect casing. Use PascalCase for React components, or lowercase for HTML elements.
    at directionalLight
    at group
    at Sky (E:\project\Anima-Engine\src\components\Landscape\Sky.tsx:50:16)
Warning: <hemisphereLight /> is using incorrect casing. Use PascalCase for React components, or lowercase for HTML elements.
    at hemisphereLight
    at group
    at Sky (E:\project\Anima-Engine\src\components\Landscape\Sky.tsx:50:16)
Warning: <ambientLight /> is using incorrect casing. Use PascalCase for React components, or lowercase for HTML elements.
    at ambientLight
    at group
    at Sky (E:\project\Anima-Engine\src\components\Landscape\Sky.tsx:50:16)
Warning: <boxGeometry /> is using incorrect casing. Use PascalCase for React components, or lowercase for HTML elements.
    at boxGeometry
    at mesh
    at group
    at group
    at group
    at Sky (E:\project\Anima-Engine\src\components\Landscape\Sky.tsx:50:16)
Warning: <meshStandardMaterial /> is using incorrect casing. Use PascalCase for React components, or lowercase for HTML elements.
    at meshStandardMaterial
    at mesh
    at group
    at group
    at group
    at Sky (E:\project\Anima-Engine\src\components\Landscape\Sky.tsx:50:16)
Warning: <boxGeometry /> is using incorrect casing. Use PascalCase for React components, or lowercase for HTML elements.
    at boxGeometry
    at mesh
    at group
    at group
    at group
    at Sky (E:\project\Anima-Engine\src\components\Landscape\Sky.tsx:50:16)
Warning: <meshStandardMaterial /> is using incorrect casing. Use PascalCase for React components, or lowercase for HTML elements.
    at meshStandardMaterial
    at mesh
    at group
    at group
    at group
    at Sky (E:\project\Anima-Engine\src\components\Landscape\Sky.tsx:50:16)
Warning: <boxGeometry /> is using incorrect casing. Use PascalCase for React components, or lowercase for HTML elements.
    at boxGeometry
    at mesh
    at group
    at group
    at group
    at Sky (E:\project\Anima-Engine\src\components\Landscape\Sky.tsx:50:16)
Warning: <meshStandardMaterial /> is using incorrect casing. Use PascalCase for React components, or lowercase for HTML elements.
    at meshStandardMaterial
    at mesh
    at group
    at group
    at group
    at Sky (E:\project\Anima-Engine\src\components\Landscape\Sky.tsx:50:16)
Warning: <boxGeometry /> is using incorrect casing. Use PascalCase for React components, or lowercase for HTML elements.
    at boxGeometry
    at mesh
    at group
    at group
    at group
    at Sky (E:\project\Anima-Engine\src\components\Landscape\Sky.tsx:50:16)
Warning: <meshStandardMaterial /> is using incorrect casing. Use PascalCase for React components, or lowercase for HTML elements.
    at meshStandardMaterial
    at mesh
    at group
    at group
    at group
    at Sky (E:\project\Anima-Engine\src\components\Landscape\Sky.tsx:50:16)
Warning: <boxGeometry /> is using incorrect casing. Use PascalCase for React components, or lowercase for HTML elements.
    at boxGeometry
    at mesh
    at group
    at group
    at group
    at Sky (E:\project\Anima-Engine\src\components\Landscape\Sky.tsx:50:16)
Warning: <meshStandardMaterial /> is using incorrect casing. Use PascalCase for React components, or lowercase for HTML elements.
    at meshStandardMaterial
    at mesh
    at group
    at group
    at group
    at Sky (E:\project\Anima-Engine\src\components\Landscape\Sky.tsx:50:16)
Warning: <boxGeometry /> is using incorrect casing. Use PascalCase for React components, or lowercase for HTML elements.
    at boxGeometry
    at mesh
    at group
    at group
    at group
    at Sky (E:\project\Anima-Engine\src\components\Landscape\Sky.tsx:50:16)
Warning: <meshStandardMaterial /> is using incorrect casing. Use PascalCase for React components, or lowercase for HTML elements.
    at meshStandardMaterial
    at mesh
    at group
    at group
    at group
    at Sky (E:\project\Anima-Engine\src\components\Landscape\Sky.tsx:50:16)
Warning: <boxGeometry /> is using incorrect casing. Use PascalCase for React components, or lowercase for HTML elements.
    at boxGeometry
    at mesh
    at group
    at group
    at group
    at Sky (E:\project\Anima-Engine\src\components\Landscape\Sky.tsx:50:16)
Warning: <meshStandardMaterial /> is using incorrect casing. Use PascalCase for React components, or lowercase for HTML elements.
    at meshStandardMaterial
    at mesh
    at group
    at group
    at group
    at Sky (E:\project\Anima-Engine\src\components\Landscape\Sky.tsx:50:16)
Warning: <boxGeometry /> is using incorrect casing. Use PascalCase for React components, or lowercase for HTML elements.
    at boxGeometry
    at mesh
    at group
    at group
    at group
    at Sky (E:\project\Anima-Engine\src\components\Landscape\Sky.tsx:50:16)
Warning: <meshStandardMaterial /> is using incorrect casing. Use PascalCase for React components, or lowercase for HTML elements.
    at meshStandardMaterial
    at mesh
    at group
    at group
    at group
    at Sky (E:\project\Anima-Engine\src\components\Landscape\Sky.tsx:50:16)
Warning: <boxGeometry /> is using incorrect casing. Use PascalCase for React components, or lowercase for HTML elements.
    at boxGeometry
    at mesh
    at group
    at group
    at group
    at Sky (E:\project\Anima-Engine\src\components\Landscape\Sky.tsx:50:16)
Warning: <meshStandardMaterial /> is using incorrect casing. Use PascalCase for React components, or lowercase for HTML elements.
    at meshStandardMaterial
    at mesh
    at group
    at group
    at group
    at Sky (E:\project\Anima-Engine\src\components\Landscape\Sky.tsx:50:16)
Warning: <boxGeometry /> is using incorrect casing. Use PascalCase for React components, or lowercase for HTML elements.
    at boxGeometry
    at mesh
    at group
    at group
    at group
    at Sky (E:\project\Anima-Engine\src\components\Landscape\Sky.tsx:50:16)
Warning: <meshStandardMaterial /> is using incorrect casing. Use PascalCase for React components, or lowercase for HTML elements.
    at meshStandardMaterial
    at mesh
    at group
    at group
    at group
    at Sky (E:\project\Anima-Engine\src\components\Landscape\Sky.tsx:50:16)
Warning: <boxGeometry /> is using incorrect casing. Use PascalCase for React components, or lowercase for HTML elements.
    at boxGeometry
    at mesh
    at group
    at group
    at group
    at Sky (E:\project\Anima-Engine\src\components\Landscape\Sky.tsx:50:16)
Warning: <meshStandardMaterial /> is using incorrect casing. Use PascalCase for React components, or lowercase for HTML elements.
    at meshStandardMaterial
    at mesh
    at group
    at group
    at group
    at Sky (E:\project\Anima-Engine\src\components\Landscape\Sky.tsx:50:16)
Warning: <boxGeometry /> is using incorrect casing. Use PascalCase for React components, or lowercase for HTML elements.
    at boxGeometry
    at mesh
    at group
    at group
    at group
    at Sky (E:\project\Anima-Engine\src\components\Landscape\Sky.tsx:50:16)
Warning: <meshStandardMaterial /> is using incorrect casing. Use PascalCase for React components, or lowercase for HTML elements.
    at meshStandardMaterial
    at mesh
    at group
    at group
    at group
    at Sky (E:\project\Anima-Engine\src\components\Landscape\Sky.tsx:50:16)
Warning: <boxGeometry /> is using incorrect casing. Use PascalCase for React components, or lowercase for HTML elements.
    at boxGeometry
    at mesh
    at group
    at group
    at group
    at Sky (E:\project\Anima-Engine\src\components\Landscape\Sky.tsx:50:16)
Warning: <meshStandardMaterial /> is using incorrect casing. Use PascalCase for React components, or lowercase for HTML elements.
    at meshStandardMaterial
    at mesh
    at group
    at group
    at group
    at Sky (E:\project\Anima-Engine\src\components\Landscape\Sky.tsx:50:16)
Warning: <boxGeometry /> is using incorrect casing. Use PascalCase for React components, or lowercase for HTML elements.
    at boxGeometry
    at mesh
    at group
    at group
    at group
    at Sky (E:\project\Anima-Engine\src\components\Landscape\Sky.tsx:50:16)
Warning: <meshStandardMaterial /> is using incorrect casing. Use PascalCase for React components, or lowercase for HTML elements.
    at meshStandardMaterial
    at mesh
    at group
    at group
    at group
    at Sky (E:\project\Anima-Engine\src\components\Landscape\Sky.tsx:50:16)
Warning: <boxGeometry /> is using incorrect casing. Use PascalCase for React components, or lowercase for HTML elements.
    at boxGeometry
    at mesh
    at group
    at group
    at group
    at Sky (E:\project\Anima-Engine\src\components\Landscape\Sky.tsx:50:16)
Warning: <meshStandardMaterial /> is using incorrect casing. Use PascalCase for React components, or lowercase for HTML elements.
    at meshStandardMaterial
    at mesh
    at group
    at group
    at group
    at Sky (E:\project\Anima-Engine\src\components\Landscape\Sky.tsx:50:16)
Warning: <boxGeometry /> is using incorrect casing. Use PascalCase for React components, or lowercase for HTML elements.
    at boxGeometry
    at mesh
    at group
    at group
    at group
    at Sky (E:\project\Anima-Engine\src\components\Landscape\Sky.tsx:50:16)
Warning: <meshStandardMaterial /> is using incorrect casing. Use PascalCase for React components, or lowercase for HTML elements.
    at meshStandardMaterial
    at mesh
    at group
    at group
    at group
    at Sky (E:\project\Anima-Engine\src\components\Landscape\Sky.tsx:50:16)
Warning: <boxGeometry /> is using incorrect casing. Use PascalCase for React components, or lowercase for HTML elements.
    at boxGeometry
    at mesh
    at group
    at group
    at group
    at Sky (E:\project\Anima-Engine\src\components\Landscape\Sky.tsx:50:16)
Warning: <meshStandardMaterial /> is using incorrect casing. Use PascalCase for React components, or lowercase for HTML elements.
    at meshStandardMaterial
    at mesh
    at group
    at group
    at group
    at Sky (E:\project\Anima-Engine\src\components\Landscape\Sky.tsx:50:16)
Warning: <boxGeometry /> is using incorrect casing. Use PascalCase for React components, or lowercase for HTML elements.
    at boxGeometry
    at mesh
    at group
    at group
    at group
    at Sky (E:\project\Anima-Engine\src\components\Landscape\Sky.tsx:50:16)
Warning: <meshStandardMaterial /> is using incorrect casing. Use PascalCase for React components, or lowercase for HTML elements.
    at meshStandardMaterial
    at mesh
    at group
    at group
    at group
    at Sky (E:\project\Anima-Engine\src\components\Landscape\Sky.tsx:50:16)
Warning: Received NaN for the `data-speed` attribute. If this is expected, cast the value to a string.
    at group
    at Sky (E:\project\Anima-Engine\src\components\Landscape\Sky.tsx:50:16)
Warning: <sphereGeometry /> is using incorrect casing. Use PascalCase for React components, or lowercase for HTML elements.
    at sphereGeometry
    at mesh
    at group
    at Sky (E:\project\Anima-Engine\src\components\Landscape\Sky.tsx:50:16)
Warning: <meshBasicMaterial /> is using incorrect casing. Use PascalCase for React components, or lowercase for HTML elements.
    at meshBasicMaterial
    at mesh
    at group
    at Sky (E:\project\Anima-Engine\src\components\Landscape\Sky.tsx:50:16)
Warning: <directionalLight /> is using incorrect casing. Use PascalCase for React components, or lowercase for HTML elements.
    at directionalLight
    at group
    at Sky (E:\project\Anima-Engine\src\components\Landscape\Sky.tsx:50:16)
Warning: <hemisphereLight /> is using incorrect casing. Use PascalCase for React components, or lowercase for HTML elements.
    at hemisphereLight
    at group
    at Sky (E:\project\Anima-Engine\src\components\Landscape\Sky.tsx:50:16)
Warning: <ambientLight /> is using incorrect casing. Use PascalCase for React components, or lowercase for HTML elements.
    at ambientLight
    at group
    at Sky (E:\project\Anima-Engine\src\components\Landscape\Sky.tsx:50:16)
Warning: <boxGeometry /> is using incorrect casing. Use PascalCase for React components, or lowercase for HTML elements.
    at boxGeometry
    at mesh
    at group
    at group
    at group
    at Sky (E:\project\Anima-Engine\src\components\Landscape\Sky.tsx:50:16)
Warning: <meshStandardMaterial /> is using incorrect casing. Use PascalCase for React components, or lowercase for HTML elements.
    at meshStandardMaterial
    at mesh
    at group
    at group
    at group
    at Sky (E:\project\Anima-Engine\src\components\Landscape\Sky.tsx:50:16)
Warning: <boxGeometry /> is using incorrect casing. Use PascalCase for React components, or lowercase for HTML elements.
    at boxGeometry
    at mesh
    at group
    at group
    at group
    at Sky (E:\project\Anima-Engine\src\components\Landscape\Sky.tsx:50:16)
Warning: <meshStandardMaterial /> is using incorrect casing. Use PascalCase for React components, or lowercase for HTML elements.
    at meshStandardMaterial
    at mesh
    at group
    at group
    at group
    at Sky (E:\project\Anima-Engine\src\components\Landscape\Sky.tsx:50:16)
Warning: <boxGeometry /> is using incorrect casing. Use PascalCase for React components, or lowercase for HTML elements.
    at boxGeometry
    at mesh
    at group
    at group
    at group
    at Sky (E:\project\Anima-Engine\src\components\Landscape\Sky.tsx:50:16)
Warning: <meshStandardMaterial /> is using incorrect casing. Use PascalCase for React components, or lowercase for HTML elements.
    at meshStandardMaterial
    at mesh
    at group
    at group
    at group
    at Sky (E:\project\Anima-Engine\src\components\Landscape\Sky.tsx:50:16)
Warning: <boxGeometry /> is using incorrect casing. Use PascalCase for React components, or lowercase for HTML elements.
    at boxGeometry
    at mesh
    at group
    at group
    at group
    at Sky (E:\project\Anima-Engine\src\components\Landscape\Sky.tsx:50:16)
Warning: <meshStandardMaterial /> is using incorrect casing. Use PascalCase for React components, or lowercase for HTML elements.
    at meshStandardMaterial
    at mesh
    at group
    at group
    at group
    at Sky (E:\project\Anima-Engine\src\components\Landscape\Sky.tsx:50:16)
Warning: <boxGeometry /> is using incorrect casing. Use PascalCase for React components, or lowercase for HTML elements.
    at boxGeometry
    at mesh
    at group
    at group
    at group
    at Sky (E:\project\Anima-Engine\src\components\Landscape\Sky.tsx:50:16)
Warning: <meshStandardMaterial /> is using incorrect casing. Use PascalCase for React components, or lowercase for HTML elements.
    at meshStandardMaterial
    at mesh
    at group
    at group
    at group
    at Sky (E:\project\Anima-Engine\src\components\Landscape\Sky.tsx:50:16)
Warning: <boxGeometry /> is using incorrect casing. Use PascalCase for React components, or lowercase for HTML elements.
    at boxGeometry
    at mesh
    at group
    at group
    at group
    at Sky (E:\project\Anima-Engine\src\components\Landscape\Sky.tsx:50:16)
Warning: <meshStandardMaterial /> is using incorrect casing. Use PascalCase for React components, or lowercase for HTML elements.
    at meshStandardMaterial
    at mesh
    at group
    at group
    at group
    at Sky (E:\project\Anima-Engine\src\components\Landscape\Sky.tsx:50:16)
Warning: <boxGeometry /> is using incorrect casing. Use PascalCase for React components, or lowercase for HTML elements.
    at boxGeometry
    at mesh
    at group
    at group
    at group
    at Sky (E:\project\Anima-Engine\src\components\Landscape\Sky.tsx:50:16)
Warning: <meshStandardMaterial /> is using incorrect casing. Use PascalCase for React components, or lowercase for HTML elements.
    at meshStandardMaterial
    at mesh
    at group
    at group
    at group
    at Sky (E:\project\Anima-Engine\src\components\Landscape\Sky.tsx:50:16)
Warning: <boxGeometry /> is using incorrect casing. Use PascalCase for React components, or lowercase for HTML elements.
    at boxGeometry
    at mesh
    at group
    at group
    at group
    at Sky (E:\project\Anima-Engine\src\components\Landscape\Sky.tsx:50:16)
Warning: <meshStandardMaterial /> is using incorrect casing. Use PascalCase for React components, or lowercase for HTML elements.
    at meshStandardMaterial
    at mesh
    at group
    at group
    at group
    at Sky (E:\project\Anima-Engine\src\components\Landscape\Sky.tsx:50:16)
Warning: <boxGeometry /> is using incorrect casing. Use PascalCase for React components, or lowercase for HTML elements.
    at boxGeometry
    at mesh
    at group
    at group
    at group
    at Sky (E:\project\Anima-Engine\src\components\Landscape\Sky.tsx:50:16)
Warning: <meshStandardMaterial /> is using incorrect casing. Use PascalCase for React components, or lowercase for HTML elements.
    at meshStandardMaterial
    at mesh
    at group
    at group
    at group
    at Sky (E:\project\Anima-Engine\src\components\Landscape\Sky.tsx:50:16)
Warning: <boxGeometry /> is using incorrect casing. Use PascalCase for React components, or lowercase for HTML elements.
    at boxGeometry
    at mesh
    at group
    at group
    at group
    at Sky (E:\project\Anima-Engine\src\components\Landscape\Sky.tsx:50:16)
Warning: <meshStandardMaterial /> is using incorrect casing. Use PascalCase for React components, or lowercase for HTML elements.
    at meshStandardMaterial
    at mesh
    at group
    at group
    at group
    at Sky (E:\project\Anima-Engine\src\components\Landscape\Sky.tsx:50:16)
Warning: <boxGeometry /> is using incorrect casing. Use PascalCase for React components, or lowercase for HTML elements.
    at boxGeometry
    at mesh
    at group
    at group
    at group
    at Sky (E:\project\Anima-Engine\src\components\Landscape\Sky.tsx:50:16)
Warning: <meshStandardMaterial /> is using incorrect casing. Use PascalCase for React components, or lowercase for HTML elements.
    at meshStandardMaterial
    at mesh
    at group
    at group
    at group
    at Sky (E:\project\Anima-Engine\src\components\Landscape\Sky.tsx:50:16)
Warning: <boxGeometry /> is using incorrect casing. Use PascalCase for React components, or lowercase for HTML elements.
    at boxGeometry
    at mesh
    at group
    at group
    at group
    at Sky (E:\project\Anima-Engine\src\components\Landscape\Sky.tsx:50:16)
Warning: <meshStandardMaterial /> is using incorrect casing. Use PascalCase for React components, or lowercase for HTML elements.
    at meshStandardMaterial
    at mesh
    at group
    at group
    at group
    at Sky (E:\project\Anima-Engine\src\components\Landscape\Sky.tsx:50:16)
Warning: <boxGeometry /> is using incorrect casing. Use PascalCase for React components, or lowercase for HTML elements.
    at boxGeometry
    at mesh
    at group
    at group
    at group
    at Sky (E:\project\Anima-Engine\src\components\Landscape\Sky.tsx:50:16)
Warning: <meshStandardMaterial /> is using incorrect casing. Use PascalCase for React components, or lowercase for HTML elements.
    at meshStandardMaterial
    at mesh
    at group
    at group
    at group
    at Sky (E:\project\Anima-Engine\src\components\Landscape\Sky.tsx:50:16)
Warning: <boxGeometry /> is using incorrect casing. Use PascalCase for React components, or lowercase for HTML elements.
    at boxGeometry
    at mesh
    at group
    at group
    at group
    at Sky (E:\project\Anima-Engine\src\components\Landscape\Sky.tsx:50:16)
Warning: <meshStandardMaterial /> is using incorrect casing. Use PascalCase for React components, or lowercase for HTML elements.
    at meshStandardMaterial
    at mesh
    at group
    at group
    at group
    at Sky (E:\project\Anima-Engine\src\components\Landscape\Sky.tsx:50:16)
Warning: <boxGeometry /> is using incorrect casing. Use PascalCase for React components, or lowercase for HTML elements.
    at boxGeometry
    at mesh
    at group
    at group
    at group
    at Sky (E:\project\Anima-Engine\src\components\Landscape\Sky.tsx:50:16)
Warning: <meshStandardMaterial /> is using incorrect casing. Use PascalCase for React components, or lowercase for HTML elements.
    at meshStandardMaterial
    at mesh
    at group
    at group
    at group
    at Sky (E:\project\Anima-Engine\src\components\Landscape\Sky.tsx:50:16)
Warning: <boxGeometry /> is using incorrect casing. Use PascalCase for React components, or lowercase for HTML elements.
    at boxGeometry
    at mesh
    at group
    at group
    at group
    at Sky (E:\project\Anima-Engine\src\components\Landscape\Sky.tsx:50:16)
Warning: <meshStandardMaterial /> is using incorrect casing. Use PascalCase for React components, or lowercase for HTML elements.
    at meshStandardMaterial
    at mesh
    at group
    at group
    at group
    at Sky (E:\project\Anima-Engine\src\components\Landscape\Sky.tsx:50:16)
Warning: <boxGeometry /> is using incorrect casing. Use PascalCase for React components, or lowercase for HTML elements.
    at boxGeometry
    at mesh
    at group
    at group
    at group
    at Sky (E:\project\Anima-Engine\src\components\Landscape\Sky.tsx:50:16)
Warning: <meshStandardMaterial /> is using incorrect casing. Use PascalCase for React components, or lowercase for HTML elements.
    at meshStandardMaterial
    at mesh
    at group
    at group
    at group
    at Sky (E:\project\Anima-Engine\src\components\Landscape\Sky.tsx:50:16)
Warning: <boxGeometry /> is using incorrect casing. Use PascalCase for React components, or lowercase for HTML elements.
    at boxGeometry
    at mesh
    at group
    at group
    at group
    at Sky (E:\project\Anima-Engine\src\components\Landscape\Sky.tsx:50:16)
Warning: <meshStandardMaterial /> is using incorrect casing. Use PascalCase for React components, or lowercase for HTML elements.
    at meshStandardMaterial
    at mesh
    at group
    at group
    at group
    at Sky (E:\project\Anima-Engine\src\components\Landscape\Sky.tsx:50:16)

[90mstderr[2m | frontend/landscape_showcase_adversarial.test.tsx[2m > [22m[2mLandscape Showcase Adversarial Test Suite (Tier 5)[2m > [22m[2m5. Weather Component Extreme State Transitions[2m > [22m[2mshould handle NaN, Infinity, and negative precipitationRate[22m[39m
Warning: <fogExp2 /> is using incorrect casing. Use PascalCase for React components, or lowercase for HTML elements.
    at fogExp2
    at group
    at Weather (E:\project\Anima-Engine\src\components\Landscape\Weather.tsx:10:3)
Warning: The tag <fogExp2> is unrecognized in this browser. If you meant to render a React component, start its name with an uppercase letter.
    at fogExp2
    at group
    at Weather (E:\project\Anima-Engine\src\components\Landscape\Weather.tsx:10:3)
Warning: <bufferAttribute /> is using incorrect casing. Use PascalCase for React components, or lowercase for HTML elements.
    at bufferAttribute
    at bufferGeometry
    at points
    at group
    at Weather (E:\project\Anima-Engine\src\components\Landscape\Weather.tsx:10:3)
Warning: <bufferGeometry /> is using incorrect casing. Use PascalCase for React components, or lowercase for HTML elements.
    at bufferGeometry
    at points
    at group
    at Weather (E:\project\Anima-Engine\src\components\Landscape\Weather.tsx:10:3)
Warning: <pointsMaterial /> is using incorrect casing. Use PascalCase for React components, or lowercase for HTML elements.
    at pointsMaterial
    at points
    at group
    at Weather (E:\project\Anima-Engine\src\components\Landscape\Weather.tsx:10:3)
Warning: <fogExp2 /> is using incorrect casing. Use PascalCase for React components, or lowercase for HTML elements.
    at fogExp2
    at group
    at Weather (E:\project\Anima-Engine\src\components\Landscape\Weather.tsx:10:3)
Warning: <bufferAttribute /> is using incorrect casing. Use PascalCase for React components, or lowercase for HTML elements.
    at bufferAttribute
    at bufferGeometry
    at points
    at group
    at Weather (E:\project\Anima-Engine\src\components\Landscape\Weather.tsx:10:3)
Warning: <bufferGeometry /> is using incorrect casing. Use PascalCase for React components, or lowercase for HTML elements.
    at bufferGeometry
    at points
    at group
    at Weather (E:\project\Anima-Engine\src\components\Landscape\Weather.tsx:10:3)
Warning: <pointsMaterial /> is using incorrect casing. Use PascalCase for React components, or lowercase for HTML elements.
    at pointsMaterial
    at points
    at group
    at Weather (E:\project\Anima-Engine\src\components\Landscape\Weather.tsx:10:3)
Warning: Received NaN for the `opacity` attribute. If this is expected, cast the value to a string.
    at pointsMaterial
    at points
    at group
    at Weather (E:\project\Anima-Engine\src\components\Landscape\Weather.tsx:10:3)
Warning: Received NaN for the `data-precipitation-rate` attribute. If this is expected, cast the value to a string.
    at group
    at Weather (E:\project\Anima-Engine\src\components\Landscape\Weather.tsx:10:3)
Warning: Received NaN for the `data-particle-count` attribute. If this is expected, cast the value to a string.
    at group
    at Weather (E:\project\Anima-Engine\src\components\Landscape\Weather.tsx:10:3)
Warning: <fogExp2 /> is using incorrect casing. Use PascalCase for React components, or lowercase for HTML elements.
    at fogExp2
    at group
    at Weather (E:\project\Anima-Engine\src\components\Landscape\Weather.tsx:10:3)
Warning: <bufferAttribute /> is using incorrect casing. Use PascalCase for React components, or lowercase for HTML elements.
    at bufferAttribute
    at bufferGeometry
    at points
    at group
    at Weather (E:\project\Anima-Engine\src\components\Landscape\Weather.tsx:10:3)
Warning: <bufferGeometry /> is using incorrect casing. Use PascalCase for React components, or lowercase for HTML elements.
    at bufferGeometry
    at points
    at group
    at Weather (E:\project\Anima-Engine\src\components\Landscape\Weather.tsx:10:3)
Warning: <pointsMaterial /> is using incorrect casing. Use PascalCase for React components, or lowercase for HTML elements.
    at pointsMaterial
    at points
    at group
    at Weather (E:\project\Anima-Engine\src\components\Landscape\Weather.tsx:10:3)

[90mstderr[2m | frontend/landscape_showcase_adversarial.test.tsx[2m > [22m[2mLandscape Showcase Adversarial Test Suite (Tier 5)[2m > [22m[2m5. Weather Component Extreme State Transitions[2m > [22m[2mshould handle negative delta in weather animation (moving rain/snow particles)[22m[39m
Warning: <fogExp2 /> is using incorrect casing. Use PascalCase for React components, or lowercase for HTML elements.
    at fogExp2
    at group
    at Weather (E:\project\Anima-Engine\src\components\Landscape\Weather.tsx:10:3)
Warning: <bufferAttribute /> is using incorrect casing. Use PascalCase for React components, or lowercase for HTML elements.
    at bufferAttribute
    at bufferGeometry
    at points
    at group
    at Weather (E:\project\Anima-Engine\src\components\Landscape\Weather.tsx:10:3)
Warning: <bufferGeometry /> is using incorrect casing. Use PascalCase for React components, or lowercase for HTML elements.
    at bufferGeometry
    at points
    at group
    at Weather (E:\project\Anima-Engine\src\components\Landscape\Weather.tsx:10:3)
Warning: <pointsMaterial /> is using incorrect casing. Use PascalCase for React components, or lowercase for HTML elements.
    at pointsMaterial
    at points
    at group
    at Weather (E:\project\Anima-Engine\src\components\Landscape\Weather.tsx:10:3)

[90mstderr[2m | frontend/landscape_showcase_adversarial.test.tsx[2m > [22m[2mLandscape Showcase Adversarial Test Suite (Tier 5)[2m > [22m[2m5. Weather Component Extreme State Transitions[2m > [22m[2mshould handle invalid weather types gracefully without crashing[22m[39m
Warning: <fogExp2 /> is using incorrect casing. Use PascalCase for React components, or lowercase for HTML elements.
    at fogExp2
    at group
    at Weather (E:\project\Anima-Engine\src\components\Landscape\Weather.tsx:10:3)

[90mstderr[2m | frontend/landscape_showcase_adversarial.test.tsx[2m > [22m[2mLandscape Showcase Adversarial Test Suite (Tier 5)[2m > [22m[2m6. Vegetation Component Density & Capacity Settings[2m > [22m[2mshould handle negative densityFactor and densityFactor > 1.0[22m[39m
Warning: The tag <primitive> is unrecognized in this browser. If you meant to render a React component, start its name with an uppercase letter.
    at primitive
    at instancedMesh
    at group
    at Vegetation (E:\project\Anima-Engine\src\components\Landscape\Vegetation.tsx:58:3)
Warning: <instancedMesh /> is using incorrect casing. Use PascalCase for React components, or lowercase for HTML elements.
    at instancedMesh
    at group
    at Vegetation (E:\project\Anima-Engine\src\components\Landscape\Vegetation.tsx:58:3)
Warning: The tag <instancedMesh> is unrecognized in this browser. If you meant to render a React component, start its name with an uppercase letter.
    at instancedMesh
    at group
    at Vegetation (E:\project\Anima-Engine\src\components\Landscape\Vegetation.tsx:58:3)
Warning: <instancedMesh /> is using incorrect casing. Use PascalCase for React components, or lowercase for HTML elements.
    at instancedMesh
    at group
    at Vegetation (E:\project\Anima-Engine\src\components\Landscape\Vegetation.tsx:58:3)
Warning: <instancedMesh /> is using incorrect casing. Use PascalCase for React components, or lowercase for HTML elements.
    at instancedMesh
    at group
    at Vegetation (E:\project\Anima-Engine\src\components\Landscape\Vegetation.tsx:58:3)
Warning: <instancedMesh /> is using incorrect casing. Use PascalCase for React components, or lowercase for HTML elements.
    at instancedMesh
    at group
    at Vegetation (E:\project\Anima-Engine\src\components\Landscape\Vegetation.tsx:58:3)
Warning: <instancedMesh /> is using incorrect casing. Use PascalCase for React components, or lowercase for HTML elements.
    at instancedMesh
    at group
    at Vegetation (E:\project\Anima-Engine\src\components\Landscape\Vegetation.tsx:58:3)
Warning: <instancedMesh /> is using incorrect casing. Use PascalCase for React components, or lowercase for HTML elements.
    at instancedMesh
    at group
    at Vegetation (E:\project\Anima-Engine\src\components\Landscape\Vegetation.tsx:58:3)
Warning: <instancedMesh /> is using incorrect casing. Use PascalCase for React components, or lowercase for HTML elements.
    at instancedMesh
    at group
    at Vegetation (E:\project\Anima-Engine\src\components\Landscape\Vegetation.tsx:58:3)
Warning: <instancedMesh /> is using incorrect casing. Use PascalCase for React components, or lowercase for HTML elements.
    at instancedMesh
    at group
    at Vegetation (E:\project\Anima-Engine\src\components\Landscape\Vegetation.tsx:58:3)
Warning: <instancedMesh /> is using incorrect casing. Use PascalCase for React components, or lowercase for HTML elements.
    at instancedMesh
    at group
    at Vegetation (E:\project\Anima-Engine\src\components\Landscape\Vegetation.tsx:58:3)
Warning: <instancedMesh /> is using incorrect casing. Use PascalCase for React components, or lowercase for HTML elements.
    at instancedMesh
    at group
    at Vegetation (E:\project\Anima-Engine\src\components\Landscape\Vegetation.tsx:58:3)
Warning: <instancedMesh /> is using incorrect casing. Use PascalCase for React components, or lowercase for HTML elements.
    at instancedMesh
    at group
    at Vegetation (E:\project\Anima-Engine\src\components\Landscape\Vegetation.tsx:58:3)
Warning: <instancedMesh /> is using incorrect casing. Use PascalCase for React components, or lowercase for HTML elements.
    at instancedMesh
    at group
    at Vegetation (E:\project\Anima-Engine\src\components\Landscape\Vegetation.tsx:58:3)
Warning: <instancedMesh /> is using incorrect casing. Use PascalCase for React components, or lowercase for HTML elements.
    at instancedMesh
    at group
    at Vegetation (E:\project\Anima-Engine\src\components\Landscape\Vegetation.tsx:58:3)
Warning: <instancedMesh /> is using incorrect casing. Use PascalCase for React components, or lowercase for HTML elements.
    at instancedMesh
    at group
    at Vegetation (E:\project\Anima-Engine\src\components\Landscape\Vegetation.tsx:58:3)
Warning: <instancedMesh /> is using incorrect casing. Use PascalCase for React components, or lowercase for HTML elements.
    at instancedMesh
    at group
    at Vegetation (E:\project\Anima-Engine\src\components\Landscape\Vegetation.tsx:58:3)

[90mstderr[2m | frontend/landscape_showcase_adversarial.test.tsx[2m > [22m[2mLandscape Showcase Adversarial Test Suite (Tier 5)[2m > [22m[2m6. Vegetation Component Density & Capacity Settings[2m > [22m[2mshould handle maxCapacity of 0 and negative maxCapacity[22m[39m
Warning: <instancedMesh /> is using incorrect casing. Use PascalCase for React components, or lowercase for HTML elements.
    at instancedMesh
    at group
    at Vegetation (E:\project\Anima-Engine\src\components\Landscape\Vegetation.tsx:58:3)
Warning: <instancedMesh /> is using incorrect casing. Use PascalCase for React components, or lowercase for HTML elements.
    at instancedMesh
    at group
    at Vegetation (E:\project\Anima-Engine\src\components\Landscape\Vegetation.tsx:58:3)
Warning: <instancedMesh /> is using incorrect casing. Use PascalCase for React components, or lowercase for HTML elements.
    at instancedMesh
    at group
    at Vegetation (E:\project\Anima-Engine\src\components\Landscape\Vegetation.tsx:58:3)
Warning: <instancedMesh /> is using incorrect casing. Use PascalCase for React components, or lowercase for HTML elements.
    at instancedMesh
    at group
    at Vegetation (E:\project\Anima-Engine\src\components\Landscape\Vegetation.tsx:58:3)
Warning: <instancedMesh /> is using incorrect casing. Use PascalCase for React components, or lowercase for HTML elements.
    at instancedMesh
    at group
    at Vegetation (E:\project\Anima-Engine\src\components\Landscape\Vegetation.tsx:58:3)
Warning: <instancedMesh /> is using incorrect casing. Use PascalCase for React components, or lowercase for HTML elements.
    at instancedMesh
    at group
    at Vegetation (E:\project\Anima-Engine\src\components\Landscape\Vegetation.tsx:58:3)
Warning: <instancedMesh /> is using incorrect casing. Use PascalCase for React components, or lowercase for HTML elements.
    at instancedMesh
    at group
    at Vegetation (E:\project\Anima-Engine\src\components\Landscape\Vegetation.tsx:58:3)
Warning: <instancedMesh /> is using incorrect casing. Use PascalCase for React components, or lowercase for HTML elements.
    at instancedMesh
    at group
    at Vegetation (E:\project\Anima-Engine\src\components\Landscape\Vegetation.tsx:58:3)
Warning: <instancedMesh /> is using incorrect casing. Use PascalCase for React components, or lowercase for HTML elements.
    at instancedMesh
    at group
    at Vegetation (E:\project\Anima-Engine\src\components\Landscape\Vegetation.tsx:58:3)
Warning: <instancedMesh /> is using incorrect casing. Use PascalCase for React components, or lowercase for HTML elements.
    at instancedMesh
    at group
    at Vegetation (E:\project\Anima-Engine\src\components\Landscape\Vegetation.tsx:58:3)

[90mstderr[2m | frontend/landscape_showcase_adversarial.test.tsx[2m > [22m[2mLandscape Showcase Adversarial Test Suite (Tier 5)[2m > [22m[2m6. Vegetation Component Density & Capacity Settings[2m > [22m[2mshould handle windDirection and windSpeed of NaN and Infinity[22m[39m
Warning: <instancedMesh /> is using incorrect casing. Use PascalCase for React components, or lowercase for HTML elements.
    at instancedMesh
    at group
    at Vegetation (E:\project\Anima-Engine\src\components\Landscape\Vegetation.tsx:58:3)
Warning: <instancedMesh /> is using incorrect casing. Use PascalCase for React components, or lowercase for HTML elements.
    at instancedMesh
    at group
    at Vegetation (E:\project\Anima-Engine\src\components\Landscape\Vegetation.tsx:58:3)
Warning: <instancedMesh /> is using incorrect casing. Use PascalCase for React components, or lowercase for HTML elements.
    at instancedMesh
    at group
    at Vegetation (E:\project\Anima-Engine\src\components\Landscape\Vegetation.tsx:58:3)
Warning: <instancedMesh /> is using incorrect casing. Use PascalCase for React components, or lowercase for HTML elements.
    at instancedMesh
    at group
    at Vegetation (E:\project\Anima-Engine\src\components\Landscape\Vegetation.tsx:58:3)
Warning: <instancedMesh /> is using incorrect casing. Use PascalCase for React components, or lowercase for HTML elements.
    at instancedMesh
    at group
    at Vegetation (E:\project\Anima-Engine\src\components\Landscape\Vegetation.tsx:58:3)
Warning: Received NaN for the `data-wind-angle` attribute. If this is expected, cast the value to a string.
    at group
    at Vegetation (E:\project\Anima-Engine\src\components\Landscape\Vegetation.tsx:58:3)
Warning: <instancedMesh /> is using incorrect casing. Use PascalCase for React components, or lowercase for HTML elements.
    at instancedMesh
    at group
    at Vegetation (E:\project\Anima-Engine\src\components\Landscape\Vegetation.tsx:58:3)
Warning: <instancedMesh /> is using incorrect casing. Use PascalCase for React components, or lowercase for HTML elements.
    at instancedMesh
    at group
    at Vegetation (E:\project\Anima-Engine\src\components\Landscape\Vegetation.tsx:58:3)
Warning: <instancedMesh /> is using incorrect casing. Use PascalCase for React components, or lowercase for HTML elements.
    at instancedMesh
    at group
    at Vegetation (E:\project\Anima-Engine\src\components\Landscape\Vegetation.tsx:58:3)
Warning: <instancedMesh /> is using incorrect casing. Use PascalCase for React components, or lowercase for HTML elements.
    at instancedMesh
    at group
    at Vegetation (E:\project\Anima-Engine\src\components\Landscape\Vegetation.tsx:58:3)
Warning: <instancedMesh /> is using incorrect casing. Use PascalCase for React components, or lowercase for HTML elements.
    at instancedMesh
    at group
    at Vegetation (E:\project\Anima-Engine\src\components\Landscape\Vegetation.tsx:58:3)

[90mstderr[2m | frontend/landscape_showcase_adversarial.test.tsx[2m > [22m[2mLandscape Showcase Adversarial Test Suite (Tier 5)[2m > [22m[2m7. Web Audio API Robustness[2m > [22m[2mshould fall back gracefully if AudioContext initialization throws[22m[39m
Failed to initialize AudioContext Error: Web Audio not supported
    at new BadAudioContext [90m(E:\project\Anima-Engine\[39mtests\frontend\landscape_showcase_adversarial.test.tsx:327:17[90m)[39m
    at AudioManager.initialize [90m(E:\project\Anima-Engine\[39msrc\components\Landscape\utils\audioManager.ts:18:20[90m)[39m
    at [90mE:\project\Anima-Engine\[39mtests\frontend\landscape_showcase_adversarial.test.tsx:333:20
    at [90mfile:///E:/project/Anima-Engine/[39mnode_modules/[4m@vitest/runner[24m/dist/index.js:135:14
    at [90mfile:///E:/project/Anima-Engine/[39mnode_modules/[4m@vitest/runner[24m/dist/index.js:60:26
    at runTest [90m(file:///E:/project/Anima-Engine/[39mnode_modules/[4m@vitest/runner[24m/dist/index.js:781:17[90m)[39m
    at runSuite [90m(file:///E:/project/Anima-Engine/[39mnode_modules/[4m@vitest/runner[24m/dist/index.js:909:15[90m)[39m
    at runSuite [90m(file:///E:/project/Anima-Engine/[39mnode_modules/[4m@vitest/runner[24m/dist/index.js:909:15[90m)[39m
    at runSuite [90m(file:///E:/project/Anima-Engine/[39mnode_modules/[4m@vitest/runner[24m/dist/index.js:909:15[90m)[39m
    at runFiles [90m(file:///E:/project/Anima-Engine/[39mnode_modules/[4m@vitest/runner[24m/dist/index.js:958:5[90m)[39m
Failed to initialize AudioContext Error: Web Audio not supported
    at new BadAudioContext [90m(E:\project\Anima-Engine\[39mtests\frontend\landscape_showcase_adversarial.test.tsx:327:17[90m)[39m
    at AudioManager.initialize [90m(E:\project\Anima-Engine\[39msrc\components\Landscape\utils\audioManager.ts:18:20[90m)[39m
    at AudioManager.createSpatialSource [90m(E:\project\Anima-Engine\[39msrc\components\Landscape\utils\audioManager.ts:58:10[90m)[39m
    at [90mE:\project\Anima-Engine\[39mtests\frontend\landscape_showcase_adversarial.test.tsx:337:35
    at [90mfile:///E:/project/Anima-Engine/[39mnode_modules/[4m@vitest/runner[24m/dist/index.js:135:14
    at [90mfile:///E:/project/Anima-Engine/[39mnode_modules/[4m@vitest/runner[24m/dist/index.js:60:26
    at runTest [90m(file:///E:/project/Anima-Engine/[39mnode_modules/[4m@vitest/runner[24m/dist/index.js:781:17[90m)[39m
    at runSuite [90m(file:///E:/project/Anima-Engine/[39mnode_modules/[4m@vitest/runner[24m/dist/index.js:909:15[90m)[39m
    at runSuite [90m(file:///E:/project/Anima-Engine/[39mnode_modules/[4m@vitest/runner[24m/dist/index.js:909:15[90m)[39m
    at runSuite [90m(file:///E:/project/Anima-Engine/[39mnode_modules/[4m@vitest/runner[24m/dist/index.js:909:15[90m)[39m

[90mstderr[2m | frontend/landscape_showcase_adversarial.test.tsx[2m > [22m[2mLandscape Showcase Adversarial Test Suite (Tier 5)[2m > [22m[2m7. Web Audio API Robustness[2m > [22m[2mshould test PositionalAudio component mounting and dynamic ID updates[22m[39m
Warning: <sphereGeometry /> is using incorrect casing. Use PascalCase for React components, or lowercase for HTML elements.
    at sphereGeometry
    at mesh
    at group
    at PositionalAudio (E:\project\Anima-Engine\src\components\Landscape\PositionalAudio.tsx:10:3)
Warning: <meshBasicMaterial /> is using incorrect casing. Use PascalCase for React components, or lowercase for HTML elements.
    at meshBasicMaterial
    at mesh
    at group
    at PositionalAudio (E:\project\Anima-Engine\src\components\Landscape\PositionalAudio.tsx:10:3)
Warning: Received `true` for a non-boolean attribute `wireframe`.

If you want to write it to the DOM, pass a string instead: wireframe="true" or wireframe={value.toString()}.
    at meshBasicMaterial
    at mesh
    at group
    at PositionalAudio (E:\project\Anima-Engine\src\components\Landscape\PositionalAudio.tsx:10:3)

[90mstderr[2m | frontend/landscape_showcase_adversarial.test.tsx[2m > [22m[2mLandscape Showcase Adversarial Test Suite (Tier 5)[2m > [22m[2m8. CameraControls WASD Fly Mode & Bounds[2m > [22m[2mshould handle non-standard key presses in fly mode[22m[39m
Warning: <object3D /> is using incorrect casing. Use PascalCase for React components, or lowercase for HTML elements.
    at object3D
    at CameraControls (E:\project\Anima-Engine\src\components\Landscape\CameraControls.tsx:15:3)
Warning: The tag <object3D> is unrecognized in this browser. If you meant to render a React component, start its name with an uppercase letter.
    at object3D
    at CameraControls (E:\project\Anima-Engine\src\components\Landscape\CameraControls.tsx:15:3)

[90mstderr[2m | frontend/landscape_showcase_adversarial.test.tsx[2m > [22m[2mLandscape Showcase Adversarial Test Suite (Tier 5)[2m > [22m[2m8. CameraControls WASD Fly Mode & Bounds[2m > [22m[2mshould handle invalid/out-of-bounds terrainHeightMap in fly mode[22m[39m
Warning: <object3D /> is using incorrect casing. Use PascalCase for React components, or lowercase for HTML elements.
    at object3D
    at CameraControls (E:\project\Anima-Engine\src\components\Landscape\CameraControls.tsx:15:3)

[90mstderr[2m | frontend/landscape_showcase_adversarial.test.tsx[2m > [22m[2mLandscape Showcase Adversarial Test Suite (Tier 5)[2m > [22m[2m8. CameraControls WASD Fly Mode & Bounds[2m > [22m[2mshould test boundaries of fly camera position clamp limits[22m[39m
Warning: <object3D /> is using incorrect casing. Use PascalCase for React components, or lowercase for HTML elements.
    at object3D
    at CameraControls (E:\project\Anima-Engine\src\components\Landscape\CameraControls.tsx:15:3)

[90mstderr[2m | frontend/landscape_showcase_adversarial.test.tsx[2m > [22m[2mLandscape Showcase Adversarial Test Suite (Tier 5)[2m > [22m[2m9. Showcase Overlay & Timeline Integration[2m > [22m[2mshould support rapid window resizes without performance crash[22m[39m
Warning: <sphereGeometry /> is using incorrect casing. Use PascalCase for React components, or lowercase for HTML elements.
    at sphereGeometry
    at mesh
    at group
    at Sky (E:\project\Anima-Engine\src\components\Landscape\Sky.tsx:50:16)
    at div
    at Canvas (E:\project\Anima-Engine\tests\frontend\landscape_showcase_adversarial.test.tsx:5:16)
    at div
    at LandscapeShowcase (E:\project\Anima-Engine\src\components\Landscape\LandscapeShowcase.tsx:28:55)
Warning: <meshBasicMaterial /> is using incorrect casing. Use PascalCase for React components, or lowercase for HTML elements.
    at meshBasicMaterial
    at mesh
    at group
    at Sky (E:\project\Anima-Engine\src\components\Landscape\Sky.tsx:50:16)
    at div
    at Canvas (E:\project\Anima-Engine\tests\frontend\landscape_showcase_adversarial.test.tsx:5:16)
    at div
    at LandscapeShowcase (E:\project\Anima-Engine\src\components\Landscape\LandscapeShowcase.tsx:28:55)
Warning: <directionalLight /> is using incorrect casing. Use PascalCase for React components, or lowercase for HTML elements.
    at directionalLight
    at group
    at Sky (E:\project\Anima-Engine\src\components\Landscape\Sky.tsx:50:16)
    at div
    at Canvas (E:\project\Anima-Engine\tests\frontend\landscape_showcase_adversarial.test.tsx:5:16)
    at div
    at LandscapeShowcase (E:\project\Anima-Engine\src\components\Landscape\LandscapeShowcase.tsx:28:55)
Warning: <hemisphereLight /> is using incorrect casing. Use PascalCase for React components, or lowercase for HTML elements.
    at hemisphereLight
    at group
    at Sky (E:\project\Anima-Engine\src\components\Landscape\Sky.tsx:50:16)
    at div
    at Canvas (E:\project\Anima-Engine\tests\frontend\landscape_showcase_adversarial.test.tsx:5:16)
    at div
    at LandscapeShowcase (E:\project\Anima-Engine\src\components\Landscape\LandscapeShowcase.tsx:28:55)
Warning: <ambientLight /> is using incorrect casing. Use PascalCase for React components, or lowercase for HTML elements.
    at ambientLight
    at group
    at Sky (E:\project\Anima-Engine\src\components\Landscape\Sky.tsx:50:16)
    at div
    at Canvas (E:\project\Anima-Engine\tests\frontend\landscape_showcase_adversarial.test.tsx:5:16)
    at div
    at LandscapeShowcase (E:\project\Anima-Engine\src\components\Landscape\LandscapeShowcase.tsx:28:55)
Warning: <boxGeometry /> is using incorrect casing. Use PascalCase for React components, or lowercase for HTML elements.
    at boxGeometry
    at mesh
    at group
    at group
    at group
    at Sky (E:\project\Anima-Engine\src\components\Landscape\Sky.tsx:50:16)
    at div
    at Canvas (E:\project\Anima-Engine\tests\frontend\landscape_showcase_adversarial.test.tsx:5:16)
    at div
    at LandscapeShowcase (E:\project\Anima-Engine\src\components\Landscape\LandscapeShowcase.tsx:28:55)
Warning: <meshStandardMaterial /> is using incorrect casing. Use PascalCase for React components, or lowercase for HTML elements.
    at meshStandardMaterial
    at mesh
    at group
    at group
    at group
    at Sky (E:\project\Anima-Engine\src\components\Landscape\Sky.tsx:50:16)
    at div
    at Canvas (E:\project\Anima-Engine\tests\frontend\landscape_showcase_adversarial.test.tsx:5:16)
    at div
    at LandscapeShowcase (E:\project\Anima-Engine\src\components\Landscape\LandscapeShowcase.tsx:28:55)
Warning: <boxGeometry /> is using incorrect casing. Use PascalCase for React components, or lowercase for HTML elements.
    at boxGeometry
    at mesh
    at group
    at group
    at group
    at Sky (E:\project\Anima-Engine\src\components\Landscape\Sky.tsx:50:16)
    at div
    at Canvas (E:\project\Anima-Engine\tests\frontend\landscape_showcase_adversarial.test.tsx:5:16)
    at div
    at LandscapeShowcase (E:\project\Anima-Engine\src\components\Landscape\LandscapeShowcase.tsx:28:55)
Warning: <meshStandardMaterial /> is using incorrect casing. Use PascalCase for React components, or lowercase for HTML elements.
    at meshStandardMaterial
    at mesh
    at group
    at group
    at group
    at Sky (E:\project\Anima-Engine\src\components\Landscape\Sky.tsx:50:16)
    at div
    at Canvas (E:\project\Anima-Engine\tests\frontend\landscape_showcase_adversarial.test.tsx:5:16)
    at div
    at LandscapeShowcase (E:\project\Anima-Engine\src\components\Landscape\LandscapeShowcase.tsx:28:55)
Warning: <boxGeometry /> is using incorrect casing. Use PascalCase for React components, or lowercase for HTML elements.
    at boxGeometry
    at mesh
    at group
    at group
    at group
    at Sky (E:\project\Anima-Engine\src\components\Landscape\Sky.tsx:50:16)
    at div
    at Canvas (E:\project\Anima-Engine\tests\frontend\landscape_showcase_adversarial.test.tsx:5:16)
    at div
    at LandscapeShowcase (E:\project\Anima-Engine\src\components\Landscape\LandscapeShowcase.tsx:28:55)
Warning: <meshStandardMaterial /> is using incorrect casing. Use PascalCase for React components, or lowercase for HTML elements.
    at meshStandardMaterial
    at mesh
    at group
    at group
    at group
    at Sky (E:\project\Anima-Engine\src\components\Landscape\Sky.tsx:50:16)
    at div
    at Canvas (E:\project\Anima-Engine\tests\frontend\landscape_showcase_adversarial.test.tsx:5:16)
    at div
    at LandscapeShowcase (E:\project\Anima-Engine\src\components\Landscape\LandscapeShowcase.tsx:28:55)
Warning: <boxGeometry /> is using incorrect casing. Use PascalCase for React components, or lowercase for HTML elements.
    at boxGeometry
    at mesh
    at group
    at group
    at group
    at Sky (E:\project\Anima-Engine\src\components\Landscape\Sky.tsx:50:16)
    at div
    at Canvas (E:\project\Anima-Engine\tests\frontend\landscape_showcase_adversarial.test.tsx:5:16)
    at div
    at LandscapeShowcase (E:\project\Anima-Engine\src\components\Landscape\LandscapeShowcase.tsx:28:55)
Warning: <meshStandardMaterial /> is using incorrect casing. Use PascalCase for React components, or lowercase for HTML elements.
    at meshStandardMaterial
    at mesh
    at group
    at group
    at group
    at Sky (E:\project\Anima-Engine\src\components\Landscape\Sky.tsx:50:16)
    at div
    at Canvas (E:\project\Anima-Engine\tests\frontend\landscape_showcase_adversarial.test.tsx:5:16)
    at div
    at LandscapeShowcase (E:\project\Anima-Engine\src\components\Landscape\LandscapeShowcase.tsx:28:55)
Warning: <boxGeometry /> is using incorrect casing. Use PascalCase for React components, or lowercase for HTML elements.
    at boxGeometry
    at mesh
    at group
    at group
    at group
    at Sky (E:\project\Anima-Engine\src\components\Landscape\Sky.tsx:50:16)
    at div
    at Canvas (E:\project\Anima-Engine\tests\frontend\landscape_showcase_adversarial.test.tsx:5:16)
    at div
    at LandscapeShowcase (E:\project\Anima-Engine\src\components\Landscape\LandscapeShowcase.tsx:28:55)
Warning: <meshStandardMaterial /> is using incorrect casing. Use PascalCase for React components, or lowercase for HTML elements.
    at meshStandardMaterial
    at mesh
    at group
    at group
    at group
    at Sky (E:\project\Anima-Engine\src\components\Landscape\Sky.tsx:50:16)
    at div
    at Canvas (E:\project\Anima-Engine\tests\frontend\landscape_showcase_adversarial.test.tsx:5:16)
    at div
    at LandscapeShowcase (E:\project\Anima-Engine\src\components\Landscape\LandscapeShowcase.tsx:28:55)
Warning: <boxGeometry /> is using incorrect casing. Use PascalCase for React components, or lowercase for HTML elements.
    at boxGeometry
    at mesh
    at group
    at group
    at group
    at Sky (E:\project\Anima-Engine\src\components\Landscape\Sky.tsx:50:16)
    at div
    at Canvas (E:\project\Anima-Engine\tests\frontend\landscape_showcase_adversarial.test.tsx:5:16)
    at div
    at LandscapeShowcase (E:\project\Anima-Engine\src\components\Landscape\LandscapeShowcase.tsx:28:55)
Warning: <meshStandardMaterial /> is using incorrect casing. Use PascalCase for React components, or lowercase for HTML elements.
    at meshStandardMaterial
    at mesh
    at group
    at group
    at group
    at Sky (E:\project\Anima-Engine\src\components\Landscape\Sky.tsx:50:16)
    at div
    at Canvas (E:\project\Anima-Engine\tests\frontend\landscape_showcase_adversarial.test.tsx:5:16)
    at div
    at LandscapeShowcase (E:\project\Anima-Engine\src\components\Landscape\LandscapeShowcase.tsx:28:55)
Warning: <boxGeometry /> is using incorrect casing. Use PascalCase for React components, or lowercase for HTML elements.
    at boxGeometry
    at mesh
    at group
    at group
    at group
    at Sky (E:\project\Anima-Engine\src\components\Landscape\Sky.tsx:50:16)
    at div
    at Canvas (E:\project\Anima-Engine\tests\frontend\landscape_showcase_adversarial.test.tsx:5:16)
    at div
    at LandscapeShowcase (E:\project\Anima-Engine\src\components\Landscape\LandscapeShowcase.tsx:28:55)
Warning: <meshStandardMaterial /> is using incorrect casing. Use PascalCase for React components, or lowercase for HTML elements.
    at meshStandardMaterial
    at mesh
    at group
    at group
    at group
    at Sky (E:\project\Anima-Engine\src\components\Landscape\Sky.tsx:50:16)
    at div
    at Canvas (E:\project\Anima-Engine\tests\frontend\landscape_showcase_adversarial.test.tsx:5:16)
    at div
    at LandscapeShowcase (E:\project\Anima-Engine\src\components\Landscape\LandscapeShowcase.tsx:28:55)
Warning: <boxGeometry /> is using incorrect casing. Use PascalCase for React components, or lowercase for HTML elements.
    at boxGeometry
    at mesh
    at group
    at group
    at group
    at Sky (E:\project\Anima-Engine\src\components\Landscape\Sky.tsx:50:16)
    at div
    at Canvas (E:\project\Anima-Engine\tests\frontend\landscape_showcase_adversarial.test.tsx:5:16)
    at div
    at LandscapeShowcase (E:\project\Anima-Engine\src\components\Landscape\LandscapeShowcase.tsx:28:55)
Warning: <meshStandardMaterial /> is using incorrect casing. Use PascalCase for React components, or lowercase for HTML elements.
    at meshStandardMaterial
    at mesh
    at group
    at group
    at group
    at Sky (E:\project\Anima-Engine\src\components\Landscape\Sky.tsx:50:16)
    at div
    at Canvas (E:\project\Anima-Engine\tests\frontend\landscape_showcase_adversarial.test.tsx:5:16)
    at div
    at LandscapeShowcase (E:\project\Anima-Engine\src\components\Landscape\LandscapeShowcase.tsx:28:55)
Warning: <boxGeometry /> is using incorrect casing. Use PascalCase for React components, or lowercase for HTML elements.
    at boxGeometry
    at mesh
    at group
    at group
    at group
    at Sky (E:\project\Anima-Engine\src\components\Landscape\Sky.tsx:50:16)
    at div
    at Canvas (E:\project\Anima-Engine\tests\frontend\landscape_showcase_adversarial.test.tsx:5:16)
    at div
    at LandscapeShowcase (E:\project\Anima-Engine\src\components\Landscape\LandscapeShowcase.tsx:28:55)
Warning: <meshStandardMaterial /> is using incorrect casing. Use PascalCase for React components, or lowercase for HTML elements.
    at meshStandardMaterial
    at mesh
    at group
    at group
    at group
    at Sky (E:\project\Anima-Engine\src\components\Landscape\Sky.tsx:50:16)
    at div
    at Canvas (E:\project\Anima-Engine\tests\frontend\landscape_showcase_adversarial.test.tsx:5:16)
    at div
    at LandscapeShowcase (E:\project\Anima-Engine\src\components\Landscape\LandscapeShowcase.tsx:28:55)
Warning: <boxGeometry /> is using incorrect casing. Use PascalCase for React components, or lowercase for HTML elements.
    at boxGeometry
    at mesh
    at group
    at group
    at group
    at Sky (E:\project\Anima-Engine\src\components\Landscape\Sky.tsx:50:16)
    at div
    at Canvas (E:\project\Anima-Engine\tests\frontend\landscape_showcase_adversarial.test.tsx:5:16)
    at div
    at LandscapeShowcase (E:\project\Anima-Engine\src\components\Landscape\LandscapeShowcase.tsx:28:55)
Warning: <meshStandardMaterial /> is using incorrect casing. Use PascalCase for React components, or lowercase for HTML elements.
    at meshStandardMaterial
    at mesh
    at group
    at group
    at group
    at Sky (E:\project\Anima-Engine\src\components\Landscape\Sky.tsx:50:16)
    at div
    at Canvas (E:\project\Anima-Engine\tests\frontend\landscape_showcase_adversarial.test.tsx:5:16)
    at div
    at LandscapeShowcase (E:\project\Anima-Engine\src\components\Landscape\LandscapeShowcase.tsx:28:55)
Warning: <boxGeometry /> is using incorrect casing. Use PascalCase for React components, or lowercase for HTML elements.
    at boxGeometry
    at mesh
    at group
    at group
    at group
    at Sky (E:\project\Anima-Engine\src\components\Landscape\Sky.tsx:50:16)
    at div
    at Canvas (E:\project\Anima-Engine\tests\frontend\landscape_showcase_adversarial.test.tsx:5:16)
    at div
    at LandscapeShowcase (E:\project\Anima-Engine\src\components\Landscape\LandscapeShowcase.tsx:28:55)
Warning: <meshStandardMaterial /> is using incorrect casing. Use PascalCase for React components, or lowercase for HTML elements.
    at meshStandardMaterial
    at mesh
    at group
    at group
    at group
    at Sky (E:\project\Anima-Engine\src\components\Landscape\Sky.tsx:50:16)
    at div
    at Canvas (E:\project\Anima-Engine\tests\frontend\landscape_showcase_adversarial.test.tsx:5:16)
    at div
    at LandscapeShowcase (E:\project\Anima-Engine\src\components\Landscape\LandscapeShowcase.tsx:28:55)
Warning: <boxGeometry /> is using incorrect casing. Use PascalCase for React components, or lowercase for HTML elements.
    at boxGeometry
    at mesh
    at group
    at group
    at group
    at Sky (E:\project\Anima-Engine\src\components\Landscape\Sky.tsx:50:16)
    at div
    at Canvas (E:\project\Anima-Engine\tests\frontend\landscape_showcase_adversarial.test.tsx:5:16)
    at div
    at LandscapeShowcase (E:\project\Anima-Engine\src\components\Landscape\LandscapeShowcase.tsx:28:55)
Warning: <meshStandardMaterial /> is using incorrect casing. Use PascalCase for React components, or lowercase for HTML elements.
    at meshStandardMaterial
    at mesh
    at group
    at group
    at group
    at Sky (E:\project\Anima-Engine\src\components\Landscape\Sky.tsx:50:16)
    at div
    at Canvas (E:\project\Anima-Engine\tests\frontend\landscape_showcase_adversarial.test.tsx:5:16)
    at div
    at LandscapeShowcase (E:\project\Anima-Engine\src\components\Landscape\LandscapeShowcase.tsx:28:55)
Warning: <boxGeometry /> is using incorrect casing. Use PascalCase for React components, or lowercase for HTML elements.
    at boxGeometry
    at mesh
    at group
    at group
    at group
    at Sky (E:\project\Anima-Engine\src\components\Landscape\Sky.tsx:50:16)
    at div
    at Canvas (E:\project\Anima-Engine\tests\frontend\landscape_showcase_adversarial.test.tsx:5:16)
    at div
    at LandscapeShowcase (E:\project\Anima-Engine\src\components\Landscape\LandscapeShowcase.tsx:28:55)
Warning: <meshStandardMaterial /> is using incorrect casing. Use PascalCase for React components, or lowercase for HTML elements.
    at meshStandardMaterial
    at mesh
    at group
    at group
    at group
    at Sky (E:\project\Anima-Engine\src\components\Landscape\Sky.tsx:50:16)
    at div
    at Canvas (E:\project\Anima-Engine\tests\frontend\landscape_showcase_adversarial.test.tsx:5:16)
    at div
    at LandscapeShowcase (E:\project\Anima-Engine\src\components\Landscape\LandscapeShowcase.tsx:28:55)
Warning: <boxGeometry /> is using incorrect casing. Use PascalCase for React components, or lowercase for HTML elements.
    at boxGeometry
    at mesh
    at group
    at group
    at group
    at Sky (E:\project\Anima-Engine\src\components\Landscape\Sky.tsx:50:16)
    at div
    at Canvas (E:\project\Anima-Engine\tests\frontend\landscape_showcase_adversarial.test.tsx:5:16)
    at div
    at LandscapeShowcase (E:\project\Anima-Engine\src\components\Landscape\LandscapeShowcase.tsx:28:55)
Warning: <meshStandardMaterial /> is using incorrect casing. Use PascalCase for React components, or lowercase for HTML elements.
    at meshStandardMaterial
    at mesh
    at group
    at group
    at group
    at Sky (E:\project\Anima-Engine\src\components\Landscape\Sky.tsx:50:16)
    at div
    at Canvas (E:\project\Anima-Engine\tests\frontend\landscape_showcase_adversarial.test.tsx:5:16)
    at div
    at LandscapeShowcase (E:\project\Anima-Engine\src\components\Landscape\LandscapeShowcase.tsx:28:55)
Warning: <boxGeometry /> is using incorrect casing. Use PascalCase for React components, or lowercase for HTML elements.
    at boxGeometry
    at mesh
    at group
    at group
    at group
    at Sky (E:\project\Anima-Engine\src\components\Landscape\Sky.tsx:50:16)
    at div
    at Canvas (E:\project\Anima-Engine\tests\frontend\landscape_showcase_adversarial.test.tsx:5:16)
    at div
    at LandscapeShowcase (E:\project\Anima-Engine\src\components\Landscape\LandscapeShowcase.tsx:28:55)
Warning: <meshStandardMaterial /> is using incorrect casing. Use PascalCase for React components, or lowercase for HTML elements.
    at meshStandardMaterial
    at mesh
    at group
    at group
    at group
    at Sky (E:\project\Anima-Engine\src\components\Landscape\Sky.tsx:50:16)
    at div
    at Canvas (E:\project\Anima-Engine\tests\frontend\landscape_showcase_adversarial.test.tsx:5:16)
    at div
    at LandscapeShowcase (E:\project\Anima-Engine\src\components\Landscape\LandscapeShowcase.tsx:28:55)
Warning: <boxGeometry /> is using incorrect casing. Use PascalCase for React components, or lowercase for HTML elements.
    at boxGeometry
    at mesh
    at group
    at group
    at group
    at Sky (E:\project\Anima-Engine\src\components\Landscape\Sky.tsx:50:16)
    at div
    at Canvas (E:\project\Anima-Engine\tests\frontend\landscape_showcase_adversarial.test.tsx:5:16)
    at div
    at LandscapeShowcase (E:\project\Anima-Engine\src\components\Landscape\LandscapeShowcase.tsx:28:55)
Warning: <meshStandardMaterial /> is using incorrect casing. Use PascalCase for React components, or lowercase for HTML elements.
    at meshStandardMaterial
    at mesh
    at group
    at group
    at group
    at Sky (E:\project\Anima-Engine\src\components\Landscape\Sky.tsx:50:16)
    at div
    at Canvas (E:\project\Anima-Engine\tests\frontend\landscape_showcase_adversarial.test.tsx:5:16)
    at div
    at LandscapeShowcase (E:\project\Anima-Engine\src\components\Landscape\LandscapeShowcase.tsx:28:55)
Warning: <boxGeometry /> is using incorrect casing. Use PascalCase for React components, or lowercase for HTML elements.
    at boxGeometry
    at mesh
    at group
    at group
    at group
    at Sky (E:\project\Anima-Engine\src\components\Landscape\Sky.tsx:50:16)
    at div
    at Canvas (E:\project\Anima-Engine\tests\frontend\landscape_showcase_adversarial.test.tsx:5:16)
    at div
    at LandscapeShowcase (E:\project\Anima-Engine\src\components\Landscape\LandscapeShowcase.tsx:28:55)
Warning: <meshStandardMaterial /> is using incorrect casing. Use PascalCase for React components, or lowercase for HTML elements.
    at meshStandardMaterial
    at mesh
    at group
    at group
    at group
    at Sky (E:\project\Anima-Engine\src\components\Landscape\Sky.tsx:50:16)
    at div
    at Canvas (E:\project\Anima-Engine\tests\frontend\landscape_showcase_adversarial.test.tsx:5:16)
    at div
    at LandscapeShowcase (E:\project\Anima-Engine\src\components\Landscape\LandscapeShowcase.tsx:28:55)
Warning: <boxGeometry /> is using incorrect casing. Use PascalCase for React components, or lowercase for HTML elements.
    at boxGeometry
    at mesh
    at group
    at group
    at group
    at Sky (E:\project\Anima-Engine\src\components\Landscape\Sky.tsx:50:16)
    at div
    at Canvas (E:\project\Anima-Engine\tests\frontend\landscape_showcase_adversarial.test.tsx:5:16)
    at div
    at LandscapeShowcase (E:\project\Anima-Engine\src\components\Landscape\LandscapeShowcase.tsx:28:55)
Warning: <meshStandardMaterial /> is using incorrect casing. Use PascalCase for React components, or lowercase for HTML elements.
    at meshStandardMaterial
    at mesh
    at group
    at group
    at group
    at Sky (E:\project\Anima-Engine\src\components\Landscape\Sky.tsx:50:16)
    at div
    at Canvas (E:\project\Anima-Engine\tests\frontend\landscape_showcase_adversarial.test.tsx:5:16)
    at div
    at LandscapeShowcase (E:\project\Anima-Engine\src\components\Landscape\LandscapeShowcase.tsx:28:55)
Warning: <bufferGeometry /> is using incorrect casing. Use PascalCase for React components, or lowercase for HTML elements.
    at bufferGeometry
    at mesh
    at lod
    at Terrain (E:\project\Anima-Engine\src\components\Landscape\Terrain.tsx:26:20)
    at div
    at Canvas (E:\project\Anima-Engine\tests\frontend\landscape_showcase_adversarial.test.tsx:5:16)
    at div
    at LandscapeShowcase (E:\project\Anima-Engine\src\components\Landscape\LandscapeShowcase.tsx:28:55)
Warning: <meshStandardMaterial /> is using incorrect casing. Use PascalCase for React components, or lowercase for HTML elements.
    at meshStandardMaterial
    at mesh
    at lod
    at Terrain (E:\project\Anima-Engine\src\components\Landscape\Terrain.tsx:26:20)
    at div
    at Canvas (E:\project\Anima-Engine\tests\frontend\landscape_showcase_adversarial.test.tsx:5:16)
    at div
    at LandscapeShowcase (E:\project\Anima-Engine\src\components\Landscape\LandscapeShowcase.tsx:28:55)
Warning: <bufferGeometry /> is using incorrect casing. Use PascalCase for React components, or lowercase for HTML elements.
    at bufferGeometry
    at mesh
    at lod
    at Terrain (E:\project\Anima-Engine\src\components\Landscape\Terrain.tsx:26:20)
    at div
    at Canvas (E:\project\Anima-Engine\tests\frontend\landscape_showcase_adversarial.test.tsx:5:16)
    at div
    at LandscapeShowcase (E:\project\Anima-Engine\src\components\Landscape\LandscapeShowcase.tsx:28:55)
Warning: <meshStandardMaterial /> is using incorrect casing. Use PascalCase for React components, or lowercase for HTML elements.
    at meshStandardMaterial
    at mesh
    at lod
    at Terrain (E:\project\Anima-Engine\src\components\Landscape\Terrain.tsx:26:20)
    at div
    at Canvas (E:\project\Anima-Engine\tests\frontend\landscape_showcase_adversarial.test.tsx:5:16)
    at div
    at LandscapeShowcase (E:\project\Anima-Engine\src\components\Landscape\LandscapeShowcase.tsx:28:55)
Warning: <bufferGeometry /> is using incorrect casing. Use PascalCase for React components, or lowercase for HTML elements.
    at bufferGeometry
    at mesh
    at lod
    at Terrain (E:\project\Anima-Engine\src\components\Landscape\Terrain.tsx:26:20)
    at div
    at Canvas (E:\project\Anima-Engine\tests\frontend\landscape_showcase_adversarial.test.tsx:5:16)
    at div
    at LandscapeShowcase (E:\project\Anima-Engine\src\components\Landscape\LandscapeShowcase.tsx:28:55)
Warning: <meshStandardMaterial /> is using incorrect casing. Use PascalCase for React components, or lowercase for HTML elements.
    at meshStandardMaterial
    at mesh
    at lod
    at Terrain (E:\project\Anima-Engine\src\components\Landscape\Terrain.tsx:26:20)
    at div
    at Canvas (E:\project\Anima-Engine\tests\frontend\landscape_showcase_adversarial.test.tsx:5:16)
    at div
    at LandscapeShowcase (E:\project\Anima-Engine\src\components\Landscape\LandscapeShowcase.tsx:28:55)
Warning: <shaderMaterial /> is using incorrect casing. Use PascalCase for React components, or lowercase for HTML elements.
    at shaderMaterial
    at mesh
    at group
    at Water (E:\project\Anima-Engine\src\components\Landscape\Water.tsx:87:3)
    at div
    at Canvas (E:\project\Anima-Engine\tests\frontend\landscape_showcase_adversarial.test.tsx:5:16)
    at div
    at LandscapeShowcase (E:\project\Anima-Engine\src\components\Landscape\LandscapeShowcase.tsx:28:55)
Warning: <bufferAttribute /> is using incorrect casing. Use PascalCase for React components, or lowercase for HTML elements.
    at bufferAttribute
    at bufferGeometry
    at points
    at group
    at Water (E:\project\Anima-Engine\src\components\Landscape\Water.tsx:87:3)
    at div
    at Canvas (E:\project\Anima-Engine\tests\frontend\landscape_showcase_adversarial.test.tsx:5:16)
    at div
    at LandscapeShowcase (E:\project\Anima-Engine\src\components\Landscape\LandscapeShowcase.tsx:28:55)
Warning: <bufferGeometry /> is using incorrect casing. Use PascalCase for React components, or lowercase for HTML elements.
    at bufferGeometry
    at points
    at group
    at Water (E:\project\Anima-Engine\src\components\Landscape\Water.tsx:87:3)
    at div
    at Canvas (E:\project\Anima-Engine\tests\frontend\landscape_showcase_adversarial.test.tsx:5:16)
    at div
    at LandscapeShowcase (E:\project\Anima-Engine\src\components\Landscape\LandscapeShowcase.tsx:28:55)
Warning: <pointsMaterial /> is using incorrect casing. Use PascalCase for React components, or lowercase for HTML elements.
    at pointsMaterial
    at points
    at group
    at Water (E:\project\Anima-Engine\src\components\Landscape\Water.tsx:87:3)
    at div
    at Canvas (E:\project\Anima-Engine\tests\frontend\landscape_showcase_adversarial.test.tsx:5:16)
    at div
    at LandscapeShowcase (E:\project\Anima-Engine\src\components\Landscape\LandscapeShowcase.tsx:28:55)
Warning: <instancedMesh /> is using incorrect casing. Use PascalCase for React components, or lowercase for HTML elements.
    at instancedMesh
    at group
    at Vegetation (E:\project\Anima-Engine\src\components\Landscape\Vegetation.tsx:58:3)
    at div
    at Canvas (E:\project\Anima-Engine\tests\frontend\landscape_showcase_adversarial.test.tsx:5:16)
    at div
    at LandscapeShowcase (E:\project\Anima-Engine\src\components\Landscape\LandscapeShowcase.tsx:28:55)
Warning: <instancedMesh /> is using incorrect casing. Use PascalCase for React components, or lowercase for HTML elements.
    at instancedMesh
    at group
    at Vegetation (E:\project\Anima-Engine\src\components\Landscape\Vegetation.tsx:58:3)
    at div
    at Canvas (E:\project\Anima-Engine\tests\frontend\landscape_showcase_adversarial.test.tsx:5:16)
    at div
    at LandscapeShowcase (E:\project\Anima-Engine\src\components\Landscape\LandscapeShowcase.tsx:28:55)
Warning: <instancedMesh /> is using incorrect casing. Use PascalCase for React components, or lowercase for HTML elements.
    at instancedMesh
    at group
    at Vegetation (E:\project\Anima-Engine\src\components\Landscape\Vegetation.tsx:58:3)
    at div
    at Canvas (E:\project\Anima-Engine\tests\frontend\landscape_showcase_adversarial.test.tsx:5:16)
    at div
    at LandscapeShowcase (E:\project\Anima-Engine\src\components\Landscape\LandscapeShowcase.tsx:28:55)
Warning: <instancedMesh /> is using incorrect casing. Use PascalCase for React components, or lowercase for HTML elements.
    at instancedMesh
    at group
    at Vegetation (E:\project\Anima-Engine\src\components\Landscape\Vegetation.tsx:58:3)
    at div
    at Canvas (E:\project\Anima-Engine\tests\frontend\landscape_showcase_adversarial.test.tsx:5:16)
    at div
    at LandscapeShowcase (E:\project\Anima-Engine\src\components\Landscape\LandscapeShowcase.tsx:28:55)
Warning: <instancedMesh /> is using incorrect casing. Use PascalCase for React components, or lowercase for HTML elements.
    at instancedMesh
    at group
    at Vegetation (E:\project\Anima-Engine\src\components\Landscape\Vegetation.tsx:58:3)
    at div
    at Canvas (E:\project\Anima-Engine\tests\frontend\landscape_showcase_adversarial.test.tsx:5:16)
    at div
    at LandscapeShowcase (E:\project\Anima-Engine\src\components\Landscape\LandscapeShowcase.tsx:28:55)
Warning: <fogExp2 /> is using incorrect casing. Use PascalCase for React components, or lowercase for HTML elements.
    at fogExp2
    at group
    at Weather (E:\project\Anima-Engine\src\components\Landscape\Weather.tsx:10:3)
    at div
    at Canvas (E:\project\Anima-Engine\tests\frontend\landscape_showcase_adversarial.test.tsx:5:16)
    at div
    at LandscapeShowcase (E:\project\Anima-Engine\src\components\Landscape\LandscapeShowcase.tsx:28:55)
Warning: <sphereGeometry /> is using incorrect casing. Use PascalCase for React components, or lowercase for HTML elements.
    at sphereGeometry
    at mesh
    at group
    at PositionalAudio (E:\project\Anima-Engine\src\components\Landscape\PositionalAudio.tsx:10:3)
    at div
    at Canvas (E:\project\Anima-Engine\tests\frontend\landscape_showcase_adversarial.test.tsx:5:16)
    at div
    at LandscapeShowcase (E:\project\Anima-Engine\src\components\Landscape\LandscapeShowcase.tsx:28:55)
Warning: <meshBasicMaterial /> is using incorrect casing. Use PascalCase for React components, or lowercase for HTML elements.
    at meshBasicMaterial
    at mesh
    at group
    at PositionalAudio (E:\project\Anima-Engine\src\components\Landscape\PositionalAudio.tsx:10:3)
    at div
    at Canvas (E:\project\Anima-Engine\tests\frontend\landscape_showcase_adversarial.test.tsx:5:16)
    at div
    at LandscapeShowcase (E:\project\Anima-Engine\src\components\Landscape\LandscapeShowcase.tsx:28:55)
Warning: <sphereGeometry /> is using incorrect casing. Use PascalCase for React components, or lowercase for HTML elements.
    at sphereGeometry
    at mesh
    at group
    at PositionalAudio (E:\project\Anima-Engine\src\components\Landscape\PositionalAudio.tsx:10:3)
    at div
    at Canvas (E:\project\Anima-Engine\tests\frontend\landscape_showcase_adversarial.test.tsx:5:16)
    at div
    at LandscapeShowcase (E:\project\Anima-Engine\src\components\Landscape\LandscapeShowcase.tsx:28:55)
Warning: <meshBasicMaterial /> is using incorrect casing. Use PascalCase for React components, or lowercase for HTML elements.
    at meshBasicMaterial
    at mesh
    at group
    at PositionalAudio (E:\project\Anima-Engine\src\components\Landscape\PositionalAudio.tsx:10:3)
    at div
    at Canvas (E:\project\Anima-Engine\tests\frontend\landscape_showcase_adversarial.test.tsx:5:16)
    at div
    at LandscapeShowcase (E:\project\Anima-Engine\src\components\Landscape\LandscapeShowcase.tsx:28:55)
Warning: <orbitControls /> is using incorrect casing. Use PascalCase for React components, or lowercase for HTML elements.
    at orbitControls
    at CameraControls (E:\project\Anima-Engine\src\components\Landscape\CameraControls.tsx:15:3)
    at div
    at Canvas (E:\project\Anima-Engine\tests\frontend\landscape_showcase_adversarial.test.tsx:5:16)
    at div
    at LandscapeShowcase (E:\project\Anima-Engine\src\components\Landscape\LandscapeShowcase.tsx:28:55)
Warning: The tag <orbitControls> is unrecognized in this browser. If you meant to render a React component, start its name with an uppercase letter.
    at orbitControls
    at CameraControls (E:\project\Anima-Engine\src\components\Landscape\CameraControls.tsx:15:3)
    at div
    at Canvas (E:\project\Anima-Engine\tests\frontend\landscape_showcase_adversarial.test.tsx:5:16)
    at div
    at LandscapeShowcase (E:\project\Anima-Engine\src\components\Landscape\LandscapeShowcase.tsx:28:55)
Warning: React does not recognize the `enableDamping` prop on a DOM element. If you intentionally want it to appear in the DOM as a custom attribute, spell it as lowercase `enabledamping` instead. If you accidentally passed it from a parent component, remove it from the DOM element.
    at orbitControls
    at CameraControls (E:\project\Anima-Engine\src\components\Landscape\CameraControls.tsx:15:3)
    at div
    at Canvas (E:\project\Anima-Engine\tests\frontend\landscape_showcase_adversarial.test.tsx:5:16)
    at div
    at LandscapeShowcase (E:\project\Anima-Engine\src\components\Landscape\LandscapeShowcase.tsx:28:55)
Warning: <object3D /> is using incorrect casing. Use PascalCase for React components, or lowercase for HTML elements.
    at object3D
    at CameraControls (E:\project\Anima-Engine\src\components\Landscape\CameraControls.tsx:15:3)
    at div
    at Canvas (E:\project\Anima-Engine\tests\frontend\landscape_showcase_adversarial.test.tsx:5:16)
    at div
    at LandscapeShowcase (E:\project\Anima-Engine\src\components\Landscape\LandscapeShowcase.tsx:28:55)

[90mstderr[2m | frontend/landscape_showcase_adversarial.test.tsx[2m > [22m[2mLandscape Showcase Adversarial Test Suite (Tier 5)[2m > [22m[2m9. Showcase Overlay & Timeline Integration[2m > [22m[2mshould wrap timeOfDay correctly around 24 when speed is set to maximum[22m[39m
Warning: <sphereGeometry /> is using incorrect casing. Use PascalCase for React components, or lowercase for HTML elements.
    at sphereGeometry
    at mesh
    at group
    at Sky (E:\project\Anima-Engine\src\components\Landscape\Sky.tsx:50:16)
    at div
    at Canvas (E:\project\Anima-Engine\tests\frontend\landscape_showcase_adversarial.test.tsx:5:16)
    at div
    at LandscapeShowcase (E:\project\Anima-Engine\src\components\Landscape\LandscapeShowcase.tsx:28:55)
Warning: <meshBasicMaterial /> is using incorrect casing. Use PascalCase for React components, or lowercase for HTML elements.
    at meshBasicMaterial
    at mesh
    at group
    at Sky (E:\project\Anima-Engine\src\components\Landscape\Sky.tsx:50:16)
    at div
    at Canvas (E:\project\Anima-Engine\tests\frontend\landscape_showcase_adversarial.test.tsx:5:16)
    at div
    at LandscapeShowcase (E:\project\Anima-Engine\src\components\Landscape\LandscapeShowcase.tsx:28:55)
Warning: <directionalLight /> is using incorrect casing. Use PascalCase for React components, or lowercase for HTML elements.
    at directionalLight
    at group
    at Sky (E:\project\Anima-Engine\src\components\Landscape\Sky.tsx:50:16)
    at div
    at Canvas (E:\project\Anima-Engine\tests\frontend\landscape_showcase_adversarial.test.tsx:5:16)
    at div
    at LandscapeShowcase (E:\project\Anima-Engine\src\components\Landscape\LandscapeShowcase.tsx:28:55)
Warning: <hemisphereLight /> is using incorrect casing. Use PascalCase for React components, or lowercase for HTML elements.
    at hemisphereLight
    at group
    at Sky (E:\project\Anima-Engine\src\components\Landscape\Sky.tsx:50:16)
    at div
    at Canvas (E:\project\Anima-Engine\tests\frontend\landscape_showcase_adversarial.test.tsx:5:16)
    at div
    at LandscapeShowcase (E:\project\Anima-Engine\src\components\Landscape\LandscapeShowcase.tsx:28:55)
Warning: <ambientLight /> is using incorrect casing. Use PascalCase for React components, or lowercase for HTML elements.
    at ambientLight
    at group
    at Sky (E:\project\Anima-Engine\src\components\Landscape\Sky.tsx:50:16)
    at div
    at Canvas (E:\project\Anima-Engine\tests\frontend\landscape_showcase_adversarial.test.tsx:5:16)
    at div
    at LandscapeShowcase (E:\project\Anima-Engine\src\components\Landscape\LandscapeShowcase.tsx:28:55)
Warning: <boxGeometry /> is using incorrect casing. Use PascalCase for React components, or lowercase for HTML elements.
    at boxGeometry
    at mesh
    at group
    at group
    at group
    at Sky (E:\project\Anima-Engine\src\components\Landscape\Sky.tsx:50:16)
    at div
    at Canvas (E:\project\Anima-Engine\tests\frontend\landscape_showcase_adversarial.test.tsx:5:16)
    at div
    at LandscapeShowcase (E:\project\Anima-Engine\src\components\Landscape\LandscapeShowcase.tsx:28:55)
Warning: <meshStandardMaterial /> is using incorrect casing. Use PascalCase for React components, or lowercase for HTML elements.
    at meshStandardMaterial
    at mesh
    at group
    at group
    at group
    at Sky (E:\project\Anima-Engine\src\components\Landscape\Sky.tsx:50:16)
    at div
    at Canvas (E:\project\Anima-Engine\tests\frontend\landscape_showcase_adversarial.test.tsx:5:16)
    at div
    at LandscapeShowcase (E:\project\Anima-Engine\src\components\Landscape\LandscapeShowcase.tsx:28:55)
Warning: <boxGeometry /> is using incorrect casing. Use PascalCase for React components, or lowercase for HTML elements.
    at boxGeometry
    at mesh
    at group
    at group
    at group
    at Sky (E:\project\Anima-Engine\src\components\Landscape\Sky.tsx:50:16)
    at div
    at Canvas (E:\project\Anima-Engine\tests\frontend\landscape_showcase_adversarial.test.tsx:5:16)
    at div
    at LandscapeShowcase (E:\project\Anima-Engine\src\components\Landscape\LandscapeShowcase.tsx:28:55)
Warning: <meshStandardMaterial /> is using incorrect casing. Use PascalCase for React components, or lowercase for HTML elements.
    at meshStandardMaterial
    at mesh
    at group
    at group
    at group
    at Sky (E:\project\Anima-Engine\src\components\Landscape\Sky.tsx:50:16)
    at div
    at Canvas (E:\project\Anima-Engine\tests\frontend\landscape_showcase_adversarial.test.tsx:5:16)
    at div
    at LandscapeShowcase (E:\project\Anima-Engine\src\components\Landscape\LandscapeShowcase.tsx:28:55)
Warning: <boxGeometry /> is using incorrect casing. Use PascalCase for React components, or lowercase for HTML elements.
    at boxGeometry
    at mesh
    at group
    at group
    at group
    at Sky (E:\project\Anima-Engine\src\components\Landscape\Sky.tsx:50:16)
    at div
    at Canvas (E:\project\Anima-Engine\tests\frontend\landscape_showcase_adversarial.test.tsx:5:16)
    at div
    at LandscapeShowcase (E:\project\Anima-Engine\src\components\Landscape\LandscapeShowcase.tsx:28:55)
Warning: <meshStandardMaterial /> is using incorrect casing. Use PascalCase for React components, or lowercase for HTML elements.
    at meshStandardMaterial
    at mesh
    at group
    at group
    at group
    at Sky (E:\project\Anima-Engine\src\components\Landscape\Sky.tsx:50:16)
    at div
    at Canvas (E:\project\Anima-Engine\tests\frontend\landscape_showcase_adversarial.test.tsx:5:16)
    at div
    at LandscapeShowcase (E:\project\Anima-Engine\src\components\Landscape\LandscapeShowcase.tsx:28:55)
Warning: <boxGeometry /> is using incorrect casing. Use PascalCase for React components, or lowercase for HTML elements.
    at boxGeometry
    at mesh
    at group
    at group
    at group
    at Sky (E:\project\Anima-Engine\src\components\Landscape\Sky.tsx:50:16)
    at div
    at Canvas (E:\project\Anima-Engine\tests\frontend\landscape_showcase_adversarial.test.tsx:5:16)
    at div
    at LandscapeShowcase (E:\project\Anima-Engine\src\components\Landscape\LandscapeShowcase.tsx:28:55)
Warning: <meshStandardMaterial /> is using incorrect casing. Use PascalCase for React components, or lowercase for HTML elements.
    at meshStandardMaterial
    at mesh
    at group
    at group
    at group
    at Sky (E:\project\Anima-Engine\src\components\Landscape\Sky.tsx:50:16)
    at div
    at Canvas (E:\project\Anima-Engine\tests\frontend\landscape_showcase_adversarial.test.tsx:5:16)
    at div
    at LandscapeShowcase (E:\project\Anima-Engine\src\components\Landscape\LandscapeShowcase.tsx:28:55)
Warning: <boxGeometry /> is using incorrect casing. Use PascalCase for React components, or lowercase for HTML elements.
    at boxGeometry
    at mesh
    at group
    at group
    at group
    at Sky (E:\project\Anima-Engine\src\components\Landscape\Sky.tsx:50:16)
    at div
    at Canvas (E:\project\Anima-Engine\tests\frontend\landscape_showcase_adversarial.test.tsx:5:16)
    at div
    at LandscapeShowcase (E:\project\Anima-Engine\src\components\Landscape\LandscapeShowcase.tsx:28:55)
Warning: <meshStandardMaterial /> is using incorrect casing. Use PascalCase for React components, or lowercase for HTML elements.
    at meshStandardMaterial
    at mesh
    at group
    at group
    at group
    at Sky (E:\project\Anima-Engine\src\components\Landscape\Sky.tsx:50:16)
    at div
    at Canvas (E:\project\Anima-Engine\tests\frontend\landscape_showcase_adversarial.test.tsx:5:16)
    at div
    at LandscapeShowcase (E:\project\Anima-Engine\src\components\Landscape\LandscapeShowcase.tsx:28:55)
Warning: <boxGeometry /> is using incorrect casing. Use PascalCase for React components, or lowercase for HTML elements.
    at boxGeometry
    at mesh
    at group
    at group
    at group
    at Sky (E:\project\Anima-Engine\src\components\Landscape\Sky.tsx:50:16)
    at div
    at Canvas (E:\project\Anima-Engine\tests\frontend\landscape_showcase_adversarial.test.tsx:5:16)
    at div
    at LandscapeShowcase (E:\project\Anima-Engine\src\components\Landscape\LandscapeShowcase.tsx:28:55)
Warning: <meshStandardMaterial /> is using incorrect casing. Use PascalCase for React components, or lowercase for HTML elements.
    at meshStandardMaterial
    at mesh
    at group
    at group
    at group
    at Sky (E:\project\Anima-Engine\src\components\Landscape\Sky.tsx:50:16)
    at div
    at Canvas (E:\project\Anima-Engine\tests\frontend\landscape_showcase_adversarial.test.tsx:5:16)
    at div
    at LandscapeShowcase (E:\project\Anima-Engine\src\components\Landscape\LandscapeShowcase.tsx:28:55)
Warning: <boxGeometry /> is using incorrect casing. Use PascalCase for React components, or lowercase for HTML elements.
    at boxGeometry
    at mesh
    at group
    at group
    at group
    at Sky (E:\project\Anima-Engine\src\components\Landscape\Sky.tsx:50:16)
    at div
    at Canvas (E:\project\Anima-Engine\tests\frontend\landscape_showcase_adversarial.test.tsx:5:16)
    at div
    at LandscapeShowcase (E:\project\Anima-Engine\src\components\Landscape\LandscapeShowcase.tsx:28:55)
Warning: <meshStandardMaterial /> is using incorrect casing. Use PascalCase for React components, or lowercase for HTML elements.
    at meshStandardMaterial
    at mesh
    at group
    at group
    at group
    at Sky (E:\project\Anima-Engine\src\components\Landscape\Sky.tsx:50:16)
    at div
    at Canvas (E:\project\Anima-Engine\tests\frontend\landscape_showcase_adversarial.test.tsx:5:16)
    at div
    at LandscapeShowcase (E:\project\Anima-Engine\src\components\Landscape\LandscapeShowcase.tsx:28:55)
Warning: <boxGeometry /> is using incorrect casing. Use PascalCase for React components, or lowercase for HTML elements.
    at boxGeometry
    at mesh
    at group
    at group
    at group
    at Sky (E:\project\Anima-Engine\src\components\Landscape\Sky.tsx:50:16)
    at div
    at Canvas (E:\project\Anima-Engine\tests\frontend\landscape_showcase_adversarial.test.tsx:5:16)
    at div
    at LandscapeShowcase (E:\project\Anima-Engine\src\components\Landscape\LandscapeShowcase.tsx:28:55)
Warning: <meshStandardMaterial /> is using incorrect casing. Use PascalCase for React components, or lowercase for HTML elements.
    at meshStandardMaterial
    at mesh
    at group
    at group
    at group
    at Sky (E:\project\Anima-Engine\src\components\Landscape\Sky.tsx:50:16)
    at div
    at Canvas (E:\project\Anima-Engine\tests\frontend\landscape_showcase_adversarial.test.tsx:5:16)
    at div
    at LandscapeShowcase (E:\project\Anima-Engine\src\components\Landscape\LandscapeShowcase.tsx:28:55)
Warning: <boxGeometry /> is using incorrect casing. Use PascalCase for React components, or lowercase for HTML elements.
    at boxGeometry
    at mesh
    at group
    at group
    at group
    at Sky (E:\project\Anima-Engine\src\components\Landscape\Sky.tsx:50:16)
    at div
    at Canvas (E:\project\Anima-Engine\tests\frontend\landscape_showcase_adversarial.test.tsx:5:16)
    at div
    at LandscapeShowcase (E:\project\Anima-Engine\src\components\Landscape\LandscapeShowcase.tsx:28:55)
Warning: <meshStandardMaterial /> is using incorrect casing. Use PascalCase for React components, or lowercase for HTML elements.
    at meshStandardMaterial
    at mesh
    at group
    at group
    at group
    at Sky (E:\project\Anima-Engine\src\components\Landscape\Sky.tsx:50:16)
    at div
    at Canvas (E:\project\Anima-Engine\tests\frontend\landscape_showcase_adversarial.test.tsx:5:16)
    at div
    at LandscapeShowcase (E:\project\Anima-Engine\src\components\Landscape\LandscapeShowcase.tsx:28:55)
Warning: <boxGeometry /> is using incorrect casing. Use PascalCase for React components, or lowercase for HTML elements.
    at boxGeometry
    at mesh
    at group
    at group
    at group
    at Sky (E:\project\Anima-Engine\src\components\Landscape\Sky.tsx:50:16)
    at div
    at Canvas (E:\project\Anima-Engine\tests\frontend\landscape_showcase_adversarial.test.tsx:5:16)
    at div
    at LandscapeShowcase (E:\project\Anima-Engine\src\components\Landscape\LandscapeShowcase.tsx:28:55)
Warning: <meshStandardMaterial /> is using incorrect casing. Use PascalCase for React components, or lowercase for HTML elements.
    at meshStandardMaterial
    at mesh
    at group
    at group
    at group
    at Sky (E:\project\Anima-Engine\src\components\Landscape\Sky.tsx:50:16)
    at div
    at Canvas (E:\project\Anima-Engine\tests\frontend\landscape_showcase_adversarial.test.tsx:5:16)
    at div
    at LandscapeShowcase (E:\project\Anima-Engine\src\components\Landscape\LandscapeShowcase.tsx:28:55)
Warning: <boxGeometry /> is using incorrect casing. Use PascalCase for React components, or lowercase for HTML elements.
    at boxGeometry
    at mesh
    at group
    at group
    at group
    at Sky (E:\project\Anima-Engine\src\components\Landscape\Sky.tsx:50:16)
    at div
    at Canvas (E:\project\Anima-Engine\tests\frontend\landscape_showcase_adversarial.test.tsx:5:16)
    at div
    at LandscapeShowcase (E:\project\Anima-Engine\src\components\Landscape\LandscapeShowcase.tsx:28:55)
Warning: <meshStandardMaterial /> is using incorrect casing. Use PascalCase for React components, or lowercase for HTML elements.
    at meshStandardMaterial
    at mesh
    at group
    at group
    at group
    at Sky (E:\project\Anima-Engine\src\components\Landscape\Sky.tsx:50:16)
    at div
    at Canvas (E:\project\Anima-Engine\tests\frontend\landscape_showcase_adversarial.test.tsx:5:16)
    at div
    at LandscapeShowcase (E:\project\Anima-Engine\src\components\Landscape\LandscapeShowcase.tsx:28:55)
Warning: <boxGeometry /> is using incorrect casing. Use PascalCase for React components, or lowercase for HTML elements.
    at boxGeometry
    at mesh
    at group
    at group
    at group
    at Sky (E:\project\Anima-Engine\src\components\Landscape\Sky.tsx:50:16)
    at div
    at Canvas (E:\project\Anima-Engine\tests\frontend\landscape_showcase_adversarial.test.tsx:5:16)
    at div
    at LandscapeShowcase (E:\project\Anima-Engine\src\components\Landscape\LandscapeShowcase.tsx:28:55)
Warning: <meshStandardMaterial /> is using incorrect casing. Use PascalCase for React components, or lowercase for HTML elements.
    at meshStandardMaterial
    at mesh
    at group
    at group
    at group
    at Sky (E:\project\Anima-Engine\src\components\Landscape\Sky.tsx:50:16)
    at div
    at Canvas (E:\project\Anima-Engine\tests\frontend\landscape_showcase_adversarial.test.tsx:5:16)
    at div
    at LandscapeShowcase (E:\project\Anima-Engine\src\components\Landscape\LandscapeShowcase.tsx:28:55)
Warning: <boxGeometry /> is using incorrect casing. Use PascalCase for React components, or lowercase for HTML elements.
    at boxGeometry
    at mesh
    at group
    at group
    at group
    at Sky (E:\project\Anima-Engine\src\components\Landscape\Sky.tsx:50:16)
    at div
    at Canvas (E:\project\Anima-Engine\tests\frontend\landscape_showcase_adversarial.test.tsx:5:16)
    at div
    at LandscapeShowcase (E:\project\Anima-Engine\src\components\Landscape\LandscapeShowcase.tsx:28:55)
Warning: <meshStandardMaterial /> is using incorrect casing. Use PascalCase for React components, or lowercase for HTML elements.
    at meshStandardMaterial
    at mesh
    at group
    at group
    at group
    at Sky (E:\project\Anima-Engine\src\components\Landscape\Sky.tsx:50:16)
    at div
    at Canvas (E:\project\Anima-Engine\tests\frontend\landscape_showcase_adversarial.test.tsx:5:16)
    at div
    at LandscapeShowcase (E:\project\Anima-Engine\src\components\Landscape\LandscapeShowcase.tsx:28:55)
Warning: <boxGeometry /> is using incorrect casing. Use PascalCase for React components, or lowercase for HTML elements.
    at boxGeometry
    at mesh
    at group
    at group
    at group
    at Sky (E:\project\Anima-Engine\src\components\Landscape\Sky.tsx:50:16)
    at div
    at Canvas (E:\project\Anima-Engine\tests\frontend\landscape_showcase_adversarial.test.tsx:5:16)
    at div
    at LandscapeShowcase (E:\project\Anima-Engine\src\components\Landscape\LandscapeShowcase.tsx:28:55)
Warning: <meshStandardMaterial /> is using incorrect casing. Use PascalCase for React components, or lowercase for HTML elements.
    at meshStandardMaterial
    at mesh
    at group
    at group
    at group
    at Sky (E:\project\Anima-Engine\src\components\Landscape\Sky.tsx:50:16)
    at div
    at Canvas (E:\project\Anima-Engine\tests\frontend\landscape_showcase_adversarial.test.tsx:5:16)
    at div
    at LandscapeShowcase (E:\project\Anima-Engine\src\components\Landscape\LandscapeShowcase.tsx:28:55)
Warning: <boxGeometry /> is using incorrect casing. Use PascalCase for React components, or lowercase for HTML elements.
    at boxGeometry
    at mesh
    at group
    at group
    at group
    at Sky (E:\project\Anima-Engine\src\components\Landscape\Sky.tsx:50:16)
    at div
    at Canvas (E:\project\Anima-Engine\tests\frontend\landscape_showcase_adversarial.test.tsx:5:16)
    at div
    at LandscapeShowcase (E:\project\Anima-Engine\src\components\Landscape\LandscapeShowcase.tsx:28:55)
Warning: <meshStandardMaterial /> is using incorrect casing. Use PascalCase for React components, or lowercase for HTML elements.
    at meshStandardMaterial
    at mesh
    at group
    at group
    at group
    at Sky (E:\project\Anima-Engine\src\components\Landscape\Sky.tsx:50:16)
    at div
    at Canvas (E:\project\Anima-Engine\tests\frontend\landscape_showcase_adversarial.test.tsx:5:16)
    at div
    at LandscapeShowcase (E:\project\Anima-Engine\src\components\Landscape\LandscapeShowcase.tsx:28:55)
Warning: <boxGeometry /> is using incorrect casing. Use PascalCase for React components, or lowercase for HTML elements.
    at boxGeometry
    at mesh
    at group
    at group
    at group
    at Sky (E:\project\Anima-Engine\src\components\Landscape\Sky.tsx:50:16)
    at div
    at Canvas (E:\project\Anima-Engine\tests\frontend\landscape_showcase_adversarial.test.tsx:5:16)
    at div
    at LandscapeShowcase (E:\project\Anima-Engine\src\components\Landscape\LandscapeShowcase.tsx:28:55)
Warning: <meshStandardMaterial /> is using incorrect casing. Use PascalCase for React components, or lowercase for HTML elements.
    at meshStandardMaterial
    at mesh
    at group
    at group
    at group
    at Sky (E:\project\Anima-Engine\src\components\Landscape\Sky.tsx:50:16)
    at div
    at Canvas (E:\project\Anima-Engine\tests\frontend\landscape_showcase_adversarial.test.tsx:5:16)
    at div
    at LandscapeShowcase (E:\project\Anima-Engine\src\components\Landscape\LandscapeShowcase.tsx:28:55)
Warning: <boxGeometry /> is using incorrect casing. Use PascalCase for React components, or lowercase for HTML elements.
    at boxGeometry
    at mesh
    at group
    at group
    at group
    at Sky (E:\project\Anima-Engine\src\components\Landscape\Sky.tsx:50:16)
    at div
    at Canvas (E:\project\Anima-Engine\tests\frontend\landscape_showcase_adversarial.test.tsx:5:16)
    at div
    at LandscapeShowcase (E:\project\Anima-Engine\src\components\Landscape\LandscapeShowcase.tsx:28:55)
Warning: <meshStandardMaterial /> is using incorrect casing. Use PascalCase for React components, or lowercase for HTML elements.
    at meshStandardMaterial
    at mesh
    at group
    at group
    at group
    at Sky (E:\project\Anima-Engine\src\components\Landscape\Sky.tsx:50:16)
    at div
    at Canvas (E:\project\Anima-Engine\tests\frontend\landscape_showcase_adversarial.test.tsx:5:16)
    at div
    at LandscapeShowcase (E:\project\Anima-Engine\src\components\Landscape\LandscapeShowcase.tsx:28:55)
Warning: <boxGeometry /> is using incorrect casing. Use PascalCase for React components, or lowercase for HTML elements.
    at boxGeometry
    at mesh
    at group
    at group
    at group
    at Sky (E:\project\Anima-Engine\src\components\Landscape\Sky.tsx:50:16)
    at div
    at Canvas (E:\project\Anima-Engine\tests\frontend\landscape_showcase_adversarial.test.tsx:5:16)
    at div
    at LandscapeShowcase (E:\project\Anima-Engine\src\components\Landscape\LandscapeShowcase.tsx:28:55)
Warning: <meshStandardMaterial /> is using incorrect casing. Use PascalCase for React components, or lowercase for HTML elements.
    at meshStandardMaterial
    at mesh
    at group
    at group
    at group
    at Sky (E:\project\Anima-Engine\src\components\Landscape\Sky.tsx:50:16)
    at div
    at Canvas (E:\project\Anima-Engine\tests\frontend\landscape_showcase_adversarial.test.tsx:5:16)
    at div
    at LandscapeShowcase (E:\project\Anima-Engine\src\components\Landscape\LandscapeShowcase.tsx:28:55)
Warning: <bufferGeometry /> is using incorrect casing. Use PascalCase for React components, or lowercase for HTML elements.
    at bufferGeometry
    at mesh
    at lod
    at Terrain (E:\project\Anima-Engine\src\components\Landscape\Terrain.tsx:26:20)
    at div
    at Canvas (E:\project\Anima-Engine\tests\frontend\landscape_showcase_adversarial.test.tsx:5:16)
    at div
    at LandscapeShowcase (E:\project\Anima-Engine\src\components\Landscape\LandscapeShowcase.tsx:28:55)
Warning: <meshStandardMaterial /> is using incorrect casing. Use PascalCase for React components, or lowercase for HTML elements.
    at meshStandardMaterial
    at mesh
    at lod
    at Terrain (E:\project\Anima-Engine\src\components\Landscape\Terrain.tsx:26:20)
    at div
    at Canvas (E:\project\Anima-Engine\tests\frontend\landscape_showcase_adversarial.test.tsx:5:16)
    at div
    at LandscapeShowcase (E:\project\Anima-Engine\src\components\Landscape\LandscapeShowcase.tsx:28:55)
Warning: <bufferGeometry /> is using incorrect casing. Use PascalCase for React components, or lowercase for HTML elements.
    at bufferGeometry
    at mesh
    at lod
    at Terrain (E:\project\Anima-Engine\src\components\Landscape\Terrain.tsx:26:20)
    at div
    at Canvas (E:\project\Anima-Engine\tests\frontend\landscape_showcase_adversarial.test.tsx:5:16)
    at div
    at LandscapeShowcase (E:\project\Anima-Engine\src\components\Landscape\LandscapeShowcase.tsx:28:55)
Warning: <meshStandardMaterial /> is using incorrect casing. Use PascalCase for React components, or lowercase for HTML elements.
    at meshStandardMaterial
    at mesh
    at lod
    at Terrain (E:\project\Anima-Engine\src\components\Landscape\Terrain.tsx:26:20)
    at div
    at Canvas (E:\project\Anima-Engine\tests\frontend\landscape_showcase_adversarial.test.tsx:5:16)
    at div
    at LandscapeShowcase (E:\project\Anima-Engine\src\components\Landscape\LandscapeShowcase.tsx:28:55)
Warning: <bufferGeometry /> is using incorrect casing. Use PascalCase for React components, or lowercase for HTML elements.
    at bufferGeometry
    at mesh
    at lod
    at Terrain (E:\project\Anima-Engine\src\components\Landscape\Terrain.tsx:26:20)
    at div
    at Canvas (E:\project\Anima-Engine\tests\frontend\landscape_showcase_adversarial.test.tsx:5:16)
    at div
    at LandscapeShowcase (E:\project\Anima-Engine\src\components\Landscape\LandscapeShowcase.tsx:28:55)
Warning: <meshStandardMaterial /> is using incorrect casing. Use PascalCase for React components, or lowercase for HTML elements.
    at meshStandardMaterial
    at mesh
    at lod
    at Terrain (E:\project\Anima-Engine\src\components\Landscape\Terrain.tsx:26:20)
    at div
    at Canvas (E:\project\Anima-Engine\tests\frontend\landscape_showcase_adversarial.test.tsx:5:16)
    at div
    at LandscapeShowcase (E:\project\Anima-Engine\src\components\Landscape\LandscapeShowcase.tsx:28:55)
Warning: <shaderMaterial /> is using incorrect casing. Use PascalCase for React components, or lowercase for HTML elements.
    at shaderMaterial
    at mesh
    at group
    at Water (E:\project\Anima-Engine\src\components\Landscape\Water.tsx:87:3)
    at div
    at Canvas (E:\project\Anima-Engine\tests\frontend\landscape_showcase_adversarial.test.tsx:5:16)
    at div
    at LandscapeShowcase (E:\project\Anima-Engine\src\components\Landscape\LandscapeShowcase.tsx:28:55)
Warning: <bufferAttribute /> is using incorrect casing. Use PascalCase for React components, or lowercase for HTML elements.
    at bufferAttribute
    at bufferGeometry
    at points
    at group
    at Water (E:\project\Anima-Engine\src\components\Landscape\Water.tsx:87:3)
    at div
    at Canvas (E:\project\Anima-Engine\tests\frontend\landscape_showcase_adversarial.test.tsx:5:16)
    at div
    at LandscapeShowcase (E:\project\Anima-Engine\src\components\Landscape\LandscapeShowcase.tsx:28:55)
Warning: <bufferGeometry /> is using incorrect casing. Use PascalCase for React components, or lowercase for HTML elements.
    at bufferGeometry
    at points
    at group
    at Water (E:\project\Anima-Engine\src\components\Landscape\Water.tsx:87:3)
    at div
    at Canvas (E:\project\Anima-Engine\tests\frontend\landscape_showcase_adversarial.test.tsx:5:16)
    at div
    at LandscapeShowcase (E:\project\Anima-Engine\src\components\Landscape\LandscapeShowcase.tsx:28:55)
Warning: <pointsMaterial /> is using incorrect casing. Use PascalCase for React components, or lowercase for HTML elements.
    at pointsMaterial
    at points
    at group
    at Water (E:\project\Anima-Engine\src\components\Landscape\Water.tsx:87:3)
    at div
    at Canvas (E:\project\Anima-Engine\tests\frontend\landscape_showcase_adversarial.test.tsx:5:16)
    at div
    at LandscapeShowcase (E:\project\Anima-Engine\src\components\Landscape\LandscapeShowcase.tsx:28:55)
Warning: <instancedMesh /> is using incorrect casing. Use PascalCase for React components, or lowercase for HTML elements.
    at instancedMesh
    at group
    at Vegetation (E:\project\Anima-Engine\src\components\Landscape\Vegetation.tsx:58:3)
    at div
    at Canvas (E:\project\Anima-Engine\tests\frontend\landscape_showcase_adversarial.test.tsx:5:16)
    at div
    at LandscapeShowcase (E:\project\Anima-Engine\src\components\Landscape\LandscapeShowcase.tsx:28:55)
Warning: <instancedMesh /> is using incorrect casing. Use PascalCase for React components, or lowercase for HTML elements.
    at instancedMesh
    at group
    at Vegetation (E:\project\Anima-Engine\src\components\Landscape\Vegetation.tsx:58:3)
    at div
    at Canvas (E:\project\Anima-Engine\tests\frontend\landscape_showcase_adversarial.test.tsx:5:16)
    at div
    at LandscapeShowcase (E:\project\Anima-Engine\src\components\Landscape\LandscapeShowcase.tsx:28:55)
Warning: <instancedMesh /> is using incorrect casing. Use PascalCase for React components, or lowercase for HTML elements.
    at instancedMesh
    at group
    at Vegetation (E:\project\Anima-Engine\src\components\Landscape\Vegetation.tsx:58:3)
    at div
    at Canvas (E:\project\Anima-Engine\tests\frontend\landscape_showcase_adversarial.test.tsx:5:16)
    at div
    at LandscapeShowcase (E:\project\Anima-Engine\src\components\Landscape\LandscapeShowcase.tsx:28:55)
Warning: <instancedMesh /> is using incorrect casing. Use PascalCase for React components, or lowercase for HTML elements.
    at instancedMesh
    at group
    at Vegetation (E:\project\Anima-Engine\src\components\Landscape\Vegetation.tsx:58:3)
    at div
    at Canvas (E:\project\Anima-Engine\tests\frontend\landscape_showcase_adversarial.test.tsx:5:16)
    at div
    at LandscapeShowcase (E:\project\Anima-Engine\src\components\Landscape\LandscapeShowcase.tsx:28:55)
Warning: <instancedMesh /> is using incorrect casing. Use PascalCase for React components, or lowercase for HTML elements.
    at instancedMesh
    at group
    at Vegetation (E:\project\Anima-Engine\src\components\Landscape\Vegetation.tsx:58:3)
    at div
    at Canvas (E:\project\Anima-Engine\tests\frontend\landscape_showcase_adversarial.test.tsx:5:16)
    at div
    at LandscapeShowcase (E:\project\Anima-Engine\src\components\Landscape\LandscapeShowcase.tsx:28:55)
Warning: <fogExp2 /> is using incorrect casing. Use PascalCase for React components, or lowercase for HTML elements.
    at fogExp2
    at group
    at Weather (E:\project\Anima-Engine\src\components\Landscape\Weather.tsx:10:3)
    at div
    at Canvas (E:\project\Anima-Engine\tests\frontend\landscape_showcase_adversarial.test.tsx:5:16)
    at div
    at LandscapeShowcase (E:\project\Anima-Engine\src\components\Landscape\LandscapeShowcase.tsx:28:55)
Warning: <sphereGeometry /> is using incorrect casing. Use PascalCase for React components, or lowercase for HTML elements.
    at sphereGeometry
    at mesh
    at group
    at PositionalAudio (E:\project\Anima-Engine\src\components\Landscape\PositionalAudio.tsx:10:3)
    at div
    at Canvas (E:\project\Anima-Engine\tests\frontend\landscape_showcase_adversarial.test.tsx:5:16)
    at div
    at LandscapeShowcase (E:\project\Anima-Engine\src\components\Landscape\LandscapeShowcase.tsx:28:55)
Warning: <meshBasicMaterial /> is using incorrect casing. Use PascalCase for React components, or lowercase for HTML elements.
    at meshBasicMaterial
    at mesh
    at group
    at PositionalAudio (E:\project\Anima-Engine\src\components\Landscape\PositionalAudio.tsx:10:3)
    at div
    at Canvas (E:\project\Anima-Engine\tests\frontend\landscape_showcase_adversarial.test.tsx:5:16)
    at div
    at LandscapeShowcase (E:\project\Anima-Engine\src\components\Landscape\LandscapeShowcase.tsx:28:55)
Warning: <sphereGeometry /> is using incorrect casing. Use PascalCase for React components, or lowercase for HTML elements.
    at sphereGeometry
    at mesh
    at group
    at PositionalAudio (E:\project\Anima-Engine\src\components\Landscape\PositionalAudio.tsx:10:3)
    at div
    at Canvas (E:\project\Anima-Engine\tests\frontend\landscape_showcase_adversarial.test.tsx:5:16)
    at div
    at LandscapeShowcase (E:\project\Anima-Engine\src\components\Landscape\LandscapeShowcase.tsx:28:55)
Warning: <meshBasicMaterial /> is using incorrect casing. Use PascalCase for React components, or lowercase for HTML elements.
    at meshBasicMaterial
    at mesh
    at group
    at PositionalAudio (E:\project\Anima-Engine\src\components\Landscape\PositionalAudio.tsx:10:3)
    at div
    at Canvas (E:\project\Anima-Engine\tests\frontend\landscape_showcase_adversarial.test.tsx:5:16)
    at div
    at LandscapeShowcase (E:\project\Anima-Engine\src\components\Landscape\LandscapeShowcase.tsx:28:55)
Warning: <orbitControls /> is using incorrect casing. Use PascalCase for React components, or lowercase for HTML elements.
    at orbitControls
    at CameraControls (E:\project\Anima-Engine\src\components\Landscape\CameraControls.tsx:15:3)
    at div
    at Canvas (E:\project\Anima-Engine\tests\frontend\landscape_showcase_adversarial.test.tsx:5:16)
    at div
    at LandscapeShowcase (E:\project\Anima-Engine\src\components\Landscape\LandscapeShowcase.tsx:28:55)
Warning: <object3D /> is using incorrect casing. Use PascalCase for React components, or lowercase for HTML elements.
    at object3D
    at CameraControls (E:\project\Anima-Engine\src\components\Landscape\CameraControls.tsx:15:3)
    at div
    at Canvas (E:\project\Anima-Engine\tests\frontend\landscape_showcase_adversarial.test.tsx:5:16)
    at div
    at LandscapeShowcase (E:\project\Anima-Engine\src\components\Landscape\LandscapeShowcase.tsx:28:55)

[90mstderr[2m | frontend/landscape_showcase_adversarial.test.tsx[2m > [22m[2mLandscape Showcase Adversarial Test Suite (Tier 5)[2m > [22m[2m9. Showcase Overlay & Timeline Integration[2m > [22m[2mshould stop timeOfDay progression when day-night speed is set to 0[22m[39m
Warning: <sphereGeometry /> is using incorrect casing. Use PascalCase for React components, or lowercase for HTML elements.
    at sphereGeometry
    at mesh
    at group
    at Sky (E:\project\Anima-Engine\src\components\Landscape\Sky.tsx:50:16)
    at div
    at Canvas (E:\project\Anima-Engine\tests\frontend\landscape_showcase_adversarial.test.tsx:5:16)
    at div
    at LandscapeShowcase (E:\project\Anima-Engine\src\components\Landscape\LandscapeShowcase.tsx:28:55)
Warning: <meshBasicMaterial /> is using incorrect casing. Use PascalCase for React components, or lowercase for HTML elements.
    at meshBasicMaterial
    at mesh
    at group
    at Sky (E:\project\Anima-Engine\src\components\Landscape\Sky.tsx:50:16)
    at div
    at Canvas (E:\project\Anima-Engine\tests\frontend\landscape_showcase_adversarial.test.tsx:5:16)
    at div
    at LandscapeShowcase (E:\project\Anima-Engine\src\components\Landscape\LandscapeShowcase.tsx:28:55)
Warning: <directionalLight /> is using incorrect casing. Use PascalCase for React components, or lowercase for HTML elements.
    at directionalLight
    at group
    at Sky (E:\project\Anima-Engine\src\components\Landscape\Sky.tsx:50:16)
    at div
    at Canvas (E:\project\Anima-Engine\tests\frontend\landscape_showcase_adversarial.test.tsx:5:16)
    at div
    at LandscapeShowcase (E:\project\Anima-Engine\src\components\Landscape\LandscapeShowcase.tsx:28:55)
Warning: <hemisphereLight /> is using incorrect casing. Use PascalCase for React components, or lowercase for HTML elements.
    at hemisphereLight
    at group
    at Sky (E:\project\Anima-Engine\src\components\Landscape\Sky.tsx:50:16)
    at div
    at Canvas (E:\project\Anima-Engine\tests\frontend\landscape_showcase_adversarial.test.tsx:5:16)
    at div
    at LandscapeShowcase (E:\project\Anima-Engine\src\components\Landscape\LandscapeShowcase.tsx:28:55)
Warning: <ambientLight /> is using incorrect casing. Use PascalCase for React components, or lowercase for HTML elements.
    at ambientLight
    at group
    at Sky (E:\project\Anima-Engine\src\components\Landscape\Sky.tsx:50:16)
    at div
    at Canvas (E:\project\Anima-Engine\tests\frontend\landscape_showcase_adversarial.test.tsx:5:16)
    at div
    at LandscapeShowcase (E:\project\Anima-Engine\src\components\Landscape\LandscapeShowcase.tsx:28:55)
Warning: <boxGeometry /> is using incorrect casing. Use PascalCase for React components, or lowercase for HTML elements.
    at boxGeometry
    at mesh
    at group
    at group
    at group
    at Sky (E:\project\Anima-Engine\src\components\Landscape\Sky.tsx:50:16)
    at div
    at Canvas (E:\project\Anima-Engine\tests\frontend\landscape_showcase_adversarial.test.tsx:5:16)
    at div
    at LandscapeShowcase (E:\project\Anima-Engine\src\components\Landscape\LandscapeShowcase.tsx:28:55)
Warning: <meshStandardMaterial /> is using incorrect casing. Use PascalCase for React components, or lowercase for HTML elements.
    at meshStandardMaterial
    at mesh
    at group
    at group
    at group
    at Sky (E:\project\Anima-Engine\src\components\Landscape\Sky.tsx:50:16)
    at div
    at Canvas (E:\project\Anima-Engine\tests\frontend\landscape_showcase_adversarial.test.tsx:5:16)
    at div
    at LandscapeShowcase (E:\project\Anima-Engine\src\components\Landscape\LandscapeShowcase.tsx:28:55)
Warning: <boxGeometry /> is using incorrect casing. Use PascalCase for React components, or lowercase for HTML elements.
    at boxGeometry
    at mesh
    at group
    at group
    at group
    at Sky (E:\project\Anima-Engine\src\components\Landscape\Sky.tsx:50:16)
    at div
    at Canvas (E:\project\Anima-Engine\tests\frontend\landscape_showcase_adversarial.test.tsx:5:16)
    at div
    at LandscapeShowcase (E:\project\Anima-Engine\src\components\Landscape\LandscapeShowcase.tsx:28:55)
Warning: <meshStandardMaterial /> is using incorrect casing. Use PascalCase for React components, or lowercase for HTML elements.
    at meshStandardMaterial
    at mesh
    at group
    at group
    at group
    at Sky (E:\project\Anima-Engine\src\components\Landscape\Sky.tsx:50:16)
    at div
    at Canvas (E:\project\Anima-Engine\tests\frontend\landscape_showcase_adversarial.test.tsx:5:16)
    at div
    at LandscapeShowcase (E:\project\Anima-Engine\src\components\Landscape\LandscapeShowcase.tsx:28:55)
Warning: <boxGeometry /> is using incorrect casing. Use PascalCase for React components, or lowercase for HTML elements.
    at boxGeometry
    at mesh
    at group
    at group
    at group
    at Sky (E:\project\Anima-Engine\src\components\Landscape\Sky.tsx:50:16)
    at div
    at Canvas (E:\project\Anima-Engine\tests\frontend\landscape_showcase_adversarial.test.tsx:5:16)
    at div
    at LandscapeShowcase (E:\project\Anima-Engine\src\components\Landscape\LandscapeShowcase.tsx:28:55)
Warning: <meshStandardMaterial /> is using incorrect casing. Use PascalCase for React components, or lowercase for HTML elements.
    at meshStandardMaterial
    at mesh
    at group
    at group
    at group
    at Sky (E:\project\Anima-Engine\src\components\Landscape\Sky.tsx:50:16)
    at div
    at Canvas (E:\project\Anima-Engine\tests\frontend\landscape_showcase_adversarial.test.tsx:5:16)
    at div
    at LandscapeShowcase (E:\project\Anima-Engine\src\components\Landscape\LandscapeShowcase.tsx:28:55)
Warning: <boxGeometry /> is using incorrect casing. Use PascalCase for React components, or lowercase for HTML elements.
    at boxGeometry
    at mesh
    at group
    at group
    at group
    at Sky (E:\project\Anima-Engine\src\components\Landscape\Sky.tsx:50:16)
    at div
    at Canvas (E:\project\Anima-Engine\tests\frontend\landscape_showcase_adversarial.test.tsx:5:16)
    at div
    at LandscapeShowcase (E:\project\Anima-Engine\src\components\Landscape\LandscapeShowcase.tsx:28:55)
Warning: <meshStandardMaterial /> is using incorrect casing. Use PascalCase for React components, or lowercase for HTML elements.
    at meshStandardMaterial
    at mesh
    at group
    at group
    at group
    at Sky (E:\project\Anima-Engine\src\components\Landscape\Sky.tsx:50:16)
    at div
    at Canvas (E:\project\Anima-Engine\tests\frontend\landscape_showcase_adversarial.test.tsx:5:16)
    at div
    at LandscapeShowcase (E:\project\Anima-Engine\src\components\Landscape\LandscapeShowcase.tsx:28:55)
Warning: <boxGeometry /> is using incorrect casing. Use PascalCase for React components, or lowercase for HTML elements.
    at boxGeometry
    at mesh
    at group
    at group
    at group
    at Sky (E:\project\Anima-Engine\src\components\Landscape\Sky.tsx:50:16)
    at div
    at Canvas (E:\project\Anima-Engine\tests\frontend\landscape_showcase_adversarial.test.tsx:5:16)
    at div
    at LandscapeShowcase (E:\project\Anima-Engine\src\components\Landscape\LandscapeShowcase.tsx:28:55)
Warning: <meshStandardMaterial /> is using incorrect casing. Use PascalCase for React components, or lowercase for HTML elements.
    at meshStandardMaterial
    at mesh
    at group
    at group
    at group
    at Sky (E:\project\Anima-Engine\src\components\Landscape\Sky.tsx:50:16)
    at div
    at Canvas (E:\project\Anima-Engine\tests\frontend\landscape_showcase_adversarial.test.tsx:5:16)
    at div
    at LandscapeShowcase (E:\project\Anima-Engine\src\components\Landscape\LandscapeShowcase.tsx:28:55)
Warning: <boxGeometry /> is using incorrect casing. Use PascalCase for React components, or lowercase for HTML elements.
    at boxGeometry
    at mesh
    at group
    at group
    at group
    at Sky (E:\project\Anima-Engine\src\components\Landscape\Sky.tsx:50:16)
    at div
    at Canvas (E:\project\Anima-Engine\tests\frontend\landscape_showcase_adversarial.test.tsx:5:16)
    at div
    at LandscapeShowcase (E:\project\Anima-Engine\src\components\Landscape\LandscapeShowcase.tsx:28:55)
Warning: <meshStandardMaterial /> is using incorrect casing. Use PascalCase for React components, or lowercase for HTML elements.
    at meshStandardMaterial
    at mesh
    at group
    at group
    at group
    at Sky (E:\project\Anima-Engine\src\components\Landscape\Sky.tsx:50:16)
    at div
    at Canvas (E:\project\Anima-Engine\tests\frontend\landscape_showcase_adversarial.test.tsx:5:16)
    at div
    at LandscapeShowcase (E:\project\Anima-Engine\src\components\Landscape\LandscapeShowcase.tsx:28:55)
Warning: <boxGeometry /> is using incorrect casing. Use PascalCase for React components, or lowercase for HTML elements.
    at boxGeometry
    at mesh
    at group
    at group
    at group
    at Sky (E:\project\Anima-Engine\src\components\Landscape\Sky.tsx:50:16)
    at div
    at Canvas (E:\project\Anima-Engine\tests\frontend\landscape_showcase_adversarial.test.tsx:5:16)
    at div
    at LandscapeShowcase (E:\project\Anima-Engine\src\components\Landscape\LandscapeShowcase.tsx:28:55)
Warning: <meshStandardMaterial /> is using incorrect casing. Use PascalCase for React components, or lowercase for HTML elements.
    at meshStandardMaterial
    at mesh
    at group
    at group
    at group
    at Sky (E:\project\Anima-Engine\src\components\Landscape\Sky.tsx:50:16)
    at div
    at Canvas (E:\project\Anima-Engine\tests\frontend\landscape_showcase_adversarial.test.tsx:5:16)
    at div
    at LandscapeShowcase (E:\project\Anima-Engine\src\components\Landscape\LandscapeShowcase.tsx:28:55)
Warning: <boxGeometry /> is using incorrect casing. Use PascalCase for React components, or lowercase for HTML elements.
    at boxGeometry
    at mesh
    at group
    at group
    at group
    at Sky (E:\project\Anima-Engine\src\components\Landscape\Sky.tsx:50:16)
    at div
    at Canvas (E:\project\Anima-Engine\tests\frontend\landscape_showcase_adversarial.test.tsx:5:16)
    at div
    at LandscapeShowcase (E:\project\Anima-Engine\src\components\Landscape\LandscapeShowcase.tsx:28:55)
Warning: <meshStandardMaterial /> is using incorrect casing. Use PascalCase for React components, or lowercase for HTML elements.
    at meshStandardMaterial
    at mesh
    at group
    at group
    at group
    at Sky (E:\project\Anima-Engine\src\components\Landscape\Sky.tsx:50:16)
    at div
    at Canvas (E:\project\Anima-Engine\tests\frontend\landscape_showcase_adversarial.test.tsx:5:16)
    at div
    at LandscapeShowcase (E:\project\Anima-Engine\src\components\Landscape\LandscapeShowcase.tsx:28:55)
Warning: <boxGeometry /> is using incorrect casing. Use PascalCase for React components, or lowercase for HTML elements.
    at boxGeometry
    at mesh
    at group
    at group
    at group
    at Sky (E:\project\Anima-Engine\src\components\Landscape\Sky.tsx:50:16)
    at div
    at Canvas (E:\project\Anima-Engine\tests\frontend\landscape_showcase_adversarial.test.tsx:5:16)
    at div
    at LandscapeShowcase (E:\project\Anima-Engine\src\components\Landscape\LandscapeShowcase.tsx:28:55)
Warning: <meshStandardMaterial /> is using incorrect casing. Use PascalCase for React components, or lowercase for HTML elements.
    at meshStandardMaterial
    at mesh
    at group
    at group
    at group
    at Sky (E:\project\Anima-Engine\src\components\Landscape\Sky.tsx:50:16)
    at div
    at Canvas (E:\project\Anima-Engine\tests\frontend\landscape_showcase_adversarial.test.tsx:5:16)
    at div
    at LandscapeShowcase (E:\project\Anima-Engine\src\components\Landscape\LandscapeShowcase.tsx:28:55)
Warning: <boxGeometry /> is using incorrect casing. Use PascalCase for React components, or lowercase for HTML elements.
    at boxGeometry
    at mesh
    at group
    at group
    at group
    at Sky (E:\project\Anima-Engine\src\components\Landscape\Sky.tsx:50:16)
    at div
    at Canvas (E:\project\Anima-Engine\tests\frontend\landscape_showcase_adversarial.test.tsx:5:16)
    at div
    at LandscapeShowcase (E:\project\Anima-Engine\src\components\Landscape\LandscapeShowcase.tsx:28:55)
Warning: <meshStandardMaterial /> is using incorrect casing. Use PascalCase for React components, or lowercase for HTML elements.
    at meshStandardMaterial
    at mesh
    at group
    at group
    at group
    at Sky (E:\project\Anima-Engine\src\components\Landscape\Sky.tsx:50:16)
    at div
    at Canvas (E:\project\Anima-Engine\tests\frontend\landscape_showcase_adversarial.test.tsx:5:16)
    at div
    at LandscapeShowcase (E:\project\Anima-Engine\src\components\Landscape\LandscapeShowcase.tsx:28:55)
Warning: <boxGeometry /> is using incorrect casing. Use PascalCase for React components, or lowercase for HTML elements.
    at boxGeometry
    at mesh
    at group
    at group
    at group
    at Sky (E:\project\Anima-Engine\src\components\Landscape\Sky.tsx:50:16)
    at div
    at Canvas (E:\project\Anima-Engine\tests\frontend\landscape_showcase_adversarial.test.tsx:5:16)
    at div
    at LandscapeShowcase (E:\project\Anima-Engine\src\components\Landscape\LandscapeShowcase.tsx:28:55)
Warning: <meshStandardMaterial /> is using incorrect casing. Use PascalCase for React components, or lowercase for HTML elements.
    at meshStandardMaterial
    at mesh
    at group
    at group
    at group
    at Sky (E:\project\Anima-Engine\src\components\Landscape\Sky.tsx:50:16)
    at div
    at Canvas (E:\project\Anima-Engine\tests\frontend\landscape_showcase_adversarial.test.tsx:5:16)
    at div
    at LandscapeShowcase (E:\project\Anima-Engine\src\components\Landscape\LandscapeShowcase.tsx:28:55)
Warning: <boxGeometry /> is using incorrect casing. Use PascalCase for React components, or lowercase for HTML elements.
    at boxGeometry
    at mesh
    at group
    at group
    at group
    at Sky (E:\project\Anima-Engine\src\components\Landscape\Sky.tsx:50:16)
    at div
    at Canvas (E:\project\Anima-Engine\tests\frontend\landscape_showcase_adversarial.test.tsx:5:16)
    at div
    at LandscapeShowcase (E:\project\Anima-Engine\src\components\Landscape\LandscapeShowcase.tsx:28:55)
Warning: <meshStandardMaterial /> is using incorrect casing. Use PascalCase for React components, or lowercase for HTML elements.
    at meshStandardMaterial
    at mesh
    at group
    at group
    at group
    at Sky (E:\project\Anima-Engine\src\components\Landscape\Sky.tsx:50:16)
    at div
    at Canvas (E:\project\Anima-Engine\tests\frontend\landscape_showcase_adversarial.test.tsx:5:16)
    at div
    at LandscapeShowcase (E:\project\Anima-Engine\src\components\Landscape\LandscapeShowcase.tsx:28:55)
Warning: <boxGeometry /> is using incorrect casing. Use PascalCase for React components, or lowercase for HTML elements.
    at boxGeometry
    at mesh
    at group
    at group
    at group
    at Sky (E:\project\Anima-Engine\src\components\Landscape\Sky.tsx:50:16)
    at div
    at Canvas (E:\project\Anima-Engine\tests\frontend\landscape_showcase_adversarial.test.tsx:5:16)
    at div
    at LandscapeShowcase (E:\project\Anima-Engine\src\components\Landscape\LandscapeShowcase.tsx:28:55)
Warning: <meshStandardMaterial /> is using incorrect casing. Use PascalCase for React components, or lowercase for HTML elements.
    at meshStandardMaterial
    at mesh
    at group
    at group
    at group
    at Sky (E:\project\Anima-Engine\src\components\Landscape\Sky.tsx:50:16)
    at div
    at Canvas (E:\project\Anima-Engine\tests\frontend\landscape_showcase_adversarial.test.tsx:5:16)
    at div
    at LandscapeShowcase (E:\project\Anima-Engine\src\components\Landscape\LandscapeShowcase.tsx:28:55)
Warning: <boxGeometry /> is using incorrect casing. Use PascalCase for React components, or lowercase for HTML elements.
    at boxGeometry
    at mesh
    at group
    at group
    at group
    at Sky (E:\project\Anima-Engine\src\components\Landscape\Sky.tsx:50:16)
    at div
    at Canvas (E:\project\Anima-Engine\tests\frontend\landscape_showcase_adversarial.test.tsx:5:16)
    at div
    at LandscapeShowcase (E:\project\Anima-Engine\src\components\Landscape\LandscapeShowcase.tsx:28:55)
Warning: <meshStandardMaterial /> is using incorrect casing. Use PascalCase for React components, or lowercase for HTML elements.
    at meshStandardMaterial
    at mesh
    at group
    at group
    at group
    at Sky (E:\project\Anima-Engine\src\components\Landscape\Sky.tsx:50:16)
    at div
    at Canvas (E:\project\Anima-Engine\tests\frontend\landscape_showcase_adversarial.test.tsx:5:16)
    at div
    at LandscapeShowcase (E:\project\Anima-Engine\src\components\Landscape\LandscapeShowcase.tsx:28:55)
Warning: <boxGeometry /> is using incorrect casing. Use PascalCase for React components, or lowercase for HTML elements.
    at boxGeometry
    at mesh
    at group
    at group
    at group
    at Sky (E:\project\Anima-Engine\src\components\Landscape\Sky.tsx:50:16)
    at div
    at Canvas (E:\project\Anima-Engine\tests\frontend\landscape_showcase_adversarial.test.tsx:5:16)
    at div
    at LandscapeShowcase (E:\project\Anima-Engine\src\components\Landscape\LandscapeShowcase.tsx:28:55)
Warning: <meshStandardMaterial /> is using incorrect casing. Use PascalCase for React components, or lowercase for HTML elements.
    at meshStandardMaterial
    at mesh
    at group
    at group
    at group
    at Sky (E:\project\Anima-Engine\src\components\Landscape\Sky.tsx:50:16)
    at div
    at Canvas (E:\project\Anima-Engine\tests\frontend\landscape_showcase_adversarial.test.tsx:5:16)
    at div
    at LandscapeShowcase (E:\project\Anima-Engine\src\components\Landscape\LandscapeShowcase.tsx:28:55)
Warning: <boxGeometry /> is using incorrect casing. Use PascalCase for React components, or lowercase for HTML elements.
    at boxGeometry
    at mesh
    at group
    at group
    at group
    at Sky (E:\project\Anima-Engine\src\components\Landscape\Sky.tsx:50:16)
    at div
    at Canvas (E:\project\Anima-Engine\tests\frontend\landscape_showcase_adversarial.test.tsx:5:16)
    at div
    at LandscapeShowcase (E:\project\Anima-Engine\src\components\Landscape\LandscapeShowcase.tsx:28:55)
Warning: <meshStandardMaterial /> is using incorrect casing. Use PascalCase for React components, or lowercase for HTML elements.
    at meshStandardMaterial
    at mesh
    at group
    at group
    at group
    at Sky (E:\project\Anima-Engine\src\components\Landscape\Sky.tsx:50:16)
    at div
    at Canvas (E:\project\Anima-Engine\tests\frontend\landscape_showcase_adversarial.test.tsx:5:16)
    at div
    at LandscapeShowcase (E:\project\Anima-Engine\src\components\Landscape\LandscapeShowcase.tsx:28:55)
Warning: <boxGeometry /> is using incorrect casing. Use PascalCase for React components, or lowercase for HTML elements.
    at boxGeometry
    at mesh
    at group
    at group
    at group
    at Sky (E:\project\Anima-Engine\src\components\Landscape\Sky.tsx:50:16)
    at div
    at Canvas (E:\project\Anima-Engine\tests\frontend\landscape_showcase_adversarial.test.tsx:5:16)
    at div
    at LandscapeShowcase (E:\project\Anima-Engine\src\components\Landscape\LandscapeShowcase.tsx:28:55)
Warning: <meshStandardMaterial /> is using incorrect casing. Use PascalCase for React components, or lowercase for HTML elements.
    at meshStandardMaterial
    at mesh
    at group
    at group
    at group
    at Sky (E:\project\Anima-Engine\src\components\Landscape\Sky.tsx:50:16)
    at div
    at Canvas (E:\project\Anima-Engine\tests\frontend\landscape_showcase_adversarial.test.tsx:5:16)
    at div
    at LandscapeShowcase (E:\project\Anima-Engine\src\components\Landscape\LandscapeShowcase.tsx:28:55)
Warning: <boxGeometry /> is using incorrect casing. Use PascalCase for React components, or lowercase for HTML elements.
    at boxGeometry
    at mesh
    at group
    at group
    at group
    at Sky (E:\project\Anima-Engine\src\components\Landscape\Sky.tsx:50:16)
    at div
    at Canvas (E:\project\Anima-Engine\tests\frontend\landscape_showcase_adversarial.test.tsx:5:16)
    at div
    at LandscapeShowcase (E:\project\Anima-Engine\src\components\Landscape\LandscapeShowcase.tsx:28:55)
Warning: <meshStandardMaterial /> is using incorrect casing. Use PascalCase for React components, or lowercase for HTML elements.
    at meshStandardMaterial
    at mesh
    at group
    at group
    at group
    at Sky (E:\project\Anima-Engine\src\components\Landscape\Sky.tsx:50:16)
    at div
    at Canvas (E:\project\Anima-Engine\tests\frontend\landscape_showcase_adversarial.test.tsx:5:16)
    at div
    at LandscapeShowcase (E:\project\Anima-Engine\src\components\Landscape\LandscapeShowcase.tsx:28:55)
Warning: <bufferGeometry /> is using incorrect casing. Use PascalCase for React components, or lowercase for HTML elements.
    at bufferGeometry
    at mesh
    at lod
    at Terrain (E:\project\Anima-Engine\src\components\Landscape\Terrain.tsx:26:20)
    at div
    at Canvas (E:\project\Anima-Engine\tests\frontend\landscape_showcase_adversarial.test.tsx:5:16)
    at div
    at LandscapeShowcase (E:\project\Anima-Engine\src\components\Landscape\LandscapeShowcase.tsx:28:55)
Warning: <meshStandardMaterial /> is using incorrect casing. Use PascalCase for React components, or lowercase for HTML elements.
    at meshStandardMaterial
    at mesh
    at lod
    at Terrain (E:\project\Anima-Engine\src\components\Landscape\Terrain.tsx:26:20)
    at div
    at Canvas (E:\project\Anima-Engine\tests\frontend\landscape_showcase_adversarial.test.tsx:5:16)
    at div
    at LandscapeShowcase (E:\project\Anima-Engine\src\components\Landscape\LandscapeShowcase.tsx:28:55)
Warning: <bufferGeometry /> is using incorrect casing. Use PascalCase for React components, or lowercase for HTML elements.
    at bufferGeometry
    at mesh
    at lod
    at Terrain (E:\project\Anima-Engine\src\components\Landscape\Terrain.tsx:26:20)
    at div
    at Canvas (E:\project\Anima-Engine\tests\frontend\landscape_showcase_adversarial.test.tsx:5:16)
    at div
    at LandscapeShowcase (E:\project\Anima-Engine\src\components\Landscape\LandscapeShowcase.tsx:28:55)
Warning: <meshStandardMaterial /> is using incorrect casing. Use PascalCase for React components, or lowercase for HTML elements.
    at meshStandardMaterial
    at mesh
    at lod
    at Terrain (E:\project\Anima-Engine\src\components\Landscape\Terrain.tsx:26:20)
    at div
    at Canvas (E:\project\Anima-Engine\tests\frontend\landscape_showcase_adversarial.test.tsx:5:16)
    at div
    at LandscapeShowcase (E:\project\Anima-Engine\src\components\Landscape\LandscapeShowcase.tsx:28:55)
Warning: <bufferGeometry /> is using incorrect casing. Use PascalCase for React components, or lowercase for HTML elements.
    at bufferGeometry
    at mesh
    at lod
    at Terrain (E:\project\Anima-Engine\src\components\Landscape\Terrain.tsx:26:20)
    at div
    at Canvas (E:\project\Anima-Engine\tests\frontend\landscape_showcase_adversarial.test.tsx:5:16)
    at div
    at LandscapeShowcase (E:\project\Anima-Engine\src\components\Landscape\LandscapeShowcase.tsx:28:55)
Warning: <meshStandardMaterial /> is using incorrect casing. Use PascalCase for React components, or lowercase for HTML elements.
    at meshStandardMaterial
    at mesh
    at lod
    at Terrain (E:\project\Anima-Engine\src\components\Landscape\Terrain.tsx:26:20)
    at div
    at Canvas (E:\project\Anima-Engine\tests\frontend\landscape_showcase_adversarial.test.tsx:5:16)
    at div
    at LandscapeShowcase (E:\project\Anima-Engine\src\components\Landscape\LandscapeShowcase.tsx:28:55)
Warning: <shaderMaterial /> is using incorrect casing. Use PascalCase for React components, or lowercase for HTML elements.
    at shaderMaterial
    at mesh
    at group
    at Water (E:\project\Anima-Engine\src\components\Landscape\Water.tsx:87:3)
    at div
    at Canvas (E:\project\Anima-Engine\tests\frontend\landscape_showcase_adversarial.test.tsx:5:16)
    at div
    at LandscapeShowcase (E:\project\Anima-Engine\src\components\Landscape\LandscapeShowcase.tsx:28:55)
Warning: <bufferAttribute /> is using incorrect casing. Use PascalCase for React components, or lowercase for HTML elements.
    at bufferAttribute
    at bufferGeometry
    at points
    at group
    at Water (E:\project\Anima-Engine\src\components\Landscape\Water.tsx:87:3)
    at div
    at Canvas (E:\project\Anima-Engine\tests\frontend\landscape_showcase_adversarial.test.tsx:5:16)
    at div
    at LandscapeShowcase (E:\project\Anima-Engine\src\components\Landscape\LandscapeShowcase.tsx:28:55)
Warning: <bufferGeometry /> is using incorrect casing. Use PascalCase for React components, or lowercase for HTML elements.
    at bufferGeometry
    at points
    at group
    at Water (E:\project\Anima-Engine\src\components\Landscape\Water.tsx:87:3)
    at div
    at Canvas (E:\project\Anima-Engine\tests\frontend\landscape_showcase_adversarial.test.tsx:5:16)
    at div
    at LandscapeShowcase (E:\project\Anima-Engine\src\components\Landscape\LandscapeShowcase.tsx:28:55)
Warning: <pointsMaterial /> is using incorrect casing. Use PascalCase for React components, or lowercase for HTML elements.
    at pointsMaterial
    at points
    at group
    at Water (E:\project\Anima-Engine\src\components\Landscape\Water.tsx:87:3)
    at div
    at Canvas (E:\project\Anima-Engine\tests\frontend\landscape_showcase_adversarial.test.tsx:5:16)
    at div
    at LandscapeShowcase (E:\project\Anima-Engine\src\components\Landscape\LandscapeShowcase.tsx:28:55)
Warning: <instancedMesh /> is using incorrect casing. Use PascalCase for React components, or lowercase for HTML elements.
    at instancedMesh
    at group
    at Vegetation (E:\project\Anima-Engine\src\components\Landscape\Vegetation.tsx:58:3)
    at div
    at Canvas (E:\project\Anima-Engine\tests\frontend\landscape_showcase_adversarial.test.tsx:5:16)
    at div
    at LandscapeShowcase (E:\project\Anima-Engine\src\components\Landscape\LandscapeShowcase.tsx:28:55)
Warning: <instancedMesh /> is using incorrect casing. Use PascalCase for React components, or lowercase for HTML elements.
    at instancedMesh
    at group
    at Vegetation (E:\project\Anima-Engine\src\components\Landscape\Vegetation.tsx:58:3)
    at div
    at Canvas (E:\project\Anima-Engine\tests\frontend\landscape_showcase_adversarial.test.tsx:5:16)
    at div
    at LandscapeShowcase (E:\project\Anima-Engine\src\components\Landscape\LandscapeShowcase.tsx:28:55)
Warning: <instancedMesh /> is using incorrect casing. Use PascalCase for React components, or lowercase for HTML elements.
    at instancedMesh
    at group
    at Vegetation (E:\project\Anima-Engine\src\components\Landscape\Vegetation.tsx:58:3)
    at div
    at Canvas (E:\project\Anima-Engine\tests\frontend\landscape_showcase_adversarial.test.tsx:5:16)
    at div
    at LandscapeShowcase (E:\project\Anima-Engine\src\components\Landscape\LandscapeShowcase.tsx:28:55)
Warning: <instancedMesh /> is using incorrect casing. Use PascalCase for React components, or lowercase for HTML elements.
    at instancedMesh
    at group
    at Vegetation (E:\project\Anima-Engine\src\components\Landscape\Vegetation.tsx:58:3)
    at div
    at Canvas (E:\project\Anima-Engine\tests\frontend\landscape_showcase_adversarial.test.tsx:5:16)
    at div
    at LandscapeShowcase (E:\project\Anima-Engine\src\components\Landscape\LandscapeShowcase.tsx:28:55)
Warning: <instancedMesh /> is using incorrect casing. Use PascalCase for React components, or lowercase for HTML elements.
    at instancedMesh
    at group
    at Vegetation (E:\project\Anima-Engine\src\components\Landscape\Vegetation.tsx:58:3)
    at div
    at Canvas (E:\project\Anima-Engine\tests\frontend\landscape_showcase_adversarial.test.tsx:5:16)
    at div
    at LandscapeShowcase (E:\project\Anima-Engine\src\components\Landscape\LandscapeShowcase.tsx:28:55)
Warning: <fogExp2 /> is using incorrect casing. Use PascalCase for React components, or lowercase for HTML elements.
    at fogExp2
    at group
    at Weather (E:\project\Anima-Engine\src\components\Landscape\Weather.tsx:10:3)
    at div
    at Canvas (E:\project\Anima-Engine\tests\frontend\landscape_showcase_adversarial.test.tsx:5:16)
    at div
    at LandscapeShowcase (E:\project\Anima-Engine\src\components\Landscape\LandscapeShowcase.tsx:28:55)
Warning: <sphereGeometry /> is using incorrect casing. Use PascalCase for React components, or lowercase for HTML elements.
    at sphereGeometry
    at mesh
    at group
    at PositionalAudio (E:\project\Anima-Engine\src\components\Landscape\PositionalAudio.tsx:10:3)
    at div
    at Canvas (E:\project\Anima-Engine\tests\frontend\landscape_showcase_adversarial.test.tsx:5:16)
    at div
    at LandscapeShowcase (E:\project\Anima-Engine\src\components\Landscape\LandscapeShowcase.tsx:28:55)
Warning: <meshBasicMaterial /> is using incorrect casing. Use PascalCase for React components, or lowercase for HTML elements.
    at meshBasicMaterial
    at mesh
    at group
    at PositionalAudio (E:\project\Anima-Engine\src\components\Landscape\PositionalAudio.tsx:10:3)
    at div
    at Canvas (E:\project\Anima-Engine\tests\frontend\landscape_showcase_adversarial.test.tsx:5:16)
    at div
    at LandscapeShowcase (E:\project\Anima-Engine\src\components\Landscape\LandscapeShowcase.tsx:28:55)
Warning: <sphereGeometry /> is using incorrect casing. Use PascalCase for React components, or lowercase for HTML elements.
    at sphereGeometry
    at mesh
    at group
    at PositionalAudio (E:\project\Anima-Engine\src\components\Landscape\PositionalAudio.tsx:10:3)
    at div
    at Canvas (E:\project\Anima-Engine\tests\frontend\landscape_showcase_adversarial.test.tsx:5:16)
    at div
    at LandscapeShowcase (E:\project\Anima-Engine\src\components\Landscape\LandscapeShowcase.tsx:28:55)
Warning: <meshBasicMaterial /> is using incorrect casing. Use PascalCase for React components, or lowercase for HTML elements.
    at meshBasicMaterial
    at mesh
    at group
    at PositionalAudio (E:\project\Anima-Engine\src\components\Landscape\PositionalAudio.tsx:10:3)
    at div
    at Canvas (E:\project\Anima-Engine\tests\frontend\landscape_showcase_adversarial.test.tsx:5:16)
    at div
    at LandscapeShowcase (E:\project\Anima-Engine\src\components\Landscape\LandscapeShowcase.tsx:28:55)
Warning: <orbitControls /> is using incorrect casing. Use PascalCase for React components, or lowercase for HTML elements.
    at orbitControls
    at CameraControls (E:\project\Anima-Engine\src\components\Landscape\CameraControls.tsx:15:3)
    at div
    at Canvas (E:\project\Anima-Engine\tests\frontend\landscape_showcase_adversarial.test.tsx:5:16)
    at div
    at LandscapeShowcase (E:\project\Anima-Engine\src\components\Landscape\LandscapeShowcase.tsx:28:55)
Warning: <object3D /> is using incorrect casing. Use PascalCase for React components, or lowercase for HTML elements.
    at object3D
    at CameraControls (E:\project\Anima-Engine\src\components\Landscape\CameraControls.tsx:15:3)
    at div
    at Canvas (E:\project\Anima-Engine\tests\frontend\landscape_showcase_adversarial.test.tsx:5:16)
    at div
    at LandscapeShowcase (E:\project\Anima-Engine\src\components\Landscape\LandscapeShowcase.tsx:28:55)

[90mstderr[2m | frontend/landscape_showcase.test.tsx[2m > [22m[2mLandscape Showcase Test Suite (93 Tests)[2m > [22m[2mTier 1: Feature Coverage (40 tests)[2m > [22m[2mF8: App Integration[2m > [22m[2mF8.3: UI event handler[22m[39m
Warning: <sphereGeometry /> is using incorrect casing. Use PascalCase for React components, or lowercase for HTML elements.
    at sphereGeometry
    at mesh
    at group
    at Sky (E:\project\Anima-Engine\src\components\Landscape\Sky.tsx:50:16)
    at div
    at Canvas (E:\project\Anima-Engine\tests\frontend\landscape_showcase.test.tsx:4:16)
    at div
    at LandscapeShowcase (E:\project\Anima-Engine\src\components\Landscape\LandscapeShowcase.tsx:28:55)
Warning: <meshBasicMaterial /> is using incorrect casing. Use PascalCase for React components, or lowercase for HTML elements.
    at meshBasicMaterial
    at mesh
    at group
    at Sky (E:\project\Anima-Engine\src\components\Landscape\Sky.tsx:50:16)
    at div
    at Canvas (E:\project\Anima-Engine\tests\frontend\landscape_showcase.test.tsx:4:16)
    at div
    at LandscapeShowcase (E:\project\Anima-Engine\src\components\Landscape\LandscapeShowcase.tsx:28:55)
Warning: <directionalLight /> is using incorrect casing. Use PascalCase for React components, or lowercase for HTML elements.
    at directionalLight
    at group
    at Sky (E:\project\Anima-Engine\src\components\Landscape\Sky.tsx:50:16)
    at div
    at Canvas (E:\project\Anima-Engine\tests\frontend\landscape_showcase.test.tsx:4:16)
    at div
    at LandscapeShowcase (E:\project\Anima-Engine\src\components\Landscape\LandscapeShowcase.tsx:28:55)
Warning: <hemisphereLight /> is using incorrect casing. Use PascalCase for React components, or lowercase for HTML elements.
    at hemisphereLight
    at group
    at Sky (E:\project\Anima-Engine\src\components\Landscape\Sky.tsx:50:16)
    at div
    at Canvas (E:\project\Anima-Engine\tests\frontend\landscape_showcase.test.tsx:4:16)
    at div
    at LandscapeShowcase (E:\project\Anima-Engine\src\components\Landscape\LandscapeShowcase.tsx:28:55)
Warning: <ambientLight /> is using incorrect casing. Use PascalCase for React components, or lowercase for HTML elements.
    at ambientLight
    at group
    at Sky (E:\project\Anima-Engine\src\components\Landscape\Sky.tsx:50:16)
    at div
    at Canvas (E:\project\Anima-Engine\tests\frontend\landscape_showcase.test.tsx:4:16)
    at div
    at LandscapeShowcase (E:\project\Anima-Engine\src\components\Landscape\LandscapeShowcase.tsx:28:55)
Warning: <boxGeometry /> is using incorrect casing. Use PascalCase for React components, or lowercase for HTML elements.
    at boxGeometry
    at mesh
    at group
    at group
    at group
    at Sky (E:\project\Anima-Engine\src\components\Landscape\Sky.tsx:50:16)
    at div
    at Canvas (E:\project\Anima-Engine\tests\frontend\landscape_showcase.test.tsx:4:16)
    at div
    at LandscapeShowcase (E:\project\Anima-Engine\src\components\Landscape\LandscapeShowcase.tsx:28:55)
Warning: <meshStandardMaterial /> is using incorrect casing. Use PascalCase for React components, or lowercase for HTML elements.
    at meshStandardMaterial
    at mesh
    at group
    at group
    at group
    at Sky (E:\project\Anima-Engine\src\components\Landscape\Sky.tsx:50:16)
    at div
    at Canvas (E:\project\Anima-Engine\tests\frontend\landscape_showcase.test.tsx:4:16)
    at div
    at LandscapeShowcase (E:\project\Anima-Engine\src\components\Landscape\LandscapeShowcase.tsx:28:55)
Warning: <boxGeometry /> is using incorrect casing. Use PascalCase for React components, or lowercase for HTML elements.
    at boxGeometry
    at mesh
    at group
    at group
    at group
    at Sky (E:\project\Anima-Engine\src\components\Landscape\Sky.tsx:50:16)
    at div
    at Canvas (E:\project\Anima-Engine\tests\frontend\landscape_showcase.test.tsx:4:16)
    at div
    at LandscapeShowcase (E:\project\Anima-Engine\src\components\Landscape\LandscapeShowcase.tsx:28:55)
Warning: <meshStandardMaterial /> is using incorrect casing. Use PascalCase for React components, or lowercase for HTML elements.
    at meshStandardMaterial
    at mesh
    at group
    at group
    at group
    at Sky (E:\project\Anima-Engine\src\components\Landscape\Sky.tsx:50:16)
    at div
    at Canvas (E:\project\Anima-Engine\tests\frontend\landscape_showcase.test.tsx:4:16)
    at div
    at LandscapeShowcase (E:\project\Anima-Engine\src\components\Landscape\LandscapeShowcase.tsx:28:55)
Warning: <boxGeometry /> is using incorrect casing. Use PascalCase for React components, or lowercase for HTML elements.
    at boxGeometry
    at mesh
    at group
    at group
    at group
    at Sky (E:\project\Anima-Engine\src\components\Landscape\Sky.tsx:50:16)
    at div
    at Canvas (E:\project\Anima-Engine\tests\frontend\landscape_showcase.test.tsx:4:16)
    at div
    at LandscapeShowcase (E:\project\Anima-Engine\src\components\Landscape\LandscapeShowcase.tsx:28:55)
Warning: <meshStandardMaterial /> is using incorrect casing. Use PascalCase for React components, or lowercase for HTML elements.
    at meshStandardMaterial
    at mesh
    at group
    at group
    at group
    at Sky (E:\project\Anima-Engine\src\components\Landscape\Sky.tsx:50:16)
    at div
    at Canvas (E:\project\Anima-Engine\tests\frontend\landscape_showcase.test.tsx:4:16)
    at div
    at LandscapeShowcase (E:\project\Anima-Engine\src\components\Landscape\LandscapeShowcase.tsx:28:55)
Warning: <boxGeometry /> is using incorrect casing. Use PascalCase for React components, or lowercase for HTML elements.
    at boxGeometry
    at mesh
    at group
    at group
    at group
    at Sky (E:\project\Anima-Engine\src\components\Landscape\Sky.tsx:50:16)
    at div
    at Canvas (E:\project\Anima-Engine\tests\frontend\landscape_showcase.test.tsx:4:16)
    at div
    at LandscapeShowcase (E:\project\Anima-Engine\src\components\Landscape\LandscapeShowcase.tsx:28:55)
Warning: <meshStandardMaterial /> is using incorrect casing. Use PascalCase for React components, or lowercase for HTML elements.
    at meshStandardMaterial
    at mesh
    at group
    at group
    at group
    at Sky (E:\project\Anima-Engine\src\components\Landscape\Sky.tsx:50:16)
    at div
    at Canvas (E:\project\Anima-Engine\tests\frontend\landscape_showcase.test.tsx:4:16)
    at div
    at LandscapeShowcase (E:\project\Anima-Engine\src\components\Landscape\LandscapeShowcase.tsx:28:55)
Warning: <boxGeometry /> is using incorrect casing. Use PascalCase for React components, or lowercase for HTML elements.
    at boxGeometry
    at mesh
    at group
    at group
    at group
    at Sky (E:\project\Anima-Engine\src\components\Landscape\Sky.tsx:50:16)
    at div
    at Canvas (E:\project\Anima-Engine\tests\frontend\landscape_showcase.test.tsx:4:16)
    at div
    at LandscapeShowcase (E:\project\Anima-Engine\src\components\Landscape\LandscapeShowcase.tsx:28:55)
Warning: <meshStandardMaterial /> is using incorrect casing. Use PascalCase for React components, or lowercase for HTML elements.
    at meshStandardMaterial
    at mesh
    at group
    at group
    at group
    at Sky (E:\project\Anima-Engine\src\components\Landscape\Sky.tsx:50:16)
    at div
    at Canvas (E:\project\Anima-Engine\tests\frontend\landscape_showcase.test.tsx:4:16)
    at div
    at LandscapeShowcase (E:\project\Anima-Engine\src\components\Landscape\LandscapeShowcase.tsx:28:55)
Warning: <boxGeometry /> is using incorrect casing. Use PascalCase for React components, or lowercase for HTML elements.
    at boxGeometry
    at mesh
    at group
    at group
    at group
    at Sky (E:\project\Anima-Engine\src\components\Landscape\Sky.tsx:50:16)
    at div
    at Canvas (E:\project\Anima-Engine\tests\frontend\landscape_showcase.test.tsx:4:16)
    at div
    at LandscapeShowcase (E:\project\Anima-Engine\src\components\Landscape\LandscapeShowcase.tsx:28:55)
Warning: <meshStandardMaterial /> is using incorrect casing. Use PascalCase for React components, or lowercase for HTML elements.
    at meshStandardMaterial
    at mesh
    at group
    at group
    at group
    at Sky (E:\project\Anima-Engine\src\components\Landscape\Sky.tsx:50:16)
    at div
    at Canvas (E:\project\Anima-Engine\tests\frontend\landscape_showcase.test.tsx:4:16)
    at div
    at LandscapeShowcase (E:\project\Anima-Engine\src\components\Landscape\LandscapeShowcase.tsx:28:55)
Warning: <boxGeometry /> is using incorrect casing. Use PascalCase for React components, or lowercase for HTML elements.
    at boxGeometry
    at mesh
    at group
    at group
    at group
    at Sky (E:\project\Anima-Engine\src\components\Landscape\Sky.tsx:50:16)
    at div
    at Canvas (E:\project\Anima-Engine\tests\frontend\landscape_showcase.test.tsx:4:16)
    at div
    at LandscapeShowcase (E:\project\Anima-Engine\src\components\Landscape\LandscapeShowcase.tsx:28:55)
Warning: <meshStandardMaterial /> is using incorrect casing. Use PascalCase for React components, or lowercase for HTML elements.
    at meshStandardMaterial
    at mesh
    at group
    at group
    at group
    at Sky (E:\project\Anima-Engine\src\components\Landscape\Sky.tsx:50:16)
    at div
    at Canvas (E:\project\Anima-Engine\tests\frontend\landscape_showcase.test.tsx:4:16)
    at div
    at LandscapeShowcase (E:\project\Anima-Engine\src\components\Landscape\LandscapeShowcase.tsx:28:55)
Warning: <boxGeometry /> is using incorrect casing. Use PascalCase for React components, or lowercase for HTML elements.
    at boxGeometry
    at mesh
    at group
    at group
    at group
    at Sky (E:\project\Anima-Engine\src\components\Landscape\Sky.tsx:50:16)
    at div
    at Canvas (E:\project\Anima-Engine\tests\frontend\landscape_showcase.test.tsx:4:16)
    at div
    at LandscapeShowcase (E:\project\Anima-Engine\src\components\Landscape\LandscapeShowcase.tsx:28:55)
Warning: <meshStandardMaterial /> is using incorrect casing. Use PascalCase for React components, or lowercase for HTML elements.
    at meshStandardMaterial
    at mesh
    at group
    at group
    at group
    at Sky (E:\project\Anima-Engine\src\components\Landscape\Sky.tsx:50:16)
    at div
    at Canvas (E:\project\Anima-Engine\tests\frontend\landscape_showcase.test.tsx:4:16)
    at div
    at LandscapeShowcase (E:\project\Anima-Engine\src\components\Landscape\LandscapeShowcase.tsx:28:55)
Warning: <boxGeometry /> is using incorrect casing. Use PascalCase for React components, or lowercase for HTML elements.
    at boxGeometry
    at mesh
    at group
    at group
    at group
    at Sky (E:\project\Anima-Engine\src\components\Landscape\Sky.tsx:50:16)
    at div
    at Canvas (E:\project\Anima-Engine\tests\frontend\landscape_showcase.test.tsx:4:16)
    at div
    at LandscapeShowcase (E:\project\Anima-Engine\src\components\Landscape\LandscapeShowcase.tsx:28:55)
Warning: <meshStandardMaterial /> is using incorrect casing. Use PascalCase for React components, or lowercase for HTML elements.
    at meshStandardMaterial
    at mesh
    at group
    at group
    at group
    at Sky (E:\project\Anima-Engine\src\components\Landscape\Sky.tsx:50:16)
    at div
    at Canvas (E:\project\Anima-Engine\tests\frontend\landscape_showcase.test.tsx:4:16)
    at div
    at LandscapeShowcase (E:\project\Anima-Engine\src\components\Landscape\LandscapeShowcase.tsx:28:55)
Warning: <boxGeometry /> is using incorrect casing. Use PascalCase for React components, or lowercase for HTML elements.
    at boxGeometry
    at mesh
    at group
    at group
    at group
    at Sky (E:\project\Anima-Engine\src\components\Landscape\Sky.tsx:50:16)
    at div
    at Canvas (E:\project\Anima-Engine\tests\frontend\landscape_showcase.test.tsx:4:16)
    at div
    at LandscapeShowcase (E:\project\Anima-Engine\src\components\Landscape\LandscapeShowcase.tsx:28:55)
Warning: <meshStandardMaterial /> is using incorrect casing. Use PascalCase for React components, or lowercase for HTML elements.
    at meshStandardMaterial
    at mesh
    at group
    at group
    at group
    at Sky (E:\project\Anima-Engine\src\components\Landscape\Sky.tsx:50:16)
    at div
    at Canvas (E:\project\Anima-Engine\tests\frontend\landscape_showcase.test.tsx:4:16)
    at div
    at LandscapeShowcase (E:\project\Anima-Engine\src\components\Landscape\LandscapeShowcase.tsx:28:55)
Warning: <boxGeometry /> is using incorrect casing. Use PascalCase for React components, or lowercase for HTML elements.
    at boxGeometry
    at mesh
    at group
    at group
    at group
    at Sky (E:\project\Anima-Engine\src\components\Landscape\Sky.tsx:50:16)
    at div
    at Canvas (E:\project\Anima-Engine\tests\frontend\landscape_showcase.test.tsx:4:16)
    at div
    at LandscapeShowcase (E:\project\Anima-Engine\src\components\Landscape\LandscapeShowcase.tsx:28:55)
Warning: <meshStandardMaterial /> is using incorrect casing. Use PascalCase for React components, or lowercase for HTML elements.
    at meshStandardMaterial
    at mesh
    at group
    at group
    at group
    at Sky (E:\project\Anima-Engine\src\components\Landscape\Sky.tsx:50:16)
    at div
    at Canvas (E:\project\Anima-Engine\tests\frontend\landscape_showcase.test.tsx:4:16)
    at div
    at LandscapeShowcase (E:\project\Anima-Engine\src\components\Landscape\LandscapeShowcase.tsx:28:55)
Warning: <boxGeometry /> is using incorrect casing. Use PascalCase for React components, or lowercase for HTML elements.
    at boxGeometry
    at mesh
    at group
    at group
    at group
    at Sky (E:\project\Anima-Engine\src\components\Landscape\Sky.tsx:50:16)
    at div
    at Canvas (E:\project\Anima-Engine\tests\frontend\landscape_showcase.test.tsx:4:16)
    at div
    at LandscapeShowcase (E:\project\Anima-Engine\src\components\Landscape\LandscapeShowcase.tsx:28:55)
Warning: <meshStandardMaterial /> is using incorrect casing. Use PascalCase for React components, or lowercase for HTML elements.
    at meshStandardMaterial
    at mesh
    at group
    at group
    at group
    at Sky (E:\project\Anima-Engine\src\components\Landscape\Sky.tsx:50:16)
    at div
    at Canvas (E:\project\Anima-Engine\tests\frontend\landscape_showcase.test.tsx:4:16)
    at div
    at LandscapeShowcase (E:\project\Anima-Engine\src\components\Landscape\LandscapeShowcase.tsx:28:55)
Warning: <boxGeometry /> is using incorrect casing. Use PascalCase for React components, or lowercase for HTML elements.
    at boxGeometry
    at mesh
    at group
    at group
    at group
    at Sky (E:\project\Anima-Engine\src\components\Landscape\Sky.tsx:50:16)
    at div
    at Canvas (E:\project\Anima-Engine\tests\frontend\landscape_showcase.test.tsx:4:16)
    at div
    at LandscapeShowcase (E:\project\Anima-Engine\src\components\Landscape\LandscapeShowcase.tsx:28:55)
Warning: <meshStandardMaterial /> is using incorrect casing. Use PascalCase for React components, or lowercase for HTML elements.
    at meshStandardMaterial
    at mesh
    at group
    at group
    at group
    at Sky (E:\project\Anima-Engine\src\components\Landscape\Sky.tsx:50:16)
    at div
    at Canvas (E:\project\Anima-Engine\tests\frontend\landscape_showcase.test.tsx:4:16)
    at div
    at LandscapeShowcase (E:\project\Anima-Engine\src\components\Landscape\LandscapeShowcase.tsx:28:55)
Warning: <boxGeometry /> is using incorrect casing. Use PascalCase for React components, or lowercase for HTML elements.
    at boxGeometry
    at mesh
    at group
    at group
    at group
    at Sky (E:\project\Anima-Engine\src\components\Landscape\Sky.tsx:50:16)
    at div
    at Canvas (E:\project\Anima-Engine\tests\frontend\landscape_showcase.test.tsx:4:16)
    at div
    at LandscapeShowcase (E:\project\Anima-Engine\src\components\Landscape\LandscapeShowcase.tsx:28:55)
Warning: <meshStandardMaterial /> is using incorrect casing. Use PascalCase for React components, or lowercase for HTML elements.
    at meshStandardMaterial
    at mesh
    at group
    at group
    at group
    at Sky (E:\project\Anima-Engine\src\components\Landscape\Sky.tsx:50:16)
    at div
    at Canvas (E:\project\Anima-Engine\tests\frontend\landscape_showcase.test.tsx:4:16)
    at div
    at LandscapeShowcase (E:\project\Anima-Engine\src\components\Landscape\LandscapeShowcase.tsx:28:55)
Warning: <boxGeometry /> is using incorrect casing. Use PascalCase for React components, or lowercase for HTML elements.
    at boxGeometry
    at mesh
    at group
    at group
    at group
    at Sky (E:\project\Anima-Engine\src\components\Landscape\Sky.tsx:50:16)
    at div
    at Canvas (E:\project\Anima-Engine\tests\frontend\landscape_showcase.test.tsx:4:16)
    at div
    at LandscapeShowcase (E:\project\Anima-Engine\src\components\Landscape\LandscapeShowcase.tsx:28:55)
Warning: <meshStandardMaterial /> is using incorrect casing. Use PascalCase for React components, or lowercase for HTML elements.
    at meshStandardMaterial
    at mesh
    at group
    at group
    at group
    at Sky (E:\project\Anima-Engine\src\components\Landscape\Sky.tsx:50:16)
    at div
    at Canvas (E:\project\Anima-Engine\tests\frontend\landscape_showcase.test.tsx:4:16)
    at div
    at LandscapeShowcase (E:\project\Anima-Engine\src\components\Landscape\LandscapeShowcase.tsx:28:55)
Warning: <boxGeometry /> is using incorrect casing. Use PascalCase for React components, or lowercase for HTML elements.
    at boxGeometry
    at mesh
    at group
    at group
    at group
    at Sky (E:\project\Anima-Engine\src\components\Landscape\Sky.tsx:50:16)
    at div
    at Canvas (E:\project\Anima-Engine\tests\frontend\landscape_showcase.test.tsx:4:16)
    at div
    at LandscapeShowcase (E:\project\Anima-Engine\src\components\Landscape\LandscapeShowcase.tsx:28:55)
Warning: <meshStandardMaterial /> is using incorrect casing. Use PascalCase for React components, or lowercase for HTML elements.
    at meshStandardMaterial
    at mesh
    at group
    at group
    at group
    at Sky (E:\project\Anima-Engine\src\components\Landscape\Sky.tsx:50:16)
    at div
    at Canvas (E:\project\Anima-Engine\tests\frontend\landscape_showcase.test.tsx:4:16)
    at div
    at LandscapeShowcase (E:\project\Anima-Engine\src\components\Landscape\LandscapeShowcase.tsx:28:55)
Warning: <boxGeometry /> is using incorrect casing. Use PascalCase for React components, or lowercase for HTML elements.
    at boxGeometry
    at mesh
    at group
    at group
    at group
    at Sky (E:\project\Anima-Engine\src\components\Landscape\Sky.tsx:50:16)
    at div
    at Canvas (E:\project\Anima-Engine\tests\frontend\landscape_showcase.test.tsx:4:16)
    at div
    at LandscapeShowcase (E:\project\Anima-Engine\src\components\Landscape\LandscapeShowcase.tsx:28:55)
Warning: <meshStandardMaterial /> is using incorrect casing. Use PascalCase for React components, or lowercase for HTML elements.
    at meshStandardMaterial
    at mesh
    at group
    at group
    at group
    at Sky (E:\project\Anima-Engine\src\components\Landscape\Sky.tsx:50:16)
    at div
    at Canvas (E:\project\Anima-Engine\tests\frontend\landscape_showcase.test.tsx:4:16)
    at div
    at LandscapeShowcase (E:\project\Anima-Engine\src\components\Landscape\LandscapeShowcase.tsx:28:55)
Warning: <boxGeometry /> is using incorrect casing. Use PascalCase for React components, or lowercase for HTML elements.
    at boxGeometry
    at mesh
    at group
    at group
    at group
    at Sky (E:\project\Anima-Engine\src\components\Landscape\Sky.tsx:50:16)
    at div
    at Canvas (E:\project\Anima-Engine\tests\frontend\landscape_showcase.test.tsx:4:16)
    at div
    at LandscapeShowcase (E:\project\Anima-Engine\src\components\Landscape\LandscapeShowcase.tsx:28:55)
Warning: <meshStandardMaterial /> is using incorrect casing. Use PascalCase for React components, or lowercase for HTML elements.
    at meshStandardMaterial
    at mesh
    at group
    at group
    at group
    at Sky (E:\project\Anima-Engine\src\components\Landscape\Sky.tsx:50:16)
    at div
    at Canvas (E:\project\Anima-Engine\tests\frontend\landscape_showcase.test.tsx:4:16)
    at div
    at LandscapeShowcase (E:\project\Anima-Engine\src\components\Landscape\LandscapeShowcase.tsx:28:55)
Warning: <bufferGeometry /> is using incorrect casing. Use PascalCase for React components, or lowercase for HTML elements.
    at bufferGeometry
    at mesh
    at lod
    at Terrain (E:\project\Anima-Engine\src\components\Landscape\Terrain.tsx:26:20)
    at div
    at Canvas (E:\project\Anima-Engine\tests\frontend\landscape_showcase.test.tsx:4:16)
    at div
    at LandscapeShowcase (E:\project\Anima-Engine\src\components\Landscape\LandscapeShowcase.tsx:28:55)
Warning: <meshStandardMaterial /> is using incorrect casing. Use PascalCase for React components, or lowercase for HTML elements.
    at meshStandardMaterial
    at mesh
    at lod
    at Terrain (E:\project\Anima-Engine\src\components\Landscape\Terrain.tsx:26:20)
    at div
    at Canvas (E:\project\Anima-Engine\tests\frontend\landscape_showcase.test.tsx:4:16)
    at div
    at LandscapeShowcase (E:\project\Anima-Engine\src\components\Landscape\LandscapeShowcase.tsx:28:55)
Warning: <bufferGeometry /> is using incorrect casing. Use PascalCase for React components, or lowercase for HTML elements.
    at bufferGeometry
    at mesh
    at lod
    at Terrain (E:\project\Anima-Engine\src\components\Landscape\Terrain.tsx:26:20)
    at div
    at Canvas (E:\project\Anima-Engine\tests\frontend\landscape_showcase.test.tsx:4:16)
    at div
    at LandscapeShowcase (E:\project\Anima-Engine\src\components\Landscape\LandscapeShowcase.tsx:28:55)
Warning: <meshStandardMaterial /> is using incorrect casing. Use PascalCase for React components, or lowercase for HTML elements.
    at meshStandardMaterial
    at mesh
    at lod
    at Terrain (E:\project\Anima-Engine\src\components\Landscape\Terrain.tsx:26:20)
    at div
    at Canvas (E:\project\Anima-Engine\tests\frontend\landscape_showcase.test.tsx:4:16)
    at div
    at LandscapeShowcase (E:\project\Anima-Engine\src\components\Landscape\LandscapeShowcase.tsx:28:55)
Warning: <bufferGeometry /> is using incorrect casing. Use PascalCase for React components, or lowercase for HTML elements.
    at bufferGeometry
    at mesh
    at lod
    at Terrain (E:\project\Anima-Engine\src\components\Landscape\Terrain.tsx:26:20)
    at div
    at Canvas (E:\project\Anima-Engine\tests\frontend\landscape_showcase.test.tsx:4:16)
    at div
    at LandscapeShowcase (E:\project\Anima-Engine\src\components\Landscape\LandscapeShowcase.tsx:28:55)
Warning: <meshStandardMaterial /> is using incorrect casing. Use PascalCase for React components, or lowercase for HTML elements.
    at meshStandardMaterial
    at mesh
    at lod
    at Terrain (E:\project\Anima-Engine\src\components\Landscape\Terrain.tsx:26:20)
    at div
    at Canvas (E:\project\Anima-Engine\tests\frontend\landscape_showcase.test.tsx:4:16)
    at div
    at LandscapeShowcase (E:\project\Anima-Engine\src\components\Landscape\LandscapeShowcase.tsx:28:55)
Warning: <shaderMaterial /> is using incorrect casing. Use PascalCase for React components, or lowercase for HTML elements.
    at shaderMaterial
    at mesh
    at group
    at Water (E:\project\Anima-Engine\src\components\Landscape\Water.tsx:87:3)
    at div
    at Canvas (E:\project\Anima-Engine\tests\frontend\landscape_showcase.test.tsx:4:16)
    at div
    at LandscapeShowcase (E:\project\Anima-Engine\src\components\Landscape\LandscapeShowcase.tsx:28:55)
Warning: <bufferAttribute /> is using incorrect casing. Use PascalCase for React components, or lowercase for HTML elements.
    at bufferAttribute
    at bufferGeometry
    at points
    at group
    at Water (E:\project\Anima-Engine\src\components\Landscape\Water.tsx:87:3)
    at div
    at Canvas (E:\project\Anima-Engine\tests\frontend\landscape_showcase.test.tsx:4:16)
    at div
    at LandscapeShowcase (E:\project\Anima-Engine\src\components\Landscape\LandscapeShowcase.tsx:28:55)
Warning: <bufferGeometry /> is using incorrect casing. Use PascalCase for React components, or lowercase for HTML elements.
    at bufferGeometry
    at points
    at group
    at Water (E:\project\Anima-Engine\src\components\Landscape\Water.tsx:87:3)
    at div
    at Canvas (E:\project\Anima-Engine\tests\frontend\landscape_showcase.test.tsx:4:16)
    at div
    at LandscapeShowcase (E:\project\Anima-Engine\src\components\Landscape\LandscapeShowcase.tsx:28:55)
Warning: <pointsMaterial /> is using incorrect casing. Use PascalCase for React components, or lowercase for HTML elements.
    at pointsMaterial
    at points
    at group
    at Water (E:\project\Anima-Engine\src\components\Landscape\Water.tsx:87:3)
    at div
    at Canvas (E:\project\Anima-Engine\tests\frontend\landscape_showcase.test.tsx:4:16)
    at div
    at LandscapeShowcase (E:\project\Anima-Engine\src\components\Landscape\LandscapeShowcase.tsx:28:55)
Warning: <instancedMesh /> is using incorrect casing. Use PascalCase for React components, or lowercase for HTML elements.
    at instancedMesh
    at group
    at Vegetation (E:\project\Anima-Engine\src\components\Landscape\Vegetation.tsx:58:3)
    at div
    at Canvas (E:\project\Anima-Engine\tests\frontend\landscape_showcase.test.tsx:4:16)
    at div
    at LandscapeShowcase (E:\project\Anima-Engine\src\components\Landscape\LandscapeShowcase.tsx:28:55)
Warning: <instancedMesh /> is using incorrect casing. Use PascalCase for React components, or lowercase for HTML elements.
    at instancedMesh
    at group
    at Vegetation (E:\project\Anima-Engine\src\components\Landscape\Vegetation.tsx:58:3)
    at div
    at Canvas (E:\project\Anima-Engine\tests\frontend\landscape_showcase.test.tsx:4:16)
    at div
    at LandscapeShowcase (E:\project\Anima-Engine\src\components\Landscape\LandscapeShowcase.tsx:28:55)
Warning: <instancedMesh /> is using incorrect casing. Use PascalCase for React components, or lowercase for HTML elements.
    at instancedMesh
    at group
    at Vegetation (E:\project\Anima-Engine\src\components\Landscape\Vegetation.tsx:58:3)
    at div
    at Canvas (E:\project\Anima-Engine\tests\frontend\landscape_showcase.test.tsx:4:16)
    at div
    at LandscapeShowcase (E:\project\Anima-Engine\src\components\Landscape\LandscapeShowcase.tsx:28:55)
Warning: <instancedMesh /> is using incorrect casing. Use PascalCase for React components, or lowercase for HTML elements.
    at instancedMesh
    at group
    at Vegetation (E:\project\Anima-Engine\src\components\Landscape\Vegetation.tsx:58:3)
    at div
    at Canvas (E:\project\Anima-Engine\tests\frontend\landscape_showcase.test.tsx:4:16)
    at div
    at LandscapeShowcase (E:\project\Anima-Engine\src\components\Landscape\LandscapeShowcase.tsx:28:55)
Warning: <instancedMesh /> is using incorrect casing. Use PascalCase for React components, or lowercase for HTML elements.
    at instancedMesh
    at group
    at Vegetation (E:\project\Anima-Engine\src\components\Landscape\Vegetation.tsx:58:3)
    at div
    at Canvas (E:\project\Anima-Engine\tests\frontend\landscape_showcase.test.tsx:4:16)
    at div
    at LandscapeShowcase (E:\project\Anima-Engine\src\components\Landscape\LandscapeShowcase.tsx:28:55)
Warning: <fogExp2 /> is using incorrect casing. Use PascalCase for React components, or lowercase for HTML elements.
    at fogExp2
    at group
    at Weather (E:\project\Anima-Engine\src\components\Landscape\Weather.tsx:10:3)
    at div
    at Canvas (E:\project\Anima-Engine\tests\frontend\landscape_showcase.test.tsx:4:16)
    at div
    at LandscapeShowcase (E:\project\Anima-Engine\src\components\Landscape\LandscapeShowcase.tsx:28:55)
Warning: <sphereGeometry /> is using incorrect casing. Use PascalCase for React components, or lowercase for HTML elements.
    at sphereGeometry
    at mesh
    at group
    at PositionalAudio (E:\project\Anima-Engine\src\components\Landscape\PositionalAudio.tsx:10:3)
    at div
    at Canvas (E:\project\Anima-Engine\tests\frontend\landscape_showcase.test.tsx:4:16)
    at div
    at LandscapeShowcase (E:\project\Anima-Engine\src\components\Landscape\LandscapeShowcase.tsx:28:55)
Warning: <meshBasicMaterial /> is using incorrect casing. Use PascalCase for React components, or lowercase for HTML elements.
    at meshBasicMaterial
    at mesh
    at group
    at PositionalAudio (E:\project\Anima-Engine\src\components\Landscape\PositionalAudio.tsx:10:3)
    at div
    at Canvas (E:\project\Anima-Engine\tests\frontend\landscape_showcase.test.tsx:4:16)
    at div
    at LandscapeShowcase (E:\project\Anima-Engine\src\components\Landscape\LandscapeShowcase.tsx:28:55)
Warning: <sphereGeometry /> is using incorrect casing. Use PascalCase for React components, or lowercase for HTML elements.
    at sphereGeometry
    at mesh
    at group
    at PositionalAudio (E:\project\Anima-Engine\src\components\Landscape\PositionalAudio.tsx:10:3)
    at div
    at Canvas (E:\project\Anima-Engine\tests\frontend\landscape_showcase.test.tsx:4:16)
    at div
    at LandscapeShowcase (E:\project\Anima-Engine\src\components\Landscape\LandscapeShowcase.tsx:28:55)
Warning: <meshBasicMaterial /> is using incorrect casing. Use PascalCase for React components, or lowercase for HTML elements.
    at meshBasicMaterial
    at mesh
    at group
    at PositionalAudio (E:\project\Anima-Engine\src\components\Landscape\PositionalAudio.tsx:10:3)
    at div
    at Canvas (E:\project\Anima-Engine\tests\frontend\landscape_showcase.test.tsx:4:16)
    at div
    at LandscapeShowcase (E:\project\Anima-Engine\src\components\Landscape\LandscapeShowcase.tsx:28:55)
Warning: <orbitControls /> is using incorrect casing. Use PascalCase for React components, or lowercase for HTML elements.
    at orbitControls
    at CameraControls (E:\project\Anima-Engine\src\components\Landscape\CameraControls.tsx:15:3)
    at div
    at Canvas (E:\project\Anima-Engine\tests\frontend\landscape_showcase.test.tsx:4:16)
    at div
    at LandscapeShowcase (E:\project\Anima-Engine\src\components\Landscape\LandscapeShowcase.tsx:28:55)
Warning: <object3D /> is using incorrect casing. Use PascalCase for React components, or lowercase for HTML elements.
    at object3D
    at CameraControls (E:\project\Anima-Engine\src\components\Landscape\CameraControls.tsx:15:3)
    at div
    at Canvas (E:\project\Anima-Engine\tests\frontend\landscape_showcase.test.tsx:4:16)
    at div
    at LandscapeShowcase (E:\project\Anima-Engine\src\components\Landscape\LandscapeShowcase.tsx:28:55)
Warning: <bufferAttribute /> is using incorrect casing. Use PascalCase for React components, or lowercase for HTML elements.
    at bufferAttribute
    at bufferGeometry
    at points
    at group
    at Weather (E:\project\Anima-Engine\src\components\Landscape\Weather.tsx:10:3)
    at div
    at Canvas (E:\project\Anima-Engine\tests\frontend\landscape_showcase.test.tsx:4:16)
    at div
    at LandscapeShowcase (E:\project\Anima-Engine\src\components\Landscape\LandscapeShowcase.tsx:28:55)
Warning: <bufferGeometry /> is using incorrect casing. Use PascalCase for React components, or lowercase for HTML elements.
    at bufferGeometry
    at points
    at group
    at Weather (E:\project\Anima-Engine\src\components\Landscape\Weather.tsx:10:3)
    at div
    at Canvas (E:\project\Anima-Engine\tests\frontend\landscape_showcase.test.tsx:4:16)
    at div
    at LandscapeShowcase (E:\project\Anima-Engine\src\components\Landscape\LandscapeShowcase.tsx:28:55)
Warning: <pointsMaterial /> is using incorrect casing. Use PascalCase for React components, or lowercase for HTML elements.
    at pointsMaterial
    at points
    at group
    at Weather (E:\project\Anima-Engine\src\components\Landscape\Weather.tsx:10:3)
    at div
    at Canvas (E:\project\Anima-Engine\tests\frontend\landscape_showcase.test.tsx:4:16)
    at div
    at LandscapeShowcase (E:\project\Anima-Engine\src\components\Landscape\LandscapeShowcase.tsx:28:55)

[90mstderr[2m | frontend/landscape_showcase.test.tsx[2m > [22m[2mLandscape Showcase Test Suite (93 Tests)[2m > [22m[2mTier 1: Feature Coverage (40 tests)[2m > [22m[2mF8: App Integration[2m > [22m[2mF8.4: resize updates[22m[39m
Warning: <sphereGeometry /> is using incorrect casing. Use PascalCase for React components, or lowercase for HTML elements.
    at sphereGeometry
    at mesh
    at group
    at Sky (E:\project\Anima-Engine\src\components\Landscape\Sky.tsx:50:16)
    at div
    at Canvas (E:\project\Anima-Engine\tests\frontend\landscape_showcase.test.tsx:4:16)
    at div
    at LandscapeShowcase (E:\project\Anima-Engine\src\components\Landscape\LandscapeShowcase.tsx:28:55)
Warning: <meshBasicMaterial /> is using incorrect casing. Use PascalCase for React components, or lowercase for HTML elements.
    at meshBasicMaterial
    at mesh
    at group
    at Sky (E:\project\Anima-Engine\src\components\Landscape\Sky.tsx:50:16)
    at div
    at Canvas (E:\project\Anima-Engine\tests\frontend\landscape_showcase.test.tsx:4:16)
    at div
    at LandscapeShowcase (E:\project\Anima-Engine\src\components\Landscape\LandscapeShowcase.tsx:28:55)
Warning: <directionalLight /> is using incorrect casing. Use PascalCase for React components, or lowercase for HTML elements.
    at directionalLight
    at group
    at Sky (E:\project\Anima-Engine\src\components\Landscape\Sky.tsx:50:16)
    at div
    at Canvas (E:\project\Anima-Engine\tests\frontend\landscape_showcase.test.tsx:4:16)
    at div
    at LandscapeShowcase (E:\project\Anima-Engine\src\components\Landscape\LandscapeShowcase.tsx:28:55)
Warning: <hemisphereLight /> is using incorrect casing. Use PascalCase for React components, or lowercase for HTML elements.
    at hemisphereLight
    at group
    at Sky (E:\project\Anima-Engine\src\components\Landscape\Sky.tsx:50:16)
    at div
    at Canvas (E:\project\Anima-Engine\tests\frontend\landscape_showcase.test.tsx:4:16)
    at div
    at LandscapeShowcase (E:\project\Anima-Engine\src\components\Landscape\LandscapeShowcase.tsx:28:55)
Warning: <ambientLight /> is using incorrect casing. Use PascalCase for React components, or lowercase for HTML elements.
    at ambientLight
    at group
    at Sky (E:\project\Anima-Engine\src\components\Landscape\Sky.tsx:50:16)
    at div
    at Canvas (E:\project\Anima-Engine\tests\frontend\landscape_showcase.test.tsx:4:16)
    at div
    at LandscapeShowcase (E:\project\Anima-Engine\src\components\Landscape\LandscapeShowcase.tsx:28:55)
Warning: <boxGeometry /> is using incorrect casing. Use PascalCase for React components, or lowercase for HTML elements.
    at boxGeometry
    at mesh
    at group
    at group
    at group
    at Sky (E:\project\Anima-Engine\src\components\Landscape\Sky.tsx:50:16)
    at div
    at Canvas (E:\project\Anima-Engine\tests\frontend\landscape_showcase.test.tsx:4:16)
    at div
    at LandscapeShowcase (E:\project\Anima-Engine\src\components\Landscape\LandscapeShowcase.tsx:28:55)
Warning: <meshStandardMaterial /> is using incorrect casing. Use PascalCase for React components, or lowercase for HTML elements.
    at meshStandardMaterial
    at mesh
    at group
    at group
    at group
    at Sky (E:\project\Anima-Engine\src\components\Landscape\Sky.tsx:50:16)
    at div
    at Canvas (E:\project\Anima-Engine\tests\frontend\landscape_showcase.test.tsx:4:16)
    at div
    at LandscapeShowcase (E:\project\Anima-Engine\src\components\Landscape\LandscapeShowcase.tsx:28:55)
Warning: <boxGeometry /> is using incorrect casing. Use PascalCase for React components, or lowercase for HTML elements.
    at boxGeometry
    at mesh
    at group
    at group
    at group
    at Sky (E:\project\Anima-Engine\src\components\Landscape\Sky.tsx:50:16)
    at div
    at Canvas (E:\project\Anima-Engine\tests\frontend\landscape_showcase.test.tsx:4:16)
    at div
    at LandscapeShowcase (E:\project\Anima-Engine\src\components\Landscape\LandscapeShowcase.tsx:28:55)
Warning: <meshStandardMaterial /> is using incorrect casing. Use PascalCase for React components, or lowercase for HTML elements.
    at meshStandardMaterial
    at mesh
    at group
    at group
    at group
    at Sky (E:\project\Anima-Engine\src\components\Landscape\Sky.tsx:50:16)
    at div
    at Canvas (E:\project\Anima-Engine\tests\frontend\landscape_showcase.test.tsx:4:16)
    at div
    at LandscapeShowcase (E:\project\Anima-Engine\src\components\Landscape\LandscapeShowcase.tsx:28:55)
Warning: <boxGeometry /> is using incorrect casing. Use PascalCase for React components, or lowercase for HTML elements.
    at boxGeometry
    at mesh
    at group
    at group
    at group
    at Sky (E:\project\Anima-Engine\src\components\Landscape\Sky.tsx:50:16)
    at div
    at Canvas (E:\project\Anima-Engine\tests\frontend\landscape_showcase.test.tsx:4:16)
    at div
    at LandscapeShowcase (E:\project\Anima-Engine\src\components\Landscape\LandscapeShowcase.tsx:28:55)
Warning: <meshStandardMaterial /> is using incorrect casing. Use PascalCase for React components, or lowercase for HTML elements.
    at meshStandardMaterial
    at mesh
    at group
    at group
    at group
    at Sky (E:\project\Anima-Engine\src\components\Landscape\Sky.tsx:50:16)
    at div
    at Canvas (E:\project\Anima-Engine\tests\frontend\landscape_showcase.test.tsx:4:16)
    at div
    at LandscapeShowcase (E:\project\Anima-Engine\src\components\Landscape\LandscapeShowcase.tsx:28:55)
Warning: <boxGeometry /> is using incorrect casing. Use PascalCase for React components, or lowercase for HTML elements.
    at boxGeometry
    at mesh
    at group
    at group
    at group
    at Sky (E:\project\Anima-Engine\src\components\Landscape\Sky.tsx:50:16)
    at div
    at Canvas (E:\project\Anima-Engine\tests\frontend\landscape_showcase.test.tsx:4:16)
    at div
    at LandscapeShowcase (E:\project\Anima-Engine\src\components\Landscape\LandscapeShowcase.tsx:28:55)
Warning: <meshStandardMaterial /> is using incorrect casing. Use PascalCase for React components, or lowercase for HTML elements.
    at meshStandardMaterial
    at mesh
    at group
    at group
    at group
    at Sky (E:\project\Anima-Engine\src\components\Landscape\Sky.tsx:50:16)
    at div
    at Canvas (E:\project\Anima-Engine\tests\frontend\landscape_showcase.test.tsx:4:16)
    at div
    at LandscapeShowcase (E:\project\Anima-Engine\src\components\Landscape\LandscapeShowcase.tsx:28:55)
Warning: <boxGeometry /> is using incorrect casing. Use PascalCase for React components, or lowercase for HTML elements.
    at boxGeometry
    at mesh
    at group
    at group
    at group
    at Sky (E:\project\Anima-Engine\src\components\Landscape\Sky.tsx:50:16)
    at div
    at Canvas (E:\project\Anima-Engine\tests\frontend\landscape_showcase.test.tsx:4:16)
    at div
    at LandscapeShowcase (E:\project\Anima-Engine\src\components\Landscape\LandscapeShowcase.tsx:28:55)
Warning: <meshStandardMaterial /> is using incorrect casing. Use PascalCase for React components, or lowercase for HTML elements.
    at meshStandardMaterial
    at mesh
    at group
    at group
    at group
    at Sky (E:\project\Anima-Engine\src\components\Landscape\Sky.tsx:50:16)
    at div
    at Canvas (E:\project\Anima-Engine\tests\frontend\landscape_showcase.test.tsx:4:16)
    at div
    at LandscapeShowcase (E:\project\Anima-Engine\src\components\Landscape\LandscapeShowcase.tsx:28:55)
Warning: <boxGeometry /> is using incorrect casing. Use PascalCase for React components, or lowercase for HTML elements.
    at boxGeometry
    at mesh
    at group
    at group
    at group
    at Sky (E:\project\Anima-Engine\src\components\Landscape\Sky.tsx:50:16)
    at div
    at Canvas (E:\project\Anima-Engine\tests\frontend\landscape_showcase.test.tsx:4:16)
    at div
    at LandscapeShowcase (E:\project\Anima-Engine\src\components\Landscape\LandscapeShowcase.tsx:28:55)
Warning: <meshStandardMaterial /> is using incorrect casing. Use PascalCase for React components, or lowercase for HTML elements.
    at meshStandardMaterial
    at mesh
    at group
    at group
    at group
    at Sky (E:\project\Anima-Engine\src\components\Landscape\Sky.tsx:50:16)
    at div
    at Canvas (E:\project\Anima-Engine\tests\frontend\landscape_showcase.test.tsx:4:16)
    at div
    at LandscapeShowcase (E:\project\Anima-Engine\src\components\Landscape\LandscapeShowcase.tsx:28:55)
Warning: <boxGeometry /> is using incorrect casing. Use PascalCase for React components, or lowercase for HTML elements.
    at boxGeometry
    at mesh
    at group
    at group
    at group
    at Sky (E:\project\Anima-Engine\src\components\Landscape\Sky.tsx:50:16)
    at div
    at Canvas (E:\project\Anima-Engine\tests\frontend\landscape_showcase.test.tsx:4:16)
    at div
    at LandscapeShowcase (E:\project\Anima-Engine\src\components\Landscape\LandscapeShowcase.tsx:28:55)
Warning: <meshStandardMaterial /> is using incorrect casing. Use PascalCase for React components, or lowercase for HTML elements.
    at meshStandardMaterial
    at mesh
    at group
    at group
    at group
    at Sky (E:\project\Anima-Engine\src\components\Landscape\Sky.tsx:50:16)
    at div
    at Canvas (E:\project\Anima-Engine\tests\frontend\landscape_showcase.test.tsx:4:16)
    at div
    at LandscapeShowcase (E:\project\Anima-Engine\src\components\Landscape\LandscapeShowcase.tsx:28:55)
Warning: <boxGeometry /> is using incorrect casing. Use PascalCase for React components, or lowercase for HTML elements.
    at boxGeometry
    at mesh
    at group
    at group
    at group
    at Sky (E:\project\Anima-Engine\src\components\Landscape\Sky.tsx:50:16)
    at div
    at Canvas (E:\project\Anima-Engine\tests\frontend\landscape_showcase.test.tsx:4:16)
    at div
    at LandscapeShowcase (E:\project\Anima-Engine\src\components\Landscape\LandscapeShowcase.tsx:28:55)
Warning: <meshStandardMaterial /> is using incorrect casing. Use PascalCase for React components, or lowercase for HTML elements.
    at meshStandardMaterial
    at mesh
    at group
    at group
    at group
    at Sky (E:\project\Anima-Engine\src\components\Landscape\Sky.tsx:50:16)
    at div
    at Canvas (E:\project\Anima-Engine\tests\frontend\landscape_showcase.test.tsx:4:16)
    at div
    at LandscapeShowcase (E:\project\Anima-Engine\src\components\Landscape\LandscapeShowcase.tsx:28:55)
Warning: <boxGeometry /> is using incorrect casing. Use PascalCase for React components, or lowercase for HTML elements.
    at boxGeometry
    at mesh
    at group
    at group
    at group
    at Sky (E:\project\Anima-Engine\src\components\Landscape\Sky.tsx:50:16)
    at div
    at Canvas (E:\project\Anima-Engine\tests\frontend\landscape_showcase.test.tsx:4:16)
    at div
    at LandscapeShowcase (E:\project\Anima-Engine\src\components\Landscape\LandscapeShowcase.tsx:28:55)
Warning: <meshStandardMaterial /> is using incorrect casing. Use PascalCase for React components, or lowercase for HTML elements.
    at meshStandardMaterial
    at mesh
    at group
    at group
    at group
    at Sky (E:\project\Anima-Engine\src\components\Landscape\Sky.tsx:50:16)
    at div
    at Canvas (E:\project\Anima-Engine\tests\frontend\landscape_showcase.test.tsx:4:16)
    at div
    at LandscapeShowcase (E:\project\Anima-Engine\src\components\Landscape\LandscapeShowcase.tsx:28:55)
Warning: <boxGeometry /> is using incorrect casing. Use PascalCase for React components, or lowercase for HTML elements.
    at boxGeometry
    at mesh
    at group
    at group
    at group
    at Sky (E:\project\Anima-Engine\src\components\Landscape\Sky.tsx:50:16)
    at div
    at Canvas (E:\project\Anima-Engine\tests\frontend\landscape_showcase.test.tsx:4:16)
    at div
    at LandscapeShowcase (E:\project\Anima-Engine\src\components\Landscape\LandscapeShowcase.tsx:28:55)
Warning: <meshStandardMaterial /> is using incorrect casing. Use PascalCase for React components, or lowercase for HTML elements.
    at meshStandardMaterial
    at mesh
    at group
    at group
    at group
    at Sky (E:\project\Anima-Engine\src\components\Landscape\Sky.tsx:50:16)
    at div
    at Canvas (E:\project\Anima-Engine\tests\frontend\landscape_showcase.test.tsx:4:16)
    at div
    at LandscapeShowcase (E:\project\Anima-Engine\src\components\Landscape\LandscapeShowcase.tsx:28:55)
Warning: <boxGeometry /> is using incorrect casing. Use PascalCase for React components, or lowercase for HTML elements.
    at boxGeometry
    at mesh
    at group
    at group
    at group
    at Sky (E:\project\Anima-Engine\src\components\Landscape\Sky.tsx:50:16)
    at div
    at Canvas (E:\project\Anima-Engine\tests\frontend\landscape_showcase.test.tsx:4:16)
    at div
    at LandscapeShowcase (E:\project\Anima-Engine\src\components\Landscape\LandscapeShowcase.tsx:28:55)
Warning: <meshStandardMaterial /> is using incorrect casing. Use PascalCase for React components, or lowercase for HTML elements.
    at meshStandardMaterial
    at mesh
    at group
    at group
    at group
    at Sky (E:\project\Anima-Engine\src\components\Landscape\Sky.tsx:50:16)
    at div
    at Canvas (E:\project\Anima-Engine\tests\frontend\landscape_showcase.test.tsx:4:16)
    at div
    at LandscapeShowcase (E:\project\Anima-Engine\src\components\Landscape\LandscapeShowcase.tsx:28:55)
Warning: <boxGeometry /> is using incorrect casing. Use PascalCase for React components, or lowercase for HTML elements.
    at boxGeometry
    at mesh
    at group
    at group
    at group
    at Sky (E:\project\Anima-Engine\src\components\Landscape\Sky.tsx:50:16)
    at div
    at Canvas (E:\project\Anima-Engine\tests\frontend\landscape_showcase.test.tsx:4:16)
    at div
    at LandscapeShowcase (E:\project\Anima-Engine\src\components\Landscape\LandscapeShowcase.tsx:28:55)
Warning: <meshStandardMaterial /> is using incorrect casing. Use PascalCase for React components, or lowercase for HTML elements.
    at meshStandardMaterial
    at mesh
    at group
    at group
    at group
    at Sky (E:\project\Anima-Engine\src\components\Landscape\Sky.tsx:50:16)
    at div
    at Canvas (E:\project\Anima-Engine\tests\frontend\landscape_showcase.test.tsx:4:16)
    at div
    at LandscapeShowcase (E:\project\Anima-Engine\src\components\Landscape\LandscapeShowcase.tsx:28:55)
Warning: <boxGeometry /> is using incorrect casing. Use PascalCase for React components, or lowercase for HTML elements.
    at boxGeometry
    at mesh
    at group
    at group
    at group
    at Sky (E:\project\Anima-Engine\src\components\Landscape\Sky.tsx:50:16)
    at div
    at Canvas (E:\project\Anima-Engine\tests\frontend\landscape_showcase.test.tsx:4:16)
    at div
    at LandscapeShowcase (E:\project\Anima-Engine\src\components\Landscape\LandscapeShowcase.tsx:28:55)
Warning: <meshStandardMaterial /> is using incorrect casing. Use PascalCase for React components, or lowercase for HTML elements.
    at meshStandardMaterial
    at mesh
    at group
    at group
    at group
    at Sky (E:\project\Anima-Engine\src\components\Landscape\Sky.tsx:50:16)
    at div
    at Canvas (E:\project\Anima-Engine\tests\frontend\landscape_showcase.test.tsx:4:16)
    at div
    at LandscapeShowcase (E:\project\Anima-Engine\src\components\Landscape\LandscapeShowcase.tsx:28:55)
Warning: <boxGeometry /> is using incorrect casing. Use PascalCase for React components, or lowercase for HTML elements.
    at boxGeometry
    at mesh
    at group
    at group
    at group
    at Sky (E:\project\Anima-Engine\src\components\Landscape\Sky.tsx:50:16)
    at div
    at Canvas (E:\project\Anima-Engine\tests\frontend\landscape_showcase.test.tsx:4:16)
    at div
    at LandscapeShowcase (E:\project\Anima-Engine\src\components\Landscape\LandscapeShowcase.tsx:28:55)
Warning: <meshStandardMaterial /> is using incorrect casing. Use PascalCase for React components, or lowercase for HTML elements.
    at meshStandardMaterial
    at mesh
    at group
    at group
    at group
    at Sky (E:\project\Anima-Engine\src\components\Landscape\Sky.tsx:50:16)
    at div
    at Canvas (E:\project\Anima-Engine\tests\frontend\landscape_showcase.test.tsx:4:16)
    at div
    at LandscapeShowcase (E:\project\Anima-Engine\src\components\Landscape\LandscapeShowcase.tsx:28:55)
Warning: <boxGeometry /> is using incorrect casing. Use PascalCase for React components, or lowercase for HTML elements.
    at boxGeometry
    at mesh
    at group
    at group
    at group
    at Sky (E:\project\Anima-Engine\src\components\Landscape\Sky.tsx:50:16)
    at div
    at Canvas (E:\project\Anima-Engine\tests\frontend\landscape_showcase.test.tsx:4:16)
    at div
    at LandscapeShowcase (E:\project\Anima-Engine\src\components\Landscape\LandscapeShowcase.tsx:28:55)
Warning: <meshStandardMaterial /> is using incorrect casing. Use PascalCase for React components, or lowercase for HTML elements.
    at meshStandardMaterial
    at mesh
    at group
    at group
    at group
    at Sky (E:\project\Anima-Engine\src\components\Landscape\Sky.tsx:50:16)
    at div
    at Canvas (E:\project\Anima-Engine\tests\frontend\landscape_showcase.test.tsx:4:16)
    at div
    at LandscapeShowcase (E:\project\Anima-Engine\src\components\Landscape\LandscapeShowcase.tsx:28:55)
Warning: <boxGeometry /> is using incorrect casing. Use PascalCase for React components, or lowercase for HTML elements.
    at boxGeometry
    at mesh
    at group
    at group
    at group
    at Sky (E:\project\Anima-Engine\src\components\Landscape\Sky.tsx:50:16)
    at div
    at Canvas (E:\project\Anima-Engine\tests\frontend\landscape_showcase.test.tsx:4:16)
    at div
    at LandscapeShowcase (E:\project\Anima-Engine\src\components\Landscape\LandscapeShowcase.tsx:28:55)
Warning: <meshStandardMaterial /> is using incorrect casing. Use PascalCase for React components, or lowercase for HTML elements.
    at meshStandardMaterial
    at mesh
    at group
    at group
    at group
    at Sky (E:\project\Anima-Engine\src\components\Landscape\Sky.tsx:50:16)
    at div
    at Canvas (E:\project\Anima-Engine\tests\frontend\landscape_showcase.test.tsx:4:16)
    at div
    at LandscapeShowcase (E:\project\Anima-Engine\src\components\Landscape\LandscapeShowcase.tsx:28:55)
Warning: <boxGeometry /> is using incorrect casing. Use PascalCase for React components, or lowercase for HTML elements.
    at boxGeometry
    at mesh
    at group
    at group
    at group
    at Sky (E:\project\Anima-Engine\src\components\Landscape\Sky.tsx:50:16)
    at div
    at Canvas (E:\project\Anima-Engine\tests\frontend\landscape_showcase.test.tsx:4:16)
    at div
    at LandscapeShowcase (E:\project\Anima-Engine\src\components\Landscape\LandscapeShowcase.tsx:28:55)
Warning: <meshStandardMaterial /> is using incorrect casing. Use PascalCase for React components, or lowercase for HTML elements.
    at meshStandardMaterial
    at mesh
    at group
    at group
    at group
    at Sky (E:\project\Anima-Engine\src\components\Landscape\Sky.tsx:50:16)
    at div
    at Canvas (E:\project\Anima-Engine\tests\frontend\landscape_showcase.test.tsx:4:16)
    at div
    at LandscapeShowcase (E:\project\Anima-Engine\src\components\Landscape\LandscapeShowcase.tsx:28:55)
Warning: <boxGeometry /> is using incorrect casing. Use PascalCase for React components, or lowercase for HTML elements.
    at boxGeometry
    at mesh
    at group
    at group
    at group
    at Sky (E:\project\Anima-Engine\src\components\Landscape\Sky.tsx:50:16)
    at div
    at Canvas (E:\project\Anima-Engine\tests\frontend\landscape_showcase.test.tsx:4:16)
    at div
    at LandscapeShowcase (E:\project\Anima-Engine\src\components\Landscape\LandscapeShowcase.tsx:28:55)
Warning: <meshStandardMaterial /> is using incorrect casing. Use PascalCase for React components, or lowercase for HTML elements.
    at meshStandardMaterial
    at mesh
    at group
    at group
    at group
    at Sky (E:\project\Anima-Engine\src\components\Landscape\Sky.tsx:50:16)
    at div
    at Canvas (E:\project\Anima-Engine\tests\frontend\landscape_showcase.test.tsx:4:16)
    at div
    at LandscapeShowcase (E:\project\Anima-Engine\src\components\Landscape\LandscapeShowcase.tsx:28:55)
Warning: <bufferGeometry /> is using incorrect casing. Use PascalCase for React components, or lowercase for HTML elements.
    at bufferGeometry
    at mesh
    at lod
    at Terrain (E:\project\Anima-Engine\src\components\Landscape\Terrain.tsx:26:20)
    at div
    at Canvas (E:\project\Anima-Engine\tests\frontend\landscape_showcase.test.tsx:4:16)
    at div
    at LandscapeShowcase (E:\project\Anima-Engine\src\components\Landscape\LandscapeShowcase.tsx:28:55)
Warning: <meshStandardMaterial /> is using incorrect casing. Use PascalCase for React components, or lowercase for HTML elements.
    at meshStandardMaterial
    at mesh
    at lod
    at Terrain (E:\project\Anima-Engine\src\components\Landscape\Terrain.tsx:26:20)
    at div
    at Canvas (E:\project\Anima-Engine\tests\frontend\landscape_showcase.test.tsx:4:16)
    at div
    at LandscapeShowcase (E:\project\Anima-Engine\src\components\Landscape\LandscapeShowcase.tsx:28:55)
Warning: <bufferGeometry /> is using incorrect casing. Use PascalCase for React components, or lowercase for HTML elements.
    at bufferGeometry
    at mesh
    at lod
    at Terrain (E:\project\Anima-Engine\src\components\Landscape\Terrain.tsx:26:20)
    at div
    at Canvas (E:\project\Anima-Engine\tests\frontend\landscape_showcase.test.tsx:4:16)
    at div
    at LandscapeShowcase (E:\project\Anima-Engine\src\components\Landscape\LandscapeShowcase.tsx:28:55)
Warning: <meshStandardMaterial /> is using incorrect casing. Use PascalCase for React components, or lowercase for HTML elements.
    at meshStandardMaterial
    at mesh
    at lod
    at Terrain (E:\project\Anima-Engine\src\components\Landscape\Terrain.tsx:26:20)
    at div
    at Canvas (E:\project\Anima-Engine\tests\frontend\landscape_showcase.test.tsx:4:16)
    at div
    at LandscapeShowcase (E:\project\Anima-Engine\src\components\Landscape\LandscapeShowcase.tsx:28:55)
Warning: <bufferGeometry /> is using incorrect casing. Use PascalCase for React components, or lowercase for HTML elements.
    at bufferGeometry
    at mesh
    at lod
    at Terrain (E:\project\Anima-Engine\src\components\Landscape\Terrain.tsx:26:20)
    at div
    at Canvas (E:\project\Anima-Engine\tests\frontend\landscape_showcase.test.tsx:4:16)
    at div
    at LandscapeShowcase (E:\project\Anima-Engine\src\components\Landscape\LandscapeShowcase.tsx:28:55)
Warning: <meshStandardMaterial /> is using incorrect casing. Use PascalCase for React components, or lowercase for HTML elements.
    at meshStandardMaterial
    at mesh
    at lod
    at Terrain (E:\project\Anima-Engine\src\components\Landscape\Terrain.tsx:26:20)
    at div
    at Canvas (E:\project\Anima-Engine\tests\frontend\landscape_showcase.test.tsx:4:16)
    at div
    at LandscapeShowcase (E:\project\Anima-Engine\src\components\Landscape\LandscapeShowcase.tsx:28:55)
Warning: <shaderMaterial /> is using incorrect casing. Use PascalCase for React components, or lowercase for HTML elements.
    at shaderMaterial
    at mesh
    at group
    at Water (E:\project\Anima-Engine\src\components\Landscape\Water.tsx:87:3)
    at div
    at Canvas (E:\project\Anima-Engine\tests\frontend\landscape_showcase.test.tsx:4:16)
    at div
    at LandscapeShowcase (E:\project\Anima-Engine\src\components\Landscape\LandscapeShowcase.tsx:28:55)
Warning: <bufferAttribute /> is using incorrect casing. Use PascalCase for React components, or lowercase for HTML elements.
    at bufferAttribute
    at bufferGeometry
    at points
    at group
    at Water (E:\project\Anima-Engine\src\components\Landscape\Water.tsx:87:3)
    at div
    at Canvas (E:\project\Anima-Engine\tests\frontend\landscape_showcase.test.tsx:4:16)
    at div
    at LandscapeShowcase (E:\project\Anima-Engine\src\components\Landscape\LandscapeShowcase.tsx:28:55)
Warning: <bufferGeometry /> is using incorrect casing. Use PascalCase for React components, or lowercase for HTML elements.
    at bufferGeometry
    at points
    at group
    at Water (E:\project\Anima-Engine\src\components\Landscape\Water.tsx:87:3)
    at div
    at Canvas (E:\project\Anima-Engine\tests\frontend\landscape_showcase.test.tsx:4:16)
    at div
    at LandscapeShowcase (E:\project\Anima-Engine\src\components\Landscape\LandscapeShowcase.tsx:28:55)
Warning: <pointsMaterial /> is using incorrect casing. Use PascalCase for React components, or lowercase for HTML elements.
    at pointsMaterial
    at points
    at group
    at Water (E:\project\Anima-Engine\src\components\Landscape\Water.tsx:87:3)
    at div
    at Canvas (E:\project\Anima-Engine\tests\frontend\landscape_showcase.test.tsx:4:16)
    at div
    at LandscapeShowcase (E:\project\Anima-Engine\src\components\Landscape\LandscapeShowcase.tsx:28:55)
Warning: <instancedMesh /> is using incorrect casing. Use PascalCase for React components, or lowercase for HTML elements.
    at instancedMesh
    at group
    at Vegetation (E:\project\Anima-Engine\src\components\Landscape\Vegetation.tsx:58:3)
    at div
    at Canvas (E:\project\Anima-Engine\tests\frontend\landscape_showcase.test.tsx:4:16)
    at div
    at LandscapeShowcase (E:\project\Anima-Engine\src\components\Landscape\LandscapeShowcase.tsx:28:55)
Warning: <instancedMesh /> is using incorrect casing. Use PascalCase for React components, or lowercase for HTML elements.
    at instancedMesh
    at group
    at Vegetation (E:\project\Anima-Engine\src\components\Landscape\Vegetation.tsx:58:3)
    at div
    at Canvas (E:\project\Anima-Engine\tests\frontend\landscape_showcase.test.tsx:4:16)
    at div
    at LandscapeShowcase (E:\project\Anima-Engine\src\components\Landscape\LandscapeShowcase.tsx:28:55)
Warning: <instancedMesh /> is using incorrect casing. Use PascalCase for React components, or lowercase for HTML elements.
    at instancedMesh
    at group
    at Vegetation (E:\project\Anima-Engine\src\components\Landscape\Vegetation.tsx:58:3)
    at div
    at Canvas (E:\project\Anima-Engine\tests\frontend\landscape_showcase.test.tsx:4:16)
    at div
    at LandscapeShowcase (E:\project\Anima-Engine\src\components\Landscape\LandscapeShowcase.tsx:28:55)
Warning: <instancedMesh /> is using incorrect casing. Use PascalCase for React components, or lowercase for HTML elements.
    at instancedMesh
    at group
    at Vegetation (E:\project\Anima-Engine\src\components\Landscape\Vegetation.tsx:58:3)
    at div
    at Canvas (E:\project\Anima-Engine\tests\frontend\landscape_showcase.test.tsx:4:16)
    at div
    at LandscapeShowcase (E:\project\Anima-Engine\src\components\Landscape\LandscapeShowcase.tsx:28:55)
Warning: <instancedMesh /> is using incorrect casing. Use PascalCase for React components, or lowercase for HTML elements.
    at instancedMesh
    at group
    at Vegetation (E:\project\Anima-Engine\src\components\Landscape\Vegetation.tsx:58:3)
    at div
    at Canvas (E:\project\Anima-Engine\tests\frontend\landscape_showcase.test.tsx:4:16)
    at div
    at LandscapeShowcase (E:\project\Anima-Engine\src\components\Landscape\LandscapeShowcase.tsx:28:55)
Warning: <fogExp2 /> is using incorrect casing. Use PascalCase for React components, or lowercase for HTML elements.
    at fogExp2
    at group
    at Weather (E:\project\Anima-Engine\src\components\Landscape\Weather.tsx:10:3)
    at div
    at Canvas (E:\project\Anima-Engine\tests\frontend\landscape_showcase.test.tsx:4:16)
    at div
    at LandscapeShowcase (E:\project\Anima-Engine\src\components\Landscape\LandscapeShowcase.tsx:28:55)
Warning: <sphereGeometry /> is using incorrect casing. Use PascalCase for React components, or lowercase for HTML elements.
    at sphereGeometry
    at mesh
    at group
    at PositionalAudio (E:\project\Anima-Engine\src\components\Landscape\PositionalAudio.tsx:10:3)
    at div
    at Canvas (E:\project\Anima-Engine\tests\frontend\landscape_showcase.test.tsx:4:16)
    at div
    at LandscapeShowcase (E:\project\Anima-Engine\src\components\Landscape\LandscapeShowcase.tsx:28:55)
Warning: <meshBasicMaterial /> is using incorrect casing. Use PascalCase for React components, or lowercase for HTML elements.
    at meshBasicMaterial
    at mesh
    at group
    at PositionalAudio (E:\project\Anima-Engine\src\components\Landscape\PositionalAudio.tsx:10:3)
    at div
    at Canvas (E:\project\Anima-Engine\tests\frontend\landscape_showcase.test.tsx:4:16)
    at div
    at LandscapeShowcase (E:\project\Anima-Engine\src\components\Landscape\LandscapeShowcase.tsx:28:55)
Warning: <sphereGeometry /> is using incorrect casing. Use PascalCase for React components, or lowercase for HTML elements.
    at sphereGeometry
    at mesh
    at group
    at PositionalAudio (E:\project\Anima-Engine\src\components\Landscape\PositionalAudio.tsx:10:3)
    at div
    at Canvas (E:\project\Anima-Engine\tests\frontend\landscape_showcase.test.tsx:4:16)
    at div
    at LandscapeShowcase (E:\project\Anima-Engine\src\components\Landscape\LandscapeShowcase.tsx:28:55)
Warning: <meshBasicMaterial /> is using incorrect casing. Use PascalCase for React components, or lowercase for HTML elements.
    at meshBasicMaterial
    at mesh
    at group
    at PositionalAudio (E:\project\Anima-Engine\src\components\Landscape\PositionalAudio.tsx:10:3)
    at div
    at Canvas (E:\project\Anima-Engine\tests\frontend\landscape_showcase.test.tsx:4:16)
    at div
    at LandscapeShowcase (E:\project\Anima-Engine\src\components\Landscape\LandscapeShowcase.tsx:28:55)
Warning: <orbitControls /> is using incorrect casing. Use PascalCase for React components, or lowercase for HTML elements.
    at orbitControls
    at CameraControls (E:\project\Anima-Engine\src\components\Landscape\CameraControls.tsx:15:3)
    at div
    at Canvas (E:\project\Anima-Engine\tests\frontend\landscape_showcase.test.tsx:4:16)
    at div
    at LandscapeShowcase (E:\project\Anima-Engine\src\components\Landscape\LandscapeShowcase.tsx:28:55)
Warning: <object3D /> is using incorrect casing. Use PascalCase for React components, or lowercase for HTML elements.
    at object3D
    at CameraControls (E:\project\Anima-Engine\src\components\Landscape\CameraControls.tsx:15:3)
    at div
    at Canvas (E:\project\Anima-Engine\tests\frontend\landscape_showcase.test.tsx:4:16)
    at div
    at LandscapeShowcase (E:\project\Anima-Engine\src\components\Landscape\LandscapeShowcase.tsx:28:55)

[90mstderr[2m | frontend/landscape_showcase.test.tsx[2m > [22m[2mLandscape Showcase Test Suite (93 Tests)[2m > [22m[2mTier 1: Feature Coverage (40 tests)[2m > [22m[2mF8: App Integration[2m > [22m[2mF8.5: error boundaries[22m[39m
Warning: <sphereGeometry /> is using incorrect casing. Use PascalCase for React components, or lowercase for HTML elements.
    at sphereGeometry
    at mesh
    at group
    at Sky (E:\project\Anima-Engine\src\components\Landscape\Sky.tsx:50:16)
    at div
    at Canvas (E:\project\Anima-Engine\tests\frontend\landscape_showcase.test.tsx:4:16)
    at div
    at LandscapeShowcase (E:\project\Anima-Engine\src\components\Landscape\LandscapeShowcase.tsx:28:55)
Warning: <meshBasicMaterial /> is using incorrect casing. Use PascalCase for React components, or lowercase for HTML elements.
    at meshBasicMaterial
    at mesh
    at group
    at Sky (E:\project\Anima-Engine\src\components\Landscape\Sky.tsx:50:16)
    at div
    at Canvas (E:\project\Anima-Engine\tests\frontend\landscape_showcase.test.tsx:4:16)
    at div
    at LandscapeShowcase (E:\project\Anima-Engine\src\components\Landscape\LandscapeShowcase.tsx:28:55)
Warning: <directionalLight /> is using incorrect casing. Use PascalCase for React components, or lowercase for HTML elements.
    at directionalLight
    at group
    at Sky (E:\project\Anima-Engine\src\components\Landscape\Sky.tsx:50:16)
    at div
    at Canvas (E:\project\Anima-Engine\tests\frontend\landscape_showcase.test.tsx:4:16)
    at div
    at LandscapeShowcase (E:\project\Anima-Engine\src\components\Landscape\LandscapeShowcase.tsx:28:55)
Warning: <hemisphereLight /> is using incorrect casing. Use PascalCase for React components, or lowercase for HTML elements.
    at hemisphereLight
    at group
    at Sky (E:\project\Anima-Engine\src\components\Landscape\Sky.tsx:50:16)
    at div
    at Canvas (E:\project\Anima-Engine\tests\frontend\landscape_showcase.test.tsx:4:16)
    at div
    at LandscapeShowcase (E:\project\Anima-Engine\src\components\Landscape\LandscapeShowcase.tsx:28:55)
Warning: <ambientLight /> is using incorrect casing. Use PascalCase for React components, or lowercase for HTML elements.
    at ambientLight
    at group
    at Sky (E:\project\Anima-Engine\src\components\Landscape\Sky.tsx:50:16)
    at div
    at Canvas (E:\project\Anima-Engine\tests\frontend\landscape_showcase.test.tsx:4:16)
    at div
    at LandscapeShowcase (E:\project\Anima-Engine\src\components\Landscape\LandscapeShowcase.tsx:28:55)
Warning: <boxGeometry /> is using incorrect casing. Use PascalCase for React components, or lowercase for HTML elements.
    at boxGeometry
    at mesh
    at group
    at group
    at group
    at Sky (E:\project\Anima-Engine\src\components\Landscape\Sky.tsx:50:16)
    at div
    at Canvas (E:\project\Anima-Engine\tests\frontend\landscape_showcase.test.tsx:4:16)
    at div
    at LandscapeShowcase (E:\project\Anima-Engine\src\components\Landscape\LandscapeShowcase.tsx:28:55)
Warning: <meshStandardMaterial /> is using incorrect casing. Use PascalCase for React components, or lowercase for HTML elements.
    at meshStandardMaterial
    at mesh
    at group
    at group
    at group
    at Sky (E:\project\Anima-Engine\src\components\Landscape\Sky.tsx:50:16)
    at div
    at Canvas (E:\project\Anima-Engine\tests\frontend\landscape_showcase.test.tsx:4:16)
    at div
    at LandscapeShowcase (E:\project\Anima-Engine\src\components\Landscape\LandscapeShowcase.tsx:28:55)
Warning: <boxGeometry /> is using incorrect casing. Use PascalCase for React components, or lowercase for HTML elements.
    at boxGeometry
    at mesh
    at group
    at group
    at group
    at Sky (E:\project\Anima-Engine\src\components\Landscape\Sky.tsx:50:16)
    at div
    at Canvas (E:\project\Anima-Engine\tests\frontend\landscape_showcase.test.tsx:4:16)
    at div
    at LandscapeShowcase (E:\project\Anima-Engine\src\components\Landscape\LandscapeShowcase.tsx:28:55)
Warning: <meshStandardMaterial /> is using incorrect casing. Use PascalCase for React components, or lowercase for HTML elements.
    at meshStandardMaterial
    at mesh
    at group
    at group
    at group
    at Sky (E:\project\Anima-Engine\src\components\Landscape\Sky.tsx:50:16)
    at div
    at Canvas (E:\project\Anima-Engine\tests\frontend\landscape_showcase.test.tsx:4:16)
    at div
    at LandscapeShowcase (E:\project\Anima-Engine\src\components\Landscape\LandscapeShowcase.tsx:28:55)
Warning: <boxGeometry /> is using incorrect casing. Use PascalCase for React components, or lowercase for HTML elements.
    at boxGeometry
    at mesh
    at group
    at group
    at group
    at Sky (E:\project\Anima-Engine\src\components\Landscape\Sky.tsx:50:16)
    at div
    at Canvas (E:\project\Anima-Engine\tests\frontend\landscape_showcase.test.tsx:4:16)
    at div
    at LandscapeShowcase (E:\project\Anima-Engine\src\components\Landscape\LandscapeShowcase.tsx:28:55)
Warning: <meshStandardMaterial /> is using incorrect casing. Use PascalCase for React components, or lowercase for HTML elements.
    at meshStandardMaterial
    at mesh
    at group
    at group
    at group
    at Sky (E:\project\Anima-Engine\src\components\Landscape\Sky.tsx:50:16)
    at div
    at Canvas (E:\project\Anima-Engine\tests\frontend\landscape_showcase.test.tsx:4:16)
    at div
    at LandscapeShowcase (E:\project\Anima-Engine\src\components\Landscape\LandscapeShowcase.tsx:28:55)
Warning: <boxGeometry /> is using incorrect casing. Use PascalCase for React components, or lowercase for HTML elements.
    at boxGeometry
    at mesh
    at group
    at group
    at group
    at Sky (E:\project\Anima-Engine\src\components\Landscape\Sky.tsx:50:16)
    at div
    at Canvas (E:\project\Anima-Engine\tests\frontend\landscape_showcase.test.tsx:4:16)
    at div
    at LandscapeShowcase (E:\project\Anima-Engine\src\components\Landscape\LandscapeShowcase.tsx:28:55)
Warning: <meshStandardMaterial /> is using incorrect casing. Use PascalCase for React components, or lowercase for HTML elements.
    at meshStandardMaterial
    at mesh
    at group
    at group
    at group
    at Sky (E:\project\Anima-Engine\src\components\Landscape\Sky.tsx:50:16)
    at div
    at Canvas (E:\project\Anima-Engine\tests\frontend\landscape_showcase.test.tsx:4:16)
    at div
    at LandscapeShowcase (E:\project\Anima-Engine\src\components\Landscape\LandscapeShowcase.tsx:28:55)
Warning: <boxGeometry /> is using incorrect casing. Use PascalCase for React components, or lowercase for HTML elements.
    at boxGeometry
    at mesh
    at group
    at group
    at group
    at Sky (E:\project\Anima-Engine\src\components\Landscape\Sky.tsx:50:16)
    at div
    at Canvas (E:\project\Anima-Engine\tests\frontend\landscape_showcase.test.tsx:4:16)
    at div
    at LandscapeShowcase (E:\project\Anima-Engine\src\components\Landscape\LandscapeShowcase.tsx:28:55)
Warning: <meshStandardMaterial /> is using incorrect casing. Use PascalCase for React components, or lowercase for HTML elements.
    at meshStandardMaterial
    at mesh
    at group
    at group
    at group
    at Sky (E:\project\Anima-Engine\src\components\Landscape\Sky.tsx:50:16)
    at div
    at Canvas (E:\project\Anima-Engine\tests\frontend\landscape_showcase.test.tsx:4:16)
    at div
    at LandscapeShowcase (E:\project\Anima-Engine\src\components\Landscape\LandscapeShowcase.tsx:28:55)
Warning: <boxGeometry /> is using incorrect casing. Use PascalCase for React components, or lowercase for HTML elements.
    at boxGeometry
    at mesh
    at group
    at group
    at group
    at Sky (E:\project\Anima-Engine\src\components\Landscape\Sky.tsx:50:16)
    at div
    at Canvas (E:\project\Anima-Engine\tests\frontend\landscape_showcase.test.tsx:4:16)
    at div
    at LandscapeShowcase (E:\project\Anima-Engine\src\components\Landscape\LandscapeShowcase.tsx:28:55)
Warning: <meshStandardMaterial /> is using incorrect casing. Use PascalCase for React components, or lowercase for HTML elements.
    at meshStandardMaterial
    at mesh
    at group
    at group
    at group
    at Sky (E:\project\Anima-Engine\src\components\Landscape\Sky.tsx:50:16)
    at div
    at Canvas (E:\project\Anima-Engine\tests\frontend\landscape_showcase.test.tsx:4:16)
    at div
    at LandscapeShowcase (E:\project\Anima-Engine\src\components\Landscape\LandscapeShowcase.tsx:28:55)
Warning: <boxGeometry /> is using incorrect casing. Use PascalCase for React components, or lowercase for HTML elements.
    at boxGeometry
    at mesh
    at group
    at group
    at group
    at Sky (E:\project\Anima-Engine\src\components\Landscape\Sky.tsx:50:16)
    at div
    at Canvas (E:\project\Anima-Engine\tests\frontend\landscape_showcase.test.tsx:4:16)
    at div
    at LandscapeShowcase (E:\project\Anima-Engine\src\components\Landscape\LandscapeShowcase.tsx:28:55)
Warning: <meshStandardMaterial /> is using incorrect casing. Use PascalCase for React components, or lowercase for HTML elements.
    at meshStandardMaterial
    at mesh
    at group
    at group
    at group
    at Sky (E:\project\Anima-Engine\src\components\Landscape\Sky.tsx:50:16)
    at div
    at Canvas (E:\project\Anima-Engine\tests\frontend\landscape_showcase.test.tsx:4:16)
    at div
    at LandscapeShowcase (E:\project\Anima-Engine\src\components\Landscape\LandscapeShowcase.tsx:28:55)
Warning: <boxGeometry /> is using incorrect casing. Use PascalCase for React components, or lowercase for HTML elements.
    at boxGeometry
    at mesh
    at group
    at group
    at group
    at Sky (E:\project\Anima-Engine\src\components\Landscape\Sky.tsx:50:16)
    at div
    at Canvas (E:\project\Anima-Engine\tests\frontend\landscape_showcase.test.tsx:4:16)
    at div
    at LandscapeShowcase (E:\project\Anima-Engine\src\components\Landscape\LandscapeShowcase.tsx:28:55)
Warning: <meshStandardMaterial /> is using incorrect casing. Use PascalCase for React components, or lowercase for HTML elements.
    at meshStandardMaterial
    at mesh
    at group
    at group
    at group
    at Sky (E:\project\Anima-Engine\src\components\Landscape\Sky.tsx:50:16)
    at div
    at Canvas (E:\project\Anima-Engine\tests\frontend\landscape_showcase.test.tsx:4:16)
    at div
    at LandscapeShowcase (E:\project\Anima-Engine\src\components\Landscape\LandscapeShowcase.tsx:28:55)
Warning: <boxGeometry /> is using incorrect casing. Use PascalCase for React components, or lowercase for HTML elements.
    at boxGeometry
    at mesh
    at group
    at group
    at group
    at Sky (E:\project\Anima-Engine\src\components\Landscape\Sky.tsx:50:16)
    at div
    at Canvas (E:\project\Anima-Engine\tests\frontend\landscape_showcase.test.tsx:4:16)
    at div
    at LandscapeShowcase (E:\project\Anima-Engine\src\components\Landscape\LandscapeShowcase.tsx:28:55)
Warning: <meshStandardMaterial /> is using incorrect casing. Use PascalCase for React components, or lowercase for HTML elements.
    at meshStandardMaterial
    at mesh
    at group
    at group
    at group
    at Sky (E:\project\Anima-Engine\src\components\Landscape\Sky.tsx:50:16)
    at div
    at Canvas (E:\project\Anima-Engine\tests\frontend\landscape_showcase.test.tsx:4:16)
    at div
    at LandscapeShowcase (E:\project\Anima-Engine\src\components\Landscape\LandscapeShowcase.tsx:28:55)
Warning: <boxGeometry /> is using incorrect casing. Use PascalCase for React components, or lowercase for HTML elements.
    at boxGeometry
    at mesh
    at group
    at group
    at group
    at Sky (E:\project\Anima-Engine\src\components\Landscape\Sky.tsx:50:16)
    at div
    at Canvas (E:\project\Anima-Engine\tests\frontend\landscape_showcase.test.tsx:4:16)
    at div
    at LandscapeShowcase (E:\project\Anima-Engine\src\components\Landscape\LandscapeShowcase.tsx:28:55)
Warning: <meshStandardMaterial /> is using incorrect casing. Use PascalCase for React components, or lowercase for HTML elements.
    at meshStandardMaterial
    at mesh
    at group
    at group
    at group
    at Sky (E:\project\Anima-Engine\src\components\Landscape\Sky.tsx:50:16)
    at div
    at Canvas (E:\project\Anima-Engine\tests\frontend\landscape_showcase.test.tsx:4:16)
    at div
    at LandscapeShowcase (E:\project\Anima-Engine\src\components\Landscape\LandscapeShowcase.tsx:28:55)
Warning: <boxGeometry /> is using incorrect casing. Use PascalCase for React components, or lowercase for HTML elements.
    at boxGeometry
    at mesh
    at group
    at group
    at group
    at Sky (E:\project\Anima-Engine\src\components\Landscape\Sky.tsx:50:16)
    at div
    at Canvas (E:\project\Anima-Engine\tests\frontend\landscape_showcase.test.tsx:4:16)
    at div
    at LandscapeShowcase (E:\project\Anima-Engine\src\components\Landscape\LandscapeShowcase.tsx:28:55)
Warning: <meshStandardMaterial /> is using incorrect casing. Use PascalCase for React components, or lowercase for HTML elements.
    at meshStandardMaterial
    at mesh
    at group
    at group
    at group
    at Sky (E:\project\Anima-Engine\src\components\Landscape\Sky.tsx:50:16)
    at div
    at Canvas (E:\project\Anima-Engine\tests\frontend\landscape_showcase.test.tsx:4:16)
    at div
    at LandscapeShowcase (E:\project\Anima-Engine\src\components\Landscape\LandscapeShowcase.tsx:28:55)
Warning: <boxGeometry /> is using incorrect casing. Use PascalCase for React components, or lowercase for HTML elements.
    at boxGeometry
    at mesh
    at group
    at group
    at group
    at Sky (E:\project\Anima-Engine\src\components\Landscape\Sky.tsx:50:16)
    at div
    at Canvas (E:\project\Anima-Engine\tests\frontend\landscape_showcase.test.tsx:4:16)
    at div
    at LandscapeShowcase (E:\project\Anima-Engine\src\components\Landscape\LandscapeShowcase.tsx:28:55)
Warning: <meshStandardMaterial /> is using incorrect casing. Use PascalCase for React components, or lowercase for HTML elements.
    at meshStandardMaterial
    at mesh
    at group
    at group
    at group
    at Sky (E:\project\Anima-Engine\src\components\Landscape\Sky.tsx:50:16)
    at div
    at Canvas (E:\project\Anima-Engine\tests\frontend\landscape_showcase.test.tsx:4:16)
    at div
    at LandscapeShowcase (E:\project\Anima-Engine\src\components\Landscape\LandscapeShowcase.tsx:28:55)
Warning: <boxGeometry /> is using incorrect casing. Use PascalCase for React components, or lowercase for HTML elements.
    at boxGeometry
    at mesh
    at group
    at group
    at group
    at Sky (E:\project\Anima-Engine\src\components\Landscape\Sky.tsx:50:16)
    at div
    at Canvas (E:\project\Anima-Engine\tests\frontend\landscape_showcase.test.tsx:4:16)
    at div
    at LandscapeShowcase (E:\project\Anima-Engine\src\components\Landscape\LandscapeShowcase.tsx:28:55)
Warning: <meshStandardMaterial /> is using incorrect casing. Use PascalCase for React components, or lowercase for HTML elements.
    at meshStandardMaterial
    at mesh
    at group
    at group
    at group
    at Sky (E:\project\Anima-Engine\src\components\Landscape\Sky.tsx:50:16)
    at div
    at Canvas (E:\project\Anima-Engine\tests\frontend\landscape_showcase.test.tsx:4:16)
    at div
    at LandscapeShowcase (E:\project\Anima-Engine\src\components\Landscape\LandscapeShowcase.tsx:28:55)
Warning: <boxGeometry /> is using incorrect casing. Use PascalCase for React components, or lowercase for HTML elements.
    at boxGeometry
    at mesh
    at group
    at group
    at group
    at Sky (E:\project\Anima-Engine\src\components\Landscape\Sky.tsx:50:16)
    at div
    at Canvas (E:\project\Anima-Engine\tests\frontend\landscape_showcase.test.tsx:4:16)
    at div
    at LandscapeShowcase (E:\project\Anima-Engine\src\components\Landscape\LandscapeShowcase.tsx:28:55)
Warning: <meshStandardMaterial /> is using incorrect casing. Use PascalCase for React components, or lowercase for HTML elements.
    at meshStandardMaterial
    at mesh
    at group
    at group
    at group
    at Sky (E:\project\Anima-Engine\src\components\Landscape\Sky.tsx:50:16)
    at div
    at Canvas (E:\project\Anima-Engine\tests\frontend\landscape_showcase.test.tsx:4:16)
    at div
    at LandscapeShowcase (E:\project\Anima-Engine\src\components\Landscape\LandscapeShowcase.tsx:28:55)
Warning: <boxGeometry /> is using incorrect casing. Use PascalCase for React components, or lowercase for HTML elements.
    at boxGeometry
    at mesh
    at group
    at group
    at group
    at Sky (E:\project\Anima-Engine\src\components\Landscape\Sky.tsx:50:16)
    at div
    at Canvas (E:\project\Anima-Engine\tests\frontend\landscape_showcase.test.tsx:4:16)
    at div
    at LandscapeShowcase (E:\project\Anima-Engine\src\components\Landscape\LandscapeShowcase.tsx:28:55)
Warning: <meshStandardMaterial /> is using incorrect casing. Use PascalCase for React components, or lowercase for HTML elements.
    at meshStandardMaterial
    at mesh
    at group
    at group
    at group
    at Sky (E:\project\Anima-Engine\src\components\Landscape\Sky.tsx:50:16)
    at div
    at Canvas (E:\project\Anima-Engine\tests\frontend\landscape_showcase.test.tsx:4:16)
    at div
    at LandscapeShowcase (E:\project\Anima-Engine\src\components\Landscape\LandscapeShowcase.tsx:28:55)
Warning: <boxGeometry /> is using incorrect casing. Use PascalCase for React components, or lowercase for HTML elements.
    at boxGeometry
    at mesh
    at group
    at group
    at group
    at Sky (E:\project\Anima-Engine\src\components\Landscape\Sky.tsx:50:16)
    at div
    at Canvas (E:\project\Anima-Engine\tests\frontend\landscape_showcase.test.tsx:4:16)
    at div
    at LandscapeShowcase (E:\project\Anima-Engine\src\components\Landscape\LandscapeShowcase.tsx:28:55)
Warning: <meshStandardMaterial /> is using incorrect casing. Use PascalCase for React components, or lowercase for HTML elements.
    at meshStandardMaterial
    at mesh
    at group
    at group
    at group
    at Sky (E:\project\Anima-Engine\src\components\Landscape\Sky.tsx:50:16)
    at div
    at Canvas (E:\project\Anima-Engine\tests\frontend\landscape_showcase.test.tsx:4:16)
    at div
    at LandscapeShowcase (E:\project\Anima-Engine\src\components\Landscape\LandscapeShowcase.tsx:28:55)
Warning: <boxGeometry /> is using incorrect casing. Use PascalCase for React components, or lowercase for HTML elements.
    at boxGeometry
    at mesh
    at group
    at group
    at group
    at Sky (E:\project\Anima-Engine\src\components\Landscape\Sky.tsx:50:16)
    at div
    at Canvas (E:\project\Anima-Engine\tests\frontend\landscape_showcase.test.tsx:4:16)
    at div
    at LandscapeShowcase (E:\project\Anima-Engine\src\components\Landscape\LandscapeShowcase.tsx:28:55)
Warning: <meshStandardMaterial /> is using incorrect casing. Use PascalCase for React components, or lowercase for HTML elements.
    at meshStandardMaterial
    at mesh
    at group
    at group
    at group
    at Sky (E:\project\Anima-Engine\src\components\Landscape\Sky.tsx:50:16)
    at div
    at Canvas (E:\project\Anima-Engine\tests\frontend\landscape_showcase.test.tsx:4:16)
    at div
    at LandscapeShowcase (E:\project\Anima-Engine\src\components\Landscape\LandscapeShowcase.tsx:28:55)
Warning: <boxGeometry /> is using incorrect casing. Use PascalCase for React components, or lowercase for HTML elements.
    at boxGeometry
    at mesh
    at group
    at group
    at group
    at Sky (E:\project\Anima-Engine\src\components\Landscape\Sky.tsx:50:16)
    at div
    at Canvas (E:\project\Anima-Engine\tests\frontend\landscape_showcase.test.tsx:4:16)
    at div
    at LandscapeShowcase (E:\project\Anima-Engine\src\components\Landscape\LandscapeShowcase.tsx:28:55)
Warning: <meshStandardMaterial /> is using incorrect casing. Use PascalCase for React components, or lowercase for HTML elements.
    at meshStandardMaterial
    at mesh
    at group
    at group
    at group
    at Sky (E:\project\Anima-Engine\src\components\Landscape\Sky.tsx:50:16)
    at div
    at Canvas (E:\project\Anima-Engine\tests\frontend\landscape_showcase.test.tsx:4:16)
    at div
    at LandscapeShowcase (E:\project\Anima-Engine\src\components\Landscape\LandscapeShowcase.tsx:28:55)
Warning: <bufferGeometry /> is using incorrect casing. Use PascalCase for React components, or lowercase for HTML elements.
    at bufferGeometry
    at mesh
    at lod
    at Terrain (E:\project\Anima-Engine\src\components\Landscape\Terrain.tsx:26:20)
    at div
    at Canvas (E:\project\Anima-Engine\tests\frontend\landscape_showcase.test.tsx:4:16)
    at div
    at LandscapeShowcase (E:\project\Anima-Engine\src\components\Landscape\LandscapeShowcase.tsx:28:55)
Warning: <meshStandardMaterial /> is using incorrect casing. Use PascalCase for React components, or lowercase for HTML elements.
    at meshStandardMaterial
    at mesh
    at lod
    at Terrain (E:\project\Anima-Engine\src\components\Landscape\Terrain.tsx:26:20)
    at div
    at Canvas (E:\project\Anima-Engine\tests\frontend\landscape_showcase.test.tsx:4:16)
    at div
    at LandscapeShowcase (E:\project\Anima-Engine\src\components\Landscape\LandscapeShowcase.tsx:28:55)
Warning: <bufferGeometry /> is using incorrect casing. Use PascalCase for React components, or lowercase for HTML elements.
    at bufferGeometry
    at mesh
    at lod
    at Terrain (E:\project\Anima-Engine\src\components\Landscape\Terrain.tsx:26:20)
    at div
    at Canvas (E:\project\Anima-Engine\tests\frontend\landscape_showcase.test.tsx:4:16)
    at div
    at LandscapeShowcase (E:\project\Anima-Engine\src\components\Landscape\LandscapeShowcase.tsx:28:55)
Warning: <meshStandardMaterial /> is using incorrect casing. Use PascalCase for React components, or lowercase for HTML elements.
    at meshStandardMaterial
    at mesh
    at lod
    at Terrain (E:\project\Anima-Engine\src\components\Landscape\Terrain.tsx:26:20)
    at div
    at Canvas (E:\project\Anima-Engine\tests\frontend\landscape_showcase.test.tsx:4:16)
    at div
    at LandscapeShowcase (E:\project\Anima-Engine\src\components\Landscape\LandscapeShowcase.tsx:28:55)
Warning: <bufferGeometry /> is using incorrect casing. Use PascalCase for React components, or lowercase for HTML elements.
    at bufferGeometry
    at mesh
    at lod
    at Terrain (E:\project\Anima-Engine\src\components\Landscape\Terrain.tsx:26:20)
    at div
    at Canvas (E:\project\Anima-Engine\tests\frontend\landscape_showcase.test.tsx:4:16)
    at div
    at LandscapeShowcase (E:\project\Anima-Engine\src\components\Landscape\LandscapeShowcase.tsx:28:55)
Warning: <meshStandardMaterial /> is using incorrect casing. Use PascalCase for React components, or lowercase for HTML elements.
    at meshStandardMaterial
    at mesh
    at lod
    at Terrain (E:\project\Anima-Engine\src\components\Landscape\Terrain.tsx:26:20)
    at div
    at Canvas (E:\project\Anima-Engine\tests\frontend\landscape_showcase.test.tsx:4:16)
    at div
    at LandscapeShowcase (E:\project\Anima-Engine\src\components\Landscape\LandscapeShowcase.tsx:28:55)
Warning: <shaderMaterial /> is using incorrect casing. Use PascalCase for React components, or lowercase for HTML elements.
    at shaderMaterial
    at mesh
    at group
    at Water (E:\project\Anima-Engine\src\components\Landscape\Water.tsx:87:3)
    at div
    at Canvas (E:\project\Anima-Engine\tests\frontend\landscape_showcase.test.tsx:4:16)
    at div
    at LandscapeShowcase (E:\project\Anima-Engine\src\components\Landscape\LandscapeShowcase.tsx:28:55)
Warning: <bufferAttribute /> is using incorrect casing. Use PascalCase for React components, or lowercase for HTML elements.
    at bufferAttribute
    at bufferGeometry
    at points
    at group
    at Water (E:\project\Anima-Engine\src\components\Landscape\Water.tsx:87:3)
    at div
    at Canvas (E:\project\Anima-Engine\tests\frontend\landscape_showcase.test.tsx:4:16)
    at div
    at LandscapeShowcase (E:\project\Anima-Engine\src\components\Landscape\LandscapeShowcase.tsx:28:55)
Warning: <bufferGeometry /> is using incorrect casing. Use PascalCase for React components, or lowercase for HTML elements.
    at bufferGeometry
    at points
    at group
    at Water (E:\project\Anima-Engine\src\components\Landscape\Water.tsx:87:3)
    at div
    at Canvas (E:\project\Anima-Engine\tests\frontend\landscape_showcase.test.tsx:4:16)
    at div
    at LandscapeShowcase (E:\project\Anima-Engine\src\components\Landscape\LandscapeShowcase.tsx:28:55)
Warning: <pointsMaterial /> is using incorrect casing. Use PascalCase for React components, or lowercase for HTML elements.
    at pointsMaterial
    at points
    at group
    at Water (E:\project\Anima-Engine\src\components\Landscape\Water.tsx:87:3)
    at div
    at Canvas (E:\project\Anima-Engine\tests\frontend\landscape_showcase.test.tsx:4:16)
    at div
    at LandscapeShowcase (E:\project\Anima-Engine\src\components\Landscape\LandscapeShowcase.tsx:28:55)
Warning: <instancedMesh /> is using incorrect casing. Use PascalCase for React components, or lowercase for HTML elements.
    at instancedMesh
    at group
    at Vegetation (E:\project\Anima-Engine\src\components\Landscape\Vegetation.tsx:58:3)
    at div
    at Canvas (E:\project\Anima-Engine\tests\frontend\landscape_showcase.test.tsx:4:16)
    at div
    at LandscapeShowcase (E:\project\Anima-Engine\src\components\Landscape\LandscapeShowcase.tsx:28:55)
Warning: <instancedMesh /> is using incorrect casing. Use PascalCase for React components, or lowercase for HTML elements.
    at instancedMesh
    at group
    at Vegetation (E:\project\Anima-Engine\src\components\Landscape\Vegetation.tsx:58:3)
    at div
    at Canvas (E:\project\Anima-Engine\tests\frontend\landscape_showcase.test.tsx:4:16)
    at div
    at LandscapeShowcase (E:\project\Anima-Engine\src\components\Landscape\LandscapeShowcase.tsx:28:55)
Warning: <instancedMesh /> is using incorrect casing. Use PascalCase for React components, or lowercase for HTML elements.
    at instancedMesh
    at group
    at Vegetation (E:\project\Anima-Engine\src\components\Landscape\Vegetation.tsx:58:3)
    at div
    at Canvas (E:\project\Anima-Engine\tests\frontend\landscape_showcase.test.tsx:4:16)
    at div
    at LandscapeShowcase (E:\project\Anima-Engine\src\components\Landscape\LandscapeShowcase.tsx:28:55)
Warning: <instancedMesh /> is using incorrect casing. Use PascalCase for React components, or lowercase for HTML elements.
    at instancedMesh
    at group
    at Vegetation (E:\project\Anima-Engine\src\components\Landscape\Vegetation.tsx:58:3)
    at div
    at Canvas (E:\project\Anima-Engine\tests\frontend\landscape_showcase.test.tsx:4:16)
    at div
    at LandscapeShowcase (E:\project\Anima-Engine\src\components\Landscape\LandscapeShowcase.tsx:28:55)
Warning: <instancedMesh /> is using incorrect casing. Use PascalCase for React components, or lowercase for HTML elements.
    at instancedMesh
    at group
    at Vegetation (E:\project\Anima-Engine\src\components\Landscape\Vegetation.tsx:58:3)
    at div
    at Canvas (E:\project\Anima-Engine\tests\frontend\landscape_showcase.test.tsx:4:16)
    at div
    at LandscapeShowcase (E:\project\Anima-Engine\src\components\Landscape\LandscapeShowcase.tsx:28:55)
Warning: <fogExp2 /> is using incorrect casing. Use PascalCase for React components, or lowercase for HTML elements.
    at fogExp2
    at group
    at Weather (E:\project\Anima-Engine\src\components\Landscape\Weather.tsx:10:3)
    at div
    at Canvas (E:\project\Anima-Engine\tests\frontend\landscape_showcase.test.tsx:4:16)
    at div
    at LandscapeShowcase (E:\project\Anima-Engine\src\components\Landscape\LandscapeShowcase.tsx:28:55)
Warning: <sphereGeometry /> is using incorrect casing. Use PascalCase for React components, or lowercase for HTML elements.
    at sphereGeometry
    at mesh
    at group
    at PositionalAudio (E:\project\Anima-Engine\src\components\Landscape\PositionalAudio.tsx:10:3)
    at div
    at Canvas (E:\project\Anima-Engine\tests\frontend\landscape_showcase.test.tsx:4:16)
    at div
    at LandscapeShowcase (E:\project\Anima-Engine\src\components\Landscape\LandscapeShowcase.tsx:28:55)
Warning: <meshBasicMaterial /> is using incorrect casing. Use PascalCase for React components, or lowercase for HTML elements.
    at meshBasicMaterial
    at mesh
    at group
    at PositionalAudio (E:\project\Anima-Engine\src\components\Landscape\PositionalAudio.tsx:10:3)
    at div
    at Canvas (E:\project\Anima-Engine\tests\frontend\landscape_showcase.test.tsx:4:16)
    at div
    at LandscapeShowcase (E:\project\Anima-Engine\src\components\Landscape\LandscapeShowcase.tsx:28:55)
Warning: <sphereGeometry /> is using incorrect casing. Use PascalCase for React components, or lowercase for HTML elements.
    at sphereGeometry
    at mesh
    at group
    at PositionalAudio (E:\project\Anima-Engine\src\components\Landscape\PositionalAudio.tsx:10:3)
    at div
    at Canvas (E:\project\Anima-Engine\tests\frontend\landscape_showcase.test.tsx:4:16)
    at div
    at LandscapeShowcase (E:\project\Anima-Engine\src\components\Landscape\LandscapeShowcase.tsx:28:55)
Warning: <meshBasicMaterial /> is using incorrect casing. Use PascalCase for React components, or lowercase for HTML elements.
    at meshBasicMaterial
    at mesh
    at group
    at PositionalAudio (E:\project\Anima-Engine\src\components\Landscape\PositionalAudio.tsx:10:3)
    at div
    at Canvas (E:\project\Anima-Engine\tests\frontend\landscape_showcase.test.tsx:4:16)
    at div
    at LandscapeShowcase (E:\project\Anima-Engine\src\components\Landscape\LandscapeShowcase.tsx:28:55)
Warning: <orbitControls /> is using incorrect casing. Use PascalCase for React components, or lowercase for HTML elements.
    at orbitControls
    at CameraControls (E:\project\Anima-Engine\src\components\Landscape\CameraControls.tsx:15:3)
    at div
    at Canvas (E:\project\Anima-Engine\tests\frontend\landscape_showcase.test.tsx:4:16)
    at div
    at LandscapeShowcase (E:\project\Anima-Engine\src\components\Landscape\LandscapeShowcase.tsx:28:55)
Warning: <object3D /> is using incorrect casing. Use PascalCase for React components, or lowercase for HTML elements.
    at object3D
    at CameraControls (E:\project\Anima-Engine\src\components\Landscape\CameraControls.tsx:15:3)
    at div
    at Canvas (E:\project\Anima-Engine\tests\frontend\landscape_showcase.test.tsx:4:16)
    at div
    at LandscapeShowcase (E:\project\Anima-Engine\src\components\Landscape\LandscapeShowcase.tsx:28:55)

[90mstderr[2m | frontend/landscape_showcase.test.tsx[2m > [22m[2mLandscape Showcase Test Suite (93 Tests)[2m > [22m[2mTier 2: Boundary & Corner Cases (40 tests)[2m > [22m[2mF2: Water boundaries[2m > [22m[2mF2.1: zero wind speed calm[22m[39m
Warning: <shaderMaterial /> is using incorrect casing. Use PascalCase for React components, or lowercase for HTML elements.
    at shaderMaterial
    at mesh
    at group
    at Water (E:\project\Anima-Engine\src\components\Landscape\Water.tsx:87:3)
Warning: <bufferAttribute /> is using incorrect casing. Use PascalCase for React components, or lowercase for HTML elements.
    at bufferAttribute
    at bufferGeometry
    at points
    at group
    at Water (E:\project\Anima-Engine\src\components\Landscape\Water.tsx:87:3)
Warning: <bufferGeometry /> is using incorrect casing. Use PascalCase for React components, or lowercase for HTML elements.
    at bufferGeometry
    at points
    at group
    at Water (E:\project\Anima-Engine\src\components\Landscape\Water.tsx:87:3)
Warning: <pointsMaterial /> is using incorrect casing. Use PascalCase for React components, or lowercase for HTML elements.
    at pointsMaterial
    at points
    at group
    at Water (E:\project\Anima-Engine\src\components\Landscape\Water.tsx:87:3)

[90mstderr[2m | frontend/landscape_showcase.test.tsx[2m > [22m[2mLandscape Showcase Test Suite (93 Tests)[2m > [22m[2mTier 2: Boundary & Corner Cases (40 tests)[2m > [22m[2mF2: Water boundaries[2m > [22m[2mF2.2: storm waves max height[22m[39m
Warning: <shaderMaterial /> is using incorrect casing. Use PascalCase for React components, or lowercase for HTML elements.
    at shaderMaterial
    at mesh
    at group
    at Water (E:\project\Anima-Engine\src\components\Landscape\Water.tsx:87:3)
Warning: <bufferAttribute /> is using incorrect casing. Use PascalCase for React components, or lowercase for HTML elements.
    at bufferAttribute
    at bufferGeometry
    at points
    at group
    at Water (E:\project\Anima-Engine\src\components\Landscape\Water.tsx:87:3)
Warning: <bufferGeometry /> is using incorrect casing. Use PascalCase for React components, or lowercase for HTML elements.
    at bufferGeometry
    at points
    at group
    at Water (E:\project\Anima-Engine\src\components\Landscape\Water.tsx:87:3)
Warning: <pointsMaterial /> is using incorrect casing. Use PascalCase for React components, or lowercase for HTML elements.
    at pointsMaterial
    at points
    at group
    at Water (E:\project\Anima-Engine\src\components\Landscape\Water.tsx:87:3)

[90mstderr[2m | frontend/landscape_showcase.test.tsx[2m > [22m[2mLandscape Showcase Test Suite (93 Tests)[2m > [22m[2mTier 2: Boundary & Corner Cases (40 tests)[2m > [22m[2mF2: Water boundaries[2m > [22m[2mF2.3: zero/negative depth[22m[39m
Warning: <shaderMaterial /> is using incorrect casing. Use PascalCase for React components, or lowercase for HTML elements.
    at shaderMaterial
    at mesh
    at group
    at Water (E:\project\Anima-Engine\src\components\Landscape\Water.tsx:87:3)
Warning: <bufferAttribute /> is using incorrect casing. Use PascalCase for React components, or lowercase for HTML elements.
    at bufferAttribute
    at bufferGeometry
    at points
    at group
    at Water (E:\project\Anima-Engine\src\components\Landscape\Water.tsx:87:3)
Warning: <bufferGeometry /> is using incorrect casing. Use PascalCase for React components, or lowercase for HTML elements.
    at bufferGeometry
    at points
    at group
    at Water (E:\project\Anima-Engine\src\components\Landscape\Water.tsx:87:3)
Warning: <pointsMaterial /> is using incorrect casing. Use PascalCase for React components, or lowercase for HTML elements.
    at pointsMaterial
    at points
    at group
    at Water (E:\project\Anima-Engine\src\components\Landscape\Water.tsx:87:3)

[90mstderr[2m | frontend/landscape_showcase.test.tsx[2m > [22m[2mLandscape Showcase Test Suite (93 Tests)[2m > [22m[2mTier 2: Boundary & Corner Cases (40 tests)[2m > [22m[2mF2: Water boundaries[2m > [22m[2mF2.4: waterfall limits[22m[39m
Warning: <shaderMaterial /> is using incorrect casing. Use PascalCase for React components, or lowercase for HTML elements.
    at shaderMaterial
    at mesh
    at group
    at Water (E:\project\Anima-Engine\src\components\Landscape\Water.tsx:87:3)
Warning: <bufferAttribute /> is using incorrect casing. Use PascalCase for React components, or lowercase for HTML elements.
    at bufferAttribute
    at bufferGeometry
    at points
    at group
    at Water (E:\project\Anima-Engine\src\components\Landscape\Water.tsx:87:3)
Warning: <bufferGeometry /> is using incorrect casing. Use PascalCase for React components, or lowercase for HTML elements.
    at bufferGeometry
    at points
    at group
    at Water (E:\project\Anima-Engine\src\components\Landscape\Water.tsx:87:3)
Warning: <pointsMaterial /> is using incorrect casing. Use PascalCase for React components, or lowercase for HTML elements.
    at pointsMaterial
    at points
    at group
    at Water (E:\project\Anima-Engine\src\components\Landscape\Water.tsx:87:3)

[90mstderr[2m | frontend/landscape_showcase.test.tsx[2m > [22m[2mLandscape Showcase Test Suite (93 Tests)[2m > [22m[2mTier 2: Boundary & Corner Cases (40 tests)[2m > [22m[2mF2: Water boundaries[2m > [22m[2mF2.5: grazing angles[22m[39m
Warning: <shaderMaterial /> is using incorrect casing. Use PascalCase for React components, or lowercase for HTML elements.
    at shaderMaterial
    at mesh
    at group
    at Water (E:\project\Anima-Engine\src\components\Landscape\Water.tsx:87:3)
Warning: <bufferAttribute /> is using incorrect casing. Use PascalCase for React components, or lowercase for HTML elements.
    at bufferAttribute
    at bufferGeometry
    at points
    at group
    at Water (E:\project\Anima-Engine\src\components\Landscape\Water.tsx:87:3)
Warning: <bufferGeometry /> is using incorrect casing. Use PascalCase for React components, or lowercase for HTML elements.
    at bufferGeometry
    at points
    at group
    at Water (E:\project\Anima-Engine\src\components\Landscape\Water.tsx:87:3)
Warning: <pointsMaterial /> is using incorrect casing. Use PascalCase for React components, or lowercase for HTML elements.
    at pointsMaterial
    at points
    at group
    at Water (E:\project\Anima-Engine\src\components\Landscape\Water.tsx:87:3)

[90mstderr[2m | frontend/landscape_showcase.test.tsx[2m > [22m[2mLandscape Showcase Test Suite (93 Tests)[2m > [22m[2mTier 2: Boundary & Corner Cases (40 tests)[2m > [22m[2mF3: Vegetation boundaries[2m > [22m[2mF3.2: zero vegetation count[22m[39m
Warning: <instancedMesh /> is using incorrect casing. Use PascalCase for React components, or lowercase for HTML elements.
    at instancedMesh
    at group
    at Vegetation (E:\project\Anima-Engine\src\components\Landscape\Vegetation.tsx:58:3)
Warning: <instancedMesh /> is using incorrect casing. Use PascalCase for React components, or lowercase for HTML elements.
    at instancedMesh
    at group
    at Vegetation (E:\project\Anima-Engine\src\components\Landscape\Vegetation.tsx:58:3)
Warning: <instancedMesh /> is using incorrect casing. Use PascalCase for React components, or lowercase for HTML elements.
    at instancedMesh
    at group
    at Vegetation (E:\project\Anima-Engine\src\components\Landscape\Vegetation.tsx:58:3)
Warning: <instancedMesh /> is using incorrect casing. Use PascalCase for React components, or lowercase for HTML elements.
    at instancedMesh
    at group
    at Vegetation (E:\project\Anima-Engine\src\components\Landscape\Vegetation.tsx:58:3)
Warning: <instancedMesh /> is using incorrect casing. Use PascalCase for React components, or lowercase for HTML elements.
    at instancedMesh
    at group
    at Vegetation (E:\project\Anima-Engine\src\components\Landscape\Vegetation.tsx:58:3)

[90mstderr[2m | frontend/landscape_showcase.test.tsx[2m > [22m[2mLandscape Showcase Test Suite (93 Tests)[2m > [22m[2mTier 2: Boundary & Corner Cases (40 tests)[2m > [22m[2mF3: Vegetation boundaries[2m > [22m[2mF3.3: wind force hurricane[22m[39m
Warning: <instancedMesh /> is using incorrect casing. Use PascalCase for React components, or lowercase for HTML elements.
    at instancedMesh
    at group
    at Vegetation (E:\project\Anima-Engine\src\components\Landscape\Vegetation.tsx:58:3)
Warning: <instancedMesh /> is using incorrect casing. Use PascalCase for React components, or lowercase for HTML elements.
    at instancedMesh
    at group
    at Vegetation (E:\project\Anima-Engine\src\components\Landscape\Vegetation.tsx:58:3)
Warning: <instancedMesh /> is using incorrect casing. Use PascalCase for React components, or lowercase for HTML elements.
    at instancedMesh
    at group
    at Vegetation (E:\project\Anima-Engine\src\components\Landscape\Vegetation.tsx:58:3)
Warning: <instancedMesh /> is using incorrect casing. Use PascalCase for React components, or lowercase for HTML elements.
    at instancedMesh
    at group
    at Vegetation (E:\project\Anima-Engine\src\components\Landscape\Vegetation.tsx:58:3)
Warning: <instancedMesh /> is using incorrect casing. Use PascalCase for React components, or lowercase for HTML elements.
    at instancedMesh
    at group
    at Vegetation (E:\project\Anima-Engine\src\components\Landscape\Vegetation.tsx:58:3)

[90mstderr[2m | frontend/landscape_showcase.test.tsx[2m > [22m[2mLandscape Showcase Test Suite (93 Tests)[2m > [22m[2mTier 2: Boundary & Corner Cases (40 tests)[2m > [22m[2mF3: Vegetation boundaries[2m > [22m[2mF3.4: max instanced capacity[22m[39m
Warning: <instancedMesh /> is using incorrect casing. Use PascalCase for React components, or lowercase for HTML elements.
    at instancedMesh
    at group
    at Vegetation (E:\project\Anima-Engine\src\components\Landscape\Vegetation.tsx:58:3)
Warning: <instancedMesh /> is using incorrect casing. Use PascalCase for React components, or lowercase for HTML elements.
    at instancedMesh
    at group
    at Vegetation (E:\project\Anima-Engine\src\components\Landscape\Vegetation.tsx:58:3)
Warning: <instancedMesh /> is using incorrect casing. Use PascalCase for React components, or lowercase for HTML elements.
    at instancedMesh
    at group
    at Vegetation (E:\project\Anima-Engine\src\components\Landscape\Vegetation.tsx:58:3)
Warning: <instancedMesh /> is using incorrect casing. Use PascalCase for React components, or lowercase for HTML elements.
    at instancedMesh
    at group
    at Vegetation (E:\project\Anima-Engine\src\components\Landscape\Vegetation.tsx:58:3)
Warning: <instancedMesh /> is using incorrect casing. Use PascalCase for React components, or lowercase for HTML elements.
    at instancedMesh
    at group
    at Vegetation (E:\project\Anima-Engine\src\components\Landscape\Vegetation.tsx:58:3)

[90mstderr[2m | frontend/landscape_showcase.test.tsx[2m > [22m[2mLandscape Showcase Test Suite (93 Tests)[2m > [22m[2mTier 2: Boundary & Corner Cases (40 tests)[2m > [22m[2mF3: Vegetation boundaries[2m > [22m[2mF3.5: overlap prevention[22m[39m
Warning: <instancedMesh /> is using incorrect casing. Use PascalCase for React components, or lowercase for HTML elements.
    at instancedMesh
    at group
    at Vegetation (E:\project\Anima-Engine\src\components\Landscape\Vegetation.tsx:58:3)
Warning: <instancedMesh /> is using incorrect casing. Use PascalCase for React components, or lowercase for HTML elements.
    at instancedMesh
    at group
    at Vegetation (E:\project\Anima-Engine\src\components\Landscape\Vegetation.tsx:58:3)
Warning: <instancedMesh /> is using incorrect casing. Use PascalCase for React components, or lowercase for HTML elements.
    at instancedMesh
    at group
    at Vegetation (E:\project\Anima-Engine\src\components\Landscape\Vegetation.tsx:58:3)
Warning: <instancedMesh /> is using incorrect casing. Use PascalCase for React components, or lowercase for HTML elements.
    at instancedMesh
    at group
    at Vegetation (E:\project\Anima-Engine\src\components\Landscape\Vegetation.tsx:58:3)
Warning: <instancedMesh /> is using incorrect casing. Use PascalCase for React components, or lowercase for HTML elements.
    at instancedMesh
    at group
    at Vegetation (E:\project\Anima-Engine\src\components\Landscape\Vegetation.tsx:58:3)

[90mstderr[2m | frontend/landscape_showcase.test.tsx[2m > [22m[2mLandscape Showcase Test Suite (93 Tests)[2m > [22m[2mTier 2: Boundary & Corner Cases (40 tests)[2m > [22m[2mF4: Sky boundaries[2m > [22m[2mF4.1: sunrise/sunset transitions exact ticks[22m[39m
Warning: <sphereGeometry /> is using incorrect casing. Use PascalCase for React components, or lowercase for HTML elements.
    at sphereGeometry
    at mesh
    at group
    at Sky (E:\project\Anima-Engine\src\components\Landscape\Sky.tsx:50:16)
Warning: <meshBasicMaterial /> is using incorrect casing. Use PascalCase for React components, or lowercase for HTML elements.
    at meshBasicMaterial
    at mesh
    at group
    at Sky (E:\project\Anima-Engine\src\components\Landscape\Sky.tsx:50:16)
Warning: <directionalLight /> is using incorrect casing. Use PascalCase for React components, or lowercase for HTML elements.
    at directionalLight
    at group
    at Sky (E:\project\Anima-Engine\src\components\Landscape\Sky.tsx:50:16)
Warning: <directionalLight /> is using incorrect casing. Use PascalCase for React components, or lowercase for HTML elements.
    at directionalLight
    at group
    at Sky (E:\project\Anima-Engine\src\components\Landscape\Sky.tsx:50:16)
Warning: <hemisphereLight /> is using incorrect casing. Use PascalCase for React components, or lowercase for HTML elements.
    at hemisphereLight
    at group
    at Sky (E:\project\Anima-Engine\src\components\Landscape\Sky.tsx:50:16)
Warning: <ambientLight /> is using incorrect casing. Use PascalCase for React components, or lowercase for HTML elements.
    at ambientLight
    at group
    at Sky (E:\project\Anima-Engine\src\components\Landscape\Sky.tsx:50:16)
Warning: <sphereGeometry /> is using incorrect casing. Use PascalCase for React components, or lowercase for HTML elements.
    at sphereGeometry
    at mesh
    at group
    at Sky (E:\project\Anima-Engine\src\components\Landscape\Sky.tsx:50:16)
Warning: <meshBasicMaterial /> is using incorrect casing. Use PascalCase for React components, or lowercase for HTML elements.
    at meshBasicMaterial
    at mesh
    at group
    at Sky (E:\project\Anima-Engine\src\components\Landscape\Sky.tsx:50:16)
Warning: <boxGeometry /> is using incorrect casing. Use PascalCase for React components, or lowercase for HTML elements.
    at boxGeometry
    at mesh
    at group
    at group
    at group
    at Sky (E:\project\Anima-Engine\src\components\Landscape\Sky.tsx:50:16)
Warning: <meshStandardMaterial /> is using incorrect casing. Use PascalCase for React components, or lowercase for HTML elements.
    at meshStandardMaterial
    at mesh
    at group
    at group
    at group
    at Sky (E:\project\Anima-Engine\src\components\Landscape\Sky.tsx:50:16)
Warning: <boxGeometry /> is using incorrect casing. Use PascalCase for React components, or lowercase for HTML elements.
    at boxGeometry
    at mesh
    at group
    at group
    at group
    at Sky (E:\project\Anima-Engine\src\components\Landscape\Sky.tsx:50:16)
Warning: <meshStandardMaterial /> is using incorrect casing. Use PascalCase for React components, or lowercase for HTML elements.
    at meshStandardMaterial
    at mesh
    at group
    at group
    at group
    at Sky (E:\project\Anima-Engine\src\components\Landscape\Sky.tsx:50:16)
Warning: <boxGeometry /> is using incorrect casing. Use PascalCase for React components, or lowercase for HTML elements.
    at boxGeometry
    at mesh
    at group
    at group
    at group
    at Sky (E:\project\Anima-Engine\src\components\Landscape\Sky.tsx:50:16)
Warning: <meshStandardMaterial /> is using incorrect casing. Use PascalCase for React components, or lowercase for HTML elements.
    at meshStandardMaterial
    at mesh
    at group
    at group
    at group
    at Sky (E:\project\Anima-Engine\src\components\Landscape\Sky.tsx:50:16)
Warning: <boxGeometry /> is using incorrect casing. Use PascalCase for React components, or lowercase for HTML elements.
    at boxGeometry
    at mesh
    at group
    at group
    at group
    at Sky (E:\project\Anima-Engine\src\components\Landscape\Sky.tsx:50:16)
Warning: <meshStandardMaterial /> is using incorrect casing. Use PascalCase for React components, or lowercase for HTML elements.
    at meshStandardMaterial
    at mesh
    at group
    at group
    at group
    at Sky (E:\project\Anima-Engine\src\components\Landscape\Sky.tsx:50:16)
Warning: <boxGeometry /> is using incorrect casing. Use PascalCase for React components, or lowercase for HTML elements.
    at boxGeometry
    at mesh
    at group
    at group
    at group
    at Sky (E:\project\Anima-Engine\src\components\Landscape\Sky.tsx:50:16)
Warning: <meshStandardMaterial /> is using incorrect casing. Use PascalCase for React components, or lowercase for HTML elements.
    at meshStandardMaterial
    at mesh
    at group
    at group
    at group
    at Sky (E:\project\Anima-Engine\src\components\Landscape\Sky.tsx:50:16)
Warning: <boxGeometry /> is using incorrect casing. Use PascalCase for React components, or lowercase for HTML elements.
    at boxGeometry
    at mesh
    at group
    at group
    at group
    at Sky (E:\project\Anima-Engine\src\components\Landscape\Sky.tsx:50:16)
Warning: <meshStandardMaterial /> is using incorrect casing. Use PascalCase for React components, or lowercase for HTML elements.
    at meshStandardMaterial
    at mesh
    at group
    at group
    at group
    at Sky (E:\project\Anima-Engine\src\components\Landscape\Sky.tsx:50:16)
Warning: <boxGeometry /> is using incorrect casing. Use PascalCase for React components, or lowercase for HTML elements.
    at boxGeometry
    at mesh
    at group
    at group
    at group
    at Sky (E:\project\Anima-Engine\src\components\Landscape\Sky.tsx:50:16)
Warning: <meshStandardMaterial /> is using incorrect casing. Use PascalCase for React components, or lowercase for HTML elements.
    at meshStandardMaterial
    at mesh
    at group
    at group
    at group
    at Sky (E:\project\Anima-Engine\src\components\Landscape\Sky.tsx:50:16)
Warning: <boxGeometry /> is using incorrect casing. Use PascalCase for React components, or lowercase for HTML elements.
    at boxGeometry
    at mesh
    at group
    at group
    at group
    at Sky (E:\project\Anima-Engine\src\components\Landscape\Sky.tsx:50:16)
Warning: <meshStandardMaterial /> is using incorrect casing. Use PascalCase for React components, or lowercase for HTML elements.
    at meshStandardMaterial
    at mesh
    at group
    at group
    at group
    at Sky (E:\project\Anima-Engine\src\components\Landscape\Sky.tsx:50:16)
Warning: <boxGeometry /> is using incorrect casing. Use PascalCase for React components, or lowercase for HTML elements.
    at boxGeometry
    at mesh
    at group
    at group
    at group
    at Sky (E:\project\Anima-Engine\src\components\Landscape\Sky.tsx:50:16)
Warning: <meshStandardMaterial /> is using incorrect casing. Use PascalCase for React components, or lowercase for HTML elements.
    at meshStandardMaterial
    at mesh
    at group
    at group
    at group
    at Sky (E:\project\Anima-Engine\src\components\Landscape\Sky.tsx:50:16)
Warning: <boxGeometry /> is using incorrect casing. Use PascalCase for React components, or lowercase for HTML elements.
    at boxGeometry
    at mesh
    at group
    at group
    at group
    at Sky (E:\project\Anima-Engine\src\components\Landscape\Sky.tsx:50:16)
Warning: <meshStandardMaterial /> is using incorrect casing. Use PascalCase for React components, or lowercase for HTML elements.
    at meshStandardMaterial
    at mesh
    at group
    at group
    at group
    at Sky (E:\project\Anima-Engine\src\components\Landscape\Sky.tsx:50:16)
Warning: <boxGeometry /> is using incorrect casing. Use PascalCase for React components, or lowercase for HTML elements.
    at boxGeometry
    at mesh
    at group
    at group
    at group
    at Sky (E:\project\Anima-Engine\src\components\Landscape\Sky.tsx:50:16)
Warning: <meshStandardMaterial /> is using incorrect casing. Use PascalCase for React components, or lowercase for HTML elements.
    at meshStandardMaterial
    at mesh
    at group
    at group
    at group
    at Sky (E:\project\Anima-Engine\src\components\Landscape\Sky.tsx:50:16)
Warning: <boxGeometry /> is using incorrect casing. Use PascalCase for React components, or lowercase for HTML elements.
    at boxGeometry
    at mesh
    at group
    at group
    at group
    at Sky (E:\project\Anima-Engine\src\components\Landscape\Sky.tsx:50:16)
Warning: <meshStandardMaterial /> is using incorrect casing. Use PascalCase for React components, or lowercase for HTML elements.
    at meshStandardMaterial
    at mesh
    at group
    at group
    at group
    at Sky (E:\project\Anima-Engine\src\components\Landscape\Sky.tsx:50:16)
Warning: <boxGeometry /> is using incorrect casing. Use PascalCase for React components, or lowercase for HTML elements.
    at boxGeometry
    at mesh
    at group
    at group
    at group
    at Sky (E:\project\Anima-Engine\src\components\Landscape\Sky.tsx:50:16)
Warning: <meshStandardMaterial /> is using incorrect casing. Use PascalCase for React components, or lowercase for HTML elements.
    at meshStandardMaterial
    at mesh
    at group
    at group
    at group
    at Sky (E:\project\Anima-Engine\src\components\Landscape\Sky.tsx:50:16)
Warning: <boxGeometry /> is using incorrect casing. Use PascalCase for React components, or lowercase for HTML elements.
    at boxGeometry
    at mesh
    at group
    at group
    at group
    at Sky (E:\project\Anima-Engine\src\components\Landscape\Sky.tsx:50:16)
Warning: <meshStandardMaterial /> is using incorrect casing. Use PascalCase for React components, or lowercase for HTML elements.
    at meshStandardMaterial
    at mesh
    at group
    at group
    at group
    at Sky (E:\project\Anima-Engine\src\components\Landscape\Sky.tsx:50:16)
Warning: <boxGeometry /> is using incorrect casing. Use PascalCase for React components, or lowercase for HTML elements.
    at boxGeometry
    at mesh
    at group
    at group
    at group
    at Sky (E:\project\Anima-Engine\src\components\Landscape\Sky.tsx:50:16)
Warning: <meshStandardMaterial /> is using incorrect casing. Use PascalCase for React components, or lowercase for HTML elements.
    at meshStandardMaterial
    at mesh
    at group
    at group
    at group
    at Sky (E:\project\Anima-Engine\src\components\Landscape\Sky.tsx:50:16)
Warning: <boxGeometry /> is using incorrect casing. Use PascalCase for React components, or lowercase for HTML elements.
    at boxGeometry
    at mesh
    at group
    at group
    at group
    at Sky (E:\project\Anima-Engine\src\components\Landscape\Sky.tsx:50:16)
Warning: <meshStandardMaterial /> is using incorrect casing. Use PascalCase for React components, or lowercase for HTML elements.
    at meshStandardMaterial
    at mesh
    at group
    at group
    at group
    at Sky (E:\project\Anima-Engine\src\components\Landscape\Sky.tsx:50:16)
Warning: <boxGeometry /> is using incorrect casing. Use PascalCase for React components, or lowercase for HTML elements.
    at boxGeometry
    at mesh
    at group
    at group
    at group
    at Sky (E:\project\Anima-Engine\src\components\Landscape\Sky.tsx:50:16)
Warning: <meshStandardMaterial /> is using incorrect casing. Use PascalCase for React components, or lowercase for HTML elements.
    at meshStandardMaterial
    at mesh
    at group
    at group
    at group
    at Sky (E:\project\Anima-Engine\src\components\Landscape\Sky.tsx:50:16)
Warning: <boxGeometry /> is using incorrect casing. Use PascalCase for React components, or lowercase for HTML elements.
    at boxGeometry
    at mesh
    at group
    at group
    at group
    at Sky (E:\project\Anima-Engine\src\components\Landscape\Sky.tsx:50:16)
Warning: <meshStandardMaterial /> is using incorrect casing. Use PascalCase for React components, or lowercase for HTML elements.
    at meshStandardMaterial
    at mesh
    at group
    at group
    at group
    at Sky (E:\project\Anima-Engine\src\components\Landscape\Sky.tsx:50:16)

[90mstderr[2m | frontend/landscape_showcase.test.tsx[2m > [22m[2mLandscape Showcase Test Suite (93 Tests)[2m > [22m[2mTier 2: Boundary & Corner Cases (40 tests)[2m > [22m[2mF4: Sky boundaries[2m > [22m[2mF4.2: cycle speed limits[22m[39m
Warning: <sphereGeometry /> is using incorrect casing. Use PascalCase for React components, or lowercase for HTML elements.
    at sphereGeometry
    at mesh
    at group
    at Sky (E:\project\Anima-Engine\src\components\Landscape\Sky.tsx:50:16)
Warning: <meshBasicMaterial /> is using incorrect casing. Use PascalCase for React components, or lowercase for HTML elements.
    at meshBasicMaterial
    at mesh
    at group
    at Sky (E:\project\Anima-Engine\src\components\Landscape\Sky.tsx:50:16)
Warning: <directionalLight /> is using incorrect casing. Use PascalCase for React components, or lowercase for HTML elements.
    at directionalLight
    at group
    at Sky (E:\project\Anima-Engine\src\components\Landscape\Sky.tsx:50:16)
Warning: <hemisphereLight /> is using incorrect casing. Use PascalCase for React components, or lowercase for HTML elements.
    at hemisphereLight
    at group
    at Sky (E:\project\Anima-Engine\src\components\Landscape\Sky.tsx:50:16)
Warning: <ambientLight /> is using incorrect casing. Use PascalCase for React components, or lowercase for HTML elements.
    at ambientLight
    at group
    at Sky (E:\project\Anima-Engine\src\components\Landscape\Sky.tsx:50:16)
Warning: <boxGeometry /> is using incorrect casing. Use PascalCase for React components, or lowercase for HTML elements.
    at boxGeometry
    at mesh
    at group
    at group
    at group
    at Sky (E:\project\Anima-Engine\src\components\Landscape\Sky.tsx:50:16)
Warning: <meshStandardMaterial /> is using incorrect casing. Use PascalCase for React components, or lowercase for HTML elements.
    at meshStandardMaterial
    at mesh
    at group
    at group
    at group
    at Sky (E:\project\Anima-Engine\src\components\Landscape\Sky.tsx:50:16)
Warning: <boxGeometry /> is using incorrect casing. Use PascalCase for React components, or lowercase for HTML elements.
    at boxGeometry
    at mesh
    at group
    at group
    at group
    at Sky (E:\project\Anima-Engine\src\components\Landscape\Sky.tsx:50:16)
Warning: <meshStandardMaterial /> is using incorrect casing. Use PascalCase for React components, or lowercase for HTML elements.
    at meshStandardMaterial
    at mesh
    at group
    at group
    at group
    at Sky (E:\project\Anima-Engine\src\components\Landscape\Sky.tsx:50:16)
Warning: <boxGeometry /> is using incorrect casing. Use PascalCase for React components, or lowercase for HTML elements.
    at boxGeometry
    at mesh
    at group
    at group
    at group
    at Sky (E:\project\Anima-Engine\src\components\Landscape\Sky.tsx:50:16)
Warning: <meshStandardMaterial /> is using incorrect casing. Use PascalCase for React components, or lowercase for HTML elements.
    at meshStandardMaterial
    at mesh
    at group
    at group
    at group
    at Sky (E:\project\Anima-Engine\src\components\Landscape\Sky.tsx:50:16)
Warning: <boxGeometry /> is using incorrect casing. Use PascalCase for React components, or lowercase for HTML elements.
    at boxGeometry
    at mesh
    at group
    at group
    at group
    at Sky (E:\project\Anima-Engine\src\components\Landscape\Sky.tsx:50:16)
Warning: <meshStandardMaterial /> is using incorrect casing. Use PascalCase for React components, or lowercase for HTML elements.
    at meshStandardMaterial
    at mesh
    at group
    at group
    at group
    at Sky (E:\project\Anima-Engine\src\components\Landscape\Sky.tsx:50:16)
Warning: <boxGeometry /> is using incorrect casing. Use PascalCase for React components, or lowercase for HTML elements.
    at boxGeometry
    at mesh
    at group
    at group
    at group
    at Sky (E:\project\Anima-Engine\src\components\Landscape\Sky.tsx:50:16)
Warning: <meshStandardMaterial /> is using incorrect casing. Use PascalCase for React components, or lowercase for HTML elements.
    at meshStandardMaterial
    at mesh
    at group
    at group
    at group
    at Sky (E:\project\Anima-Engine\src\components\Landscape\Sky.tsx:50:16)
Warning: <boxGeometry /> is using incorrect casing. Use PascalCase for React components, or lowercase for HTML elements.
    at boxGeometry
    at mesh
    at group
    at group
    at group
    at Sky (E:\project\Anima-Engine\src\components\Landscape\Sky.tsx:50:16)
Warning: <meshStandardMaterial /> is using incorrect casing. Use PascalCase for React components, or lowercase for HTML elements.
    at meshStandardMaterial
    at mesh
    at group
    at group
    at group
    at Sky (E:\project\Anima-Engine\src\components\Landscape\Sky.tsx:50:16)
Warning: <boxGeometry /> is using incorrect casing. Use PascalCase for React components, or lowercase for HTML elements.
    at boxGeometry
    at mesh
    at group
    at group
    at group
    at Sky (E:\project\Anima-Engine\src\components\Landscape\Sky.tsx:50:16)
Warning: <meshStandardMaterial /> is using incorrect casing. Use PascalCase for React components, or lowercase for HTML elements.
    at meshStandardMaterial
    at mesh
    at group
    at group
    at group
    at Sky (E:\project\Anima-Engine\src\components\Landscape\Sky.tsx:50:16)
Warning: <boxGeometry /> is using incorrect casing. Use PascalCase for React components, or lowercase for HTML elements.
    at boxGeometry
    at mesh
    at group
    at group
    at group
    at Sky (E:\project\Anima-Engine\src\components\Landscape\Sky.tsx:50:16)
Warning: <meshStandardMaterial /> is using incorrect casing. Use PascalCase for React components, or lowercase for HTML elements.
    at meshStandardMaterial
    at mesh
    at group
    at group
    at group
    at Sky (E:\project\Anima-Engine\src\components\Landscape\Sky.tsx:50:16)
Warning: <boxGeometry /> is using incorrect casing. Use PascalCase for React components, or lowercase for HTML elements.
    at boxGeometry
    at mesh
    at group
    at group
    at group
    at Sky (E:\project\Anima-Engine\src\components\Landscape\Sky.tsx:50:16)
Warning: <meshStandardMaterial /> is using incorrect casing. Use PascalCase for React components, or lowercase for HTML elements.
    at meshStandardMaterial
    at mesh
    at group
    at group
    at group
    at Sky (E:\project\Anima-Engine\src\components\Landscape\Sky.tsx:50:16)
Warning: <boxGeometry /> is using incorrect casing. Use PascalCase for React components, or lowercase for HTML elements.
    at boxGeometry
    at mesh
    at group
    at group
    at group
    at Sky (E:\project\Anima-Engine\src\components\Landscape\Sky.tsx:50:16)
Warning: <meshStandardMaterial /> is using incorrect casing. Use PascalCase for React components, or lowercase for HTML elements.
    at meshStandardMaterial
    at mesh
    at group
    at group
    at group
    at Sky (E:\project\Anima-Engine\src\components\Landscape\Sky.tsx:50:16)
Warning: <boxGeometry /> is using incorrect casing. Use PascalCase for React components, or lowercase for HTML elements.
    at boxGeometry
    at mesh
    at group
    at group
    at group
    at Sky (E:\project\Anima-Engine\src\components\Landscape\Sky.tsx:50:16)
Warning: <meshStandardMaterial /> is using incorrect casing. Use PascalCase for React components, or lowercase for HTML elements.
    at meshStandardMaterial
    at mesh
    at group
    at group
    at group
    at Sky (E:\project\Anima-Engine\src\components\Landscape\Sky.tsx:50:16)
Warning: <boxGeometry /> is using incorrect casing. Use PascalCase for React components, or lowercase for HTML elements.
    at boxGeometry
    at mesh
    at group
    at group
    at group
    at Sky (E:\project\Anima-Engine\src\components\Landscape\Sky.tsx:50:16)
Warning: <meshStandardMaterial /> is using incorrect casing. Use PascalCase for React components, or lowercase for HTML elements.
    at meshStandardMaterial
    at mesh
    at group
    at group
    at group
    at Sky (E:\project\Anima-Engine\src\components\Landscape\Sky.tsx:50:16)
Warning: <boxGeometry /> is using incorrect casing. Use PascalCase for React components, or lowercase for HTML elements.
    at boxGeometry
    at mesh
    at group
    at group
    at group
    at Sky (E:\project\Anima-Engine\src\components\Landscape\Sky.tsx:50:16)
Warning: <meshStandardMaterial /> is using incorrect casing. Use PascalCase for React components, or lowercase for HTML elements.
    at meshStandardMaterial
    at mesh
    at group
    at group
    at group
    at Sky (E:\project\Anima-Engine\src\components\Landscape\Sky.tsx:50:16)
Warning: <boxGeometry /> is using incorrect casing. Use PascalCase for React components, or lowercase for HTML elements.
    at boxGeometry
    at mesh
    at group
    at group
    at group
    at Sky (E:\project\Anima-Engine\src\components\Landscape\Sky.tsx:50:16)
Warning: <meshStandardMaterial /> is using incorrect casing. Use PascalCase for React components, or lowercase for HTML elements.
    at meshStandardMaterial
    at mesh
    at group
    at group
    at group
    at Sky (E:\project\Anima-Engine\src\components\Landscape\Sky.tsx:50:16)
Warning: <boxGeometry /> is using incorrect casing. Use PascalCase for React components, or lowercase for HTML elements.
    at boxGeometry
    at mesh
    at group
    at group
    at group
    at Sky (E:\project\Anima-Engine\src\components\Landscape\Sky.tsx:50:16)
Warning: <meshStandardMaterial /> is using incorrect casing. Use PascalCase for React components, or lowercase for HTML elements.
    at meshStandardMaterial
    at mesh
    at group
    at group
    at group
    at Sky (E:\project\Anima-Engine\src\components\Landscape\Sky.tsx:50:16)
Warning: <boxGeometry /> is using incorrect casing. Use PascalCase for React components, or lowercase for HTML elements.
    at boxGeometry
    at mesh
    at group
    at group
    at group
    at Sky (E:\project\Anima-Engine\src\components\Landscape\Sky.tsx:50:16)
Warning: <meshStandardMaterial /> is using incorrect casing. Use PascalCase for React components, or lowercase for HTML elements.
    at meshStandardMaterial
    at mesh
    at group
    at group
    at group
    at Sky (E:\project\Anima-Engine\src\components\Landscape\Sky.tsx:50:16)
Warning: <boxGeometry /> is using incorrect casing. Use PascalCase for React components, or lowercase for HTML elements.
    at boxGeometry
    at mesh
    at group
    at group
    at group
    at Sky (E:\project\Anima-Engine\src\components\Landscape\Sky.tsx:50:16)
Warning: <meshStandardMaterial /> is using incorrect casing. Use PascalCase for React components, or lowercase for HTML elements.
    at meshStandardMaterial
    at mesh
    at group
    at group
    at group
    at Sky (E:\project\Anima-Engine\src\components\Landscape\Sky.tsx:50:16)
Warning: <boxGeometry /> is using incorrect casing. Use PascalCase for React components, or lowercase for HTML elements.
    at boxGeometry
    at mesh
    at group
    at group
    at group
    at Sky (E:\project\Anima-Engine\src\components\Landscape\Sky.tsx:50:16)
Warning: <meshStandardMaterial /> is using incorrect casing. Use PascalCase for React components, or lowercase for HTML elements.
    at meshStandardMaterial
    at mesh
    at group
    at group
    at group
    at Sky (E:\project\Anima-Engine\src\components\Landscape\Sky.tsx:50:16)

[90mstderr[2m | frontend/landscape_showcase.test.tsx[2m > [22m[2mLandscape Showcase Test Suite (93 Tests)[2m > [22m[2mTier 2: Boundary & Corner Cases (40 tests)[2m > [22m[2mF4: Sky boundaries[2m > [22m[2mF4.3: cloudless vs overcast[22m[39m
Warning: <sphereGeometry /> is using incorrect casing. Use PascalCase for React components, or lowercase for HTML elements.
    at sphereGeometry
    at mesh
    at group
    at Sky (E:\project\Anima-Engine\src\components\Landscape\Sky.tsx:50:16)
Warning: <meshBasicMaterial /> is using incorrect casing. Use PascalCase for React components, or lowercase for HTML elements.
    at meshBasicMaterial
    at mesh
    at group
    at Sky (E:\project\Anima-Engine\src\components\Landscape\Sky.tsx:50:16)
Warning: <directionalLight /> is using incorrect casing. Use PascalCase for React components, or lowercase for HTML elements.
    at directionalLight
    at group
    at Sky (E:\project\Anima-Engine\src\components\Landscape\Sky.tsx:50:16)
Warning: <hemisphereLight /> is using incorrect casing. Use PascalCase for React components, or lowercase for HTML elements.
    at hemisphereLight
    at group
    at Sky (E:\project\Anima-Engine\src\components\Landscape\Sky.tsx:50:16)
Warning: <ambientLight /> is using incorrect casing. Use PascalCase for React components, or lowercase for HTML elements.
    at ambientLight
    at group
    at Sky (E:\project\Anima-Engine\src\components\Landscape\Sky.tsx:50:16)
Warning: <boxGeometry /> is using incorrect casing. Use PascalCase for React components, or lowercase for HTML elements.
    at boxGeometry
    at mesh
    at group
    at group
    at group
    at Sky (E:\project\Anima-Engine\src\components\Landscape\Sky.tsx:50:16)
Warning: <meshStandardMaterial /> is using incorrect casing. Use PascalCase for React components, or lowercase for HTML elements.
    at meshStandardMaterial
    at mesh
    at group
    at group
    at group
    at Sky (E:\project\Anima-Engine\src\components\Landscape\Sky.tsx:50:16)
Warning: <boxGeometry /> is using incorrect casing. Use PascalCase for React components, or lowercase for HTML elements.
    at boxGeometry
    at mesh
    at group
    at group
    at group
    at Sky (E:\project\Anima-Engine\src\components\Landscape\Sky.tsx:50:16)
Warning: <meshStandardMaterial /> is using incorrect casing. Use PascalCase for React components, or lowercase for HTML elements.
    at meshStandardMaterial
    at mesh
    at group
    at group
    at group
    at Sky (E:\project\Anima-Engine\src\components\Landscape\Sky.tsx:50:16)
Warning: <boxGeometry /> is using incorrect casing. Use PascalCase for React components, or lowercase for HTML elements.
    at boxGeometry
    at mesh
    at group
    at group
    at group
    at Sky (E:\project\Anima-Engine\src\components\Landscape\Sky.tsx:50:16)
Warning: <meshStandardMaterial /> is using incorrect casing. Use PascalCase for React components, or lowercase for HTML elements.
    at meshStandardMaterial
    at mesh
    at group
    at group
    at group
    at Sky (E:\project\Anima-Engine\src\components\Landscape\Sky.tsx:50:16)
Warning: <boxGeometry /> is using incorrect casing. Use PascalCase for React components, or lowercase for HTML elements.
    at boxGeometry
    at mesh
    at group
    at group
    at group
    at Sky (E:\project\Anima-Engine\src\components\Landscape\Sky.tsx:50:16)
Warning: <meshStandardMaterial /> is using incorrect casing. Use PascalCase for React components, or lowercase for HTML elements.
    at meshStandardMaterial
    at mesh
    at group
    at group
    at group
    at Sky (E:\project\Anima-Engine\src\components\Landscape\Sky.tsx:50:16)
Warning: <boxGeometry /> is using incorrect casing. Use PascalCase for React components, or lowercase for HTML elements.
    at boxGeometry
    at mesh
    at group
    at group
    at group
    at Sky (E:\project\Anima-Engine\src\components\Landscape\Sky.tsx:50:16)
Warning: <meshStandardMaterial /> is using incorrect casing. Use PascalCase for React components, or lowercase for HTML elements.
    at meshStandardMaterial
    at mesh
    at group
    at group
    at group
    at Sky (E:\project\Anima-Engine\src\components\Landscape\Sky.tsx:50:16)
Warning: <boxGeometry /> is using incorrect casing. Use PascalCase for React components, or lowercase for HTML elements.
    at boxGeometry
    at mesh
    at group
    at group
    at group
    at Sky (E:\project\Anima-Engine\src\components\Landscape\Sky.tsx:50:16)
Warning: <meshStandardMaterial /> is using incorrect casing. Use PascalCase for React components, or lowercase for HTML elements.
    at meshStandardMaterial
    at mesh
    at group
    at group
    at group
    at Sky (E:\project\Anima-Engine\src\components\Landscape\Sky.tsx:50:16)
Warning: <boxGeometry /> is using incorrect casing. Use PascalCase for React components, or lowercase for HTML elements.
    at boxGeometry
    at mesh
    at group
    at group
    at group
    at Sky (E:\project\Anima-Engine\src\components\Landscape\Sky.tsx:50:16)
Warning: <meshStandardMaterial /> is using incorrect casing. Use PascalCase for React components, or lowercase for HTML elements.
    at meshStandardMaterial
    at mesh
    at group
    at group
    at group
    at Sky (E:\project\Anima-Engine\src\components\Landscape\Sky.tsx:50:16)
Warning: <boxGeometry /> is using incorrect casing. Use PascalCase for React components, or lowercase for HTML elements.
    at boxGeometry
    at mesh
    at group
    at group
    at group
    at Sky (E:\project\Anima-Engine\src\components\Landscape\Sky.tsx:50:16)
Warning: <meshStandardMaterial /> is using incorrect casing. Use PascalCase for React components, or lowercase for HTML elements.
    at meshStandardMaterial
    at mesh
    at group
    at group
    at group
    at Sky (E:\project\Anima-Engine\src\components\Landscape\Sky.tsx:50:16)
Warning: <boxGeometry /> is using incorrect casing. Use PascalCase for React components, or lowercase for HTML elements.
    at boxGeometry
    at mesh
    at group
    at group
    at group
    at Sky (E:\project\Anima-Engine\src\components\Landscape\Sky.tsx:50:16)
Warning: <meshStandardMaterial /> is using incorrect casing. Use PascalCase for React components, or lowercase for HTML elements.
    at meshStandardMaterial
    at mesh
    at group
    at group
    at group
    at Sky (E:\project\Anima-Engine\src\components\Landscape\Sky.tsx:50:16)
Warning: <boxGeometry /> is using incorrect casing. Use PascalCase for React components, or lowercase for HTML elements.
    at boxGeometry
    at mesh
    at group
    at group
    at group
    at Sky (E:\project\Anima-Engine\src\components\Landscape\Sky.tsx:50:16)
Warning: <meshStandardMaterial /> is using incorrect casing. Use PascalCase for React components, or lowercase for HTML elements.
    at meshStandardMaterial
    at mesh
    at group
    at group
    at group
    at Sky (E:\project\Anima-Engine\src\components\Landscape\Sky.tsx:50:16)
Warning: <boxGeometry /> is using incorrect casing. Use PascalCase for React components, or lowercase for HTML elements.
    at boxGeometry
    at mesh
    at group
    at group
    at group
    at Sky (E:\project\Anima-Engine\src\components\Landscape\Sky.tsx:50:16)
Warning: <meshStandardMaterial /> is using incorrect casing. Use PascalCase for React components, or lowercase for HTML elements.
    at meshStandardMaterial
    at mesh
    at group
    at group
    at group
    at Sky (E:\project\Anima-Engine\src\components\Landscape\Sky.tsx:50:16)
Warning: <boxGeometry /> is using incorrect casing. Use PascalCase for React components, or lowercase for HTML elements.
    at boxGeometry
    at mesh
    at group
    at group
    at group
    at Sky (E:\project\Anima-Engine\src\components\Landscape\Sky.tsx:50:16)
Warning: <meshStandardMaterial /> is using incorrect casing. Use PascalCase for React components, or lowercase for HTML elements.
    at meshStandardMaterial
    at mesh
    at group
    at group
    at group
    at Sky (E:\project\Anima-Engine\src\components\Landscape\Sky.tsx:50:16)
Warning: <boxGeometry /> is using incorrect casing. Use PascalCase for React components, or lowercase for HTML elements.
    at boxGeometry
    at mesh
    at group
    at group
    at group
    at Sky (E:\project\Anima-Engine\src\components\Landscape\Sky.tsx:50:16)
Warning: <meshStandardMaterial /> is using incorrect casing. Use PascalCase for React components, or lowercase for HTML elements.
    at meshStandardMaterial
    at mesh
    at group
    at group
    at group
    at Sky (E:\project\Anima-Engine\src\components\Landscape\Sky.tsx:50:16)
Warning: <boxGeometry /> is using incorrect casing. Use PascalCase for React components, or lowercase for HTML elements.
    at boxGeometry
    at mesh
    at group
    at group
    at group
    at Sky (E:\project\Anima-Engine\src\components\Landscape\Sky.tsx:50:16)
Warning: <meshStandardMaterial /> is using incorrect casing. Use PascalCase for React components, or lowercase for HTML elements.
    at meshStandardMaterial
    at mesh
    at group
    at group
    at group
    at Sky (E:\project\Anima-Engine\src\components\Landscape\Sky.tsx:50:16)
Warning: <boxGeometry /> is using incorrect casing. Use PascalCase for React components, or lowercase for HTML elements.
    at boxGeometry
    at mesh
    at group
    at group
    at group
    at Sky (E:\project\Anima-Engine\src\components\Landscape\Sky.tsx:50:16)
Warning: <meshStandardMaterial /> is using incorrect casing. Use PascalCase for React components, or lowercase for HTML elements.
    at meshStandardMaterial
    at mesh
    at group
    at group
    at group
    at Sky (E:\project\Anima-Engine\src\components\Landscape\Sky.tsx:50:16)
Warning: <boxGeometry /> is using incorrect casing. Use PascalCase for React components, or lowercase for HTML elements.
    at boxGeometry
    at mesh
    at group
    at group
    at group
    at Sky (E:\project\Anima-Engine\src\components\Landscape\Sky.tsx:50:16)
Warning: <meshStandardMaterial /> is using incorrect casing. Use PascalCase for React components, or lowercase for HTML elements.
    at meshStandardMaterial
    at mesh
    at group
    at group
    at group
    at Sky (E:\project\Anima-Engine\src\components\Landscape\Sky.tsx:50:16)
Warning: <boxGeometry /> is using incorrect casing. Use PascalCase for React components, or lowercase for HTML elements.
    at boxGeometry
    at mesh
    at group
    at group
    at group
    at Sky (E:\project\Anima-Engine\src\components\Landscape\Sky.tsx:50:16)
Warning: <meshStandardMaterial /> is using incorrect casing. Use PascalCase for React components, or lowercase for HTML elements.
    at meshStandardMaterial
    at mesh
    at group
    at group
    at group
    at Sky (E:\project\Anima-Engine\src\components\Landscape\Sky.tsx:50:16)
Warning: <boxGeometry /> is using incorrect casing. Use PascalCase for React components, or lowercase for HTML elements.
    at boxGeometry
    at mesh
    at group
    at group
    at group
    at Sky (E:\project\Anima-Engine\src\components\Landscape\Sky.tsx:50:16)
Warning: <meshStandardMaterial /> is using incorrect casing. Use PascalCase for React components, or lowercase for HTML elements.
    at meshStandardMaterial
    at mesh
    at group
    at group
    at group
    at Sky (E:\project\Anima-Engine\src\components\Landscape\Sky.tsx:50:16)

[90mstderr[2m | frontend/landscape_showcase.test.tsx[2m > [22m[2mLandscape Showcase Test Suite (93 Tests)[2m > [22m[2mTier 2: Boundary & Corner Cases (40 tests)[2m > [22m[2mF4: Sky boundaries[2m > [22m[2mF4.4: total darkness shadows[22m[39m
Warning: <sphereGeometry /> is using incorrect casing. Use PascalCase for React components, or lowercase for HTML elements.
    at sphereGeometry
    at mesh
    at group
    at Sky (E:\project\Anima-Engine\src\components\Landscape\Sky.tsx:50:16)
Warning: <meshBasicMaterial /> is using incorrect casing. Use PascalCase for React components, or lowercase for HTML elements.
    at meshBasicMaterial
    at mesh
    at group
    at Sky (E:\project\Anima-Engine\src\components\Landscape\Sky.tsx:50:16)
Warning: <directionalLight /> is using incorrect casing. Use PascalCase for React components, or lowercase for HTML elements.
    at directionalLight
    at group
    at Sky (E:\project\Anima-Engine\src\components\Landscape\Sky.tsx:50:16)
Warning: <directionalLight /> is using incorrect casing. Use PascalCase for React components, or lowercase for HTML elements.
    at directionalLight
    at group
    at Sky (E:\project\Anima-Engine\src\components\Landscape\Sky.tsx:50:16)
Warning: <hemisphereLight /> is using incorrect casing. Use PascalCase for React components, or lowercase for HTML elements.
    at hemisphereLight
    at group
    at Sky (E:\project\Anima-Engine\src\components\Landscape\Sky.tsx:50:16)
Warning: <ambientLight /> is using incorrect casing. Use PascalCase for React components, or lowercase for HTML elements.
    at ambientLight
    at group
    at Sky (E:\project\Anima-Engine\src\components\Landscape\Sky.tsx:50:16)
Warning: <sphereGeometry /> is using incorrect casing. Use PascalCase for React components, or lowercase for HTML elements.
    at sphereGeometry
    at mesh
    at group
    at Sky (E:\project\Anima-Engine\src\components\Landscape\Sky.tsx:50:16)
Warning: <meshBasicMaterial /> is using incorrect casing. Use PascalCase for React components, or lowercase for HTML elements.
    at meshBasicMaterial
    at mesh
    at group
    at Sky (E:\project\Anima-Engine\src\components\Landscape\Sky.tsx:50:16)
Warning: <bufferAttribute /> is using incorrect casing. Use PascalCase for React components, or lowercase for HTML elements.
    at bufferAttribute
    at bufferGeometry
    at points
    at group
    at Sky (E:\project\Anima-Engine\src\components\Landscape\Sky.tsx:50:16)
Warning: <bufferGeometry /> is using incorrect casing. Use PascalCase for React components, or lowercase for HTML elements.
    at bufferGeometry
    at points
    at group
    at Sky (E:\project\Anima-Engine\src\components\Landscape\Sky.tsx:50:16)
Warning: <pointsMaterial /> is using incorrect casing. Use PascalCase for React components, or lowercase for HTML elements.
    at pointsMaterial
    at points
    at group
    at Sky (E:\project\Anima-Engine\src\components\Landscape\Sky.tsx:50:16)
Warning: <boxGeometry /> is using incorrect casing. Use PascalCase for React components, or lowercase for HTML elements.
    at boxGeometry
    at mesh
    at group
    at group
    at group
    at Sky (E:\project\Anima-Engine\src\components\Landscape\Sky.tsx:50:16)
Warning: <meshStandardMaterial /> is using incorrect casing. Use PascalCase for React components, or lowercase for HTML elements.
    at meshStandardMaterial
    at mesh
    at group
    at group
    at group
    at Sky (E:\project\Anima-Engine\src\components\Landscape\Sky.tsx:50:16)
Warning: <boxGeometry /> is using incorrect casing. Use PascalCase for React components, or lowercase for HTML elements.
    at boxGeometry
    at mesh
    at group
    at group
    at group
    at Sky (E:\project\Anima-Engine\src\components\Landscape\Sky.tsx:50:16)
Warning: <meshStandardMaterial /> is using incorrect casing. Use PascalCase for React components, or lowercase for HTML elements.
    at meshStandardMaterial
    at mesh
    at group
    at group
    at group
    at Sky (E:\project\Anima-Engine\src\components\Landscape\Sky.tsx:50:16)
Warning: <boxGeometry /> is using incorrect casing. Use PascalCase for React components, or lowercase for HTML elements.
    at boxGeometry
    at mesh
    at group
    at group
    at group
    at Sky (E:\project\Anima-Engine\src\components\Landscape\Sky.tsx:50:16)
Warning: <meshStandardMaterial /> is using incorrect casing. Use PascalCase for React components, or lowercase for HTML elements.
    at meshStandardMaterial
    at mesh
    at group
    at group
    at group
    at Sky (E:\project\Anima-Engine\src\components\Landscape\Sky.tsx:50:16)
Warning: <boxGeometry /> is using incorrect casing. Use PascalCase for React components, or lowercase for HTML elements.
    at boxGeometry
    at mesh
    at group
    at group
    at group
    at Sky (E:\project\Anima-Engine\src\components\Landscape\Sky.tsx:50:16)
Warning: <meshStandardMaterial /> is using incorrect casing. Use PascalCase for React components, or lowercase for HTML elements.
    at meshStandardMaterial
    at mesh
    at group
    at group
    at group
    at Sky (E:\project\Anima-Engine\src\components\Landscape\Sky.tsx:50:16)
Warning: <boxGeometry /> is using incorrect casing. Use PascalCase for React components, or lowercase for HTML elements.
    at boxGeometry
    at mesh
    at group
    at group
    at group
    at Sky (E:\project\Anima-Engine\src\components\Landscape\Sky.tsx:50:16)
Warning: <meshStandardMaterial /> is using incorrect casing. Use PascalCase for React components, or lowercase for HTML elements.
    at meshStandardMaterial
    at mesh
    at group
    at group
    at group
    at Sky (E:\project\Anima-Engine\src\components\Landscape\Sky.tsx:50:16)
Warning: <boxGeometry /> is using incorrect casing. Use PascalCase for React components, or lowercase for HTML elements.
    at boxGeometry
    at mesh
    at group
    at group
    at group
    at Sky (E:\project\Anima-Engine\src\components\Landscape\Sky.tsx:50:16)
Warning: <meshStandardMaterial /> is using incorrect casing. Use PascalCase for React components, or lowercase for HTML elements.
    at meshStandardMaterial
    at mesh
    at group
    at group
    at group
    at Sky (E:\project\Anima-Engine\src\components\Landscape\Sky.tsx:50:16)
Warning: <boxGeometry /> is using incorrect casing. Use PascalCase for React components, or lowercase for HTML elements.
    at boxGeometry
    at mesh
    at group
    at group
    at group
    at Sky (E:\project\Anima-Engine\src\components\Landscape\Sky.tsx:50:16)
Warning: <meshStandardMaterial /> is using incorrect casing. Use PascalCase for React components, or lowercase for HTML elements.
    at meshStandardMaterial
    at mesh
    at group
    at group
    at group
    at Sky (E:\project\Anima-Engine\src\components\Landscape\Sky.tsx:50:16)
Warning: <boxGeometry /> is using incorrect casing. Use PascalCase for React components, or lowercase for HTML elements.
    at boxGeometry
    at mesh
    at group
    at group
    at group
    at Sky (E:\project\Anima-Engine\src\components\Landscape\Sky.tsx:50:16)
Warning: <meshStandardMaterial /> is using incorrect casing. Use PascalCase for React components, or lowercase for HTML elements.
    at meshStandardMaterial
    at mesh
    at group
    at group
    at group
    at Sky (E:\project\Anima-Engine\src\components\Landscape\Sky.tsx:50:16)
Warning: <boxGeometry /> is using incorrect casing. Use PascalCase for React components, or lowercase for HTML elements.
    at boxGeometry
    at mesh
    at group
    at group
    at group
    at Sky (E:\project\Anima-Engine\src\components\Landscape\Sky.tsx:50:16)
Warning: <meshStandardMaterial /> is using incorrect casing. Use PascalCase for React components, or lowercase for HTML elements.
    at meshStandardMaterial
    at mesh
    at group
    at group
    at group
    at Sky (E:\project\Anima-Engine\src\components\Landscape\Sky.tsx:50:16)
Warning: <boxGeometry /> is using incorrect casing. Use PascalCase for React components, or lowercase for HTML elements.
    at boxGeometry
    at mesh
    at group
    at group
    at group
    at Sky (E:\project\Anima-Engine\src\components\Landscape\Sky.tsx:50:16)
Warning: <meshStandardMaterial /> is using incorrect casing. Use PascalCase for React components, or lowercase for HTML elements.
    at meshStandardMaterial
    at mesh
    at group
    at group
    at group
    at Sky (E:\project\Anima-Engine\src\components\Landscape\Sky.tsx:50:16)
Warning: <boxGeometry /> is using incorrect casing. Use PascalCase for React components, or lowercase for HTML elements.
    at boxGeometry
    at mesh
    at group
    at group
    at group
    at Sky (E:\project\Anima-Engine\src\components\Landscape\Sky.tsx:50:16)
Warning: <meshStandardMaterial /> is using incorrect casing. Use PascalCase for React components, or lowercase for HTML elements.
    at meshStandardMaterial
    at mesh
    at group
    at group
    at group
    at Sky (E:\project\Anima-Engine\src\components\Landscape\Sky.tsx:50:16)
Warning: <boxGeometry /> is using incorrect casing. Use PascalCase for React components, or lowercase for HTML elements.
    at boxGeometry
    at mesh
    at group
    at group
    at group
    at Sky (E:\project\Anima-Engine\src\components\Landscape\Sky.tsx:50:16)
Warning: <meshStandardMaterial /> is using incorrect casing. Use PascalCase for React components, or lowercase for HTML elements.
    at meshStandardMaterial
    at mesh
    at group
    at group
    at group
    at Sky (E:\project\Anima-Engine\src\components\Landscape\Sky.tsx:50:16)
Warning: <boxGeometry /> is using incorrect casing. Use PascalCase for React components, or lowercase for HTML elements.
    at boxGeometry
    at mesh
    at group
    at group
    at group
    at Sky (E:\project\Anima-Engine\src\components\Landscape\Sky.tsx:50:16)
Warning: <meshStandardMaterial /> is using incorrect casing. Use PascalCase for React components, or lowercase for HTML elements.
    at meshStandardMaterial
    at mesh
    at group
    at group
    at group
    at Sky (E:\project\Anima-Engine\src\components\Landscape\Sky.tsx:50:16)
Warning: <boxGeometry /> is using incorrect casing. Use PascalCase for React components, or lowercase for HTML elements.
    at boxGeometry
    at mesh
    at group
    at group
    at group
    at Sky (E:\project\Anima-Engine\src\components\Landscape\Sky.tsx:50:16)
Warning: <meshStandardMaterial /> is using incorrect casing. Use PascalCase for React components, or lowercase for HTML elements.
    at meshStandardMaterial
    at mesh
    at group
    at group
    at group
    at Sky (E:\project\Anima-Engine\src\components\Landscape\Sky.tsx:50:16)
Warning: <boxGeometry /> is using incorrect casing. Use PascalCase for React components, or lowercase for HTML elements.
    at boxGeometry
    at mesh
    at group
    at group
    at group
    at Sky (E:\project\Anima-Engine\src\components\Landscape\Sky.tsx:50:16)
Warning: <meshStandardMaterial /> is using incorrect casing. Use PascalCase for React components, or lowercase for HTML elements.
    at meshStandardMaterial
    at mesh
    at group
    at group
    at group
    at Sky (E:\project\Anima-Engine\src\components\Landscape\Sky.tsx:50:16)
Warning: <boxGeometry /> is using incorrect casing. Use PascalCase for React components, or lowercase for HTML elements.
    at boxGeometry
    at mesh
    at group
    at group
    at group
    at Sky (E:\project\Anima-Engine\src\components\Landscape\Sky.tsx:50:16)
Warning: <meshStandardMaterial /> is using incorrect casing. Use PascalCase for React components, or lowercase for HTML elements.
    at meshStandardMaterial
    at mesh
    at group
    at group
    at group
    at Sky (E:\project\Anima-Engine\src\components\Landscape\Sky.tsx:50:16)
Warning: <boxGeometry /> is using incorrect casing. Use PascalCase for React components, or lowercase for HTML elements.
    at boxGeometry
    at mesh
    at group
    at group
    at group
    at Sky (E:\project\Anima-Engine\src\components\Landscape\Sky.tsx:50:16)
Warning: <meshStandardMaterial /> is using incorrect casing. Use PascalCase for React components, or lowercase for HTML elements.
    at meshStandardMaterial
    at mesh
    at group
    at group
    at group
    at Sky (E:\project\Anima-Engine\src\components\Landscape\Sky.tsx:50:16)
Warning: <boxGeometry /> is using incorrect casing. Use PascalCase for React components, or lowercase for HTML elements.
    at boxGeometry
    at mesh
    at group
    at group
    at group
    at Sky (E:\project\Anima-Engine\src\components\Landscape\Sky.tsx:50:16)
Warning: <meshStandardMaterial /> is using incorrect casing. Use PascalCase for React components, or lowercase for HTML elements.
    at meshStandardMaterial
    at mesh
    at group
    at group
    at group
    at Sky (E:\project\Anima-Engine\src\components\Landscape\Sky.tsx:50:16)

[90mstderr[2m | frontend/landscape_showcase.test.tsx[2m > [22m[2mLandscape Showcase Test Suite (93 Tests)[2m > [22m[2mTier 2: Boundary & Corner Cases (40 tests)[2m > [22m[2mF4: Sky boundaries[2m > [22m[2mF4.5: daylight star opacity[22m[39m
Warning: <sphereGeometry /> is using incorrect casing. Use PascalCase for React components, or lowercase for HTML elements.
    at sphereGeometry
    at mesh
    at group
    at Sky (E:\project\Anima-Engine\src\components\Landscape\Sky.tsx:50:16)
Warning: <meshBasicMaterial /> is using incorrect casing. Use PascalCase for React components, or lowercase for HTML elements.
    at meshBasicMaterial
    at mesh
    at group
    at Sky (E:\project\Anima-Engine\src\components\Landscape\Sky.tsx:50:16)
Warning: <directionalLight /> is using incorrect casing. Use PascalCase for React components, or lowercase for HTML elements.
    at directionalLight
    at group
    at Sky (E:\project\Anima-Engine\src\components\Landscape\Sky.tsx:50:16)
Warning: <hemisphereLight /> is using incorrect casing. Use PascalCase for React components, or lowercase for HTML elements.
    at hemisphereLight
    at group
    at Sky (E:\project\Anima-Engine\src\components\Landscape\Sky.tsx:50:16)
Warning: <ambientLight /> is using incorrect casing. Use PascalCase for React components, or lowercase for HTML elements.
    at ambientLight
    at group
    at Sky (E:\project\Anima-Engine\src\components\Landscape\Sky.tsx:50:16)
Warning: <boxGeometry /> is using incorrect casing. Use PascalCase for React components, or lowercase for HTML elements.
    at boxGeometry
    at mesh
    at group
    at group
    at group
    at Sky (E:\project\Anima-Engine\src\components\Landscape\Sky.tsx:50:16)
Warning: <meshStandardMaterial /> is using incorrect casing. Use PascalCase for React components, or lowercase for HTML elements.
    at meshStandardMaterial
    at mesh
    at group
    at group
    at group
    at Sky (E:\project\Anima-Engine\src\components\Landscape\Sky.tsx:50:16)
Warning: <boxGeometry /> is using incorrect casing. Use PascalCase for React components, or lowercase for HTML elements.
    at boxGeometry
    at mesh
    at group
    at group
    at group
    at Sky (E:\project\Anima-Engine\src\components\Landscape\Sky.tsx:50:16)
Warning: <meshStandardMaterial /> is using incorrect casing. Use PascalCase for React components, or lowercase for HTML elements.
    at meshStandardMaterial
    at mesh
    at group
    at group
    at group
    at Sky (E:\project\Anima-Engine\src\components\Landscape\Sky.tsx:50:16)
Warning: <boxGeometry /> is using incorrect casing. Use PascalCase for React components, or lowercase for HTML elements.
    at boxGeometry
    at mesh
    at group
    at group
    at group
    at Sky (E:\project\Anima-Engine\src\components\Landscape\Sky.tsx:50:16)
Warning: <meshStandardMaterial /> is using incorrect casing. Use PascalCase for React components, or lowercase for HTML elements.
    at meshStandardMaterial
    at mesh
    at group
    at group
    at group
    at Sky (E:\project\Anima-Engine\src\components\Landscape\Sky.tsx:50:16)
Warning: <boxGeometry /> is using incorrect casing. Use PascalCase for React components, or lowercase for HTML elements.
    at boxGeometry
    at mesh
    at group
    at group
    at group
    at Sky (E:\project\Anima-Engine\src\components\Landscape\Sky.tsx:50:16)
Warning: <meshStandardMaterial /> is using incorrect casing. Use PascalCase for React components, or lowercase for HTML elements.
    at meshStandardMaterial
    at mesh
    at group
    at group
    at group
    at Sky (E:\project\Anima-Engine\src\components\Landscape\Sky.tsx:50:16)
Warning: <boxGeometry /> is using incorrect casing. Use PascalCase for React components, or lowercase for HTML elements.
    at boxGeometry
    at mesh
    at group
    at group
    at group
    at Sky (E:\project\Anima-Engine\src\components\Landscape\Sky.tsx:50:16)
Warning: <meshStandardMaterial /> is using incorrect casing. Use PascalCase for React components, or lowercase for HTML elements.
    at meshStandardMaterial
    at mesh
    at group
    at group
    at group
    at Sky (E:\project\Anima-Engine\src\components\Landscape\Sky.tsx:50:16)
Warning: <boxGeometry /> is using incorrect casing. Use PascalCase for React components, or lowercase for HTML elements.
    at boxGeometry
    at mesh
    at group
    at group
    at group
    at Sky (E:\project\Anima-Engine\src\components\Landscape\Sky.tsx:50:16)
Warning: <meshStandardMaterial /> is using incorrect casing. Use PascalCase for React components, or lowercase for HTML elements.
    at meshStandardMaterial
    at mesh
    at group
    at group
    at group
    at Sky (E:\project\Anima-Engine\src\components\Landscape\Sky.tsx:50:16)
Warning: <boxGeometry /> is using incorrect casing. Use PascalCase for React components, or lowercase for HTML elements.
    at boxGeometry
    at mesh
    at group
    at group
    at group
    at Sky (E:\project\Anima-Engine\src\components\Landscape\Sky.tsx:50:16)
Warning: <meshStandardMaterial /> is using incorrect casing. Use PascalCase for React components, or lowercase for HTML elements.
    at meshStandardMaterial
    at mesh
    at group
    at group
    at group
    at Sky (E:\project\Anima-Engine\src\components\Landscape\Sky.tsx:50:16)
Warning: <boxGeometry /> is using incorrect casing. Use PascalCase for React components, or lowercase for HTML elements.
    at boxGeometry
    at mesh
    at group
    at group
    at group
    at Sky (E:\project\Anima-Engine\src\components\Landscape\Sky.tsx:50:16)
Warning: <meshStandardMaterial /> is using incorrect casing. Use PascalCase for React components, or lowercase for HTML elements.
    at meshStandardMaterial
    at mesh
    at group
    at group
    at group
    at Sky (E:\project\Anima-Engine\src\components\Landscape\Sky.tsx:50:16)
Warning: <boxGeometry /> is using incorrect casing. Use PascalCase for React components, or lowercase for HTML elements.
    at boxGeometry
    at mesh
    at group
    at group
    at group
    at Sky (E:\project\Anima-Engine\src\components\Landscape\Sky.tsx:50:16)
Warning: <meshStandardMaterial /> is using incorrect casing. Use PascalCase for React components, or lowercase for HTML elements.
    at meshStandardMaterial
    at mesh
    at group
    at group
    at group
    at Sky (E:\project\Anima-Engine\src\components\Landscape\Sky.tsx:50:16)
Warning: <boxGeometry /> is using incorrect casing. Use PascalCase for React components, or lowercase for HTML elements.
    at boxGeometry
    at mesh
    at group
    at group
    at group
    at Sky (E:\project\Anima-Engine\src\components\Landscape\Sky.tsx:50:16)
Warning: <meshStandardMaterial /> is using incorrect casing. Use PascalCase for React components, or lowercase for HTML elements.
    at meshStandardMaterial
    at mesh
    at group
    at group
    at group
    at Sky (E:\project\Anima-Engine\src\components\Landscape\Sky.tsx:50:16)
Warning: <boxGeometry /> is using incorrect casing. Use PascalCase for React components, or lowercase for HTML elements.
    at boxGeometry
    at mesh
    at group
    at group
    at group
    at Sky (E:\project\Anima-Engine\src\components\Landscape\Sky.tsx:50:16)
Warning: <meshStandardMaterial /> is using incorrect casing. Use PascalCase for React components, or lowercase for HTML elements.
    at meshStandardMaterial
    at mesh
    at group
    at group
    at group
    at Sky (E:\project\Anima-Engine\src\components\Landscape\Sky.tsx:50:16)
Warning: <boxGeometry /> is using incorrect casing. Use PascalCase for React components, or lowercase for HTML elements.
    at boxGeometry
    at mesh
    at group
    at group
    at group
    at Sky (E:\project\Anima-Engine\src\components\Landscape\Sky.tsx:50:16)
Warning: <meshStandardMaterial /> is using incorrect casing. Use PascalCase for React components, or lowercase for HTML elements.
    at meshStandardMaterial
    at mesh
    at group
    at group
    at group
    at Sky (E:\project\Anima-Engine\src\components\Landscape\Sky.tsx:50:16)
Warning: <boxGeometry /> is using incorrect casing. Use PascalCase for React components, or lowercase for HTML elements.
    at boxGeometry
    at mesh
    at group
    at group
    at group
    at Sky (E:\project\Anima-Engine\src\components\Landscape\Sky.tsx:50:16)
Warning: <meshStandardMaterial /> is using incorrect casing. Use PascalCase for React components, or lowercase for HTML elements.
    at meshStandardMaterial
    at mesh
    at group
    at group
    at group
    at Sky (E:\project\Anima-Engine\src\components\Landscape\Sky.tsx:50:16)
Warning: <boxGeometry /> is using incorrect casing. Use PascalCase for React components, or lowercase for HTML elements.
    at boxGeometry
    at mesh
    at group
    at group
    at group
    at Sky (E:\project\Anima-Engine\src\components\Landscape\Sky.tsx:50:16)
Warning: <meshStandardMaterial /> is using incorrect casing. Use PascalCase for React components, or lowercase for HTML elements.
    at meshStandardMaterial
    at mesh
    at group
    at group
    at group
    at Sky (E:\project\Anima-Engine\src\components\Landscape\Sky.tsx:50:16)
Warning: <boxGeometry /> is using incorrect casing. Use PascalCase for React components, or lowercase for HTML elements.
    at boxGeometry
    at mesh
    at group
    at group
    at group
    at Sky (E:\project\Anima-Engine\src\components\Landscape\Sky.tsx:50:16)
Warning: <meshStandardMaterial /> is using incorrect casing. Use PascalCase for React components, or lowercase for HTML elements.
    at meshStandardMaterial
    at mesh
    at group
    at group
    at group
    at Sky (E:\project\Anima-Engine\src\components\Landscape\Sky.tsx:50:16)
Warning: <boxGeometry /> is using incorrect casing. Use PascalCase for React components, or lowercase for HTML elements.
    at boxGeometry
    at mesh
    at group
    at group
    at group
    at Sky (E:\project\Anima-Engine\src\components\Landscape\Sky.tsx:50:16)
Warning: <meshStandardMaterial /> is using incorrect casing. Use PascalCase for React components, or lowercase for HTML elements.
    at meshStandardMaterial
    at mesh
    at group
    at group
    at group
    at Sky (E:\project\Anima-Engine\src\components\Landscape\Sky.tsx:50:16)
Warning: <boxGeometry /> is using incorrect casing. Use PascalCase for React components, or lowercase for HTML elements.
    at boxGeometry
    at mesh
    at group
    at group
    at group
    at Sky (E:\project\Anima-Engine\src\components\Landscape\Sky.tsx:50:16)
Warning: <meshStandardMaterial /> is using incorrect casing. Use PascalCase for React components, or lowercase for HTML elements.
    at meshStandardMaterial
    at mesh
    at group
    at group
    at group
    at Sky (E:\project\Anima-Engine\src\components\Landscape\Sky.tsx:50:16)
Warning: <boxGeometry /> is using incorrect casing. Use PascalCase for React components, or lowercase for HTML elements.
    at boxGeometry
    at mesh
    at group
    at group
    at group
    at Sky (E:\project\Anima-Engine\src\components\Landscape\Sky.tsx:50:16)
Warning: <meshStandardMaterial /> is using incorrect casing. Use PascalCase for React components, or lowercase for HTML elements.
    at meshStandardMaterial
    at mesh
    at group
    at group
    at group
    at Sky (E:\project\Anima-Engine\src\components\Landscape\Sky.tsx:50:16)

[90mstderr[2m | frontend/landscape_showcase.test.tsx[2m > [22m[2mLandscape Showcase Test Suite (93 Tests)[2m > [22m[2mTier 2: Boundary & Corner Cases (40 tests)[2m > [22m[2mF5: Weather boundaries[2m > [22m[2mF5.1: rapid weather shifts[22m[39m
Warning: <fogExp2 /> is using incorrect casing. Use PascalCase for React components, or lowercase for HTML elements.
    at fogExp2
    at group
    at Weather (E:\project\Anima-Engine\src\components\Landscape\Weather.tsx:10:3)
Warning: <bufferAttribute /> is using incorrect casing. Use PascalCase for React components, or lowercase for HTML elements.
    at bufferAttribute
    at bufferGeometry
    at points
    at group
    at Weather (E:\project\Anima-Engine\src\components\Landscape\Weather.tsx:10:3)
Warning: <bufferGeometry /> is using incorrect casing. Use PascalCase for React components, or lowercase for HTML elements.
    at bufferGeometry
    at points
    at group
    at Weather (E:\project\Anima-Engine\src\components\Landscape\Weather.tsx:10:3)
Warning: <pointsMaterial /> is using incorrect casing. Use PascalCase for React components, or lowercase for HTML elements.
    at pointsMaterial
    at points
    at group
    at Weather (E:\project\Anima-Engine\src\components\Landscape\Weather.tsx:10:3)
Warning: <bufferAttribute /> is using incorrect casing. Use PascalCase for React components, or lowercase for HTML elements.
    at bufferAttribute
    at bufferGeometry
    at points
    at group
    at Weather (E:\project\Anima-Engine\src\components\Landscape\Weather.tsx:10:3)
Warning: <bufferGeometry /> is using incorrect casing. Use PascalCase for React components, or lowercase for HTML elements.
    at bufferGeometry
    at points
    at group
    at Weather (E:\project\Anima-Engine\src\components\Landscape\Weather.tsx:10:3)
Warning: <pointsMaterial /> is using incorrect casing. Use PascalCase for React components, or lowercase for HTML elements.
    at pointsMaterial
    at points
    at group
    at Weather (E:\project\Anima-Engine\src\components\Landscape\Weather.tsx:10:3)

[90mstderr[2m | frontend/landscape_showcase.test.tsx[2m > [22m[2mLandscape Showcase Test Suite (93 Tests)[2m > [22m[2mTier 2: Boundary & Corner Cases (40 tests)[2m > [22m[2mF5: Weather boundaries[2m > [22m[2mF5.2: max precipitation blizzards[22m[39m
Warning: <fogExp2 /> is using incorrect casing. Use PascalCase for React components, or lowercase for HTML elements.
    at fogExp2
    at group
    at Weather (E:\project\Anima-Engine\src\components\Landscape\Weather.tsx:10:3)
Warning: <bufferAttribute /> is using incorrect casing. Use PascalCase for React components, or lowercase for HTML elements.
    at bufferAttribute
    at bufferGeometry
    at points
    at group
    at Weather (E:\project\Anima-Engine\src\components\Landscape\Weather.tsx:10:3)
Warning: <bufferGeometry /> is using incorrect casing. Use PascalCase for React components, or lowercase for HTML elements.
    at bufferGeometry
    at points
    at group
    at Weather (E:\project\Anima-Engine\src\components\Landscape\Weather.tsx:10:3)
Warning: <pointsMaterial /> is using incorrect casing. Use PascalCase for React components, or lowercase for HTML elements.
    at pointsMaterial
    at points
    at group
    at Weather (E:\project\Anima-Engine\src\components\Landscape\Weather.tsx:10:3)

[90mstderr[2m | frontend/landscape_showcase.test.tsx[2m > [22m[2mLandscape Showcase Test Suite (93 Tests)[2m > [22m[2mTier 2: Boundary & Corner Cases (40 tests)[2m > [22m[2mF5: Weather boundaries[2m > [22m[2mF5.3: clear state zero particles[22m[39m
Warning: <fogExp2 /> is using incorrect casing. Use PascalCase for React components, or lowercase for HTML elements.
    at fogExp2
    at group
    at Weather (E:\project\Anima-Engine\src\components\Landscape\Weather.tsx:10:3)

[90mstderr[2m | frontend/landscape_showcase.test.tsx[2m > [22m[2mLandscape Showcase Test Suite (93 Tests)[2m > [22m[2mTier 2: Boundary & Corner Cases (40 tests)[2m > [22m[2mF5: Weather boundaries[2m > [22m[2mF5.4: drying speed[22m[39m
Warning: <bufferGeometry /> is using incorrect casing. Use PascalCase for React components, or lowercase for HTML elements.
    at bufferGeometry
    at mesh
    at lod
    at Terrain (E:\project\Anima-Engine\src\components\Landscape\Terrain.tsx:26:20)
Warning: <meshStandardMaterial /> is using incorrect casing. Use PascalCase for React components, or lowercase for HTML elements.
    at meshStandardMaterial
    at mesh
    at lod
    at Terrain (E:\project\Anima-Engine\src\components\Landscape\Terrain.tsx:26:20)
Warning: <bufferGeometry /> is using incorrect casing. Use PascalCase for React components, or lowercase for HTML elements.
    at bufferGeometry
    at mesh
    at lod
    at Terrain (E:\project\Anima-Engine\src\components\Landscape\Terrain.tsx:26:20)
Warning: <meshStandardMaterial /> is using incorrect casing. Use PascalCase for React components, or lowercase for HTML elements.
    at meshStandardMaterial
    at mesh
    at lod
    at Terrain (E:\project\Anima-Engine\src\components\Landscape\Terrain.tsx:26:20)
Warning: <bufferGeometry /> is using incorrect casing. Use PascalCase for React components, or lowercase for HTML elements.
    at bufferGeometry
    at mesh
    at lod
    at Terrain (E:\project\Anima-Engine\src\components\Landscape\Terrain.tsx:26:20)
Warning: <meshStandardMaterial /> is using incorrect casing. Use PascalCase for React components, or lowercase for HTML elements.
    at meshStandardMaterial
    at mesh
    at lod
    at Terrain (E:\project\Anima-Engine\src\components\Landscape\Terrain.tsx:26:20)

[90mstderr[2m | frontend/landscape_showcase.test.tsx[2m > [22m[2mLandscape Showcase Test Suite (93 Tests)[2m > [22m[2mTier 2: Boundary & Corner Cases (40 tests)[2m > [22m[2mF5: Weather boundaries[2m > [22m[2mF5.5: snow limit cap[22m[39m
Warning: <fogExp2 /> is using incorrect casing. Use PascalCase for React components, or lowercase for HTML elements.
    at fogExp2
    at group
    at Weather (E:\project\Anima-Engine\src\components\Landscape\Weather.tsx:10:3)
Warning: <bufferAttribute /> is using incorrect casing. Use PascalCase for React components, or lowercase for HTML elements.
    at bufferAttribute
    at bufferGeometry
    at points
    at group
    at Weather (E:\project\Anima-Engine\src\components\Landscape\Weather.tsx:10:3)
Warning: <bufferGeometry /> is using incorrect casing. Use PascalCase for React components, or lowercase for HTML elements.
    at bufferGeometry
    at points
    at group
    at Weather (E:\project\Anima-Engine\src\components\Landscape\Weather.tsx:10:3)
Warning: <pointsMaterial /> is using incorrect casing. Use PascalCase for React components, or lowercase for HTML elements.
    at pointsMaterial
    at points
    at group
    at Weather (E:\project\Anima-Engine\src\components\Landscape\Weather.tsx:10:3)

[90mstderr[2m | frontend/landscape_showcase.test.tsx[2m > [22m[2mLandscape Showcase Test Suite (93 Tests)[2m > [22m[2mTier 2: Boundary & Corner Cases (40 tests)[2m > [22m[2mF7: Camera boundaries[2m > [22m[2mF7.1: fly mode max speeds[22m[39m
Warning: <object3D /> is using incorrect casing. Use PascalCase for React components, or lowercase for HTML elements.
    at object3D
    at CameraControls (E:\project\Anima-Engine\src\components\Landscape\CameraControls.tsx:15:3)

[90mstderr[2m | frontend/landscape_showcase.test.tsx[2m > [22m[2mLandscape Showcase Test Suite (93 Tests)[2m > [22m[2mTier 2: Boundary & Corner Cases (40 tests)[2m > [22m[2mF7: Camera boundaries[2m > [22m[2mF7.2: vertical cliff collision[22m[39m
Warning: <object3D /> is using incorrect casing. Use PascalCase for React components, or lowercase for HTML elements.
    at object3D
    at CameraControls (E:\project\Anima-Engine\src\components\Landscape\CameraControls.tsx:15:3)

[90mstderr[2m | frontend/landscape_showcase.test.tsx[2m > [22m[2mLandscape Showcase Test Suite (93 Tests)[2m > [22m[2mTier 2: Boundary & Corner Cases (40 tests)[2m > [22m[2mF7: Camera boundaries[2m > [22m[2mF7.3: zoom scroll limits[22m[39m
Warning: <orbitControls /> is using incorrect casing. Use PascalCase for React components, or lowercase for HTML elements.
    at orbitControls
    at CameraControls (E:\project\Anima-Engine\src\components\Landscape\CameraControls.tsx:15:3)
Warning: <object3D /> is using incorrect casing. Use PascalCase for React components, or lowercase for HTML elements.
    at object3D
    at CameraControls (E:\project\Anima-Engine\src\components\Landscape\CameraControls.tsx:15:3)

[90mstderr[2m | frontend/landscape_showcase.test.tsx[2m > [22m[2mLandscape Showcase Test Suite (93 Tests)[2m > [22m[2mTier 2: Boundary & Corner Cases (40 tests)[2m > [22m[2mF7: Camera boundaries[2m > [22m[2mF7.4: out-of-bounds coordinates[22m[39m
Warning: <object3D /> is using incorrect casing. Use PascalCase for React components, or lowercase for HTML elements.
    at object3D
    at CameraControls (E:\project\Anima-Engine\src\components\Landscape\CameraControls.tsx:15:3)

[90mstderr[2m | frontend/landscape_showcase.test.tsx[2m > [22m[2mLandscape Showcase Test Suite (93 Tests)[2m > [22m[2mTier 2: Boundary & Corner Cases (40 tests)[2m > [22m[2mF7: Camera boundaries[2m > [22m[2mF7.5: rapid mode switching[22m[39m
Warning: <orbitControls /> is using incorrect casing. Use PascalCase for React components, or lowercase for HTML elements.
    at orbitControls
    at CameraControls (E:\project\Anima-Engine\src\components\Landscape\CameraControls.tsx:15:3)
Warning: <object3D /> is using incorrect casing. Use PascalCase for React components, or lowercase for HTML elements.
    at object3D
    at CameraControls (E:\project\Anima-Engine\src\components\Landscape\CameraControls.tsx:15:3)

[90mstderr[2m | frontend/landscape_showcase.test.tsx[2m > [22m[2mLandscape Showcase Test Suite (93 Tests)[2m > [22m[2mTier 2: Boundary & Corner Cases (40 tests)[2m > [22m[2mF8: Integration boundaries[2m > [22m[2mF8.1: controls at max limits[22m[39m
Warning: <sphereGeometry /> is using incorrect casing. Use PascalCase for React components, or lowercase for HTML elements.
    at sphereGeometry
    at mesh
    at group
    at Sky (E:\project\Anima-Engine\src\components\Landscape\Sky.tsx:50:16)
    at div
    at Canvas (E:\project\Anima-Engine\tests\frontend\landscape_showcase.test.tsx:4:16)
    at div
    at LandscapeShowcase (E:\project\Anima-Engine\src\components\Landscape\LandscapeShowcase.tsx:28:55)
Warning: <meshBasicMaterial /> is using incorrect casing. Use PascalCase for React components, or lowercase for HTML elements.
    at meshBasicMaterial
    at mesh
    at group
    at Sky (E:\project\Anima-Engine\src\components\Landscape\Sky.tsx:50:16)
    at div
    at Canvas (E:\project\Anima-Engine\tests\frontend\landscape_showcase.test.tsx:4:16)
    at div
    at LandscapeShowcase (E:\project\Anima-Engine\src\components\Landscape\LandscapeShowcase.tsx:28:55)
Warning: <directionalLight /> is using incorrect casing. Use PascalCase for React components, or lowercase for HTML elements.
    at directionalLight
    at group
    at Sky (E:\project\Anima-Engine\src\components\Landscape\Sky.tsx:50:16)
    at div
    at Canvas (E:\project\Anima-Engine\tests\frontend\landscape_showcase.test.tsx:4:16)
    at div
    at LandscapeShowcase (E:\project\Anima-Engine\src\components\Landscape\LandscapeShowcase.tsx:28:55)
Warning: <hemisphereLight /> is using incorrect casing. Use PascalCase for React components, or lowercase for HTML elements.
    at hemisphereLight
    at group
    at Sky (E:\project\Anima-Engine\src\components\Landscape\Sky.tsx:50:16)
    at div
    at Canvas (E:\project\Anima-Engine\tests\frontend\landscape_showcase.test.tsx:4:16)
    at div
    at LandscapeShowcase (E:\project\Anima-Engine\src\components\Landscape\LandscapeShowcase.tsx:28:55)
Warning: <ambientLight /> is using incorrect casing. Use PascalCase for React components, or lowercase for HTML elements.
    at ambientLight
    at group
    at Sky (E:\project\Anima-Engine\src\components\Landscape\Sky.tsx:50:16)
    at div
    at Canvas (E:\project\Anima-Engine\tests\frontend\landscape_showcase.test.tsx:4:16)
    at div
    at LandscapeShowcase (E:\project\Anima-Engine\src\components\Landscape\LandscapeShowcase.tsx:28:55)
Warning: <boxGeometry /> is using incorrect casing. Use PascalCase for React components, or lowercase for HTML elements.
    at boxGeometry
    at mesh
    at group
    at group
    at group
    at Sky (E:\project\Anima-Engine\src\components\Landscape\Sky.tsx:50:16)
    at div
    at Canvas (E:\project\Anima-Engine\tests\frontend\landscape_showcase.test.tsx:4:16)
    at div
    at LandscapeShowcase (E:\project\Anima-Engine\src\components\Landscape\LandscapeShowcase.tsx:28:55)
Warning: <meshStandardMaterial /> is using incorrect casing. Use PascalCase for React components, or lowercase for HTML elements.
    at meshStandardMaterial
    at mesh
    at group
    at group
    at group
    at Sky (E:\project\Anima-Engine\src\components\Landscape\Sky.tsx:50:16)
    at div
    at Canvas (E:\project\Anima-Engine\tests\frontend\landscape_showcase.test.tsx:4:16)
    at div
    at LandscapeShowcase (E:\project\Anima-Engine\src\components\Landscape\LandscapeShowcase.tsx:28:55)
Warning: <boxGeometry /> is using incorrect casing. Use PascalCase for React components, or lowercase for HTML elements.
    at boxGeometry
    at mesh
    at group
    at group
    at group
    at Sky (E:\project\Anima-Engine\src\components\Landscape\Sky.tsx:50:16)
    at div
    at Canvas (E:\project\Anima-Engine\tests\frontend\landscape_showcase.test.tsx:4:16)
    at div
    at LandscapeShowcase (E:\project\Anima-Engine\src\components\Landscape\LandscapeShowcase.tsx:28:55)
Warning: <meshStandardMaterial /> is using incorrect casing. Use PascalCase for React components, or lowercase for HTML elements.
    at meshStandardMaterial
    at mesh
    at group
    at group
    at group
    at Sky (E:\project\Anima-Engine\src\components\Landscape\Sky.tsx:50:16)
    at div
    at Canvas (E:\project\Anima-Engine\tests\frontend\landscape_showcase.test.tsx:4:16)
    at div
    at LandscapeShowcase (E:\project\Anima-Engine\src\components\Landscape\LandscapeShowcase.tsx:28:55)
Warning: <boxGeometry /> is using incorrect casing. Use PascalCase for React components, or lowercase for HTML elements.
    at boxGeometry
    at mesh
    at group
    at group
    at group
    at Sky (E:\project\Anima-Engine\src\components\Landscape\Sky.tsx:50:16)
    at div
    at Canvas (E:\project\Anima-Engine\tests\frontend\landscape_showcase.test.tsx:4:16)
    at div
    at LandscapeShowcase (E:\project\Anima-Engine\src\components\Landscape\LandscapeShowcase.tsx:28:55)
Warning: <meshStandardMaterial /> is using incorrect casing. Use PascalCase for React components, or lowercase for HTML elements.
    at meshStandardMaterial
    at mesh
    at group
    at group
    at group
    at Sky (E:\project\Anima-Engine\src\components\Landscape\Sky.tsx:50:16)
    at div
    at Canvas (E:\project\Anima-Engine\tests\frontend\landscape_showcase.test.tsx:4:16)
    at div
    at LandscapeShowcase (E:\project\Anima-Engine\src\components\Landscape\LandscapeShowcase.tsx:28:55)
Warning: <boxGeometry /> is using incorrect casing. Use PascalCase for React components, or lowercase for HTML elements.
    at boxGeometry
    at mesh
    at group
    at group
    at group
    at Sky (E:\project\Anima-Engine\src\components\Landscape\Sky.tsx:50:16)
    at div
    at Canvas (E:\project\Anima-Engine\tests\frontend\landscape_showcase.test.tsx:4:16)
    at div
    at LandscapeShowcase (E:\project\Anima-Engine\src\components\Landscape\LandscapeShowcase.tsx:28:55)
Warning: <meshStandardMaterial /> is using incorrect casing. Use PascalCase for React components, or lowercase for HTML elements.
    at meshStandardMaterial
    at mesh
    at group
    at group
    at group
    at Sky (E:\project\Anima-Engine\src\components\Landscape\Sky.tsx:50:16)
    at div
    at Canvas (E:\project\Anima-Engine\tests\frontend\landscape_showcase.test.tsx:4:16)
    at div
    at LandscapeShowcase (E:\project\Anima-Engine\src\components\Landscape\LandscapeShowcase.tsx:28:55)
Warning: <boxGeometry /> is using incorrect casing. Use PascalCase for React components, or lowercase for HTML elements.
    at boxGeometry
    at mesh
    at group
    at group
    at group
    at Sky (E:\project\Anima-Engine\src\components\Landscape\Sky.tsx:50:16)
    at div
    at Canvas (E:\project\Anima-Engine\tests\frontend\landscape_showcase.test.tsx:4:16)
    at div
    at LandscapeShowcase (E:\project\Anima-Engine\src\components\Landscape\LandscapeShowcase.tsx:28:55)
Warning: <meshStandardMaterial /> is using incorrect casing. Use PascalCase for React components, or lowercase for HTML elements.
    at meshStandardMaterial
    at mesh
    at group
    at group
    at group
    at Sky (E:\project\Anima-Engine\src\components\Landscape\Sky.tsx:50:16)
    at div
    at Canvas (E:\project\Anima-Engine\tests\frontend\landscape_showcase.test.tsx:4:16)
    at div
    at LandscapeShowcase (E:\project\Anima-Engine\src\components\Landscape\LandscapeShowcase.tsx:28:55)
Warning: <boxGeometry /> is using incorrect casing. Use PascalCase for React components, or lowercase for HTML elements.
    at boxGeometry
    at mesh
    at group
    at group
    at group
    at Sky (E:\project\Anima-Engine\src\components\Landscape\Sky.tsx:50:16)
    at div
    at Canvas (E:\project\Anima-Engine\tests\frontend\landscape_showcase.test.tsx:4:16)
    at div
    at LandscapeShowcase (E:\project\Anima-Engine\src\components\Landscape\LandscapeShowcase.tsx:28:55)
Warning: <meshStandardMaterial /> is using incorrect casing. Use PascalCase for React components, or lowercase for HTML elements.
    at meshStandardMaterial
    at mesh
    at group
    at group
    at group
    at Sky (E:\project\Anima-Engine\src\components\Landscape\Sky.tsx:50:16)
    at div
    at Canvas (E:\project\Anima-Engine\tests\frontend\landscape_showcase.test.tsx:4:16)
    at div
    at LandscapeShowcase (E:\project\Anima-Engine\src\components\Landscape\LandscapeShowcase.tsx:28:55)
Warning: <boxGeometry /> is using incorrect casing. Use PascalCase for React components, or lowercase for HTML elements.
    at boxGeometry
    at mesh
    at group
    at group
    at group
    at Sky (E:\project\Anima-Engine\src\components\Landscape\Sky.tsx:50:16)
    at div
    at Canvas (E:\project\Anima-Engine\tests\frontend\landscape_showcase.test.tsx:4:16)
    at div
    at LandscapeShowcase (E:\project\Anima-Engine\src\components\Landscape\LandscapeShowcase.tsx:28:55)
Warning: <meshStandardMaterial /> is using incorrect casing. Use PascalCase for React components, or lowercase for HTML elements.
    at meshStandardMaterial
    at mesh
    at group
    at group
    at group
    at Sky (E:\project\Anima-Engine\src\components\Landscape\Sky.tsx:50:16)
    at div
    at Canvas (E:\project\Anima-Engine\tests\frontend\landscape_showcase.test.tsx:4:16)
    at div
    at LandscapeShowcase (E:\project\Anima-Engine\src\components\Landscape\LandscapeShowcase.tsx:28:55)
Warning: <boxGeometry /> is using incorrect casing. Use PascalCase for React components, or lowercase for HTML elements.
    at boxGeometry
    at mesh
    at group
    at group
    at group
    at Sky (E:\project\Anima-Engine\src\components\Landscape\Sky.tsx:50:16)
    at div
    at Canvas (E:\project\Anima-Engine\tests\frontend\landscape_showcase.test.tsx:4:16)
    at div
    at LandscapeShowcase (E:\project\Anima-Engine\src\components\Landscape\LandscapeShowcase.tsx:28:55)
Warning: <meshStandardMaterial /> is using incorrect casing. Use PascalCase for React components, or lowercase for HTML elements.
    at meshStandardMaterial
    at mesh
    at group
    at group
    at group
    at Sky (E:\project\Anima-Engine\src\components\Landscape\Sky.tsx:50:16)
    at div
    at Canvas (E:\project\Anima-Engine\tests\frontend\landscape_showcase.test.tsx:4:16)
    at div
    at LandscapeShowcase (E:\project\Anima-Engine\src\components\Landscape\LandscapeShowcase.tsx:28:55)
Warning: <boxGeometry /> is using incorrect casing. Use PascalCase for React components, or lowercase for HTML elements.
    at boxGeometry
    at mesh
    at group
    at group
    at group
    at Sky (E:\project\Anima-Engine\src\components\Landscape\Sky.tsx:50:16)
    at div
    at Canvas (E:\project\Anima-Engine\tests\frontend\landscape_showcase.test.tsx:4:16)
    at div
    at LandscapeShowcase (E:\project\Anima-Engine\src\components\Landscape\LandscapeShowcase.tsx:28:55)
Warning: <meshStandardMaterial /> is using incorrect casing. Use PascalCase for React components, or lowercase for HTML elements.
    at meshStandardMaterial
    at mesh
    at group
    at group
    at group
    at Sky (E:\project\Anima-Engine\src\components\Landscape\Sky.tsx:50:16)
    at div
    at Canvas (E:\project\Anima-Engine\tests\frontend\landscape_showcase.test.tsx:4:16)
    at div
    at LandscapeShowcase (E:\project\Anima-Engine\src\components\Landscape\LandscapeShowcase.tsx:28:55)
Warning: <boxGeometry /> is using incorrect casing. Use PascalCase for React components, or lowercase for HTML elements.
    at boxGeometry
    at mesh
    at group
    at group
    at group
    at Sky (E:\project\Anima-Engine\src\components\Landscape\Sky.tsx:50:16)
    at div
    at Canvas (E:\project\Anima-Engine\tests\frontend\landscape_showcase.test.tsx:4:16)
    at div
    at LandscapeShowcase (E:\project\Anima-Engine\src\components\Landscape\LandscapeShowcase.tsx:28:55)
Warning: <meshStandardMaterial /> is using incorrect casing. Use PascalCase for React components, or lowercase for HTML elements.
    at meshStandardMaterial
    at mesh
    at group
    at group
    at group
    at Sky (E:\project\Anima-Engine\src\components\Landscape\Sky.tsx:50:16)
    at div
    at Canvas (E:\project\Anima-Engine\tests\frontend\landscape_showcase.test.tsx:4:16)
    at div
    at LandscapeShowcase (E:\project\Anima-Engine\src\components\Landscape\LandscapeShowcase.tsx:28:55)
Warning: <boxGeometry /> is using incorrect casing. Use PascalCase for React components, or lowercase for HTML elements.
    at boxGeometry
    at mesh
    at group
    at group
    at group
    at Sky (E:\project\Anima-Engine\src\components\Landscape\Sky.tsx:50:16)
    at div
    at Canvas (E:\project\Anima-Engine\tests\frontend\landscape_showcase.test.tsx:4:16)
    at div
    at LandscapeShowcase (E:\project\Anima-Engine\src\components\Landscape\LandscapeShowcase.tsx:28:55)
Warning: <meshStandardMaterial /> is using incorrect casing. Use PascalCase for React components, or lowercase for HTML elements.
    at meshStandardMaterial
    at mesh
    at group
    at group
    at group
    at Sky (E:\project\Anima-Engine\src\components\Landscape\Sky.tsx:50:16)
    at div
    at Canvas (E:\project\Anima-Engine\tests\frontend\landscape_showcase.test.tsx:4:16)
    at div
    at LandscapeShowcase (E:\project\Anima-Engine\src\components\Landscape\LandscapeShowcase.tsx:28:55)
Warning: <boxGeometry /> is using incorrect casing. Use PascalCase for React components, or lowercase for HTML elements.
    at boxGeometry
    at mesh
    at group
    at group
    at group
    at Sky (E:\project\Anima-Engine\src\components\Landscape\Sky.tsx:50:16)
    at div
    at Canvas (E:\project\Anima-Engine\tests\frontend\landscape_showcase.test.tsx:4:16)
    at div
    at LandscapeShowcase (E:\project\Anima-Engine\src\components\Landscape\LandscapeShowcase.tsx:28:55)
Warning: <meshStandardMaterial /> is using incorrect casing. Use PascalCase for React components, or lowercase for HTML elements.
    at meshStandardMaterial
    at mesh
    at group
    at group
    at group
    at Sky (E:\project\Anima-Engine\src\components\Landscape\Sky.tsx:50:16)
    at div
    at Canvas (E:\project\Anima-Engine\tests\frontend\landscape_showcase.test.tsx:4:16)
    at div
    at LandscapeShowcase (E:\project\Anima-Engine\src\components\Landscape\LandscapeShowcase.tsx:28:55)
Warning: <boxGeometry /> is using incorrect casing. Use PascalCase for React components, or lowercase for HTML elements.
    at boxGeometry
    at mesh
    at group
    at group
    at group
    at Sky (E:\project\Anima-Engine\src\components\Landscape\Sky.tsx:50:16)
    at div
    at Canvas (E:\project\Anima-Engine\tests\frontend\landscape_showcase.test.tsx:4:16)
    at div
    at LandscapeShowcase (E:\project\Anima-Engine\src\components\Landscape\LandscapeShowcase.tsx:28:55)
Warning: <meshStandardMaterial /> is using incorrect casing. Use PascalCase for React components, or lowercase for HTML elements.
    at meshStandardMaterial
    at mesh
    at group
    at group
    at group
    at Sky (E:\project\Anima-Engine\src\components\Landscape\Sky.tsx:50:16)
    at div
    at Canvas (E:\project\Anima-Engine\tests\frontend\landscape_showcase.test.tsx:4:16)
    at div
    at LandscapeShowcase (E:\project\Anima-Engine\src\components\Landscape\LandscapeShowcase.tsx:28:55)
Warning: <boxGeometry /> is using incorrect casing. Use PascalCase for React components, or lowercase for HTML elements.
    at boxGeometry
    at mesh
    at group
    at group
    at group
    at Sky (E:\project\Anima-Engine\src\components\Landscape\Sky.tsx:50:16)
    at div
    at Canvas (E:\project\Anima-Engine\tests\frontend\landscape_showcase.test.tsx:4:16)
    at div
    at LandscapeShowcase (E:\project\Anima-Engine\src\components\Landscape\LandscapeShowcase.tsx:28:55)
Warning: <meshStandardMaterial /> is using incorrect casing. Use PascalCase for React components, or lowercase for HTML elements.
    at meshStandardMaterial
    at mesh
    at group
    at group
    at group
    at Sky (E:\project\Anima-Engine\src\components\Landscape\Sky.tsx:50:16)
    at div
    at Canvas (E:\project\Anima-Engine\tests\frontend\landscape_showcase.test.tsx:4:16)
    at div
    at LandscapeShowcase (E:\project\Anima-Engine\src\components\Landscape\LandscapeShowcase.tsx:28:55)
Warning: <boxGeometry /> is using incorrect casing. Use PascalCase for React components, or lowercase for HTML elements.
    at boxGeometry
    at mesh
    at group
    at group
    at group
    at Sky (E:\project\Anima-Engine\src\components\Landscape\Sky.tsx:50:16)
    at div
    at Canvas (E:\project\Anima-Engine\tests\frontend\landscape_showcase.test.tsx:4:16)
    at div
    at LandscapeShowcase (E:\project\Anima-Engine\src\components\Landscape\LandscapeShowcase.tsx:28:55)
Warning: <meshStandardMaterial /> is using incorrect casing. Use PascalCase for React components, or lowercase for HTML elements.
    at meshStandardMaterial
    at mesh
    at group
    at group
    at group
    at Sky (E:\project\Anima-Engine\src\components\Landscape\Sky.tsx:50:16)
    at div
    at Canvas (E:\project\Anima-Engine\tests\frontend\landscape_showcase.test.tsx:4:16)
    at div
    at LandscapeShowcase (E:\project\Anima-Engine\src\components\Landscape\LandscapeShowcase.tsx:28:55)
Warning: <boxGeometry /> is using incorrect casing. Use PascalCase for React components, or lowercase for HTML elements.
    at boxGeometry
    at mesh
    at group
    at group
    at group
    at Sky (E:\project\Anima-Engine\src\components\Landscape\Sky.tsx:50:16)
    at div
    at Canvas (E:\project\Anima-Engine\tests\frontend\landscape_showcase.test.tsx:4:16)
    at div
    at LandscapeShowcase (E:\project\Anima-Engine\src\components\Landscape\LandscapeShowcase.tsx:28:55)
Warning: <meshStandardMaterial /> is using incorrect casing. Use PascalCase for React components, or lowercase for HTML elements.
    at meshStandardMaterial
    at mesh
    at group
    at group
    at group
    at Sky (E:\project\Anima-Engine\src\components\Landscape\Sky.tsx:50:16)
    at div
    at Canvas (E:\project\Anima-Engine\tests\frontend\landscape_showcase.test.tsx:4:16)
    at div
    at LandscapeShowcase (E:\project\Anima-Engine\src\components\Landscape\LandscapeShowcase.tsx:28:55)
Warning: <boxGeometry /> is using incorrect casing. Use PascalCase for React components, or lowercase for HTML elements.
    at boxGeometry
    at mesh
    at group
    at group
    at group
    at Sky (E:\project\Anima-Engine\src\components\Landscape\Sky.tsx:50:16)
    at div
    at Canvas (E:\project\Anima-Engine\tests\frontend\landscape_showcase.test.tsx:4:16)
    at div
    at LandscapeShowcase (E:\project\Anima-Engine\src\components\Landscape\LandscapeShowcase.tsx:28:55)
Warning: <meshStandardMaterial /> is using incorrect casing. Use PascalCase for React components, or lowercase for HTML elements.
    at meshStandardMaterial
    at mesh
    at group
    at group
    at group
    at Sky (E:\project\Anima-Engine\src\components\Landscape\Sky.tsx:50:16)
    at div
    at Canvas (E:\project\Anima-Engine\tests\frontend\landscape_showcase.test.tsx:4:16)
    at div
    at LandscapeShowcase (E:\project\Anima-Engine\src\components\Landscape\LandscapeShowcase.tsx:28:55)
Warning: <boxGeometry /> is using incorrect casing. Use PascalCase for React components, or lowercase for HTML elements.
    at boxGeometry
    at mesh
    at group
    at group
    at group
    at Sky (E:\project\Anima-Engine\src\components\Landscape\Sky.tsx:50:16)
    at div
    at Canvas (E:\project\Anima-Engine\tests\frontend\landscape_showcase.test.tsx:4:16)
    at div
    at LandscapeShowcase (E:\project\Anima-Engine\src\components\Landscape\LandscapeShowcase.tsx:28:55)
Warning: <meshStandardMaterial /> is using incorrect casing. Use PascalCase for React components, or lowercase for HTML elements.
    at meshStandardMaterial
    at mesh
    at group
    at group
    at group
    at Sky (E:\project\Anima-Engine\src\components\Landscape\Sky.tsx:50:16)
    at div
    at Canvas (E:\project\Anima-Engine\tests\frontend\landscape_showcase.test.tsx:4:16)
    at div
    at LandscapeShowcase (E:\project\Anima-Engine\src\components\Landscape\LandscapeShowcase.tsx:28:55)
Warning: <bufferGeometry /> is using incorrect casing. Use PascalCase for React components, or lowercase for HTML elements.
    at bufferGeometry
    at mesh
    at lod
    at Terrain (E:\project\Anima-Engine\src\components\Landscape\Terrain.tsx:26:20)
    at div
    at Canvas (E:\project\Anima-Engine\tests\frontend\landscape_showcase.test.tsx:4:16)
    at div
    at LandscapeShowcase (E:\project\Anima-Engine\src\components\Landscape\LandscapeShowcase.tsx:28:55)
Warning: <meshStandardMaterial /> is using incorrect casing. Use PascalCase for React components, or lowercase for HTML elements.
    at meshStandardMaterial
    at mesh
    at lod
    at Terrain (E:\project\Anima-Engine\src\components\Landscape\Terrain.tsx:26:20)
    at div
    at Canvas (E:\project\Anima-Engine\tests\frontend\landscape_showcase.test.tsx:4:16)
    at div
    at LandscapeShowcase (E:\project\Anima-Engine\src\components\Landscape\LandscapeShowcase.tsx:28:55)
Warning: <bufferGeometry /> is using incorrect casing. Use PascalCase for React components, or lowercase for HTML elements.
    at bufferGeometry
    at mesh
    at lod
    at Terrain (E:\project\Anima-Engine\src\components\Landscape\Terrain.tsx:26:20)
    at div
    at Canvas (E:\project\Anima-Engine\tests\frontend\landscape_showcase.test.tsx:4:16)
    at div
    at LandscapeShowcase (E:\project\Anima-Engine\src\components\Landscape\LandscapeShowcase.tsx:28:55)
Warning: <meshStandardMaterial /> is using incorrect casing. Use PascalCase for React components, or lowercase for HTML elements.
    at meshStandardMaterial
    at mesh
    at lod
    at Terrain (E:\project\Anima-Engine\src\components\Landscape\Terrain.tsx:26:20)
    at div
    at Canvas (E:\project\Anima-Engine\tests\frontend\landscape_showcase.test.tsx:4:16)
    at div
    at LandscapeShowcase (E:\project\Anima-Engine\src\components\Landscape\LandscapeShowcase.tsx:28:55)
Warning: <bufferGeometry /> is using incorrect casing. Use PascalCase for React components, or lowercase for HTML elements.
    at bufferGeometry
    at mesh
    at lod
    at Terrain (E:\project\Anima-Engine\src\components\Landscape\Terrain.tsx:26:20)
    at div
    at Canvas (E:\project\Anima-Engine\tests\frontend\landscape_showcase.test.tsx:4:16)
    at div
    at LandscapeShowcase (E:\project\Anima-Engine\src\components\Landscape\LandscapeShowcase.tsx:28:55)
Warning: <meshStandardMaterial /> is using incorrect casing. Use PascalCase for React components, or lowercase for HTML elements.
    at meshStandardMaterial
    at mesh
    at lod
    at Terrain (E:\project\Anima-Engine\src\components\Landscape\Terrain.tsx:26:20)
    at div
    at Canvas (E:\project\Anima-Engine\tests\frontend\landscape_showcase.test.tsx:4:16)
    at div
    at LandscapeShowcase (E:\project\Anima-Engine\src\components\Landscape\LandscapeShowcase.tsx:28:55)
Warning: <shaderMaterial /> is using incorrect casing. Use PascalCase for React components, or lowercase for HTML elements.
    at shaderMaterial
    at mesh
    at group
    at Water (E:\project\Anima-Engine\src\components\Landscape\Water.tsx:87:3)
    at div
    at Canvas (E:\project\Anima-Engine\tests\frontend\landscape_showcase.test.tsx:4:16)
    at div
    at LandscapeShowcase (E:\project\Anima-Engine\src\components\Landscape\LandscapeShowcase.tsx:28:55)
Warning: <bufferAttribute /> is using incorrect casing. Use PascalCase for React components, or lowercase for HTML elements.
    at bufferAttribute
    at bufferGeometry
    at points
    at group
    at Water (E:\project\Anima-Engine\src\components\Landscape\Water.tsx:87:3)
    at div
    at Canvas (E:\project\Anima-Engine\tests\frontend\landscape_showcase.test.tsx:4:16)
    at div
    at LandscapeShowcase (E:\project\Anima-Engine\src\components\Landscape\LandscapeShowcase.tsx:28:55)
Warning: <bufferGeometry /> is using incorrect casing. Use PascalCase for React components, or lowercase for HTML elements.
    at bufferGeometry
    at points
    at group
    at Water (E:\project\Anima-Engine\src\components\Landscape\Water.tsx:87:3)
    at div
    at Canvas (E:\project\Anima-Engine\tests\frontend\landscape_showcase.test.tsx:4:16)
    at div
    at LandscapeShowcase (E:\project\Anima-Engine\src\components\Landscape\LandscapeShowcase.tsx:28:55)
Warning: <pointsMaterial /> is using incorrect casing. Use PascalCase for React components, or lowercase for HTML elements.
    at pointsMaterial
    at points
    at group
    at Water (E:\project\Anima-Engine\src\components\Landscape\Water.tsx:87:3)
    at div
    at Canvas (E:\project\Anima-Engine\tests\frontend\landscape_showcase.test.tsx:4:16)
    at div
    at LandscapeShowcase (E:\project\Anima-Engine\src\components\Landscape\LandscapeShowcase.tsx:28:55)
Warning: <instancedMesh /> is using incorrect casing. Use PascalCase for React components, or lowercase for HTML elements.
    at instancedMesh
    at group
    at Vegetation (E:\project\Anima-Engine\src\components\Landscape\Vegetation.tsx:58:3)
    at div
    at Canvas (E:\project\Anima-Engine\tests\frontend\landscape_showcase.test.tsx:4:16)
    at div
    at LandscapeShowcase (E:\project\Anima-Engine\src\components\Landscape\LandscapeShowcase.tsx:28:55)
Warning: <instancedMesh /> is using incorrect casing. Use PascalCase for React components, or lowercase for HTML elements.
    at instancedMesh
    at group
    at Vegetation (E:\project\Anima-Engine\src\components\Landscape\Vegetation.tsx:58:3)
    at div
    at Canvas (E:\project\Anima-Engine\tests\frontend\landscape_showcase.test.tsx:4:16)
    at div
    at LandscapeShowcase (E:\project\Anima-Engine\src\components\Landscape\LandscapeShowcase.tsx:28:55)
Warning: <instancedMesh /> is using incorrect casing. Use PascalCase for React components, or lowercase for HTML elements.
    at instancedMesh
    at group
    at Vegetation (E:\project\Anima-Engine\src\components\Landscape\Vegetation.tsx:58:3)
    at div
    at Canvas (E:\project\Anima-Engine\tests\frontend\landscape_showcase.test.tsx:4:16)
    at div
    at LandscapeShowcase (E:\project\Anima-Engine\src\components\Landscape\LandscapeShowcase.tsx:28:55)
Warning: <instancedMesh /> is using incorrect casing. Use PascalCase for React components, or lowercase for HTML elements.
    at instancedMesh
    at group
    at Vegetation (E:\project\Anima-Engine\src\components\Landscape\Vegetation.tsx:58:3)
    at div
    at Canvas (E:\project\Anima-Engine\tests\frontend\landscape_showcase.test.tsx:4:16)
    at div
    at LandscapeShowcase (E:\project\Anima-Engine\src\components\Landscape\LandscapeShowcase.tsx:28:55)
Warning: <instancedMesh /> is using incorrect casing. Use PascalCase for React components, or lowercase for HTML elements.
    at instancedMesh
    at group
    at Vegetation (E:\project\Anima-Engine\src\components\Landscape\Vegetation.tsx:58:3)
    at div
    at Canvas (E:\project\Anima-Engine\tests\frontend\landscape_showcase.test.tsx:4:16)
    at div
    at LandscapeShowcase (E:\project\Anima-Engine\src\components\Landscape\LandscapeShowcase.tsx:28:55)
Warning: <fogExp2 /> is using incorrect casing. Use PascalCase for React components, or lowercase for HTML elements.
    at fogExp2
    at group
    at Weather (E:\project\Anima-Engine\src\components\Landscape\Weather.tsx:10:3)
    at div
    at Canvas (E:\project\Anima-Engine\tests\frontend\landscape_showcase.test.tsx:4:16)
    at div
    at LandscapeShowcase (E:\project\Anima-Engine\src\components\Landscape\LandscapeShowcase.tsx:28:55)
Warning: <sphereGeometry /> is using incorrect casing. Use PascalCase for React components, or lowercase for HTML elements.
    at sphereGeometry
    at mesh
    at group
    at PositionalAudio (E:\project\Anima-Engine\src\components\Landscape\PositionalAudio.tsx:10:3)
    at div
    at Canvas (E:\project\Anima-Engine\tests\frontend\landscape_showcase.test.tsx:4:16)
    at div
    at LandscapeShowcase (E:\project\Anima-Engine\src\components\Landscape\LandscapeShowcase.tsx:28:55)
Warning: <meshBasicMaterial /> is using incorrect casing. Use PascalCase for React components, or lowercase for HTML elements.
    at meshBasicMaterial
    at mesh
    at group
    at PositionalAudio (E:\project\Anima-Engine\src\components\Landscape\PositionalAudio.tsx:10:3)
    at div
    at Canvas (E:\project\Anima-Engine\tests\frontend\landscape_showcase.test.tsx:4:16)
    at div
    at LandscapeShowcase (E:\project\Anima-Engine\src\components\Landscape\LandscapeShowcase.tsx:28:55)
Warning: <sphereGeometry /> is using incorrect casing. Use PascalCase for React components, or lowercase for HTML elements.
    at sphereGeometry
    at mesh
    at group
    at PositionalAudio (E:\project\Anima-Engine\src\components\Landscape\PositionalAudio.tsx:10:3)
    at div
    at Canvas (E:\project\Anima-Engine\tests\frontend\landscape_showcase.test.tsx:4:16)
    at div
    at LandscapeShowcase (E:\project\Anima-Engine\src\components\Landscape\LandscapeShowcase.tsx:28:55)
Warning: <meshBasicMaterial /> is using incorrect casing. Use PascalCase for React components, or lowercase for HTML elements.
    at meshBasicMaterial
    at mesh
    at group
    at PositionalAudio (E:\project\Anima-Engine\src\components\Landscape\PositionalAudio.tsx:10:3)
    at div
    at Canvas (E:\project\Anima-Engine\tests\frontend\landscape_showcase.test.tsx:4:16)
    at div
    at LandscapeShowcase (E:\project\Anima-Engine\src\components\Landscape\LandscapeShowcase.tsx:28:55)
Warning: <orbitControls /> is using incorrect casing. Use PascalCase for React components, or lowercase for HTML elements.
    at orbitControls
    at CameraControls (E:\project\Anima-Engine\src\components\Landscape\CameraControls.tsx:15:3)
    at div
    at Canvas (E:\project\Anima-Engine\tests\frontend\landscape_showcase.test.tsx:4:16)
    at div
    at LandscapeShowcase (E:\project\Anima-Engine\src\components\Landscape\LandscapeShowcase.tsx:28:55)
Warning: <object3D /> is using incorrect casing. Use PascalCase for React components, or lowercase for HTML elements.
    at object3D
    at CameraControls (E:\project\Anima-Engine\src\components\Landscape\CameraControls.tsx:15:3)
    at div
    at Canvas (E:\project\Anima-Engine\tests\frontend\landscape_showcase.test.tsx:4:16)
    at div
    at LandscapeShowcase (E:\project\Anima-Engine\src\components\Landscape\LandscapeShowcase.tsx:28:55)

[90mstderr[2m | frontend/landscape_showcase.test.tsx[2m > [22m[2mLandscape Showcase Test Suite (93 Tests)[2m > [22m[2mTier 2: Boundary & Corner Cases (40 tests)[2m > [22m[2mF8: Integration boundaries[2m > [22m[2mF8.2: rabbit vs landscape exclusion[22m[39m
Warning: <sphereGeometry /> is using incorrect casing. Use PascalCase for React components, or lowercase for HTML elements.
    at sphereGeometry
    at mesh
    at group
    at Sky (E:\project\Anima-Engine\src\components\Landscape\Sky.tsx:50:16)
    at div
    at Canvas (E:\project\Anima-Engine\tests\frontend\landscape_showcase.test.tsx:4:16)
    at div
    at LandscapeShowcase (E:\project\Anima-Engine\src\components\Landscape\LandscapeShowcase.tsx:28:55)
    at Suspense
    at div
    at div
    at App (E:\project\Anima-Engine\src\App.tsx:81:53)
Warning: <meshBasicMaterial /> is using incorrect casing. Use PascalCase for React components, or lowercase for HTML elements.
    at meshBasicMaterial
    at mesh
    at group
    at Sky (E:\project\Anima-Engine\src\components\Landscape\Sky.tsx:50:16)
    at div
    at Canvas (E:\project\Anima-Engine\tests\frontend\landscape_showcase.test.tsx:4:16)
    at div
    at LandscapeShowcase (E:\project\Anima-Engine\src\components\Landscape\LandscapeShowcase.tsx:28:55)
    at Suspense
    at div
    at div
    at App (E:\project\Anima-Engine\src\App.tsx:81:53)
Warning: <directionalLight /> is using incorrect casing. Use PascalCase for React components, or lowercase for HTML elements.
    at directionalLight
    at group
    at Sky (E:\project\Anima-Engine\src\components\Landscape\Sky.tsx:50:16)
    at div
    at Canvas (E:\project\Anima-Engine\tests\frontend\landscape_showcase.test.tsx:4:16)
    at div
    at LandscapeShowcase (E:\project\Anima-Engine\src\components\Landscape\LandscapeShowcase.tsx:28:55)
    at Suspense
    at div
    at div
    at App (E:\project\Anima-Engine\src\App.tsx:81:53)
Warning: <hemisphereLight /> is using incorrect casing. Use PascalCase for React components, or lowercase for HTML elements.
    at hemisphereLight
    at group
    at Sky (E:\project\Anima-Engine\src\components\Landscape\Sky.tsx:50:16)
    at div
    at Canvas (E:\project\Anima-Engine\tests\frontend\landscape_showcase.test.tsx:4:16)
    at div
    at LandscapeShowcase (E:\project\Anima-Engine\src\components\Landscape\LandscapeShowcase.tsx:28:55)
    at Suspense
    at div
    at div
    at App (E:\project\Anima-Engine\src\App.tsx:81:53)
Warning: <ambientLight /> is using incorrect casing. Use PascalCase for React components, or lowercase for HTML elements.
    at ambientLight
    at group
    at Sky (E:\project\Anima-Engine\src\components\Landscape\Sky.tsx:50:16)
    at div
    at Canvas (E:\project\Anima-Engine\tests\frontend\landscape_showcase.test.tsx:4:16)
    at div
    at LandscapeShowcase (E:\project\Anima-Engine\src\components\Landscape\LandscapeShowcase.tsx:28:55)
    at Suspense
    at div
    at div
    at App (E:\project\Anima-Engine\src\App.tsx:81:53)
Warning: <boxGeometry /> is using incorrect casing. Use PascalCase for React components, or lowercase for HTML elements.
    at boxGeometry
    at mesh
    at group
    at group
    at group
    at Sky (E:\project\Anima-Engine\src\components\Landscape\Sky.tsx:50:16)
    at div
    at Canvas (E:\project\Anima-Engine\tests\frontend\landscape_showcase.test.tsx:4:16)
    at div
    at LandscapeShowcase (E:\project\Anima-Engine\src\components\Landscape\LandscapeShowcase.tsx:28:55)
    at Suspense
    at div
    at div
    at App (E:\project\Anima-Engine\src\App.tsx:81:53)
Warning: <meshStandardMaterial /> is using incorrect casing. Use PascalCase for React components, or lowercase for HTML elements.
    at meshStandardMaterial
    at mesh
    at group
    at group
    at group
    at Sky (E:\project\Anima-Engine\src\components\Landscape\Sky.tsx:50:16)
    at div
    at Canvas (E:\project\Anima-Engine\tests\frontend\landscape_showcase.test.tsx:4:16)
    at div
    at LandscapeShowcase (E:\project\Anima-Engine\src\components\Landscape\LandscapeShowcase.tsx:28:55)
    at Suspense
    at div
    at div
    at App (E:\project\Anima-Engine\src\App.tsx:81:53)
Warning: <boxGeometry /> is using incorrect casing. Use PascalCase for React components, or lowercase for HTML elements.
    at boxGeometry
    at mesh
    at group
    at group
    at group
    at Sky (E:\project\Anima-Engine\src\components\Landscape\Sky.tsx:50:16)
    at div
    at Canvas (E:\project\Anima-Engine\tests\frontend\landscape_showcase.test.tsx:4:16)
    at div
    at LandscapeShowcase (E:\project\Anima-Engine\src\components\Landscape\LandscapeShowcase.tsx:28:55)
    at Suspense
    at div
    at div
    at App (E:\project\Anima-Engine\src\App.tsx:81:53)
Warning: <meshStandardMaterial /> is using incorrect casing. Use PascalCase for React components, or lowercase for HTML elements.
    at meshStandardMaterial
    at mesh
    at group
    at group
    at group
    at Sky (E:\project\Anima-Engine\src\components\Landscape\Sky.tsx:50:16)
    at div
    at Canvas (E:\project\Anima-Engine\tests\frontend\landscape_showcase.test.tsx:4:16)
    at div
    at LandscapeShowcase (E:\project\Anima-Engine\src\components\Landscape\LandscapeShowcase.tsx:28:55)
    at Suspense
    at div
    at div
    at App (E:\project\Anima-Engine\src\App.tsx:81:53)
Warning: <boxGeometry /> is using incorrect casing. Use PascalCase for React components, or lowercase for HTML elements.
    at boxGeometry
    at mesh
    at group
    at group
    at group
    at Sky (E:\project\Anima-Engine\src\components\Landscape\Sky.tsx:50:16)
    at div
    at Canvas (E:\project\Anima-Engine\tests\frontend\landscape_showcase.test.tsx:4:16)
    at div
    at LandscapeShowcase (E:\project\Anima-Engine\src\components\Landscape\LandscapeShowcase.tsx:28:55)
    at Suspense
    at div
    at div
    at App (E:\project\Anima-Engine\src\App.tsx:81:53)
Warning: <meshStandardMaterial /> is using incorrect casing. Use PascalCase for React components, or lowercase for HTML elements.
    at meshStandardMaterial
    at mesh
    at group
    at group
    at group
    at Sky (E:\project\Anima-Engine\src\components\Landscape\Sky.tsx:50:16)
    at div
    at Canvas (E:\project\Anima-Engine\tests\frontend\landscape_showcase.test.tsx:4:16)
    at div
    at LandscapeShowcase (E:\project\Anima-Engine\src\components\Landscape\LandscapeShowcase.tsx:28:55)
    at Suspense
    at div
    at div
    at App (E:\project\Anima-Engine\src\App.tsx:81:53)
Warning: <boxGeometry /> is using incorrect casing. Use PascalCase for React components, or lowercase for HTML elements.
    at boxGeometry
    at mesh
    at group
    at group
    at group
    at Sky (E:\project\Anima-Engine\src\components\Landscape\Sky.tsx:50:16)
    at div
    at Canvas (E:\project\Anima-Engine\tests\frontend\landscape_showcase.test.tsx:4:16)
    at div
    at LandscapeShowcase (E:\project\Anima-Engine\src\components\Landscape\LandscapeShowcase.tsx:28:55)
    at Suspense
    at div
    at div
    at App (E:\project\Anima-Engine\src\App.tsx:81:53)
Warning: <meshStandardMaterial /> is using incorrect casing. Use PascalCase for React components, or lowercase for HTML elements.
    at meshStandardMaterial
    at mesh
    at group
    at group
    at group
    at Sky (E:\project\Anima-Engine\src\components\Landscape\Sky.tsx:50:16)
    at div
    at Canvas (E:\project\Anima-Engine\tests\frontend\landscape_showcase.test.tsx:4:16)
    at div
    at LandscapeShowcase (E:\project\Anima-Engine\src\components\Landscape\LandscapeShowcase.tsx:28:55)
    at Suspense
    at div
    at div
    at App (E:\project\Anima-Engine\src\App.tsx:81:53)
Warning: <boxGeometry /> is using incorrect casing. Use PascalCase for React components, or lowercase for HTML elements.
    at boxGeometry
    at mesh
    at group
    at group
    at group
    at Sky (E:\project\Anima-Engine\src\components\Landscape\Sky.tsx:50:16)
    at div
    at Canvas (E:\project\Anima-Engine\tests\frontend\landscape_showcase.test.tsx:4:16)
    at div
    at LandscapeShowcase (E:\project\Anima-Engine\src\components\Landscape\LandscapeShowcase.tsx:28:55)
    at Suspense
    at div
    at div
    at App (E:\project\Anima-Engine\src\App.tsx:81:53)
Warning: <meshStandardMaterial /> is using incorrect casing. Use PascalCase for React components, or lowercase for HTML elements.
    at meshStandardMaterial
    at mesh
    at group
    at group
    at group
    at Sky (E:\project\Anima-Engine\src\components\Landscape\Sky.tsx:50:16)
    at div
    at Canvas (E:\project\Anima-Engine\tests\frontend\landscape_showcase.test.tsx:4:16)
    at div
    at LandscapeShowcase (E:\project\Anima-Engine\src\components\Landscape\LandscapeShowcase.tsx:28:55)
    at Suspense
    at div
    at div
    at App (E:\project\Anima-Engine\src\App.tsx:81:53)
Warning: <boxGeometry /> is using incorrect casing. Use PascalCase for React components, or lowercase for HTML elements.
    at boxGeometry
    at mesh
    at group
    at group
    at group
    at Sky (E:\project\Anima-Engine\src\components\Landscape\Sky.tsx:50:16)
    at div
    at Canvas (E:\project\Anima-Engine\tests\frontend\landscape_showcase.test.tsx:4:16)
    at div
    at LandscapeShowcase (E:\project\Anima-Engine\src\components\Landscape\LandscapeShowcase.tsx:28:55)
    at Suspense
    at div
    at div
    at App (E:\project\Anima-Engine\src\App.tsx:81:53)
Warning: <meshStandardMaterial /> is using incorrect casing. Use PascalCase for React components, or lowercase for HTML elements.
    at meshStandardMaterial
    at mesh
    at group
    at group
    at group
    at Sky (E:\project\Anima-Engine\src\components\Landscape\Sky.tsx:50:16)
    at div
    at Canvas (E:\project\Anima-Engine\tests\frontend\landscape_showcase.test.tsx:4:16)
    at div
    at LandscapeShowcase (E:\project\Anima-Engine\src\components\Landscape\LandscapeShowcase.tsx:28:55)
    at Suspense
    at div
    at div
    at App (E:\project\Anima-Engine\src\App.tsx:81:53)
Warning: <boxGeometry /> is using incorrect casing. Use PascalCase for React components, or lowercase for HTML elements.
    at boxGeometry
    at mesh
    at group
    at group
    at group
    at Sky (E:\project\Anima-Engine\src\components\Landscape\Sky.tsx:50:16)
    at div
    at Canvas (E:\project\Anima-Engine\tests\frontend\landscape_showcase.test.tsx:4:16)
    at div
    at LandscapeShowcase (E:\project\Anima-Engine\src\components\Landscape\LandscapeShowcase.tsx:28:55)
    at Suspense
    at div
    at div
    at App (E:\project\Anima-Engine\src\App.tsx:81:53)
Warning: <meshStandardMaterial /> is using incorrect casing. Use PascalCase for React components, or lowercase for HTML elements.
    at meshStandardMaterial
    at mesh
    at group
    at group
    at group
    at Sky (E:\project\Anima-Engine\src\components\Landscape\Sky.tsx:50:16)
    at div
    at Canvas (E:\project\Anima-Engine\tests\frontend\landscape_showcase.test.tsx:4:16)
    at div
    at LandscapeShowcase (E:\project\Anima-Engine\src\components\Landscape\LandscapeShowcase.tsx:28:55)
    at Suspense
    at div
    at div
    at App (E:\project\Anima-Engine\src\App.tsx:81:53)
Warning: <boxGeometry /> is using incorrect casing. Use PascalCase for React components, or lowercase for HTML elements.
    at boxGeometry
    at mesh
    at group
    at group
    at group
    at Sky (E:\project\Anima-Engine\src\components\Landscape\Sky.tsx:50:16)
    at div
    at Canvas (E:\project\Anima-Engine\tests\frontend\landscape_showcase.test.tsx:4:16)
    at div
    at LandscapeShowcase (E:\project\Anima-Engine\src\components\Landscape\LandscapeShowcase.tsx:28:55)
    at Suspense
    at div
    at div
    at App (E:\project\Anima-Engine\src\App.tsx:81:53)
Warning: <meshStandardMaterial /> is using incorrect casing. Use PascalCase for React components, or lowercase for HTML elements.
    at meshStandardMaterial
    at mesh
    at group
    at group
    at group
    at Sky (E:\project\Anima-Engine\src\components\Landscape\Sky.tsx:50:16)
    at div
    at Canvas (E:\project\Anima-Engine\tests\frontend\landscape_showcase.test.tsx:4:16)
    at div
    at LandscapeShowcase (E:\project\Anima-Engine\src\components\Landscape\LandscapeShowcase.tsx:28:55)
    at Suspense
    at div
    at div
    at App (E:\project\Anima-Engine\src\App.tsx:81:53)
Warning: <boxGeometry /> is using incorrect casing. Use PascalCase for React components, or lowercase for HTML elements.
    at boxGeometry
    at mesh
    at group
    at group
    at group
    at Sky (E:\project\Anima-Engine\src\components\Landscape\Sky.tsx:50:16)
    at div
    at Canvas (E:\project\Anima-Engine\tests\frontend\landscape_showcase.test.tsx:4:16)
    at div
    at LandscapeShowcase (E:\project\Anima-Engine\src\components\Landscape\LandscapeShowcase.tsx:28:55)
    at Suspense
    at div
    at div
    at App (E:\project\Anima-Engine\src\App.tsx:81:53)
Warning: <meshStandardMaterial /> is using incorrect casing. Use PascalCase for React components, or lowercase for HTML elements.
    at meshStandardMaterial
    at mesh
    at group
    at group
    at group
    at Sky (E:\project\Anima-Engine\src\components\Landscape\Sky.tsx:50:16)
    at div
    at Canvas (E:\project\Anima-Engine\tests\frontend\landscape_showcase.test.tsx:4:16)
    at div
    at LandscapeShowcase (E:\project\Anima-Engine\src\components\Landscape\LandscapeShowcase.tsx:28:55)
    at Suspense
    at div
    at div
    at App (E:\project\Anima-Engine\src\App.tsx:81:53)
Warning: <boxGeometry /> is using incorrect casing. Use PascalCase for React components, or lowercase for HTML elements.
    at boxGeometry
    at mesh
    at group
    at group
    at group
    at Sky (E:\project\Anima-Engine\src\components\Landscape\Sky.tsx:50:16)
    at div
    at Canvas (E:\project\Anima-Engine\tests\frontend\landscape_showcase.test.tsx:4:16)
    at div
    at LandscapeShowcase (E:\project\Anima-Engine\src\components\Landscape\LandscapeShowcase.tsx:28:55)
    at Suspense
    at div
    at div
    at App (E:\project\Anima-Engine\src\App.tsx:81:53)
Warning: <meshStandardMaterial /> is using incorrect casing. Use PascalCase for React components, or lowercase for HTML elements.
    at meshStandardMaterial
    at mesh
    at group
    at group
    at group
    at Sky (E:\project\Anima-Engine\src\components\Landscape\Sky.tsx:50:16)
    at div
    at Canvas (E:\project\Anima-Engine\tests\frontend\landscape_showcase.test.tsx:4:16)
    at div
    at LandscapeShowcase (E:\project\Anima-Engine\src\components\Landscape\LandscapeShowcase.tsx:28:55)
    at Suspense
    at div
    at div
    at App (E:\project\Anima-Engine\src\App.tsx:81:53)
Warning: <boxGeometry /> is using incorrect casing. Use PascalCase for React components, or lowercase for HTML elements.
    at boxGeometry
    at mesh
    at group
    at group
    at group
    at Sky (E:\project\Anima-Engine\src\components\Landscape\Sky.tsx:50:16)
    at div
    at Canvas (E:\project\Anima-Engine\tests\frontend\landscape_showcase.test.tsx:4:16)
    at div
    at LandscapeShowcase (E:\project\Anima-Engine\src\components\Landscape\LandscapeShowcase.tsx:28:55)
    at Suspense
    at div
    at div
    at App (E:\project\Anima-Engine\src\App.tsx:81:53)
Warning: <meshStandardMaterial /> is using incorrect casing. Use PascalCase for React components, or lowercase for HTML elements.
    at meshStandardMaterial
    at mesh
    at group
    at group
    at group
    at Sky (E:\project\Anima-Engine\src\components\Landscape\Sky.tsx:50:16)
    at div
    at Canvas (E:\project\Anima-Engine\tests\frontend\landscape_showcase.test.tsx:4:16)
    at div
    at LandscapeShowcase (E:\project\Anima-Engine\src\components\Landscape\LandscapeShowcase.tsx:28:55)
    at Suspense
    at div
    at div
    at App (E:\project\Anima-Engine\src\App.tsx:81:53)
Warning: <boxGeometry /> is using incorrect casing. Use PascalCase for React components, or lowercase for HTML elements.
    at boxGeometry
    at mesh
    at group
    at group
    at group
    at Sky (E:\project\Anima-Engine\src\components\Landscape\Sky.tsx:50:16)
    at div
    at Canvas (E:\project\Anima-Engine\tests\frontend\landscape_showcase.test.tsx:4:16)
    at div
    at LandscapeShowcase (E:\project\Anima-Engine\src\components\Landscape\LandscapeShowcase.tsx:28:55)
    at Suspense
    at div
    at div
    at App (E:\project\Anima-Engine\src\App.tsx:81:53)
Warning: <meshStandardMaterial /> is using incorrect casing. Use PascalCase for React components, or lowercase for HTML elements.
    at meshStandardMaterial
    at mesh
    at group
    at group
    at group
    at Sky (E:\project\Anima-Engine\src\components\Landscape\Sky.tsx:50:16)
    at div
    at Canvas (E:\project\Anima-Engine\tests\frontend\landscape_showcase.test.tsx:4:16)
    at div
    at LandscapeShowcase (E:\project\Anima-Engine\src\components\Landscape\LandscapeShowcase.tsx:28:55)
    at Suspense
    at div
    at div
    at App (E:\project\Anima-Engine\src\App.tsx:81:53)
Warning: <boxGeometry /> is using incorrect casing. Use PascalCase for React components, or lowercase for HTML elements.
    at boxGeometry
    at mesh
    at group
    at group
    at group
    at Sky (E:\project\Anima-Engine\src\components\Landscape\Sky.tsx:50:16)
    at div
    at Canvas (E:\project\Anima-Engine\tests\frontend\landscape_showcase.test.tsx:4:16)
    at div
    at LandscapeShowcase (E:\project\Anima-Engine\src\components\Landscape\LandscapeShowcase.tsx:28:55)
    at Suspense
    at div
    at div
    at App (E:\project\Anima-Engine\src\App.tsx:81:53)
Warning: <meshStandardMaterial /> is using incorrect casing. Use PascalCase for React components, or lowercase for HTML elements.
    at meshStandardMaterial
    at mesh
    at group
    at group
    at group
    at Sky (E:\project\Anima-Engine\src\components\Landscape\Sky.tsx:50:16)
    at div
    at Canvas (E:\project\Anima-Engine\tests\frontend\landscape_showcase.test.tsx:4:16)
    at div
    at LandscapeShowcase (E:\project\Anima-Engine\src\components\Landscape\LandscapeShowcase.tsx:28:55)
    at Suspense
    at div
    at div
    at App (E:\project\Anima-Engine\src\App.tsx:81:53)
Warning: <boxGeometry /> is using incorrect casing. Use PascalCase for React components, or lowercase for HTML elements.
    at boxGeometry
    at mesh
    at group
    at group
    at group
    at Sky (E:\project\Anima-Engine\src\components\Landscape\Sky.tsx:50:16)
    at div
    at Canvas (E:\project\Anima-Engine\tests\frontend\landscape_showcase.test.tsx:4:16)
    at div
    at LandscapeShowcase (E:\project\Anima-Engine\src\components\Landscape\LandscapeShowcase.tsx:28:55)
    at Suspense
    at div
    at div
    at App (E:\project\Anima-Engine\src\App.tsx:81:53)
Warning: <meshStandardMaterial /> is using incorrect casing. Use PascalCase for React components, or lowercase for HTML elements.
    at meshStandardMaterial
    at mesh
    at group
    at group
    at group
    at Sky (E:\project\Anima-Engine\src\components\Landscape\Sky.tsx:50:16)
    at div
    at Canvas (E:\project\Anima-Engine\tests\frontend\landscape_showcase.test.tsx:4:16)
    at div
    at LandscapeShowcase (E:\project\Anima-Engine\src\components\Landscape\LandscapeShowcase.tsx:28:55)
    at Suspense
    at div
    at div
    at App (E:\project\Anima-Engine\src\App.tsx:81:53)
Warning: <boxGeometry /> is using incorrect casing. Use PascalCase for React components, or lowercase for HTML elements.
    at boxGeometry
    at mesh
    at group
    at group
    at group
    at Sky (E:\project\Anima-Engine\src\components\Landscape\Sky.tsx:50:16)
    at div
    at Canvas (E:\project\Anima-Engine\tests\frontend\landscape_showcase.test.tsx:4:16)
    at div
    at LandscapeShowcase (E:\project\Anima-Engine\src\components\Landscape\LandscapeShowcase.tsx:28:55)
    at Suspense
    at div
    at div
    at App (E:\project\Anima-Engine\src\App.tsx:81:53)
Warning: <meshStandardMaterial /> is using incorrect casing. Use PascalCase for React components, or lowercase for HTML elements.
    at meshStandardMaterial
    at mesh
    at group
    at group
    at group
    at Sky (E:\project\Anima-Engine\src\components\Landscape\Sky.tsx:50:16)
    at div
    at Canvas (E:\project\Anima-Engine\tests\frontend\landscape_showcase.test.tsx:4:16)
    at div
    at LandscapeShowcase (E:\project\Anima-Engine\src\components\Landscape\LandscapeShowcase.tsx:28:55)
    at Suspense
    at div
    at div
    at App (E:\project\Anima-Engine\src\App.tsx:81:53)
Warning: <boxGeometry /> is using incorrect casing. Use PascalCase for React components, or lowercase for HTML elements.
    at boxGeometry
    at mesh
    at group
    at group
    at group
    at Sky (E:\project\Anima-Engine\src\components\Landscape\Sky.tsx:50:16)
    at div
    at Canvas (E:\project\Anima-Engine\tests\frontend\landscape_showcase.test.tsx:4:16)
    at div
    at LandscapeShowcase (E:\project\Anima-Engine\src\components\Landscape\LandscapeShowcase.tsx:28:55)
    at Suspense
    at div
    at div
    at App (E:\project\Anima-Engine\src\App.tsx:81:53)
Warning: <meshStandardMaterial /> is using incorrect casing. Use PascalCase for React components, or lowercase for HTML elements.
    at meshStandardMaterial
    at mesh
    at group
    at group
    at group
    at Sky (E:\project\Anima-Engine\src\components\Landscape\Sky.tsx:50:16)
    at div
    at Canvas (E:\project\Anima-Engine\tests\frontend\landscape_showcase.test.tsx:4:16)
    at div
    at LandscapeShowcase (E:\project\Anima-Engine\src\components\Landscape\LandscapeShowcase.tsx:28:55)
    at Suspense
    at div
    at div
    at App (E:\project\Anima-Engine\src\App.tsx:81:53)
Warning: <boxGeometry /> is using incorrect casing. Use PascalCase for React components, or lowercase for HTML elements.
    at boxGeometry
    at mesh
    at group
    at group
    at group
    at Sky (E:\project\Anima-Engine\src\components\Landscape\Sky.tsx:50:16)
    at div
    at Canvas (E:\project\Anima-Engine\tests\frontend\landscape_showcase.test.tsx:4:16)
    at div
    at LandscapeShowcase (E:\project\Anima-Engine\src\components\Landscape\LandscapeShowcase.tsx:28:55)
    at Suspense
    at div
    at div
    at App (E:\project\Anima-Engine\src\App.tsx:81:53)
Warning: <meshStandardMaterial /> is using incorrect casing. Use PascalCase for React components, or lowercase for HTML elements.
    at meshStandardMaterial
    at mesh
    at group
    at group
    at group
    at Sky (E:\project\Anima-Engine\src\components\Landscape\Sky.tsx:50:16)
    at div
    at Canvas (E:\project\Anima-Engine\tests\frontend\landscape_showcase.test.tsx:4:16)
    at div
    at LandscapeShowcase (E:\project\Anima-Engine\src\components\Landscape\LandscapeShowcase.tsx:28:55)
    at Suspense
    at div
    at div
    at App (E:\project\Anima-Engine\src\App.tsx:81:53)
Warning: <boxGeometry /> is using incorrect casing. Use PascalCase for React components, or lowercase for HTML elements.
    at boxGeometry
    at mesh
    at group
    at group
    at group
    at Sky (E:\project\Anima-Engine\src\components\Landscape\Sky.tsx:50:16)
    at div
    at Canvas (E:\project\Anima-Engine\tests\frontend\landscape_showcase.test.tsx:4:16)
    at div
    at LandscapeShowcase (E:\project\Anima-Engine\src\components\Landscape\LandscapeShowcase.tsx:28:55)
    at Suspense
    at div
    at div
    at App (E:\project\Anima-Engine\src\App.tsx:81:53)
Warning: <meshStandardMaterial /> is using incorrect casing. Use PascalCase for React components, or lowercase for HTML elements.
    at meshStandardMaterial
    at mesh
    at group
    at group
    at group
    at Sky (E:\project\Anima-Engine\src\components\Landscape\Sky.tsx:50:16)
    at div
    at Canvas (E:\project\Anima-Engine\tests\frontend\landscape_showcase.test.tsx:4:16)
    at div
    at LandscapeShowcase (E:\project\Anima-Engine\src\components\Landscape\LandscapeShowcase.tsx:28:55)
    at Suspense
    at div
    at div
    at App (E:\project\Anima-Engine\src\App.tsx:81:53)
Warning: <bufferGeometry /> is using incorrect casing. Use PascalCase for React components, or lowercase for HTML elements.
    at bufferGeometry
    at mesh
    at lod
    at Terrain (E:\project\Anima-Engine\src\components\Landscape\Terrain.tsx:26:20)
    at div
    at Canvas (E:\project\Anima-Engine\tests\frontend\landscape_showcase.test.tsx:4:16)
    at div
    at LandscapeShowcase (E:\project\Anima-Engine\src\components\Landscape\LandscapeShowcase.tsx:28:55)
    at Suspense
    at div
    at div
    at App (E:\project\Anima-Engine\src\App.tsx:81:53)
Warning: <meshStandardMaterial /> is using incorrect casing. Use PascalCase for React components, or lowercase for HTML elements.
    at meshStandardMaterial
    at mesh
    at lod
    at Terrain (E:\project\Anima-Engine\src\components\Landscape\Terrain.tsx:26:20)
    at div
    at Canvas (E:\project\Anima-Engine\tests\frontend\landscape_showcase.test.tsx:4:16)
    at div
    at LandscapeShowcase (E:\project\Anima-Engine\src\components\Landscape\LandscapeShowcase.tsx:28:55)
    at Suspense
    at div
    at div
    at App (E:\project\Anima-Engine\src\App.tsx:81:53)
Warning: <bufferGeometry /> is using incorrect casing. Use PascalCase for React components, or lowercase for HTML elements.
    at bufferGeometry
    at mesh
    at lod
    at Terrain (E:\project\Anima-Engine\src\components\Landscape\Terrain.tsx:26:20)
    at div
    at Canvas (E:\project\Anima-Engine\tests\frontend\landscape_showcase.test.tsx:4:16)
    at div
    at LandscapeShowcase (E:\project\Anima-Engine\src\components\Landscape\LandscapeShowcase.tsx:28:55)
    at Suspense
    at div
    at div
    at App (E:\project\Anima-Engine\src\App.tsx:81:53)
Warning: <meshStandardMaterial /> is using incorrect casing. Use PascalCase for React components, or lowercase for HTML elements.
    at meshStandardMaterial
    at mesh
    at lod
    at Terrain (E:\project\Anima-Engine\src\components\Landscape\Terrain.tsx:26:20)
    at div
    at Canvas (E:\project\Anima-Engine\tests\frontend\landscape_showcase.test.tsx:4:16)
    at div
    at LandscapeShowcase (E:\project\Anima-Engine\src\components\Landscape\LandscapeShowcase.tsx:28:55)
    at Suspense
    at div
    at div
    at App (E:\project\Anima-Engine\src\App.tsx:81:53)
Warning: <bufferGeometry /> is using incorrect casing. Use PascalCase for React components, or lowercase for HTML elements.
    at bufferGeometry
    at mesh
    at lod
    at Terrain (E:\project\Anima-Engine\src\components\Landscape\Terrain.tsx:26:20)
    at div
    at Canvas (E:\project\Anima-Engine\tests\frontend\landscape_showcase.test.tsx:4:16)
    at div
    at LandscapeShowcase (E:\project\Anima-Engine\src\components\Landscape\LandscapeShowcase.tsx:28:55)
    at Suspense
    at div
    at div
    at App (E:\project\Anima-Engine\src\App.tsx:81:53)
Warning: <meshStandardMaterial /> is using incorrect casing. Use PascalCase for React components, or lowercase for HTML elements.
    at meshStandardMaterial
    at mesh
    at lod
    at Terrain (E:\project\Anima-Engine\src\components\Landscape\Terrain.tsx:26:20)
    at div
    at Canvas (E:\project\Anima-Engine\tests\frontend\landscape_showcase.test.tsx:4:16)
    at div
    at LandscapeShowcase (E:\project\Anima-Engine\src\components\Landscape\LandscapeShowcase.tsx:28:55)
    at Suspense
    at div
    at div
    at App (E:\project\Anima-Engine\src\App.tsx:81:53)
Warning: <shaderMaterial /> is using incorrect casing. Use PascalCase for React components, or lowercase for HTML elements.
    at shaderMaterial
    at mesh
    at group
    at Water (E:\project\Anima-Engine\src\components\Landscape\Water.tsx:87:3)
    at div
    at Canvas (E:\project\Anima-Engine\tests\frontend\landscape_showcase.test.tsx:4:16)
    at div
    at LandscapeShowcase (E:\project\Anima-Engine\src\components\Landscape\LandscapeShowcase.tsx:28:55)
    at Suspense
    at div
    at div
    at App (E:\project\Anima-Engine\src\App.tsx:81:53)
Warning: <bufferAttribute /> is using incorrect casing. Use PascalCase for React components, or lowercase for HTML elements.
    at bufferAttribute
    at bufferGeometry
    at points
    at group
    at Water (E:\project\Anima-Engine\src\components\Landscape\Water.tsx:87:3)
    at div
    at Canvas (E:\project\Anima-Engine\tests\frontend\landscape_showcase.test.tsx:4:16)
    at div
    at LandscapeShowcase (E:\project\Anima-Engine\src\components\Landscape\LandscapeShowcase.tsx:28:55)
    at Suspense
    at div
    at div
    at App (E:\project\Anima-Engine\src\App.tsx:81:53)
Warning: <bufferGeometry /> is using incorrect casing. Use PascalCase for React components, or lowercase for HTML elements.
    at bufferGeometry
    at points
    at group
    at Water (E:\project\Anima-Engine\src\components\Landscape\Water.tsx:87:3)
    at div
    at Canvas (E:\project\Anima-Engine\tests\frontend\landscape_showcase.test.tsx:4:16)
    at div
    at LandscapeShowcase (E:\project\Anima-Engine\src\components\Landscape\LandscapeShowcase.tsx:28:55)
    at Suspense
    at div
    at div
    at App (E:\project\Anima-Engine\src\App.tsx:81:53)
Warning: <pointsMaterial /> is using incorrect casing. Use PascalCase for React components, or lowercase for HTML elements.
    at pointsMaterial
    at points
    at group
    at Water (E:\project\Anima-Engine\src\components\Landscape\Water.tsx:87:3)
    at div
    at Canvas (E:\project\Anima-Engine\tests\frontend\landscape_showcase.test.tsx:4:16)
    at div
    at LandscapeShowcase (E:\project\Anima-Engine\src\components\Landscape\LandscapeShowcase.tsx:28:55)
    at Suspense
    at div
    at div
    at App (E:\project\Anima-Engine\src\App.tsx:81:53)
Warning: <instancedMesh /> is using incorrect casing. Use PascalCase for React components, or lowercase for HTML elements.
    at instancedMesh
    at group
    at Vegetation (E:\project\Anima-Engine\src\components\Landscape\Vegetation.tsx:58:3)
    at div
    at Canvas (E:\project\Anima-Engine\tests\frontend\landscape_showcase.test.tsx:4:16)
    at div
    at LandscapeShowcase (E:\project\Anima-Engine\src\components\Landscape\LandscapeShowcase.tsx:28:55)
    at Suspense
    at div
    at div
    at App (E:\project\Anima-Engine\src\App.tsx:81:53)
Warning: <instancedMesh /> is using incorrect casing. Use PascalCase for React components, or lowercase for HTML elements.
    at instancedMesh
    at group
    at Vegetation (E:\project\Anima-Engine\src\components\Landscape\Vegetation.tsx:58:3)
    at div
    at Canvas (E:\project\Anima-Engine\tests\frontend\landscape_showcase.test.tsx:4:16)
    at div
    at LandscapeShowcase (E:\project\Anima-Engine\src\components\Landscape\LandscapeShowcase.tsx:28:55)
    at Suspense
    at div
    at div
    at App (E:\project\Anima-Engine\src\App.tsx:81:53)
Warning: <instancedMesh /> is using incorrect casing. Use PascalCase for React components, or lowercase for HTML elements.
    at instancedMesh
    at group
    at Vegetation (E:\project\Anima-Engine\src\components\Landscape\Vegetation.tsx:58:3)
    at div
    at Canvas (E:\project\Anima-Engine\tests\frontend\landscape_showcase.test.tsx:4:16)
    at div
    at LandscapeShowcase (E:\project\Anima-Engine\src\components\Landscape\LandscapeShowcase.tsx:28:55)
    at Suspense
    at div
    at div
    at App (E:\project\Anima-Engine\src\App.tsx:81:53)
Warning: <instancedMesh /> is using incorrect casing. Use PascalCase for React components, or lowercase for HTML elements.
    at instancedMesh
    at group
    at Vegetation (E:\project\Anima-Engine\src\components\Landscape\Vegetation.tsx:58:3)
    at div
    at Canvas (E:\project\Anima-Engine\tests\frontend\landscape_showcase.test.tsx:4:16)
    at div
    at LandscapeShowcase (E:\project\Anima-Engine\src\components\Landscape\LandscapeShowcase.tsx:28:55)
    at Suspense
    at div
    at div
    at App (E:\project\Anima-Engine\src\App.tsx:81:53)
Warning: <instancedMesh /> is using incorrect casing. Use PascalCase for React components, or lowercase for HTML elements.
    at instancedMesh
    at group
    at Vegetation (E:\project\Anima-Engine\src\components\Landscape\Vegetation.tsx:58:3)
    at div
    at Canvas (E:\project\Anima-Engine\tests\frontend\landscape_showcase.test.tsx:4:16)
    at div
    at LandscapeShowcase (E:\project\Anima-Engine\src\components\Landscape\LandscapeShowcase.tsx:28:55)
    at Suspense
    at div
    at div
    at App (E:\project\Anima-Engine\src\App.tsx:81:53)
Warning: <fogExp2 /> is using incorrect casing. Use PascalCase for React components, or lowercase for HTML elements.
    at fogExp2
    at group
    at Weather (E:\project\Anima-Engine\src\components\Landscape\Weather.tsx:10:3)
    at div
    at Canvas (E:\project\Anima-Engine\tests\frontend\landscape_showcase.test.tsx:4:16)
    at div
    at LandscapeShowcase (E:\project\Anima-Engine\src\components\Landscape\LandscapeShowcase.tsx:28:55)
    at Suspense
    at div
    at div
    at App (E:\project\Anima-Engine\src\App.tsx:81:53)
Warning: <sphereGeometry /> is using incorrect casing. Use PascalCase for React components, or lowercase for HTML elements.
    at sphereGeometry
    at mesh
    at group
    at PositionalAudio (E:\project\Anima-Engine\src\components\Landscape\PositionalAudio.tsx:10:3)
    at div
    at Canvas (E:\project\Anima-Engine\tests\frontend\landscape_showcase.test.tsx:4:16)
    at div
    at LandscapeShowcase (E:\project\Anima-Engine\src\components\Landscape\LandscapeShowcase.tsx:28:55)
    at Suspense
    at div
    at div
    at App (E:\project\Anima-Engine\src\App.tsx:81:53)
Warning: <meshBasicMaterial /> is using incorrect casing. Use PascalCase for React components, or lowercase for HTML elements.
    at meshBasicMaterial
    at mesh
    at group
    at PositionalAudio (E:\project\Anima-Engine\src\components\Landscape\PositionalAudio.tsx:10:3)
    at div
    at Canvas (E:\project\Anima-Engine\tests\frontend\landscape_showcase.test.tsx:4:16)
    at div
    at LandscapeShowcase (E:\project\Anima-Engine\src\components\Landscape\LandscapeShowcase.tsx:28:55)
    at Suspense
    at div
    at div
    at App (E:\project\Anima-Engine\src\App.tsx:81:53)
Warning: <sphereGeometry /> is using incorrect casing. Use PascalCase for React components, or lowercase for HTML elements.
    at sphereGeometry
    at mesh
    at group
    at PositionalAudio (E:\project\Anima-Engine\src\components\Landscape\PositionalAudio.tsx:10:3)
    at div
    at Canvas (E:\project\Anima-Engine\tests\frontend\landscape_showcase.test.tsx:4:16)
    at div
    at LandscapeShowcase (E:\project\Anima-Engine\src\components\Landscape\LandscapeShowcase.tsx:28:55)
    at Suspense
    at div
    at div
    at App (E:\project\Anima-Engine\src\App.tsx:81:53)
Warning: <meshBasicMaterial /> is using incorrect casing. Use PascalCase for React components, or lowercase for HTML elements.
    at meshBasicMaterial
    at mesh
    at group
    at PositionalAudio (E:\project\Anima-Engine\src\components\Landscape\PositionalAudio.tsx:10:3)
    at div
    at Canvas (E:\project\Anima-Engine\tests\frontend\landscape_showcase.test.tsx:4:16)
    at div
    at LandscapeShowcase (E:\project\Anima-Engine\src\components\Landscape\LandscapeShowcase.tsx:28:55)
    at Suspense
    at div
    at div
    at App (E:\project\Anima-Engine\src\App.tsx:81:53)
Warning: <orbitControls /> is using incorrect casing. Use PascalCase for React components, or lowercase for HTML elements.
    at orbitControls
    at CameraControls (E:\project\Anima-Engine\src\components\Landscape\CameraControls.tsx:15:3)
    at div
    at Canvas (E:\project\Anima-Engine\tests\frontend\landscape_showcase.test.tsx:4:16)
    at div
    at LandscapeShowcase (E:\project\Anima-Engine\src\components\Landscape\LandscapeShowcase.tsx:28:55)
    at Suspense
    at div
    at div
    at App (E:\project\Anima-Engine\src\App.tsx:81:53)
Warning: <object3D /> is using incorrect casing. Use PascalCase for React components, or lowercase for HTML elements.
    at object3D
    at CameraControls (E:\project\Anima-Engine\src\components\Landscape\CameraControls.tsx:15:3)
    at div
    at Canvas (E:\project\Anima-Engine\tests\frontend\landscape_showcase.test.tsx:4:16)
    at div
    at LandscapeShowcase (E:\project\Anima-Engine\src\components\Landscape\LandscapeShowcase.tsx:28:55)
    at Suspense
    at div
    at div
    at App (E:\project\Anima-Engine\src\App.tsx:81:53)

[90mstderr[2m | frontend/landscape_showcase.test.tsx[2m > [22m[2mLandscape Showcase Test Suite (93 Tests)[2m > [22m[2mTier 2: Boundary & Corner Cases (40 tests)[2m > [22m[2mF8: Integration boundaries[2m > [22m[2mF8.2: rabbit vs landscape exclusion[22m[39m
Warning: <ambientLight /> is using incorrect casing. Use PascalCase for React components, or lowercase for HTML elements.
    at ambientLight
    at div
    at Canvas (E:\project\Anima-Engine\tests\frontend\landscape_showcase.test.tsx:4:16)
    at div
    at div
    at div
    at RabbitVisualizer (E:\project\Anima-Engine\playground\RabbitVisualizer.tsx:800:55)
    at Suspense
    at div
    at div
    at App (E:\project\Anima-Engine\src\App.tsx:81:53)
Warning: <directionalLight /> is using incorrect casing. Use PascalCase for React components, or lowercase for HTML elements.
    at directionalLight
    at div
    at Canvas (E:\project\Anima-Engine\tests\frontend\landscape_showcase.test.tsx:4:16)
    at div
    at div
    at div
    at RabbitVisualizer (E:\project\Anima-Engine\playground\RabbitVisualizer.tsx:800:55)
    at Suspense
    at div
    at div
    at App (E:\project\Anima-Engine\src\App.tsx:81:53)
Warning: <directionalLight /> is using incorrect casing. Use PascalCase for React components, or lowercase for HTML elements.
    at directionalLight
    at div
    at Canvas (E:\project\Anima-Engine\tests\frontend\landscape_showcase.test.tsx:4:16)
    at div
    at div
    at div
    at RabbitVisualizer (E:\project\Anima-Engine\playground\RabbitVisualizer.tsx:800:55)
    at Suspense
    at div
    at div
    at App (E:\project\Anima-Engine\src\App.tsx:81:53)
Warning: <spotLight /> is using incorrect casing. Use PascalCase for React components, or lowercase for HTML elements.
    at spotLight
    at div
    at Canvas (E:\project\Anima-Engine\tests\frontend\landscape_showcase.test.tsx:4:16)
    at div
    at div
    at div
    at RabbitVisualizer (E:\project\Anima-Engine\playground\RabbitVisualizer.tsx:800:55)
    at Suspense
    at div
    at div
    at App (E:\project\Anima-Engine\src\App.tsx:81:53)
Warning: The tag <spotLight> is unrecognized in this browser. If you meant to render a React component, start its name with an uppercase letter.
    at spotLight
    at div
    at Canvas (E:\project\Anima-Engine\tests\frontend\landscape_showcase.test.tsx:4:16)
    at div
    at div
    at div
    at RabbitVisualizer (E:\project\Anima-Engine\playground\RabbitVisualizer.tsx:800:55)
    at Suspense
    at div
    at div
    at App (E:\project\Anima-Engine\src\App.tsx:81:53)
Warning: <cylinderGeometry /> is using incorrect casing. Use PascalCase for React components, or lowercase for HTML elements.
    at cylinderGeometry
    at mesh
    at group
    at div
    at Canvas (E:\project\Anima-Engine\tests\frontend\landscape_showcase.test.tsx:4:16)
    at div
    at div
    at div
    at RabbitVisualizer (E:\project\Anima-Engine\playground\RabbitVisualizer.tsx:800:55)
    at Suspense
    at div
    at div
    at App (E:\project\Anima-Engine\src\App.tsx:81:53)
Warning: The tag <cylinderGeometry> is unrecognized in this browser. If you meant to render a React component, start its name with an uppercase letter.
    at cylinderGeometry
    at mesh
    at group
    at div
    at Canvas (E:\project\Anima-Engine\tests\frontend\landscape_showcase.test.tsx:4:16)
    at div
    at div
    at div
    at RabbitVisualizer (E:\project\Anima-Engine\playground\RabbitVisualizer.tsx:800:55)
    at Suspense
    at div
    at div
    at App (E:\project\Anima-Engine\src\App.tsx:81:53)
Warning: <meshStandardMaterial /> is using incorrect casing. Use PascalCase for React components, or lowercase for HTML elements.
    at meshStandardMaterial
    at mesh
    at group
    at div
    at Canvas (E:\project\Anima-Engine\tests\frontend\landscape_showcase.test.tsx:4:16)
    at div
    at div
    at div
    at RabbitVisualizer (E:\project\Anima-Engine\playground\RabbitVisualizer.tsx:800:55)
    at Suspense
    at div
    at div
    at App (E:\project\Anima-Engine\src\App.tsx:81:53)
Warning: React does not recognize the `flatShading` prop on a DOM element. If you intentionally want it to appear in the DOM as a custom attribute, spell it as lowercase `flatshading` instead. If you accidentally passed it from a parent component, remove it from the DOM element.
    at meshStandardMaterial
    at mesh
    at group
    at div
    at Canvas (E:\project\Anima-Engine\tests\frontend\landscape_showcase.test.tsx:4:16)
    at div
    at div
    at div
    at RabbitVisualizer (E:\project\Anima-Engine\playground\RabbitVisualizer.tsx:800:55)
    at Suspense
    at div
    at div
    at App (E:\project\Anima-Engine\src\App.tsx:81:53)
Warning: React does not recognize the `receiveShadow` prop on a DOM element. If you intentionally want it to appear in the DOM as a custom attribute, spell it as lowercase `receiveshadow` instead. If you accidentally passed it from a parent component, remove it from the DOM element.
    at mesh
    at group
    at div
    at Canvas (E:\project\Anima-Engine\tests\frontend\landscape_showcase.test.tsx:4:16)
    at div
    at div
    at div
    at RabbitVisualizer (E:\project\Anima-Engine\playground\RabbitVisualizer.tsx:800:55)
    at Suspense
    at div
    at div
    at App (E:\project\Anima-Engine\src\App.tsx:81:53)
Warning: <cylinderGeometry /> is using incorrect casing. Use PascalCase for React components, or lowercase for HTML elements.
    at cylinderGeometry
    at mesh
    at group
    at div
    at Canvas (E:\project\Anima-Engine\tests\frontend\landscape_showcase.test.tsx:4:16)
    at div
    at div
    at div
    at RabbitVisualizer (E:\project\Anima-Engine\playground\RabbitVisualizer.tsx:800:55)
    at Suspense
    at div
    at div
    at App (E:\project\Anima-Engine\src\App.tsx:81:53)
Warning: <meshStandardMaterial /> is using incorrect casing. Use PascalCase for React components, or lowercase for HTML elements.
    at meshStandardMaterial
    at mesh
    at group
    at div
    at Canvas (E:\project\Anima-Engine\tests\frontend\landscape_showcase.test.tsx:4:16)
    at div
    at div
    at div
    at RabbitVisualizer (E:\project\Anima-Engine\playground\RabbitVisualizer.tsx:800:55)
    at Suspense
    at div
    at div
    at App (E:\project\Anima-Engine\src\App.tsx:81:53)
Warning: <meshStandardMaterial /> is using incorrect casing. Use PascalCase for React components, or lowercase for HTML elements.
    at meshStandardMaterial
    at mesh
    at group
    at SingleRabbitMesh (E:\project\Anima-Engine\playground\RabbitVisualizer.tsx:93:29)
    at div
    at Canvas (E:\project\Anima-Engine\tests\frontend\landscape_showcase.test.tsx:4:16)
    at div
    at div
    at div
    at RabbitVisualizer (E:\project\Anima-Engine\playground\RabbitVisualizer.tsx:800:55)
    at Suspense
    at div
    at div
    at App (E:\project\Anima-Engine\src\App.tsx:81:53)
Warning: React does not recognize the `polygonOffset` prop on a DOM element. If you intentionally want it to appear in the DOM as a custom attribute, spell it as lowercase `polygonoffset` instead. If you accidentally passed it from a parent component, remove it from the DOM element.
    at meshStandardMaterial
    at mesh
    at group
    at SingleRabbitMesh (E:\project\Anima-Engine\playground\RabbitVisualizer.tsx:93:29)
    at div
    at Canvas (E:\project\Anima-Engine\tests\frontend\landscape_showcase.test.tsx:4:16)
    at div
    at div
    at div
    at RabbitVisualizer (E:\project\Anima-Engine\playground\RabbitVisualizer.tsx:800:55)
    at Suspense
    at div
    at div
    at App (E:\project\Anima-Engine\src\App.tsx:81:53)
Warning: React does not recognize the `polygonOffsetFactor` prop on a DOM element. If you intentionally want it to appear in the DOM as a custom attribute, spell it as lowercase `polygonoffsetfactor` instead. If you accidentally passed it from a parent component, remove it from the DOM element.
    at meshStandardMaterial
    at mesh
    at group
    at SingleRabbitMesh (E:\project\Anima-Engine\playground\RabbitVisualizer.tsx:93:29)
    at div
    at Canvas (E:\project\Anima-Engine\tests\frontend\landscape_showcase.test.tsx:4:16)
    at div
    at div
    at div
    at RabbitVisualizer (E:\project\Anima-Engine\playground\RabbitVisualizer.tsx:800:55)
    at Suspense
    at div
    at div
    at App (E:\project\Anima-Engine\src\App.tsx:81:53)
Warning: React does not recognize the `polygonOffsetUnits` prop on a DOM element. If you intentionally want it to appear in the DOM as a custom attribute, spell it as lowercase `polygonoffsetunits` instead. If you accidentally passed it from a parent component, remove it from the DOM element.
    at meshStandardMaterial
    at mesh
    at group
    at SingleRabbitMesh (E:\project\Anima-Engine\playground\RabbitVisualizer.tsx:93:29)
    at div
    at Canvas (E:\project\Anima-Engine\tests\frontend\landscape_showcase.test.tsx:4:16)
    at div
    at div
    at div
    at RabbitVisualizer (E:\project\Anima-Engine\playground\RabbitVisualizer.tsx:800:55)
    at Suspense
    at div
    at div
    at App (E:\project\Anima-Engine\src\App.tsx:81:53)
Warning: <lineBasicMaterial /> is using incorrect casing. Use PascalCase for React components, or lowercase for HTML elements.
    at lineBasicMaterial
    at lineSegments
    at mesh
    at group
    at SingleRabbitMesh (E:\project\Anima-Engine\playground\RabbitVisualizer.tsx:93:29)
    at div
    at Canvas (E:\project\Anima-Engine\tests\frontend\landscape_showcase.test.tsx:4:16)
    at div
    at div
    at div
    at RabbitVisualizer (E:\project\Anima-Engine\playground\RabbitVisualizer.tsx:800:55)
    at Suspense
    at div
    at div
    at App (E:\project\Anima-Engine\src\App.tsx:81:53)
Warning: The tag <lineBasicMaterial> is unrecognized in this browser. If you meant to render a React component, start its name with an uppercase letter.
    at lineBasicMaterial
    at lineSegments
    at mesh
    at group
    at SingleRabbitMesh (E:\project\Anima-Engine\playground\RabbitVisualizer.tsx:93:29)
    at div
    at Canvas (E:\project\Anima-Engine\tests\frontend\landscape_showcase.test.tsx:4:16)
    at div
    at div
    at div
    at RabbitVisualizer (E:\project\Anima-Engine\playground\RabbitVisualizer.tsx:800:55)
    at Suspense
    at div
    at div
    at App (E:\project\Anima-Engine\src\App.tsx:81:53)
Warning: <lineSegments /> is using incorrect casing. Use PascalCase for React components, or lowercase for HTML elements.
    at lineSegments
    at mesh
    at group
    at SingleRabbitMesh (E:\project\Anima-Engine\playground\RabbitVisualizer.tsx:93:29)
    at div
    at Canvas (E:\project\Anima-Engine\tests\frontend\landscape_showcase.test.tsx:4:16)
    at div
    at div
    at div
    at RabbitVisualizer (E:\project\Anima-Engine\playground\RabbitVisualizer.tsx:800:55)
    at Suspense
    at div
    at div
    at App (E:\project\Anima-Engine\src\App.tsx:81:53)
Warning: The tag <lineSegments> is unrecognized in this browser. If you meant to render a React component, start its name with an uppercase letter.
    at lineSegments
    at mesh
    at group
    at SingleRabbitMesh (E:\project\Anima-Engine\playground\RabbitVisualizer.tsx:93:29)
    at div
    at Canvas (E:\project\Anima-Engine\tests\frontend\landscape_showcase.test.tsx:4:16)
    at div
    at div
    at div
    at RabbitVisualizer (E:\project\Anima-Engine\playground\RabbitVisualizer.tsx:800:55)
    at Suspense
    at div
    at div
    at App (E:\project\Anima-Engine\src\App.tsx:81:53)
Warning: <meshStandardMaterial /> is using incorrect casing. Use PascalCase for React components, or lowercase for HTML elements.
    at meshStandardMaterial
    at mesh
    at group
    at SingleRabbitMesh (E:\project\Anima-Engine\playground\RabbitVisualizer.tsx:93:29)
    at div
    at Canvas (E:\project\Anima-Engine\tests\frontend\landscape_showcase.test.tsx:4:16)
    at div
    at div
    at div
    at RabbitVisualizer (E:\project\Anima-Engine\playground\RabbitVisualizer.tsx:800:55)
    at Suspense
    at div
    at div
    at App (E:\project\Anima-Engine\src\App.tsx:81:53)
Warning: <lineBasicMaterial /> is using incorrect casing. Use PascalCase for React components, or lowercase for HTML elements.
    at lineBasicMaterial
    at lineSegments
    at mesh
    at group
    at SingleRabbitMesh (E:\project\Anima-Engine\playground\RabbitVisualizer.tsx:93:29)
    at div
    at Canvas (E:\project\Anima-Engine\tests\frontend\landscape_showcase.test.tsx:4:16)
    at div
    at div
    at div
    at RabbitVisualizer (E:\project\Anima-Engine\playground\RabbitVisualizer.tsx:800:55)
    at Suspense
    at div
    at div
    at App (E:\project\Anima-Engine\src\App.tsx:81:53)
Warning: <lineSegments /> is using incorrect casing. Use PascalCase for React components, or lowercase for HTML elements.
    at lineSegments
    at mesh
    at group
    at SingleRabbitMesh (E:\project\Anima-Engine\playground\RabbitVisualizer.tsx:93:29)
    at div
    at Canvas (E:\project\Anima-Engine\tests\frontend\landscape_showcase.test.tsx:4:16)
    at div
    at div
    at div
    at RabbitVisualizer (E:\project\Anima-Engine\playground\RabbitVisualizer.tsx:800:55)
    at Suspense
    at div
    at div
    at App (E:\project\Anima-Engine\src\App.tsx:81:53)
Warning: <meshStandardMaterial /> is using incorrect casing. Use PascalCase for React components, or lowercase for HTML elements.
    at meshStandardMaterial
    at mesh
    at mesh
    at group
    at SingleRabbitMesh (E:\project\Anima-Engine\playground\RabbitVisualizer.tsx:93:29)
    at div
    at Canvas (E:\project\Anima-Engine\tests\frontend\landscape_showcase.test.tsx:4:16)
    at div
    at div
    at div
    at RabbitVisualizer (E:\project\Anima-Engine\playground\RabbitVisualizer.tsx:800:55)
    at Suspense
    at div
    at div
    at App (E:\project\Anima-Engine\src\App.tsx:81:53)
Warning: <lineBasicMaterial /> is using incorrect casing. Use PascalCase for React components, or lowercase for HTML elements.
    at lineBasicMaterial
    at lineSegments
    at mesh
    at mesh
    at group
    at SingleRabbitMesh (E:\project\Anima-Engine\playground\RabbitVisualizer.tsx:93:29)
    at div
    at Canvas (E:\project\Anima-Engine\tests\frontend\landscape_showcase.test.tsx:4:16)
    at div
    at div
    at div
    at RabbitVisualizer (E:\project\Anima-Engine\playground\RabbitVisualizer.tsx:800:55)
    at Suspense
    at div
    at div
    at App (E:\project\Anima-Engine\src\App.tsx:81:53)
Warning: <lineSegments /> is using incorrect casing. Use PascalCase for React components, or lowercase for HTML elements.
    at lineSegments
    at mesh
    at mesh
    at group
    at SingleRabbitMesh (E:\project\Anima-Engine\playground\RabbitVisualizer.tsx:93:29)
    at div
    at Canvas (E:\project\Anima-Engine\tests\frontend\landscape_showcase.test.tsx:4:16)
    at div
    at div
    at div
    at RabbitVisualizer (E:\project\Anima-Engine\playground\RabbitVisualizer.tsx:800:55)
    at Suspense
    at div
    at div
    at App (E:\project\Anima-Engine\src\App.tsx:81:53)
Warning: <meshStandardMaterial /> is using incorrect casing. Use PascalCase for React components, or lowercase for HTML elements.
    at meshStandardMaterial
    at mesh
    at mesh
    at group
    at SingleRabbitMesh (E:\project\Anima-Engine\playground\RabbitVisualizer.tsx:93:29)
    at div
    at Canvas (E:\project\Anima-Engine\tests\frontend\landscape_showcase.test.tsx:4:16)
    at div
    at div
    at div
    at RabbitVisualizer (E:\project\Anima-Engine\playground\RabbitVisualizer.tsx:800:55)
    at Suspense
    at div
    at div
    at App (E:\project\Anima-Engine\src\App.tsx:81:53)
Warning: <lineBasicMaterial /> is using incorrect casing. Use PascalCase for React components, or lowercase for HTML elements.
    at lineBasicMaterial
    at lineSegments
    at mesh
    at mesh
    at group
    at SingleRabbitMesh (E:\project\Anima-Engine\playground\RabbitVisualizer.tsx:93:29)
    at div
    at Canvas (E:\project\Anima-Engine\tests\frontend\landscape_showcase.test.tsx:4:16)
    at div
    at div
    at div
    at RabbitVisualizer (E:\project\Anima-Engine\playground\RabbitVisualizer.tsx:800:55)
    at Suspense
    at div
    at div
    at App (E:\project\Anima-Engine\src\App.tsx:81:53)
Warning: <lineSegments /> is using incorrect casing. Use PascalCase for React components, or lowercase for HTML elements.
    at lineSegments
    at mesh
    at mesh
    at group
    at SingleRabbitMesh (E:\project\Anima-Engine\playground\RabbitVisualizer.tsx:93:29)
    at div
    at Canvas (E:\project\Anima-Engine\tests\frontend\landscape_showcase.test.tsx:4:16)
    at div
    at div
    at div
    at RabbitVisualizer (E:\project\Anima-Engine\playground\RabbitVisualizer.tsx:800:55)
    at Suspense
    at div
    at div
    at App (E:\project\Anima-Engine\src\App.tsx:81:53)
Warning: <meshBasicMaterial /> is using incorrect casing. Use PascalCase for React components, or lowercase for HTML elements.
    at meshBasicMaterial
    at mesh
    at mesh
    at group
    at SingleRabbitMesh (E:\project\Anima-Engine\playground\RabbitVisualizer.tsx:93:29)
    at div
    at Canvas (E:\project\Anima-Engine\tests\frontend\landscape_showcase.test.tsx:4:16)
    at div
    at div
    at div
    at RabbitVisualizer (E:\project\Anima-Engine\playground\RabbitVisualizer.tsx:800:55)
    at Suspense
    at div
    at div
    at App (E:\project\Anima-Engine\src\App.tsx:81:53)
Warning: <lineBasicMaterial /> is using incorrect casing. Use PascalCase for React components, or lowercase for HTML elements.
    at lineBasicMaterial
    at lineSegments
    at mesh
    at mesh
    at group
    at SingleRabbitMesh (E:\project\Anima-Engine\playground\RabbitVisualizer.tsx:93:29)
    at div
    at Canvas (E:\project\Anima-Engine\tests\frontend\landscape_showcase.test.tsx:4:16)
    at div
    at div
    at div
    at RabbitVisualizer (E:\project\Anima-Engine\playground\RabbitVisualizer.tsx:800:55)
    at Suspense
    at div
    at div
    at App (E:\project\Anima-Engine\src\App.tsx:81:53)
Warning: <lineSegments /> is using incorrect casing. Use PascalCase for React components, or lowercase for HTML elements.
    at lineSegments
    at mesh
    at mesh
    at group
    at SingleRabbitMesh (E:\project\Anima-Engine\playground\RabbitVisualizer.tsx:93:29)
    at div
    at Canvas (E:\project\Anima-Engine\tests\frontend\landscape_showcase.test.tsx:4:16)
    at div
    at div
    at div
    at RabbitVisualizer (E:\project\Anima-Engine\playground\RabbitVisualizer.tsx:800:55)
    at Suspense
    at div
    at div
    at App (E:\project\Anima-Engine\src\App.tsx:81:53)
Warning: <meshBasicMaterial /> is using incorrect casing. Use PascalCase for React components, or lowercase for HTML elements.
    at meshBasicMaterial
    at mesh
    at mesh
    at group
    at SingleRabbitMesh (E:\project\Anima-Engine\playground\RabbitVisualizer.tsx:93:29)
    at div
    at Canvas (E:\project\Anima-Engine\tests\frontend\landscape_showcase.test.tsx:4:16)
    at div
    at div
    at div
    at RabbitVisualizer (E:\project\Anima-Engine\playground\RabbitVisualizer.tsx:800:55)
    at Suspense
    at div
    at div
    at App (E:\project\Anima-Engine\src\App.tsx:81:53)
Warning: <lineBasicMaterial /> is using incorrect casing. Use PascalCase for React components, or lowercase for HTML elements.
    at lineBasicMaterial
    at lineSegments
    at mesh
    at mesh
    at group
    at SingleRabbitMesh (E:\project\Anima-Engine\playground\RabbitVisualizer.tsx:93:29)
    at div
    at Canvas (E:\project\Anima-Engine\tests\frontend\landscape_showcase.test.tsx:4:16)
    at div
    at div
    at div
    at RabbitVisualizer (E:\project\Anima-Engine\playground\RabbitVisualizer.tsx:800:55)
    at Suspense
    at div
    at div
    at App (E:\project\Anima-Engine\src\App.tsx:81:53)
Warning: <lineSegments /> is using incorrect casing. Use PascalCase for React components, or lowercase for HTML elements.
    at lineSegments
    at mesh
    at mesh
    at group
    at SingleRabbitMesh (E:\project\Anima-Engine\playground\RabbitVisualizer.tsx:93:29)
    at div
    at Canvas (E:\project\Anima-Engine\tests\frontend\landscape_showcase.test.tsx:4:16)
    at div
    at div
    at div
    at RabbitVisualizer (E:\project\Anima-Engine\playground\RabbitVisualizer.tsx:800:55)
    at Suspense
    at div
    at div
    at App (E:\project\Anima-Engine\src\App.tsx:81:53)
Warning: <meshStandardMaterial /> is using incorrect casing. Use PascalCase for React components, or lowercase for HTML elements.
    at meshStandardMaterial
    at mesh
    at mesh
    at group
    at SingleRabbitMesh (E:\project\Anima-Engine\playground\RabbitVisualizer.tsx:93:29)
    at div
    at Canvas (E:\project\Anima-Engine\tests\frontend\landscape_showcase.test.tsx:4:16)
    at div
    at div
    at div
    at RabbitVisualizer (E:\project\Anima-Engine\playground\RabbitVisualizer.tsx:800:55)
    at Suspense
    at div
    at div
    at App (E:\project\Anima-Engine\src\App.tsx:81:53)
Warning: <lineBasicMaterial /> is using incorrect casing. Use PascalCase for React components, or lowercase for HTML elements.
    at lineBasicMaterial
    at lineSegments
    at mesh
    at mesh
    at group
    at SingleRabbitMesh (E:\project\Anima-Engine\playground\RabbitVisualizer.tsx:93:29)
    at div
    at Canvas (E:\project\Anima-Engine\tests\frontend\landscape_showcase.test.tsx:4:16)
    at div
    at div
    at div
    at RabbitVisualizer (E:\project\Anima-Engine\playground\RabbitVisualizer.tsx:800:55)
    at Suspense
    at div
    at div
    at App (E:\project\Anima-Engine\src\App.tsx:81:53)
Warning: <lineSegments /> is using incorrect casing. Use PascalCase for React components, or lowercase for HTML elements.
    at lineSegments
    at mesh
    at mesh
    at group
    at SingleRabbitMesh (E:\project\Anima-Engine\playground\RabbitVisualizer.tsx:93:29)
    at div
    at Canvas (E:\project\Anima-Engine\tests\frontend\landscape_showcase.test.tsx:4:16)
    at div
    at div
    at div
    at RabbitVisualizer (E:\project\Anima-Engine\playground\RabbitVisualizer.tsx:800:55)
    at Suspense
    at div
    at div
    at App (E:\project\Anima-Engine\src\App.tsx:81:53)
Warning: <meshBasicMaterial /> is using incorrect casing. Use PascalCase for React components, or lowercase for HTML elements.
    at meshBasicMaterial
    at mesh
    at mesh
    at mesh
    at group
    at SingleRabbitMesh (E:\project\Anima-Engine\playground\RabbitVisualizer.tsx:93:29)
    at div
    at Canvas (E:\project\Anima-Engine\tests\frontend\landscape_showcase.test.tsx:4:16)
    at div
    at div
    at div
    at RabbitVisualizer (E:\project\Anima-Engine\playground\RabbitVisualizer.tsx:800:55)
    at Suspense
    at div
    at div
    at App (E:\project\Anima-Engine\src\App.tsx:81:53)
Warning: <lineBasicMaterial /> is using incorrect casing. Use PascalCase for React components, or lowercase for HTML elements.
    at lineBasicMaterial
    at lineSegments
    at mesh
    at mesh
    at mesh
    at group
    at SingleRabbitMesh (E:\project\Anima-Engine\playground\RabbitVisualizer.tsx:93:29)
    at div
    at Canvas (E:\project\Anima-Engine\tests\frontend\landscape_showcase.test.tsx:4:16)
    at div
    at div
    at div
    at RabbitVisualizer (E:\project\Anima-Engine\playground\RabbitVisualizer.tsx:800:55)
    at Suspense
    at div
    at div
    at App (E:\project\Anima-Engine\src\App.tsx:81:53)
Warning: <lineSegments /> is using incorrect casing. Use PascalCase for React components, or lowercase for HTML elements.
    at lineSegments
    at mesh
    at mesh
    at mesh
    at group
    at SingleRabbitMesh (E:\project\Anima-Engine\playground\RabbitVisualizer.tsx:93:29)
    at div
    at Canvas (E:\project\Anima-Engine\tests\frontend\landscape_showcase.test.tsx:4:16)
    at div
    at div
    at div
    at RabbitVisualizer (E:\project\Anima-Engine\playground\RabbitVisualizer.tsx:800:55)
    at Suspense
    at div
    at div
    at App (E:\project\Anima-Engine\src\App.tsx:81:53)
Warning: <meshBasicMaterial /> is using incorrect casing. Use PascalCase for React components, or lowercase for HTML elements.
    at meshBasicMaterial
    at mesh
    at mesh
    at mesh
    at group
    at SingleRabbitMesh (E:\project\Anima-Engine\playground\RabbitVisualizer.tsx:93:29)
    at div
    at Canvas (E:\project\Anima-Engine\tests\frontend\landscape_showcase.test.tsx:4:16)
    at div
    at div
    at div
    at RabbitVisualizer (E:\project\Anima-Engine\playground\RabbitVisualizer.tsx:800:55)
    at Suspense
    at div
    at div
    at App (E:\project\Anima-Engine\src\App.tsx:81:53)
Warning: <lineBasicMaterial /> is using incorrect casing. Use PascalCase for React components, or lowercase for HTML elements.
    at lineBasicMaterial
    at lineSegments
    at mesh
    at mesh
    at mesh
    at group
    at SingleRabbitMesh (E:\project\Anima-Engine\playground\RabbitVisualizer.tsx:93:29)
    at div
    at Canvas (E:\project\Anima-Engine\tests\frontend\landscape_showcase.test.tsx:4:16)
    at div
    at div
    at div
    at RabbitVisualizer (E:\project\Anima-Engine\playground\RabbitVisualizer.tsx:800:55)
    at Suspense
    at div
    at div
    at App (E:\project\Anima-Engine\src\App.tsx:81:53)
Warning: <lineSegments /> is using incorrect casing. Use PascalCase for React components, or lowercase for HTML elements.
    at lineSegments
    at mesh
    at mesh
    at mesh
    at group
    at SingleRabbitMesh (E:\project\Anima-Engine\playground\RabbitVisualizer.tsx:93:29)
    at div
    at Canvas (E:\project\Anima-Engine\tests\frontend\landscape_showcase.test.tsx:4:16)
    at div
    at div
    at div
    at RabbitVisualizer (E:\project\Anima-Engine\playground\RabbitVisualizer.tsx:800:55)
    at Suspense
    at div
    at div
    at App (E:\project\Anima-Engine\src\App.tsx:81:53)
Warning: <meshStandardMaterial /> is using incorrect casing. Use PascalCase for React components, or lowercase for HTML elements.
    at meshStandardMaterial
    at mesh
    at mesh
    at group
    at SingleRabbitMesh (E:\project\Anima-Engine\playground\RabbitVisualizer.tsx:93:29)
    at div
    at Canvas (E:\project\Anima-Engine\tests\frontend\landscape_showcase.test.tsx:4:16)
    at div
    at div
    at div
    at RabbitVisualizer (E:\project\Anima-Engine\playground\RabbitVisualizer.tsx:800:55)
    at Suspense
    at div
    at div
    at App (E:\project\Anima-Engine\src\App.tsx:81:53)

[90mstderr[2m | frontend/landscape_showcase.test.tsx[2m > [22m[2mLandscape Showcase Test Suite (93 Tests)[2m > [22m[2mTier 2: Boundary & Corner Cases (40 tests)[2m > [22m[2mF8: Integration boundaries[2m > [22m[2mF8.2: rabbit vs landscape exclusion[22m[39m
Warning: <lineBasicMaterial /> is using incorrect casing. Use PascalCase for React components, or lowercase for HTML elements.
    at lineBasicMaterial
    at lineSegments
    at mesh
    at mesh
    at group
    at SingleRabbitMesh (E:\project\Anima-Engine\playground\RabbitVisualizer.tsx:93:29)
    at div
    at Canvas (E:\project\Anima-Engine\tests\frontend\landscape_showcase.test.tsx:4:16)
    at div
    at div
    at div
    at RabbitVisualizer (E:\project\Anima-Engine\playground\RabbitVisualizer.tsx:800:55)
    at Suspense
    at div
    at div
    at App (E:\project\Anima-Engine\src\App.tsx:81:53)
Warning: <lineSegments /> is using incorrect casing. Use PascalCase for React components, or lowercase for HTML elements.
    at lineSegments
    at mesh
    at mesh
    at group
    at SingleRabbitMesh (E:\project\Anima-Engine\playground\RabbitVisualizer.tsx:93:29)
    at div
    at Canvas (E:\project\Anima-Engine\tests\frontend\landscape_showcase.test.tsx:4:16)
    at div
    at div
    at div
    at RabbitVisualizer (E:\project\Anima-Engine\playground\RabbitVisualizer.tsx:800:55)
    at Suspense
    at div
    at div
    at App (E:\project\Anima-Engine\src\App.tsx:81:53)
Warning: <meshBasicMaterial /> is using incorrect casing. Use PascalCase for React components, or lowercase for HTML elements.
    at meshBasicMaterial
    at mesh
    at mesh
    at mesh
    at group
    at SingleRabbitMesh (E:\project\Anima-Engine\playground\RabbitVisualizer.tsx:93:29)
    at div
    at Canvas (E:\project\Anima-Engine\tests\frontend\landscape_showcase.test.tsx:4:16)
    at div
    at div
    at div
    at RabbitVisualizer (E:\project\Anima-Engine\playground\RabbitVisualizer.tsx:800:55)
    at Suspense
    at div
    at div
    at App (E:\project\Anima-Engine\src\App.tsx:81:53)
Warning: <lineBasicMaterial /> is using incorrect casing. Use PascalCase for React components, or lowercase for HTML elements.
    at lineBasicMaterial
    at lineSegments
    at mesh
    at mesh
    at mesh
    at group
    at SingleRabbitMesh (E:\project\Anima-Engine\playground\RabbitVisualizer.tsx:93:29)
    at div
    at Canvas (E:\project\Anima-Engine\tests\frontend\landscape_showcase.test.tsx:4:16)
    at div
    at div
    at div
    at RabbitVisualizer (E:\project\Anima-Engine\playground\RabbitVisualizer.tsx:800:55)
    at Suspense
    at div
    at div
    at App (E:\project\Anima-Engine\src\App.tsx:81:53)
Warning: <lineSegments /> is using incorrect casing. Use PascalCase for React components, or lowercase for HTML elements.
    at lineSegments
    at mesh
    at mesh
    at mesh
    at group
    at SingleRabbitMesh (E:\project\Anima-Engine\playground\RabbitVisualizer.tsx:93:29)
    at div
    at Canvas (E:\project\Anima-Engine\tests\frontend\landscape_showcase.test.tsx:4:16)
    at div
    at div
    at div
    at RabbitVisualizer (E:\project\Anima-Engine\playground\RabbitVisualizer.tsx:800:55)
    at Suspense
    at div
    at div
    at App (E:\project\Anima-Engine\src\App.tsx:81:53)
Warning: <meshBasicMaterial /> is using incorrect casing. Use PascalCase for React components, or lowercase for HTML elements.
    at meshBasicMaterial
    at mesh
    at mesh
    at mesh
    at group
    at SingleRabbitMesh (E:\project\Anima-Engine\playground\RabbitVisualizer.tsx:93:29)
    at div
    at Canvas (E:\project\Anima-Engine\tests\frontend\landscape_showcase.test.tsx:4:16)
    at div
    at div
    at div
    at RabbitVisualizer (E:\project\Anima-Engine\playground\RabbitVisualizer.tsx:800:55)
    at Suspense
    at div
    at div
    at App (E:\project\Anima-Engine\src\App.tsx:81:53)
Warning: <lineBasicMaterial /> is using incorrect casing. Use PascalCase for React components, or lowercase for HTML elements.
    at lineBasicMaterial
    at lineSegments
    at mesh
    at mesh
    at mesh
    at group
    at SingleRabbitMesh (E:\project\Anima-Engine\playground\RabbitVisualizer.tsx:93:29)
    at div
    at Canvas (E:\project\Anima-Engine\tests\frontend\landscape_showcase.test.tsx:4:16)
    at div
    at div
    at div
    at RabbitVisualizer (E:\project\Anima-Engine\playground\RabbitVisualizer.tsx:800:55)
    at Suspense
    at div
    at div
    at App (E:\project\Anima-Engine\src\App.tsx:81:53)
Warning: <lineSegments /> is using incorrect casing. Use PascalCase for React components, or lowercase for HTML elements.
    at lineSegments
    at mesh
    at mesh
    at mesh
    at group
    at SingleRabbitMesh (E:\project\Anima-Engine\playground\RabbitVisualizer.tsx:93:29)
    at div
    at Canvas (E:\project\Anima-Engine\tests\frontend\landscape_showcase.test.tsx:4:16)
    at div
    at div
    at div
    at RabbitVisualizer (E:\project\Anima-Engine\playground\RabbitVisualizer.tsx:800:55)
    at Suspense
    at div
    at div
    at App (E:\project\Anima-Engine\src\App.tsx:81:53)
Warning: <meshStandardMaterial /> is using incorrect casing. Use PascalCase for React components, or lowercase for HTML elements.
    at meshStandardMaterial
    at mesh
    at mesh
    at group
    at SingleRabbitMesh (E:\project\Anima-Engine\playground\RabbitVisualizer.tsx:93:29)
    at div
    at Canvas (E:\project\Anima-Engine\tests\frontend\landscape_showcase.test.tsx:4:16)
    at div
    at div
    at div
    at RabbitVisualizer (E:\project\Anima-Engine\playground\RabbitVisualizer.tsx:800:55)
    at Suspense
    at div
    at div
    at App (E:\project\Anima-Engine\src\App.tsx:81:53)
Warning: <lineBasicMaterial /> is using incorrect casing. Use PascalCase for React components, or lowercase for HTML elements.
    at lineBasicMaterial
    at lineSegments
    at mesh
    at mesh
    at group
    at SingleRabbitMesh (E:\project\Anima-Engine\playground\RabbitVisualizer.tsx:93:29)
    at div
    at Canvas (E:\project\Anima-Engine\tests\frontend\landscape_showcase.test.tsx:4:16)
    at div
    at div
    at div
    at RabbitVisualizer (E:\project\Anima-Engine\playground\RabbitVisualizer.tsx:800:55)
    at Suspense
    at div
    at div
    at App (E:\project\Anima-Engine\src\App.tsx:81:53)
Warning: <lineSegments /> is using incorrect casing. Use PascalCase for React components, or lowercase for HTML elements.
    at lineSegments
    at mesh
    at mesh
    at group
    at SingleRabbitMesh (E:\project\Anima-Engine\playground\RabbitVisualizer.tsx:93:29)
    at div
    at Canvas (E:\project\Anima-Engine\tests\frontend\landscape_showcase.test.tsx:4:16)
    at div
    at div
    at div
    at RabbitVisualizer (E:\project\Anima-Engine\playground\RabbitVisualizer.tsx:800:55)
    at Suspense
    at div
    at div
    at App (E:\project\Anima-Engine\src\App.tsx:81:53)
Warning: <meshStandardMaterial /> is using incorrect casing. Use PascalCase for React components, or lowercase for HTML elements.
    at meshStandardMaterial
    at mesh
    at group
    at SingleRabbitMesh (E:\project\Anima-Engine\playground\RabbitVisualizer.tsx:93:29)
    at div
    at Canvas (E:\project\Anima-Engine\tests\frontend\landscape_showcase.test.tsx:4:16)
    at div
    at div
    at div
    at RabbitVisualizer (E:\project\Anima-Engine\playground\RabbitVisualizer.tsx:800:55)
    at Suspense
    at div
    at div
    at App (E:\project\Anima-Engine\src\App.tsx:81:53)
Warning: <lineBasicMaterial /> is using incorrect casing. Use PascalCase for React components, or lowercase for HTML elements.
    at lineBasicMaterial
    at lineSegments
    at mesh
    at group
    at SingleRabbitMesh (E:\project\Anima-Engine\playground\RabbitVisualizer.tsx:93:29)
    at div
    at Canvas (E:\project\Anima-Engine\tests\frontend\landscape_showcase.test.tsx:4:16)
    at div
    at div
    at div
    at RabbitVisualizer (E:\project\Anima-Engine\playground\RabbitVisualizer.tsx:800:55)
    at Suspense
    at div
    at div
    at App (E:\project\Anima-Engine\src\App.tsx:81:53)
Warning: <lineSegments /> is using incorrect casing. Use PascalCase for React components, or lowercase for HTML elements.
    at lineSegments
    at mesh
    at group
    at SingleRabbitMesh (E:\project\Anima-Engine\playground\RabbitVisualizer.tsx:93:29)
    at div
    at Canvas (E:\project\Anima-Engine\tests\frontend\landscape_showcase.test.tsx:4:16)
    at div
    at div
    at div
    at RabbitVisualizer (E:\project\Anima-Engine\playground\RabbitVisualizer.tsx:800:55)
    at Suspense
    at div
    at div
    at App (E:\project\Anima-Engine\src\App.tsx:81:53)
Warning: <meshStandardMaterial /> is using incorrect casing. Use PascalCase for React components, or lowercase for HTML elements.
    at meshStandardMaterial
    at mesh
    at mesh
    at group
    at SingleRabbitMesh (E:\project\Anima-Engine\playground\RabbitVisualizer.tsx:93:29)
    at div
    at Canvas (E:\project\Anima-Engine\tests\frontend\landscape_showcase.test.tsx:4:16)
    at div
    at div
    at div
    at RabbitVisualizer (E:\project\Anima-Engine\playground\RabbitVisualizer.tsx:800:55)
    at Suspense
    at div
    at div
    at App (E:\project\Anima-Engine\src\App.tsx:81:53)
Warning: <lineBasicMaterial /> is using incorrect casing. Use PascalCase for React components, or lowercase for HTML elements.
    at lineBasicMaterial
    at lineSegments
    at mesh
    at mesh
    at group
    at SingleRabbitMesh (E:\project\Anima-Engine\playground\RabbitVisualizer.tsx:93:29)
    at div
    at Canvas (E:\project\Anima-Engine\tests\frontend\landscape_showcase.test.tsx:4:16)
    at div
    at div
    at div
    at RabbitVisualizer (E:\project\Anima-Engine\playground\RabbitVisualizer.tsx:800:55)
    at Suspense
    at div
    at div
    at App (E:\project\Anima-Engine\src\App.tsx:81:53)
Warning: <lineSegments /> is using incorrect casing. Use PascalCase for React components, or lowercase for HTML elements.
    at lineSegments
    at mesh
    at mesh
    at group
    at SingleRabbitMesh (E:\project\Anima-Engine\playground\RabbitVisualizer.tsx:93:29)
    at div
    at Canvas (E:\project\Anima-Engine\tests\frontend\landscape_showcase.test.tsx:4:16)
    at div
    at div
    at div
    at RabbitVisualizer (E:\project\Anima-Engine\playground\RabbitVisualizer.tsx:800:55)
    at Suspense
    at div
    at div
    at App (E:\project\Anima-Engine\src\App.tsx:81:53)
Warning: <meshStandardMaterial /> is using incorrect casing. Use PascalCase for React components, or lowercase for HTML elements.
    at meshStandardMaterial
    at mesh
    at group
    at SingleRabbitMesh (E:\project\Anima-Engine\playground\RabbitVisualizer.tsx:93:29)
    at div
    at Canvas (E:\project\Anima-Engine\tests\frontend\landscape_showcase.test.tsx:4:16)
    at div
    at div
    at div
    at RabbitVisualizer (E:\project\Anima-Engine\playground\RabbitVisualizer.tsx:800:55)
    at Suspense
    at div
    at div
    at App (E:\project\Anima-Engine\src\App.tsx:81:53)
Warning: <lineBasicMaterial /> is using incorrect casing. Use PascalCase for React components, or lowercase for HTML elements.
    at lineBasicMaterial
    at lineSegments
    at mesh
    at group
    at SingleRabbitMesh (E:\project\Anima-Engine\playground\RabbitVisualizer.tsx:93:29)
    at div
    at Canvas (E:\project\Anima-Engine\tests\frontend\landscape_showcase.test.tsx:4:16)
    at div
    at div
    at div
    at RabbitVisualizer (E:\project\Anima-Engine\playground\RabbitVisualizer.tsx:800:55)
    at Suspense
    at div
    at div
    at App (E:\project\Anima-Engine\src\App.tsx:81:53)
Warning: <lineSegments /> is using incorrect casing. Use PascalCase for React components, or lowercase for HTML elements.
    at lineSegments
    at mesh
    at group
    at SingleRabbitMesh (E:\project\Anima-Engine\playground\RabbitVisualizer.tsx:93:29)
    at div
    at Canvas (E:\project\Anima-Engine\tests\frontend\landscape_showcase.test.tsx:4:16)
    at div
    at div
    at div
    at RabbitVisualizer (E:\project\Anima-Engine\playground\RabbitVisualizer.tsx:800:55)
    at Suspense
    at div
    at div
    at App (E:\project\Anima-Engine\src\App.tsx:81:53)
Warning: <meshStandardMaterial /> is using incorrect casing. Use PascalCase for React components, or lowercase for HTML elements.
    at meshStandardMaterial
    at mesh
    at mesh
    at group
    at SingleRabbitMesh (E:\project\Anima-Engine\playground\RabbitVisualizer.tsx:93:29)
    at div
    at Canvas (E:\project\Anima-Engine\tests\frontend\landscape_showcase.test.tsx:4:16)
    at div
    at div
    at div
    at RabbitVisualizer (E:\project\Anima-Engine\playground\RabbitVisualizer.tsx:800:55)
    at Suspense
    at div
    at div
    at App (E:\project\Anima-Engine\src\App.tsx:81:53)
Warning: <lineBasicMaterial /> is using incorrect casing. Use PascalCase for React components, or lowercase for HTML elements.
    at lineBasicMaterial
    at lineSegments
    at mesh
    at mesh
    at group
    at SingleRabbitMesh (E:\project\Anima-Engine\playground\RabbitVisualizer.tsx:93:29)
    at div
    at Canvas (E:\project\Anima-Engine\tests\frontend\landscape_showcase.test.tsx:4:16)
    at div
    at div
    at div
    at RabbitVisualizer (E:\project\Anima-Engine\playground\RabbitVisualizer.tsx:800:55)
    at Suspense
    at div
    at div
    at App (E:\project\Anima-Engine\src\App.tsx:81:53)
Warning: <lineSegments /> is using incorrect casing. Use PascalCase for React components, or lowercase for HTML elements.
    at lineSegments
    at mesh
    at mesh
    at group
    at SingleRabbitMesh (E:\project\Anima-Engine\playground\RabbitVisualizer.tsx:93:29)
    at div
    at Canvas (E:\project\Anima-Engine\tests\frontend\landscape_showcase.test.tsx:4:16)
    at div
    at div
    at div
    at RabbitVisualizer (E:\project\Anima-Engine\playground\RabbitVisualizer.tsx:800:55)
    at Suspense
    at div
    at div
    at App (E:\project\Anima-Engine\src\App.tsx:81:53)
Warning: <meshStandardMaterial /> is using incorrect casing. Use PascalCase for React components, or lowercase for HTML elements.
    at meshStandardMaterial
    at mesh
    at group
    at SingleRabbitMesh (E:\project\Anima-Engine\playground\RabbitVisualizer.tsx:93:29)
    at div
    at Canvas (E:\project\Anima-Engine\tests\frontend\landscape_showcase.test.tsx:4:16)
    at div
    at div
    at div
    at RabbitVisualizer (E:\project\Anima-Engine\playground\RabbitVisualizer.tsx:800:55)
    at Suspense
    at div
    at div
    at App (E:\project\Anima-Engine\src\App.tsx:81:53)
Warning: <lineBasicMaterial /> is using incorrect casing. Use PascalCase for React components, or lowercase for HTML elements.
    at lineBasicMaterial
    at lineSegments
    at mesh
    at group
    at SingleRabbitMesh (E:\project\Anima-Engine\playground\RabbitVisualizer.tsx:93:29)
    at div
    at Canvas (E:\project\Anima-Engine\tests\frontend\landscape_showcase.test.tsx:4:16)
    at div
    at div
    at div
    at RabbitVisualizer (E:\project\Anima-Engine\playground\RabbitVisualizer.tsx:800:55)
    at Suspense
    at div
    at div
    at App (E:\project\Anima-Engine\src\App.tsx:81:53)
Warning: <lineSegments /> is using incorrect casing. Use PascalCase for React components, or lowercase for HTML elements.
    at lineSegments
    at mesh
    at group
    at SingleRabbitMesh (E:\project\Anima-Engine\playground\RabbitVisualizer.tsx:93:29)
    at div
    at Canvas (E:\project\Anima-Engine\tests\frontend\landscape_showcase.test.tsx:4:16)
    at div
    at div
    at div
    at RabbitVisualizer (E:\project\Anima-Engine\playground\RabbitVisualizer.tsx:800:55)
    at Suspense
    at div
    at div
    at App (E:\project\Anima-Engine\src\App.tsx:81:53)
Warning: <meshStandardMaterial /> is using incorrect casing. Use PascalCase for React components, or lowercase for HTML elements.
    at meshStandardMaterial
    at mesh
    at group
    at SingleRabbitMesh (E:\project\Anima-Engine\playground\RabbitVisualizer.tsx:93:29)
    at div
    at Canvas (E:\project\Anima-Engine\tests\frontend\landscape_showcase.test.tsx:4:16)
    at div
    at div
    at div
    at RabbitVisualizer (E:\project\Anima-Engine\playground\RabbitVisualizer.tsx:800:55)
    at Suspense
    at div
    at div
    at App (E:\project\Anima-Engine\src\App.tsx:81:53)
Warning: <lineBasicMaterial /> is using incorrect casing. Use PascalCase for React components, or lowercase for HTML elements.
    at lineBasicMaterial
    at lineSegments
    at mesh
    at group
    at SingleRabbitMesh (E:\project\Anima-Engine\playground\RabbitVisualizer.tsx:93:29)
    at div
    at Canvas (E:\project\Anima-Engine\tests\frontend\landscape_showcase.test.tsx:4:16)
    at div
    at div
    at div
    at RabbitVisualizer (E:\project\Anima-Engine\playground\RabbitVisualizer.tsx:800:55)
    at Suspense
    at div
    at div
    at App (E:\project\Anima-Engine\src\App.tsx:81:53)
Warning: <lineSegments /> is using incorrect casing. Use PascalCase for React components, or lowercase for HTML elements.
    at lineSegments
    at mesh
    at group
    at SingleRabbitMesh (E:\project\Anima-Engine\playground\RabbitVisualizer.tsx:93:29)
    at div
    at Canvas (E:\project\Anima-Engine\tests\frontend\landscape_showcase.test.tsx:4:16)
    at div
    at div
    at div
    at RabbitVisualizer (E:\project\Anima-Engine\playground\RabbitVisualizer.tsx:800:55)
    at Suspense
    at div
    at div
    at App (E:\project\Anima-Engine\src\App.tsx:81:53)
Warning: <meshStandardMaterial /> is using incorrect casing. Use PascalCase for React components, or lowercase for HTML elements.
    at meshStandardMaterial
    at mesh
    at group
    at SingleRabbitMesh (E:\project\Anima-Engine\playground\RabbitVisualizer.tsx:93:29)
    at div
    at Canvas (E:\project\Anima-Engine\tests\frontend\landscape_showcase.test.tsx:4:16)
    at div
    at div
    at div
    at RabbitVisualizer (E:\project\Anima-Engine\playground\RabbitVisualizer.tsx:800:55)
    at Suspense
    at div
    at div
    at App (E:\project\Anima-Engine\src\App.tsx:81:53)
Warning: <lineBasicMaterial /> is using incorrect casing. Use PascalCase for React components, or lowercase for HTML elements.
    at lineBasicMaterial
    at lineSegments
    at mesh
    at group
    at SingleRabbitMesh (E:\project\Anima-Engine\playground\RabbitVisualizer.tsx:93:29)
    at div
    at Canvas (E:\project\Anima-Engine\tests\frontend\landscape_showcase.test.tsx:4:16)
    at div
    at div
    at div
    at RabbitVisualizer (E:\project\Anima-Engine\playground\RabbitVisualizer.tsx:800:55)
    at Suspense
    at div
    at div
    at App (E:\project\Anima-Engine\src\App.tsx:81:53)
Warning: <lineSegments /> is using incorrect casing. Use PascalCase for React components, or lowercase for HTML elements.
    at lineSegments
    at mesh
    at group
    at SingleRabbitMesh (E:\project\Anima-Engine\playground\RabbitVisualizer.tsx:93:29)
    at div
    at Canvas (E:\project\Anima-Engine\tests\frontend\landscape_showcase.test.tsx:4:16)
    at div
    at div
    at div
    at RabbitVisualizer (E:\project\Anima-Engine\playground\RabbitVisualizer.tsx:800:55)
    at Suspense
    at div
    at div
    at App (E:\project\Anima-Engine\src\App.tsx:81:53)
Warning: <meshStandardMaterial /> is using incorrect casing. Use PascalCase for React components, or lowercase for HTML elements.
    at meshStandardMaterial
    at mesh
    at group
    at SingleRabbitMesh (E:\project\Anima-Engine\playground\RabbitVisualizer.tsx:93:29)
    at div
    at Canvas (E:\project\Anima-Engine\tests\frontend\landscape_showcase.test.tsx:4:16)
    at div
    at div
    at div
    at RabbitVisualizer (E:\project\Anima-Engine\playground\RabbitVisualizer.tsx:800:55)
    at Suspense
    at div
    at div
    at App (E:\project\Anima-Engine\src\App.tsx:81:53)
Warning: <lineBasicMaterial /> is using incorrect casing. Use PascalCase for React components, or lowercase for HTML elements.
    at lineBasicMaterial
    at lineSegments
    at mesh
    at group
    at SingleRabbitMesh (E:\project\Anima-Engine\playground\RabbitVisualizer.tsx:93:29)
    at div
    at Canvas (E:\project\Anima-Engine\tests\frontend\landscape_showcase.test.tsx:4:16)
    at div
    at div
    at div
    at RabbitVisualizer (E:\project\Anima-Engine\playground\RabbitVisualizer.tsx:800:55)
    at Suspense
    at div
    at div
    at App (E:\project\Anima-Engine\src\App.tsx:81:53)
Warning: <lineSegments /> is using incorrect casing. Use PascalCase for React components, or lowercase for HTML elements.
    at lineSegments
    at mesh
    at group
    at SingleRabbitMesh (E:\project\Anima-Engine\playground\RabbitVisualizer.tsx:93:29)
    at div
    at Canvas (E:\project\Anima-Engine\tests\frontend\landscape_showcase.test.tsx:4:16)
    at div
    at div
    at div
    at RabbitVisualizer (E:\project\Anima-Engine\playground\RabbitVisualizer.tsx:800:55)
    at Suspense
    at div
    at div
    at App (E:\project\Anima-Engine\src\App.tsx:81:53)
Warning: <meshStandardMaterial /> is using incorrect casing. Use PascalCase for React components, or lowercase for HTML elements.
    at meshStandardMaterial
    at mesh
    at group
    at SingleRabbitMesh (E:\project\Anima-Engine\playground\RabbitVisualizer.tsx:93:29)
    at div
    at Canvas (E:\project\Anima-Engine\tests\frontend\landscape_showcase.test.tsx:4:16)
    at div
    at div
    at div
    at RabbitVisualizer (E:\project\Anima-Engine\playground\RabbitVisualizer.tsx:800:55)
    at Suspense
    at div
    at div
    at App (E:\project\Anima-Engine\src\App.tsx:81:53)
Warning: <lineBasicMaterial /> is using incorrect casing. Use PascalCase for React components, or lowercase for HTML elements.
    at lineBasicMaterial
    at lineSegments
    at mesh
    at group
    at SingleRabbitMesh (E:\project\Anima-Engine\playground\RabbitVisualizer.tsx:93:29)
    at div
    at Canvas (E:\project\Anima-Engine\tests\frontend\landscape_showcase.test.tsx:4:16)
    at div
    at div
    at div
    at RabbitVisualizer (E:\project\Anima-Engine\playground\RabbitVisualizer.tsx:800:55)
    at Suspense
    at div
    at div
    at App (E:\project\Anima-Engine\src\App.tsx:81:53)
Warning: <lineSegments /> is using incorrect casing. Use PascalCase for React components, or lowercase for HTML elements.
    at lineSegments
    at mesh
    at group
    at SingleRabbitMesh (E:\project\Anima-Engine\playground\RabbitVisualizer.tsx:93:29)
    at div
    at Canvas (E:\project\Anima-Engine\tests\frontend\landscape_showcase.test.tsx:4:16)
    at div
    at div
    at div
    at RabbitVisualizer (E:\project\Anima-Engine\playground\RabbitVisualizer.tsx:800:55)
    at Suspense
    at div
    at div
    at App (E:\project\Anima-Engine\src\App.tsx:81:53)
Warning: <meshStandardMaterial /> is using incorrect casing. Use PascalCase for React components, or lowercase for HTML elements.
    at meshStandardMaterial
    at mesh
    at mesh
    at group
    at SingleRabbitMesh (E:\project\Anima-Engine\playground\RabbitVisualizer.tsx:93:29)
    at div
    at Canvas (E:\project\Anima-Engine\tests\frontend\landscape_showcase.test.tsx:4:16)
    at div
    at div
    at div
    at RabbitVisualizer (E:\project\Anima-Engine\playground\RabbitVisualizer.tsx:800:55)
    at Suspense
    at div
    at div
    at App (E:\project\Anima-Engine\src\App.tsx:81:53)
Warning: <lineBasicMaterial /> is using incorrect casing. Use PascalCase for React components, or lowercase for HTML elements.
    at lineBasicMaterial
    at lineSegments
    at mesh
    at mesh
    at group
    at SingleRabbitMesh (E:\project\Anima-Engine\playground\RabbitVisualizer.tsx:93:29)
    at div
    at Canvas (E:\project\Anima-Engine\tests\frontend\landscape_showcase.test.tsx:4:16)
    at div
    at div
    at div
    at RabbitVisualizer (E:\project\Anima-Engine\playground\RabbitVisualizer.tsx:800:55)
    at Suspense
    at div
    at div
    at App (E:\project\Anima-Engine\src\App.tsx:81:53)
Warning: <lineSegments /> is using incorrect casing. Use PascalCase for React components, or lowercase for HTML elements.
    at lineSegments
    at mesh
    at mesh
    at group
    at SingleRabbitMesh (E:\project\Anima-Engine\playground\RabbitVisualizer.tsx:93:29)
    at div
    at Canvas (E:\project\Anima-Engine\tests\frontend\landscape_showcase.test.tsx:4:16)
    at div
    at div
    at div
    at RabbitVisualizer (E:\project\Anima-Engine\playground\RabbitVisualizer.tsx:800:55)
    at Suspense
    at div
    at div
    at App (E:\project\Anima-Engine\src\App.tsx:81:53)
Warning: <meshStandardMaterial /> is using incorrect casing. Use PascalCase for React components, or lowercase for HTML elements.
    at meshStandardMaterial
    at mesh
    at mesh
    at group
    at SingleRabbitMesh (E:\project\Anima-Engine\playground\RabbitVisualizer.tsx:93:29)
    at div
    at Canvas (E:\project\Anima-Engine\tests\frontend\landscape_showcase.test.tsx:4:16)
    at div
    at div
    at div
    at RabbitVisualizer (E:\project\Anima-Engine\playground\RabbitVisualizer.tsx:800:55)
    at Suspense
    at div
    at div
    at App (E:\project\Anima-Engine\src\App.tsx:81:53)
Warning: <lineBasicMaterial /> is using incorrect casing. Use PascalCase for React components, or lowercase for HTML elements.
    at lineBasicMaterial
    at lineSegments
    at mesh
    at mesh
    at group
    at SingleRabbitMesh (E:\project\Anima-Engine\playground\RabbitVisualizer.tsx:93:29)
    at div
    at Canvas (E:\project\Anima-Engine\tests\frontend\landscape_showcase.test.tsx:4:16)
    at div
    at div
    at div
    at RabbitVisualizer (E:\project\Anima-Engine\playground\RabbitVisualizer.tsx:800:55)
    at Suspense
    at div
    at div
    at App (E:\project\Anima-Engine\src\App.tsx:81:53)
Warning: <lineSegments /> is using incorrect casing. Use PascalCase for React components, or lowercase for HTML elements.
    at lineSegments
    at mesh
    at mesh
    at group
    at SingleRabbitMesh (E:\project\Anima-Engine\playground\RabbitVisualizer.tsx:93:29)
    at div
    at Canvas (E:\project\Anima-Engine\tests\frontend\landscape_showcase.test.tsx:4:16)
    at div
    at div
    at div
    at RabbitVisualizer (E:\project\Anima-Engine\playground\RabbitVisualizer.tsx:800:55)
    at Suspense
    at div
    at div
    at App (E:\project\Anima-Engine\src\App.tsx:81:53)
Warning: <meshStandardMaterial /> is using incorrect casing. Use PascalCase for React components, or lowercase for HTML elements.
    at meshStandardMaterial
    at mesh
    at mesh
    at group
    at SingleRabbitMesh (E:\project\Anima-Engine\playground\RabbitVisualizer.tsx:93:29)
    at div
    at Canvas (E:\project\Anima-Engine\tests\frontend\landscape_showcase.test.tsx:4:16)
    at div
    at div
    at div
    at RabbitVisualizer (E:\project\Anima-Engine\playground\RabbitVisualizer.tsx:800:55)
    at Suspense
    at div
    at div
    at App (E:\project\Anima-Engine\src\App.tsx:81:53)
Warning: <lineBasicMaterial /> is using incorrect casing. Use PascalCase for React components, or lowercase for HTML elements.
    at lineBasicMaterial
    at lineSegments
    at mesh
    at mesh
    at group
    at SingleRabbitMesh (E:\project\Anima-Engine\playground\RabbitVisualizer.tsx:93:29)
    at div
    at Canvas (E:\project\Anima-Engine\tests\frontend\landscape_showcase.test.tsx:4:16)
    at div
    at div
    at div
    at RabbitVisualizer (E:\project\Anima-Engine\playground\RabbitVisualizer.tsx:800:55)
    at Suspense
    at div
    at div
    at App (E:\project\Anima-Engine\src\App.tsx:81:53)
Warning: <lineSegments /> is using incorrect casing. Use PascalCase for React components, or lowercase for HTML elements.
    at lineSegments
    at mesh
    at mesh
    at group
    at SingleRabbitMesh (E:\project\Anima-Engine\playground\RabbitVisualizer.tsx:93:29)
    at div
    at Canvas (E:\project\Anima-Engine\tests\frontend\landscape_showcase.test.tsx:4:16)
    at div
    at div
    at div
    at RabbitVisualizer (E:\project\Anima-Engine\playground\RabbitVisualizer.tsx:800:55)
    at Suspense
    at div
    at div
    at App (E:\project\Anima-Engine\src\App.tsx:81:53)
Warning: <meshStandardMaterial /> is using incorrect casing. Use PascalCase for React components, or lowercase for HTML elements.
    at meshStandardMaterial
    at mesh
    at group
    at SingleRabbitMesh (E:\project\Anima-Engine\playground\RabbitVisualizer.tsx:93:29)
    at div
    at Canvas (E:\project\Anima-Engine\tests\frontend\landscape_showcase.test.tsx:4:16)
    at div
    at div
    at div
    at RabbitVisualizer (E:\project\Anima-Engine\playground\RabbitVisualizer.tsx:800:55)
    at Suspense
    at div
    at div
    at App (E:\project\Anima-Engine\src\App.tsx:81:53)
Warning: <lineBasicMaterial /> is using incorrect casing. Use PascalCase for React components, or lowercase for HTML elements.
    at lineBasicMaterial
    at lineSegments
    at mesh
    at group
    at SingleRabbitMesh (E:\project\Anima-Engine\playground\RabbitVisualizer.tsx:93:29)
    at div
    at Canvas (E:\project\Anima-Engine\tests\frontend\landscape_showcase.test.tsx:4:16)
    at div
    at div
    at div
    at RabbitVisualizer (E:\project\Anima-Engine\playground\RabbitVisualizer.tsx:800:55)
    at Suspense
    at div
    at div
    at App (E:\project\Anima-Engine\src\App.tsx:81:53)
Warning: <lineSegments /> is using incorrect casing. Use PascalCase for React components, or lowercase for HTML elements.
    at lineSegments
    at mesh
    at group
    at SingleRabbitMesh (E:\project\Anima-Engine\playground\RabbitVisualizer.tsx:93:29)
    at div
    at Canvas (E:\project\Anima-Engine\tests\frontend\landscape_showcase.test.tsx:4:16)
    at div
    at div
    at div
    at RabbitVisualizer (E:\project\Anima-Engine\playground\RabbitVisualizer.tsx:800:55)
    at Suspense
    at div
    at div
    at App (E:\project\Anima-Engine\src\App.tsx:81:53)

[90mstderr[2m | frontend/landscape_showcase.test.tsx[2m > [22m[2mLandscape Showcase Test Suite (93 Tests)[2m > [22m[2mTier 2: Boundary & Corner Cases (40 tests)[2m > [22m[2mF8: Integration boundaries[2m > [22m[2mF8.2: rabbit vs landscape exclusion[22m[39m
Warning: <ambientLight /> is using incorrect casing. Use PascalCase for React components, or lowercase for HTML elements.
    at ambientLight
    at div
    at Canvas (E:\project\Anima-Engine\tests\frontend\landscape_showcase.test.tsx:4:16)
    at div
    at div
    at div
    at RabbitVisualizer (E:\project\Anima-Engine\playground\RabbitVisualizer.tsx:800:55)
    at Suspense
    at div
    at div
    at App (E:\project\Anima-Engine\src\App.tsx:81:53)
Warning: <directionalLight /> is using incorrect casing. Use PascalCase for React components, or lowercase for HTML elements.
    at directionalLight
    at div
    at Canvas (E:\project\Anima-Engine\tests\frontend\landscape_showcase.test.tsx:4:16)
    at div
    at div
    at div
    at RabbitVisualizer (E:\project\Anima-Engine\playground\RabbitVisualizer.tsx:800:55)
    at Suspense
    at div
    at div
    at App (E:\project\Anima-Engine\src\App.tsx:81:53)
Warning: <directionalLight /> is using incorrect casing. Use PascalCase for React components, or lowercase for HTML elements.
    at directionalLight
    at div
    at Canvas (E:\project\Anima-Engine\tests\frontend\landscape_showcase.test.tsx:4:16)
    at div
    at div
    at div
    at RabbitVisualizer (E:\project\Anima-Engine\playground\RabbitVisualizer.tsx:800:55)
    at Suspense
    at div
    at div
    at App (E:\project\Anima-Engine\src\App.tsx:81:53)
Warning: <spotLight /> is using incorrect casing. Use PascalCase for React components, or lowercase for HTML elements.
    at spotLight
    at div
    at Canvas (E:\project\Anima-Engine\tests\frontend\landscape_showcase.test.tsx:4:16)
    at div
    at div
    at div
    at RabbitVisualizer (E:\project\Anima-Engine\playground\RabbitVisualizer.tsx:800:55)
    at Suspense
    at div
    at div
    at App (E:\project\Anima-Engine\src\App.tsx:81:53)
Warning: <cylinderGeometry /> is using incorrect casing. Use PascalCase for React components, or lowercase for HTML elements.
    at cylinderGeometry
    at mesh
    at group
    at div
    at Canvas (E:\project\Anima-Engine\tests\frontend\landscape_showcase.test.tsx:4:16)
    at div
    at div
    at div
    at RabbitVisualizer (E:\project\Anima-Engine\playground\RabbitVisualizer.tsx:800:55)
    at Suspense
    at div
    at div
    at App (E:\project\Anima-Engine\src\App.tsx:81:53)
Warning: <meshStandardMaterial /> is using incorrect casing. Use PascalCase for React components, or lowercase for HTML elements.
    at meshStandardMaterial
    at mesh
    at group
    at div
    at Canvas (E:\project\Anima-Engine\tests\frontend\landscape_showcase.test.tsx:4:16)
    at div
    at div
    at div
    at RabbitVisualizer (E:\project\Anima-Engine\playground\RabbitVisualizer.tsx:800:55)
    at Suspense
    at div
    at div
    at App (E:\project\Anima-Engine\src\App.tsx:81:53)
Warning: <cylinderGeometry /> is using incorrect casing. Use PascalCase for React components, or lowercase for HTML elements.
    at cylinderGeometry
    at mesh
    at group
    at div
    at Canvas (E:\project\Anima-Engine\tests\frontend\landscape_showcase.test.tsx:4:16)
    at div
    at div
    at div
    at RabbitVisualizer (E:\project\Anima-Engine\playground\RabbitVisualizer.tsx:800:55)
    at Suspense
    at div
    at div
    at App (E:\project\Anima-Engine\src\App.tsx:81:53)
Warning: <meshStandardMaterial /> is using incorrect casing. Use PascalCase for React components, or lowercase for HTML elements.
    at meshStandardMaterial
    at mesh
    at group
    at div
    at Canvas (E:\project\Anima-Engine\tests\frontend\landscape_showcase.test.tsx:4:16)
    at div
    at div
    at div
    at RabbitVisualizer (E:\project\Anima-Engine\playground\RabbitVisualizer.tsx:800:55)
    at Suspense
    at div
    at div
    at App (E:\project\Anima-Engine\src\App.tsx:81:53)
Warning: <meshStandardMaterial /> is using incorrect casing. Use PascalCase for React components, or lowercase for HTML elements.
    at meshStandardMaterial
    at mesh
    at group
    at SingleRabbitMesh (E:\project\Anima-Engine\playground\RabbitVisualizer.tsx:93:29)
    at div
    at Canvas (E:\project\Anima-Engine\tests\frontend\landscape_showcase.test.tsx:4:16)
    at div
    at div
    at div
    at RabbitVisualizer (E:\project\Anima-Engine\playground\RabbitVisualizer.tsx:800:55)
    at Suspense
    at div
    at div
    at App (E:\project\Anima-Engine\src\App.tsx:81:53)
Warning: <lineBasicMaterial /> is using incorrect casing. Use PascalCase for React components, or lowercase for HTML elements.
    at lineBasicMaterial
    at lineSegments
    at mesh
    at group
    at SingleRabbitMesh (E:\project\Anima-Engine\playground\RabbitVisualizer.tsx:93:29)
    at div
    at Canvas (E:\project\Anima-Engine\tests\frontend\landscape_showcase.test.tsx:4:16)
    at div
    at div
    at div
    at RabbitVisualizer (E:\project\Anima-Engine\playground\RabbitVisualizer.tsx:800:55)
    at Suspense
    at div
    at div
    at App (E:\project\Anima-Engine\src\App.tsx:81:53)
Warning: <lineSegments /> is using incorrect casing. Use PascalCase for React components, or lowercase for HTML elements.
    at lineSegments
    at mesh
    at group
    at SingleRabbitMesh (E:\project\Anima-Engine\playground\RabbitVisualizer.tsx:93:29)
    at div
    at Canvas (E:\project\Anima-Engine\tests\frontend\landscape_showcase.test.tsx:4:16)
    at div
    at div
    at div
    at RabbitVisualizer (E:\project\Anima-Engine\playground\RabbitVisualizer.tsx:800:55)
    at Suspense
    at div
    at div
    at App (E:\project\Anima-Engine\src\App.tsx:81:53)
Warning: <meshStandardMaterial /> is using incorrect casing. Use PascalCase for React components, or lowercase for HTML elements.
    at meshStandardMaterial
    at mesh
    at group
    at SingleRabbitMesh (E:\project\Anima-Engine\playground\RabbitVisualizer.tsx:93:29)
    at div
    at Canvas (E:\project\Anima-Engine\tests\frontend\landscape_showcase.test.tsx:4:16)
    at div
    at div
    at div
    at RabbitVisualizer (E:\project\Anima-Engine\playground\RabbitVisualizer.tsx:800:55)
    at Suspense
    at div
    at div
    at App (E:\project\Anima-Engine\src\App.tsx:81:53)
Warning: <lineBasicMaterial /> is using incorrect casing. Use PascalCase for React components, or lowercase for HTML elements.
    at lineBasicMaterial
    at lineSegments
    at mesh
    at group
    at SingleRabbitMesh (E:\project\Anima-Engine\playground\RabbitVisualizer.tsx:93:29)
    at div
    at Canvas (E:\project\Anima-Engine\tests\frontend\landscape_showcase.test.tsx:4:16)
    at div
    at div
    at div
    at RabbitVisualizer (E:\project\Anima-Engine\playground\RabbitVisualizer.tsx:800:55)
    at Suspense
    at div
    at div
    at App (E:\project\Anima-Engine\src\App.tsx:81:53)
Warning: <lineSegments /> is using incorrect casing. Use PascalCase for React components, or lowercase for HTML elements.
    at lineSegments
    at mesh
    at group
    at SingleRabbitMesh (E:\project\Anima-Engine\playground\RabbitVisualizer.tsx:93:29)
    at div
    at Canvas (E:\project\Anima-Engine\tests\frontend\landscape_showcase.test.tsx:4:16)
    at div
    at div
    at div
    at RabbitVisualizer (E:\project\Anima-Engine\playground\RabbitVisualizer.tsx:800:55)
    at Suspense
    at div
    at div
    at App (E:\project\Anima-Engine\src\App.tsx:81:53)
Warning: <meshStandardMaterial /> is using incorrect casing. Use PascalCase for React components, or lowercase for HTML elements.
    at meshStandardMaterial
    at mesh
    at mesh
    at group
    at SingleRabbitMesh (E:\project\Anima-Engine\playground\RabbitVisualizer.tsx:93:29)
    at div
    at Canvas (E:\project\Anima-Engine\tests\frontend\landscape_showcase.test.tsx:4:16)
    at div
    at div
    at div
    at RabbitVisualizer (E:\project\Anima-Engine\playground\RabbitVisualizer.tsx:800:55)
    at Suspense
    at div
    at div
    at App (E:\project\Anima-Engine\src\App.tsx:81:53)
Warning: <lineBasicMaterial /> is using incorrect casing. Use PascalCase for React components, or lowercase for HTML elements.
    at lineBasicMaterial
    at lineSegments
    at mesh
    at mesh
    at group
    at SingleRabbitMesh (E:\project\Anima-Engine\playground\RabbitVisualizer.tsx:93:29)
    at div
    at Canvas (E:\project\Anima-Engine\tests\frontend\landscape_showcase.test.tsx:4:16)
    at div
    at div
    at div
    at RabbitVisualizer (E:\project\Anima-Engine\playground\RabbitVisualizer.tsx:800:55)
    at Suspense
    at div
    at div
    at App (E:\project\Anima-Engine\src\App.tsx:81:53)
Warning: <lineSegments /> is using incorrect casing. Use PascalCase for React components, or lowercase for HTML elements.
    at lineSegments
    at mesh
    at mesh
    at group
    at SingleRabbitMesh (E:\project\Anima-Engine\playground\RabbitVisualizer.tsx:93:29)
    at div
    at Canvas (E:\project\Anima-Engine\tests\frontend\landscape_showcase.test.tsx:4:16)
    at div
    at div
    at div
    at RabbitVisualizer (E:\project\Anima-Engine\playground\RabbitVisualizer.tsx:800:55)
    at Suspense
    at div
    at div
    at App (E:\project\Anima-Engine\src\App.tsx:81:53)
Warning: <meshStandardMaterial /> is using incorrect casing. Use PascalCase for React components, or lowercase for HTML elements.
    at meshStandardMaterial
    at mesh
    at mesh
    at group
    at SingleRabbitMesh (E:\project\Anima-Engine\playground\RabbitVisualizer.tsx:93:29)
    at div
    at Canvas (E:\project\Anima-Engine\tests\frontend\landscape_showcase.test.tsx:4:16)
    at div
    at div
    at div
    at RabbitVisualizer (E:\project\Anima-Engine\playground\RabbitVisualizer.tsx:800:55)
    at Suspense
    at div
    at div
    at App (E:\project\Anima-Engine\src\App.tsx:81:53)
Warning: <lineBasicMaterial /> is using incorrect casing. Use PascalCase for React components, or lowercase for HTML elements.
    at lineBasicMaterial
    at lineSegments
    at mesh
    at mesh
    at group
    at SingleRabbitMesh (E:\project\Anima-Engine\playground\RabbitVisualizer.tsx:93:29)
    at div
    at Canvas (E:\project\Anima-Engine\tests\frontend\landscape_showcase.test.tsx:4:16)
    at div
    at div
    at div
    at RabbitVisualizer (E:\project\Anima-Engine\playground\RabbitVisualizer.tsx:800:55)
    at Suspense
    at div
    at div
    at App (E:\project\Anima-Engine\src\App.tsx:81:53)
Warning: <lineSegments /> is using incorrect casing. Use PascalCase for React components, or lowercase for HTML elements.
    at lineSegments
    at mesh
    at mesh
    at group
    at SingleRabbitMesh (E:\project\Anima-Engine\playground\RabbitVisualizer.tsx:93:29)
    at div
    at Canvas (E:\project\Anima-Engine\tests\frontend\landscape_showcase.test.tsx:4:16)
    at div
    at div
    at div
    at RabbitVisualizer (E:\project\Anima-Engine\playground\RabbitVisualizer.tsx:800:55)
    at Suspense
    at div
    at div
    at App (E:\project\Anima-Engine\src\App.tsx:81:53)
Warning: <meshBasicMaterial /> is using incorrect casing. Use PascalCase for React components, or lowercase for HTML elements.
    at meshBasicMaterial
    at mesh
    at mesh
    at group
    at SingleRabbitMesh (E:\project\Anima-Engine\playground\RabbitVisualizer.tsx:93:29)
    at div
    at Canvas (E:\project\Anima-Engine\tests\frontend\landscape_showcase.test.tsx:4:16)
    at div
    at div
    at div
    at RabbitVisualizer (E:\project\Anima-Engine\playground\RabbitVisualizer.tsx:800:55)
    at Suspense
    at div
    at div
    at App (E:\project\Anima-Engine\src\App.tsx:81:53)
Warning: <lineBasicMaterial /> is using incorrect casing. Use PascalCase for React components, or lowercase for HTML elements.
    at lineBasicMaterial
    at lineSegments
    at mesh
    at mesh
    at group
    at SingleRabbitMesh (E:\project\Anima-Engine\playground\RabbitVisualizer.tsx:93:29)
    at div
    at Canvas (E:\project\Anima-Engine\tests\frontend\landscape_showcase.test.tsx:4:16)
    at div
    at div
    at div
    at RabbitVisualizer (E:\project\Anima-Engine\playground\RabbitVisualizer.tsx:800:55)
    at Suspense
    at div
    at div
    at App (E:\project\Anima-Engine\src\App.tsx:81:53)
Warning: <lineSegments /> is using incorrect casing. Use PascalCase for React components, or lowercase for HTML elements.
    at lineSegments
    at mesh
    at mesh
    at group
    at SingleRabbitMesh (E:\project\Anima-Engine\playground\RabbitVisualizer.tsx:93:29)
    at div
    at Canvas (E:\project\Anima-Engine\tests\frontend\landscape_showcase.test.tsx:4:16)
    at div
    at div
    at div
    at RabbitVisualizer (E:\project\Anima-Engine\playground\RabbitVisualizer.tsx:800:55)
    at Suspense
    at div
    at div
    at App (E:\project\Anima-Engine\src\App.tsx:81:53)
Warning: <meshBasicMaterial /> is using incorrect casing. Use PascalCase for React components, or lowercase for HTML elements.
    at meshBasicMaterial
    at mesh
    at mesh
    at group
    at SingleRabbitMesh (E:\project\Anima-Engine\playground\RabbitVisualizer.tsx:93:29)
    at div
    at Canvas (E:\project\Anima-Engine\tests\frontend\landscape_showcase.test.tsx:4:16)
    at div
    at div
    at div
    at RabbitVisualizer (E:\project\Anima-Engine\playground\RabbitVisualizer.tsx:800:55)
    at Suspense
    at div
    at div
    at App (E:\project\Anima-Engine\src\App.tsx:81:53)
Warning: <lineBasicMaterial /> is using incorrect casing. Use PascalCase for React components, or lowercase for HTML elements.
    at lineBasicMaterial
    at lineSegments
    at mesh
    at mesh
    at group
    at SingleRabbitMesh (E:\project\Anima-Engine\playground\RabbitVisualizer.tsx:93:29)
    at div
    at Canvas (E:\project\Anima-Engine\tests\frontend\landscape_showcase.test.tsx:4:16)
    at div
    at div
    at div
    at RabbitVisualizer (E:\project\Anima-Engine\playground\RabbitVisualizer.tsx:800:55)
    at Suspense
    at div
    at div
    at App (E:\project\Anima-Engine\src\App.tsx:81:53)
Warning: <lineSegments /> is using incorrect casing. Use PascalCase for React components, or lowercase for HTML elements.
    at lineSegments
    at mesh
    at mesh
    at group
    at SingleRabbitMesh (E:\project\Anima-Engine\playground\RabbitVisualizer.tsx:93:29)
    at div
    at Canvas (E:\project\Anima-Engine\tests\frontend\landscape_showcase.test.tsx:4:16)
    at div
    at div
    at div
    at RabbitVisualizer (E:\project\Anima-Engine\playground\RabbitVisualizer.tsx:800:55)
    at Suspense
    at div
    at div
    at App (E:\project\Anima-Engine\src\App.tsx:81:53)
Warning: <meshStandardMaterial /> is using incorrect casing. Use PascalCase for React components, or lowercase for HTML elements.
    at meshStandardMaterial
    at mesh
    at mesh
    at group
    at SingleRabbitMesh (E:\project\Anima-Engine\playground\RabbitVisualizer.tsx:93:29)
    at div
    at Canvas (E:\project\Anima-Engine\tests\frontend\landscape_showcase.test.tsx:4:16)
    at div
    at div
    at div
    at RabbitVisualizer (E:\project\Anima-Engine\playground\RabbitVisualizer.tsx:800:55)
    at Suspense
    at div
    at div
    at App (E:\project\Anima-Engine\src\App.tsx:81:53)
Warning: <lineBasicMaterial /> is using incorrect casing. Use PascalCase for React components, or lowercase for HTML elements.
    at lineBasicMaterial
    at lineSegments
    at mesh
    at mesh
    at group
    at SingleRabbitMesh (E:\project\Anima-Engine\playground\RabbitVisualizer.tsx:93:29)
    at div
    at Canvas (E:\project\Anima-Engine\tests\frontend\landscape_showcase.test.tsx:4:16)
    at div
    at div
    at div
    at RabbitVisualizer (E:\project\Anima-Engine\playground\RabbitVisualizer.tsx:800:55)
    at Suspense
    at div
    at div
    at App (E:\project\Anima-Engine\src\App.tsx:81:53)
Warning: <lineSegments /> is using incorrect casing. Use PascalCase for React components, or lowercase for HTML elements.
    at lineSegments
    at mesh
    at mesh
    at group
    at SingleRabbitMesh (E:\project\Anima-Engine\playground\RabbitVisualizer.tsx:93:29)
    at div
    at Canvas (E:\project\Anima-Engine\tests\frontend\landscape_showcase.test.tsx:4:16)
    at div
    at div
    at div
    at RabbitVisualizer (E:\project\Anima-Engine\playground\RabbitVisualizer.tsx:800:55)
    at Suspense
    at div
    at div
    at App (E:\project\Anima-Engine\src\App.tsx:81:53)
Warning: <meshBasicMaterial /> is using incorrect casing. Use PascalCase for React components, or lowercase for HTML elements.
    at meshBasicMaterial
    at mesh
    at mesh
    at mesh
    at group
    at SingleRabbitMesh (E:\project\Anima-Engine\playground\RabbitVisualizer.tsx:93:29)
    at div
    at Canvas (E:\project\Anima-Engine\tests\frontend\landscape_showcase.test.tsx:4:16)
    at div
    at div
    at div
    at RabbitVisualizer (E:\project\Anima-Engine\playground\RabbitVisualizer.tsx:800:55)
    at Suspense
    at div
    at div
    at App (E:\project\Anima-Engine\src\App.tsx:81:53)
Warning: <lineBasicMaterial /> is using incorrect casing. Use PascalCase for React components, or lowercase for HTML elements.
    at lineBasicMaterial
    at lineSegments
    at mesh
    at mesh
    at mesh
    at group
    at SingleRabbitMesh (E:\project\Anima-Engine\playground\RabbitVisualizer.tsx:93:29)
    at div
    at Canvas (E:\project\Anima-Engine\tests\frontend\landscape_showcase.test.tsx:4:16)
    at div
    at div
    at div
    at RabbitVisualizer (E:\project\Anima-Engine\playground\RabbitVisualizer.tsx:800:55)
    at Suspense
    at div
    at div
    at App (E:\project\Anima-Engine\src\App.tsx:81:53)
Warning: <lineSegments /> is using incorrect casing. Use PascalCase for React components, or lowercase for HTML elements.
    at lineSegments
    at mesh
    at mesh
    at mesh
    at group
    at SingleRabbitMesh (E:\project\Anima-Engine\playground\RabbitVisualizer.tsx:93:29)
    at div
    at Canvas (E:\project\Anima-Engine\tests\frontend\landscape_showcase.test.tsx:4:16)
    at div
    at div
    at div
    at RabbitVisualizer (E:\project\Anima-Engine\playground\RabbitVisualizer.tsx:800:55)
    at Suspense
    at div
    at div
    at App (E:\project\Anima-Engine\src\App.tsx:81:53)
Warning: <meshBasicMaterial /> is using incorrect casing. Use PascalCase for React components, or lowercase for HTML elements.
    at meshBasicMaterial
    at mesh
    at mesh
    at mesh
    at group
    at SingleRabbitMesh (E:\project\Anima-Engine\playground\RabbitVisualizer.tsx:93:29)
    at div
    at Canvas (E:\project\Anima-Engine\tests\frontend\landscape_showcase.test.tsx:4:16)
    at div
    at div
    at div
    at RabbitVisualizer (E:\project\Anima-Engine\playground\RabbitVisualizer.tsx:800:55)
    at Suspense
    at div
    at div
    at App (E:\project\Anima-Engine\src\App.tsx:81:53)
Warning: <lineBasicMaterial /> is using incorrect casing. Use PascalCase for React components, or lowercase for HTML elements.
    at lineBasicMaterial
    at lineSegments
    at mesh
    at mesh
    at mesh
    at group
    at SingleRabbitMesh (E:\project\Anima-Engine\playground\RabbitVisualizer.tsx:93:29)
    at div
    at Canvas (E:\project\Anima-Engine\tests\frontend\landscape_showcase.test.tsx:4:16)
    at div
    at div
    at div
    at RabbitVisualizer (E:\project\Anima-Engine\playground\RabbitVisualizer.tsx:800:55)
    at Suspense
    at div
    at div
    at App (E:\project\Anima-Engine\src\App.tsx:81:53)
Warning: <lineSegments /> is using incorrect casing. Use PascalCase for React components, or lowercase for HTML elements.
    at lineSegments
    at mesh
    at mesh
    at mesh
    at group
    at SingleRabbitMesh (E:\project\Anima-Engine\playground\RabbitVisualizer.tsx:93:29)
    at div
    at Canvas (E:\project\Anima-Engine\tests\frontend\landscape_showcase.test.tsx:4:16)
    at div
    at div
    at div
    at RabbitVisualizer (E:\project\Anima-Engine\playground\RabbitVisualizer.tsx:800:55)
    at Suspense
    at div
    at div
    at App (E:\project\Anima-Engine\src\App.tsx:81:53)
Warning: <meshStandardMaterial /> is using incorrect casing. Use PascalCase for React components, or lowercase for HTML elements.
    at meshStandardMaterial
    at mesh
    at mesh
    at group
    at SingleRabbitMesh (E:\project\Anima-Engine\playground\RabbitVisualizer.tsx:93:29)
    at div
    at Canvas (E:\project\Anima-Engine\tests\frontend\landscape_showcase.test.tsx:4:16)
    at div
    at div
    at div
    at RabbitVisualizer (E:\project\Anima-Engine\playground\RabbitVisualizer.tsx:800:55)
    at Suspense
    at div
    at div
    at App (E:\project\Anima-Engine\src\App.tsx:81:53)
Warning: <lineBasicMaterial /> is using incorrect casing. Use PascalCase for React components, or lowercase for HTML elements.
    at lineBasicMaterial
    at lineSegments
    at mesh
    at mesh
    at group
    at SingleRabbitMesh (E:\project\Anima-Engine\playground\RabbitVisualizer.tsx:93:29)
    at div
    at Canvas (E:\project\Anima-Engine\tests\frontend\landscape_showcase.test.tsx:4:16)
    at div
    at div
    at div
    at RabbitVisualizer (E:\project\Anima-Engine\playground\RabbitVisualizer.tsx:800:55)
    at Suspense
    at div
    at div
    at App (E:\project\Anima-Engine\src\App.tsx:81:53)
Warning: <lineSegments /> is using incorrect casing. Use PascalCase for React components, or lowercase for HTML elements.
    at lineSegments
    at mesh
    at mesh
    at group
    at SingleRabbitMesh (E:\project\Anima-Engine\playground\RabbitVisualizer.tsx:93:29)
    at div
    at Canvas (E:\project\Anima-Engine\tests\frontend\landscape_showcase.test.tsx:4:16)
    at div
    at div
    at div
    at RabbitVisualizer (E:\project\Anima-Engine\playground\RabbitVisualizer.tsx:800:55)
    at Suspense
    at div
    at div
    at App (E:\project\Anima-Engine\src\App.tsx:81:53)
Warning: <meshBasicMaterial /> is using incorrect casing. Use PascalCase for React components, or lowercase for HTML elements.
    at meshBasicMaterial
    at mesh
    at mesh
    at mesh
    at group
    at SingleRabbitMesh (E:\project\Anima-Engine\playground\RabbitVisualizer.tsx:93:29)
    at div
    at Canvas (E:\project\Anima-Engine\tests\frontend\landscape_showcase.test.tsx:4:16)
    at div
    at div
    at div
    at RabbitVisualizer (E:\project\Anima-Engine\playground\RabbitVisualizer.tsx:800:55)
    at Suspense
    at div
    at div
    at App (E:\project\Anima-Engine\src\App.tsx:81:53)
Warning: <lineBasicMaterial /> is using incorrect casing. Use PascalCase for React components, or lowercase for HTML elements.
    at lineBasicMaterial
    at lineSegments
    at mesh
    at mesh
    at mesh
    at group
    at SingleRabbitMesh (E:\project\Anima-Engine\playground\RabbitVisualizer.tsx:93:29)
    at div
    at Canvas (E:\project\Anima-Engine\tests\frontend\landscape_showcase.test.tsx:4:16)
    at div
    at div
    at div
    at RabbitVisualizer (E:\project\Anima-Engine\playground\RabbitVisualizer.tsx:800:55)
    at Suspense
    at div
    at div
    at App (E:\project\Anima-Engine\src\App.tsx:81:53)
Warning: <lineSegments /> is using incorrect casing. Use PascalCase for React components, or lowercase for HTML elements.
    at lineSegments
    at mesh
    at mesh
    at mesh
    at group
    at SingleRabbitMesh (E:\project\Anima-Engine\playground\RabbitVisualizer.tsx:93:29)
    at div
    at Canvas (E:\project\Anima-Engine\tests\frontend\landscape_showcase.test.tsx:4:16)
    at div
    at div
    at div
    at RabbitVisualizer (E:\project\Anima-Engine\playground\RabbitVisualizer.tsx:800:55)
    at Suspense
    at div
    at div
    at App (E:\project\Anima-Engine\src\App.tsx:81:53)
Warning: <meshBasicMaterial /> is using incorrect casing. Use PascalCase for React components, or lowercase for HTML elements.
    at meshBasicMaterial
    at mesh
    at mesh
    at mesh
    at group
    at SingleRabbitMesh (E:\project\Anima-Engine\playground\RabbitVisualizer.tsx:93:29)
    at div
    at Canvas (E:\project\Anima-Engine\tests\frontend\landscape_showcase.test.tsx:4:16)
    at div
    at div
    at div
    at RabbitVisualizer (E:\project\Anima-Engine\playground\RabbitVisualizer.tsx:800:55)
    at Suspense
    at div
    at div
    at App (E:\project\Anima-Engine\src\App.tsx:81:53)
Warning: <lineBasicMaterial /> is using incorrect casing. Use PascalCase for React components, or lowercase for HTML elements.
    at lineBasicMaterial
    at lineSegments
    at mesh
    at mesh
    at mesh
    at group
    at SingleRabbitMesh (E:\project\Anima-Engine\playground\RabbitVisualizer.tsx:93:29)
    at div
    at Canvas (E:\project\Anima-Engine\tests\frontend\landscape_showcase.test.tsx:4:16)
    at div
    at div
    at div
    at RabbitVisualizer (E:\project\Anima-Engine\playground\RabbitVisualizer.tsx:800:55)
    at Suspense
    at div
    at div
    at App (E:\project\Anima-Engine\src\App.tsx:81:53)
Warning: <lineSegments /> is using incorrect casing. Use PascalCase for React components, or lowercase for HTML elements.
    at lineSegments
    at mesh
    at mesh
    at mesh
    at group
    at SingleRabbitMesh (E:\project\Anima-Engine\playground\RabbitVisualizer.tsx:93:29)
    at div
    at Canvas (E:\project\Anima-Engine\tests\frontend\landscape_showcase.test.tsx:4:16)
    at div
    at div
    at div
    at RabbitVisualizer (E:\project\Anima-Engine\playground\RabbitVisualizer.tsx:800:55)
    at Suspense
    at div
    at div
    at App (E:\project\Anima-Engine\src\App.tsx:81:53)
Warning: <meshStandardMaterial /> is using incorrect casing. Use PascalCase for React components, or lowercase for HTML elements.
    at meshStandardMaterial
    at mesh
    at mesh
    at group
    at SingleRabbitMesh (E:\project\Anima-Engine\playground\RabbitVisualizer.tsx:93:29)
    at div
    at Canvas (E:\project\Anima-Engine\tests\frontend\landscape_showcase.test.tsx:4:16)
    at div
    at div
    at div
    at RabbitVisualizer (E:\project\Anima-Engine\playground\RabbitVisualizer.tsx:800:55)
    at Suspense
    at div
    at div
    at App (E:\project\Anima-Engine\src\App.tsx:81:53)
Warning: <lineBasicMaterial /> is using incorrect casing. Use PascalCase for React components, or lowercase for HTML elements.
    at lineBasicMaterial
    at lineSegments
    at mesh
    at mesh
    at group
    at SingleRabbitMesh (E:\project\Anima-Engine\playground\RabbitVisualizer.tsx:93:29)
    at div
    at Canvas (E:\project\Anima-Engine\tests\frontend\landscape_showcase.test.tsx:4:16)
    at div
    at div
    at div
    at RabbitVisualizer (E:\project\Anima-Engine\playground\RabbitVisualizer.tsx:800:55)
    at Suspense
    at div
    at div
    at App (E:\project\Anima-Engine\src\App.tsx:81:53)
Warning: <lineSegments /> is using incorrect casing. Use PascalCase for React components, or lowercase for HTML elements.
    at lineSegments
    at mesh
    at mesh
    at group
    at SingleRabbitMesh (E:\project\Anima-Engine\playground\RabbitVisualizer.tsx:93:29)
    at div
    at Canvas (E:\project\Anima-Engine\tests\frontend\landscape_showcase.test.tsx:4:16)
    at div
    at div
    at div
    at RabbitVisualizer (E:\project\Anima-Engine\playground\RabbitVisualizer.tsx:800:55)
    at Suspense
    at div
    at div
    at App (E:\project\Anima-Engine\src\App.tsx:81:53)
Warning: <meshStandardMaterial /> is using incorrect casing. Use PascalCase for React components, or lowercase for HTML elements.
    at meshStandardMaterial
    at mesh
    at group
    at SingleRabbitMesh (E:\project\Anima-Engine\playground\RabbitVisualizer.tsx:93:29)
    at div
    at Canvas (E:\project\Anima-Engine\tests\frontend\landscape_showcase.test.tsx:4:16)
    at div
    at div
    at div
    at RabbitVisualizer (E:\project\Anima-Engine\playground\RabbitVisualizer.tsx:800:55)
    at Suspense
    at div
    at div
    at App (E:\project\Anima-Engine\src\App.tsx:81:53)
Warning: <lineBasicMaterial /> is using incorrect casing. Use PascalCase for React components, or lowercase for HTML elements.
    at lineBasicMaterial
    at lineSegments
    at mesh
    at group
    at SingleRabbitMesh (E:\project\Anima-Engine\playground\RabbitVisualizer.tsx:93:29)
    at div
    at Canvas (E:\project\Anima-Engine\tests\frontend\landscape_showcase.test.tsx:4:16)
    at div
    at div
    at div
    at RabbitVisualizer (E:\project\Anima-Engine\playground\RabbitVisualizer.tsx:800:55)
    at Suspense
    at div
    at div
    at App (E:\project\Anima-Engine\src\App.tsx:81:53)
Warning: <lineSegments /> is using incorrect casing. Use PascalCase for React components, or lowercase for HTML elements.
    at lineSegments
    at mesh
    at group
    at SingleRabbitMesh (E:\project\Anima-Engine\playground\RabbitVisualizer.tsx:93:29)
    at div
    at Canvas (E:\project\Anima-Engine\tests\frontend\landscape_showcase.test.tsx:4:16)
    at div
    at div
    at div
    at RabbitVisualizer (E:\project\Anima-Engine\playground\RabbitVisualizer.tsx:800:55)
    at Suspense
    at div
    at div
    at App (E:\project\Anima-Engine\src\App.tsx:81:53)
Warning: <meshStandardMaterial /> is using incorrect casing. Use PascalCase for React components, or lowercase for HTML elements.
    at meshStandardMaterial
    at mesh
    at mesh
    at group
    at SingleRabbitMesh (E:\project\Anima-Engine\playground\RabbitVisualizer.tsx:93:29)
    at div
    at Canvas (E:\project\Anima-Engine\tests\frontend\landscape_showcase.test.tsx:4:16)
    at div
    at div
    at div
    at RabbitVisualizer (E:\project\Anima-Engine\playground\RabbitVisualizer.tsx:800:55)
    at Suspense
    at div
    at div
    at App (E:\project\Anima-Engine\src\App.tsx:81:53)
Warning: <lineBasicMaterial /> is using incorrect casing. Use PascalCase for React components, or lowercase for HTML elements.
    at lineBasicMaterial
    at lineSegments
    at mesh
    at mesh
    at group
    at SingleRabbitMesh (E:\project\Anima-Engine\playground\RabbitVisualizer.tsx:93:29)
    at div
    at Canvas (E:\project\Anima-Engine\tests\frontend\landscape_showcase.test.tsx:4:16)
    at div
    at div
    at div
    at RabbitVisualizer (E:\project\Anima-Engine\playground\RabbitVisualizer.tsx:800:55)
    at Suspense
    at div
    at div
    at App (E:\project\Anima-Engine\src\App.tsx:81:53)
Warning: <lineSegments /> is using incorrect casing. Use PascalCase for React components, or lowercase for HTML elements.
    at lineSegments
    at mesh
    at mesh
    at group
    at SingleRabbitMesh (E:\project\Anima-Engine\playground\RabbitVisualizer.tsx:93:29)
    at div
    at Canvas (E:\project\Anima-Engine\tests\frontend\landscape_showcase.test.tsx:4:16)
    at div
    at div
    at div
    at RabbitVisualizer (E:\project\Anima-Engine\playground\RabbitVisualizer.tsx:800:55)
    at Suspense
    at div
    at div
    at App (E:\project\Anima-Engine\src\App.tsx:81:53)
Warning: <meshStandardMaterial /> is using incorrect casing. Use PascalCase for React components, or lowercase for HTML elements.
    at meshStandardMaterial
    at mesh
    at group
    at SingleRabbitMesh (E:\project\Anima-Engine\playground\RabbitVisualizer.tsx:93:29)
    at div
    at Canvas (E:\project\Anima-Engine\tests\frontend\landscape_showcase.test.tsx:4:16)
    at div
    at div
    at div
    at RabbitVisualizer (E:\project\Anima-Engine\playground\RabbitVisualizer.tsx:800:55)
    at Suspense
    at div
    at div
    at App (E:\project\Anima-Engine\src\App.tsx:81:53)
Warning: <lineBasicMaterial /> is using incorrect casing. Use PascalCase for React components, or lowercase for HTML elements.
    at lineBasicMaterial
    at lineSegments
    at mesh
    at group
    at SingleRabbitMesh (E:\project\Anima-Engine\playground\RabbitVisualizer.tsx:93:29)
    at div
    at Canvas (E:\project\Anima-Engine\tests\frontend\landscape_showcase.test.tsx:4:16)
    at div
    at div
    at div
    at RabbitVisualizer (E:\project\Anima-Engine\playground\RabbitVisualizer.tsx:800:55)
    at Suspense
    at div
    at div
    at App (E:\project\Anima-Engine\src\App.tsx:81:53)
Warning: <lineSegments /> is using incorrect casing. Use PascalCase for React components, or lowercase for HTML elements.
    at lineSegments
    at mesh
    at group
    at SingleRabbitMesh (E:\project\Anima-Engine\playground\RabbitVisualizer.tsx:93:29)
    at div
    at Canvas (E:\project\Anima-Engine\tests\frontend\landscape_showcase.test.tsx:4:16)
    at div
    at div
    at div
    at RabbitVisualizer (E:\project\Anima-Engine\playground\RabbitVisualizer.tsx:800:55)
    at Suspense
    at div
    at div
    at App (E:\project\Anima-Engine\src\App.tsx:81:53)
Warning: <meshStandardMaterial /> is using incorrect casing. Use PascalCase for React components, or lowercase for HTML elements.
    at meshStandardMaterial
    at mesh
    at mesh
    at group
    at SingleRabbitMesh (E:\project\Anima-Engine\playground\RabbitVisualizer.tsx:93:29)
    at div
    at Canvas (E:\project\Anima-Engine\tests\frontend\landscape_showcase.test.tsx:4:16)
    at div
    at div
    at div
    at RabbitVisualizer (E:\project\Anima-Engine\playground\RabbitVisualizer.tsx:800:55)
    at Suspense
    at div
    at div
    at App (E:\project\Anima-Engine\src\App.tsx:81:53)
Warning: <lineBasicMaterial /> is using incorrect casing. Use PascalCase for React components, or lowercase for HTML elements.
    at lineBasicMaterial
    at lineSegments
    at mesh
    at mesh
    at group
    at SingleRabbitMesh (E:\project\Anima-Engine\playground\RabbitVisualizer.tsx:93:29)
    at div
    at Canvas (E:\project\Anima-Engine\tests\frontend\landscape_showcase.test.tsx:4:16)
    at div
    at div
    at div
    at RabbitVisualizer (E:\project\Anima-Engine\playground\RabbitVisualizer.tsx:800:55)
    at Suspense
    at div
    at div
    at App (E:\project\Anima-Engine\src\App.tsx:81:53)
Warning: <lineSegments /> is using incorrect casing. Use PascalCase for React components, or lowercase for HTML elements.
    at lineSegments
    at mesh
    at mesh
    at group
    at SingleRabbitMesh (E:\project\Anima-Engine\playground\RabbitVisualizer.tsx:93:29)
    at div
    at Canvas (E:\project\Anima-Engine\tests\frontend\landscape_showcase.test.tsx:4:16)
    at div
    at div
    at div
    at RabbitVisualizer (E:\project\Anima-Engine\playground\RabbitVisualizer.tsx:800:55)
    at Suspense
    at div
    at div
    at App (E:\project\Anima-Engine\src\App.tsx:81:53)
Warning: <meshStandardMaterial /> is using incorrect casing. Use PascalCase for React components, or lowercase for HTML elements.
    at meshStandardMaterial
    at mesh
    at group
    at SingleRabbitMesh (E:\project\Anima-Engine\playground\RabbitVisualizer.tsx:93:29)
    at div
    at Canvas (E:\project\Anima-Engine\tests\frontend\landscape_showcase.test.tsx:4:16)
    at div
    at div
    at div
    at RabbitVisualizer (E:\project\Anima-Engine\playground\RabbitVisualizer.tsx:800:55)
    at Suspense
    at div
    at div
    at App (E:\project\Anima-Engine\src\App.tsx:81:53)
Warning: <lineBasicMaterial /> is using incorrect casing. Use PascalCase for React components, or lowercase for HTML elements.
    at lineBasicMaterial
    at lineSegments
    at mesh
    at group
    at SingleRabbitMesh (E:\project\Anima-Engine\playground\RabbitVisualizer.tsx:93:29)
    at div
    at Canvas (E:\project\Anima-Engine\tests\frontend\landscape_showcase.test.tsx:4:16)
    at div
    at div
    at div
    at RabbitVisualizer (E:\project\Anima-Engine\playground\RabbitVisualizer.tsx:800:55)
    at Suspense
    at div
    at div
    at App (E:\project\Anima-Engine\src\App.tsx:81:53)
Warning: <lineSegments /> is using incorrect casing. Use PascalCase for React components, or lowercase for HTML elements.
    at lineSegments
    at mesh
    at group
    at SingleRabbitMesh (E:\project\Anima-Engine\playground\RabbitVisualizer.tsx:93:29)
    at div
    at Canvas (E:\project\Anima-Engine\tests\frontend\landscape_showcase.test.tsx:4:16)
    at div
    at div
    at div
    at RabbitVisualizer (E:\project\Anima-Engine\playground\RabbitVisualizer.tsx:800:55)
    at Suspense
    at div
    at div
    at App (E:\project\Anima-Engine\src\App.tsx:81:53)
Warning: <meshStandardMaterial /> is using incorrect casing. Use PascalCase for React components, or lowercase for HTML elements.
    at meshStandardMaterial
    at mesh
    at group
    at SingleRabbitMesh (E:\project\Anima-Engine\playground\RabbitVisualizer.tsx:93:29)
    at div
    at Canvas (E:\project\Anima-Engine\tests\frontend\landscape_showcase.test.tsx:4:16)
    at div
    at div
    at div
    at RabbitVisualizer (E:\project\Anima-Engine\playground\RabbitVisualizer.tsx:800:55)
    at Suspense
    at div
    at div
    at App (E:\project\Anima-Engine\src\App.tsx:81:53)
Warning: <lineBasicMaterial /> is using incorrect casing. Use PascalCase for React components, or lowercase for HTML elements.
    at lineBasicMaterial
    at lineSegments
    at mesh
    at group
    at SingleRabbitMesh (E:\project\Anima-Engine\playground\RabbitVisualizer.tsx:93:29)
    at div
    at Canvas (E:\project\Anima-Engine\tests\frontend\landscape_showcase.test.tsx:4:16)
    at div
    at div
    at div
    at RabbitVisualizer (E:\project\Anima-Engine\playground\RabbitVisualizer.tsx:800:55)
    at Suspense
    at div
    at div
    at App (E:\project\Anima-Engine\src\App.tsx:81:53)
Warning: <lineSegments /> is using incorrect casing. Use PascalCase for React components, or lowercase for HTML elements.
    at lineSegments
    at mesh
    at group
    at SingleRabbitMesh (E:\project\Anima-Engine\playground\RabbitVisualizer.tsx:93:29)
    at div
    at Canvas (E:\project\Anima-Engine\tests\frontend\landscape_showcase.test.tsx:4:16)
    at div
    at div
    at div
    at RabbitVisualizer (E:\project\Anima-Engine\playground\RabbitVisualizer.tsx:800:55)
    at Suspense
    at div
    at div
    at App (E:\project\Anima-Engine\src\App.tsx:81:53)
Warning: <meshStandardMaterial /> is using incorrect casing. Use PascalCase for React components, or lowercase for HTML elements.
    at meshStandardMaterial
    at mesh
    at group
    at SingleRabbitMesh (E:\project\Anima-Engine\playground\RabbitVisualizer.tsx:93:29)
    at div
    at Canvas (E:\project\Anima-Engine\tests\frontend\landscape_showcase.test.tsx:4:16)
    at div
    at div
    at div
    at RabbitVisualizer (E:\project\Anima-Engine\playground\RabbitVisualizer.tsx:800:55)
    at Suspense
    at div
    at div
    at App (E:\project\Anima-Engine\src\App.tsx:81:53)
Warning: <lineBasicMaterial /> is using incorrect casing. Use PascalCase for React components, or lowercase for HTML elements.
    at lineBasicMaterial
    at lineSegments
    at mesh
    at group
    at SingleRabbitMesh (E:\project\Anima-Engine\playground\RabbitVisualizer.tsx:93:29)
    at div
    at Canvas (E:\project\Anima-Engine\tests\frontend\landscape_showcase.test.tsx:4:16)
    at div
    at div
    at div
    at RabbitVisualizer (E:\project\Anima-Engine\playground\RabbitVisualizer.tsx:800:55)
    at Suspense
    at div
    at div
    at App (E:\project\Anima-Engine\src\App.tsx:81:53)
Warning: <lineSegments /> is using incorrect casing. Use PascalCase for React components, or lowercase for HTML elements.
    at lineSegments
    at mesh
    at group
    at SingleRabbitMesh (E:\project\Anima-Engine\playground\RabbitVisualizer.tsx:93:29)
    at div
    at Canvas (E:\project\Anima-Engine\tests\frontend\landscape_showcase.test.tsx:4:16)
    at div
    at div
    at div
    at RabbitVisualizer (E:\project\Anima-Engine\playground\RabbitVisualizer.tsx:800:55)
    at Suspense
    at div
    at div
    at App (E:\project\Anima-Engine\src\App.tsx:81:53)
Warning: <meshStandardMaterial /> is using incorrect casing. Use PascalCase for React components, or lowercase for HTML elements.
    at meshStandardMaterial
    at mesh
    at group
    at SingleRabbitMesh (E:\project\Anima-Engine\playground\RabbitVisualizer.tsx:93:29)
    at div
    at Canvas (E:\project\Anima-Engine\tests\frontend\landscape_showcase.test.tsx:4:16)
    at div
    at div
    at div
    at RabbitVisualizer (E:\project\Anima-Engine\playground\RabbitVisualizer.tsx:800:55)
    at Suspense
    at div
    at div
    at App (E:\project\Anima-Engine\src\App.tsx:81:53)
Warning: <lineBasicMaterial /> is using incorrect casing. Use PascalCase for React components, or lowercase for HTML elements.
    at lineBasicMaterial
    at lineSegments
    at mesh
    at group
    at SingleRabbitMesh (E:\project\Anima-Engine\playground\RabbitVisualizer.tsx:93:29)
    at div
    at Canvas (E:\project\Anima-Engine\tests\frontend\landscape_showcase.test.tsx:4:16)
    at div
    at div
    at div
    at RabbitVisualizer (E:\project\Anima-Engine\playground\RabbitVisualizer.tsx:800:55)
    at Suspense
    at div
    at div
    at App (E:\project\Anima-Engine\src\App.tsx:81:53)
Warning: <lineSegments /> is using incorrect casing. Use PascalCase for React components, or lowercase for HTML elements.
    at lineSegments
    at mesh
    at group
    at SingleRabbitMesh (E:\project\Anima-Engine\playground\RabbitVisualizer.tsx:93:29)
    at div
    at Canvas (E:\project\Anima-Engine\tests\frontend\landscape_showcase.test.tsx:4:16)
    at div
    at div
    at div
    at RabbitVisualizer (E:\project\Anima-Engine\playground\RabbitVisualizer.tsx:800:55)
    at Suspense
    at div
    at div
    at App (E:\project\Anima-Engine\src\App.tsx:81:53)
Warning: <meshStandardMaterial /> is using incorrect casing. Use PascalCase for React components, or lowercase for HTML elements.
    at meshStandardMaterial
    at mesh
    at group
    at SingleRabbitMesh (E:\project\Anima-Engine\playground\RabbitVisualizer.tsx:93:29)
    at div
    at Canvas (E:\project\Anima-Engine\tests\frontend\landscape_showcase.test.tsx:4:16)
    at div
    at div
    at div
    at RabbitVisualizer (E:\project\Anima-Engine\playground\RabbitVisualizer.tsx:800:55)
    at Suspense
    at div
    at div
    at App (E:\project\Anima-Engine\src\App.tsx:81:53)
Warning: <lineBasicMaterial /> is using incorrect casing. Use PascalCase for React components, or lowercase for HTML elements.
    at lineBasicMaterial
    at lineSegments
    at mesh
    at group
    at SingleRabbitMesh (E:\project\Anima-Engine\playground\RabbitVisualizer.tsx:93:29)
    at div
    at Canvas (E:\project\Anima-Engine\tests\frontend\landscape_showcase.test.tsx:4:16)
    at div
    at div
    at div
    at RabbitVisualizer (E:\project\Anima-Engine\playground\RabbitVisualizer.tsx:800:55)
    at Suspense
    at div
    at div
    at App (E:\project\Anima-Engine\src\App.tsx:81:53)
Warning: <lineSegments /> is using incorrect casing. Use PascalCase for React components, or lowercase for HTML elements.
    at lineSegments
    at mesh
    at group
    at SingleRabbitMesh (E:\project\Anima-Engine\playground\RabbitVisualizer.tsx:93:29)
    at div
    at Canvas (E:\project\Anima-Engine\tests\frontend\landscape_showcase.test.tsx:4:16)
    at div
    at div
    at div
    at RabbitVisualizer (E:\project\Anima-Engine\playground\RabbitVisualizer.tsx:800:55)
    at Suspense
    at div
    at div
    at App (E:\project\Anima-Engine\src\App.tsx:81:53)
Warning: <meshStandardMaterial /> is using incorrect casing. Use PascalCase for React components, or lowercase for HTML elements.
    at meshStandardMaterial
    at mesh
    at mesh
    at group
    at SingleRabbitMesh (E:\project\Anima-Engine\playground\RabbitVisualizer.tsx:93:29)
    at div
    at Canvas (E:\project\Anima-Engine\tests\frontend\landscape_showcase.test.tsx:4:16)
    at div
    at div
    at div
    at RabbitVisualizer (E:\project\Anima-Engine\playground\RabbitVisualizer.tsx:800:55)
    at Suspense
    at div
    at div
    at App (E:\project\Anima-Engine\src\App.tsx:81:53)
Warning: <lineBasicMaterial /> is using incorrect casing. Use PascalCase for React components, or lowercase for HTML elements.
    at lineBasicMaterial
    at lineSegments
    at mesh
    at mesh
    at group
    at SingleRabbitMesh (E:\project\Anima-Engine\playground\RabbitVisualizer.tsx:93:29)
    at div
    at Canvas (E:\project\Anima-Engine\tests\frontend\landscape_showcase.test.tsx:4:16)
    at div
    at div
    at div
    at RabbitVisualizer (E:\project\Anima-Engine\playground\RabbitVisualizer.tsx:800:55)
    at Suspense
    at div
    at div
    at App (E:\project\Anima-Engine\src\App.tsx:81:53)
Warning: <lineSegments /> is using incorrect casing. Use PascalCase for React components, or lowercase for HTML elements.
    at lineSegments
    at mesh
    at mesh
    at group
    at SingleRabbitMesh (E:\project\Anima-Engine\playground\RabbitVisualizer.tsx:93:29)
    at div
    at Canvas (E:\project\Anima-Engine\tests\frontend\landscape_showcase.test.tsx:4:16)
    at div
    at div
    at div
    at RabbitVisualizer (E:\project\Anima-Engine\playground\RabbitVisualizer.tsx:800:55)
    at Suspense
    at div
    at div
    at App (E:\project\Anima-Engine\src\App.tsx:81:53)
Warning: <meshStandardMaterial /> is using incorrect casing. Use PascalCase for React components, or lowercase for HTML elements.
    at meshStandardMaterial
    at mesh
    at mesh
    at group
    at SingleRabbitMesh (E:\project\Anima-Engine\playground\RabbitVisualizer.tsx:93:29)
    at div
    at Canvas (E:\project\Anima-Engine\tests\frontend\landscape_showcase.test.tsx:4:16)
    at div
    at div
    at div
    at RabbitVisualizer (E:\project\Anima-Engine\playground\RabbitVisualizer.tsx:800:55)
    at Suspense
    at div
    at div
    at App (E:\project\Anima-Engine\src\App.tsx:81:53)
Warning: <lineBasicMaterial /> is using incorrect casing. Use PascalCase for React components, or lowercase for HTML elements.
    at lineBasicMaterial
    at lineSegments
    at mesh
    at mesh
    at group
    at SingleRabbitMesh (E:\project\Anima-Engine\playground\RabbitVisualizer.tsx:93:29)
    at div
    at Canvas (E:\project\Anima-Engine\tests\frontend\landscape_showcase.test.tsx:4:16)
    at div
    at div
    at div
    at RabbitVisualizer (E:\project\Anima-Engine\playground\RabbitVisualizer.tsx:800:55)
    at Suspense
    at div
    at div
    at App (E:\project\Anima-Engine\src\App.tsx:81:53)
Warning: <lineSegments /> is using incorrect casing. Use PascalCase for React components, or lowercase for HTML elements.
    at lineSegments
    at mesh
    at mesh
    at group
    at SingleRabbitMesh (E:\project\Anima-Engine\playground\RabbitVisualizer.tsx:93:29)
    at div
    at Canvas (E:\project\Anima-Engine\tests\frontend\landscape_showcase.test.tsx:4:16)
    at div
    at div
    at div
    at RabbitVisualizer (E:\project\Anima-Engine\playground\RabbitVisualizer.tsx:800:55)
    at Suspense
    at div
    at div
    at App (E:\project\Anima-Engine\src\App.tsx:81:53)
Warning: <meshStandardMaterial /> is using incorrect casing. Use PascalCase for React components, or lowercase for HTML elements.
    at meshStandardMaterial
    at mesh
    at mesh
    at group
    at SingleRabbitMesh (E:\project\Anima-Engine\playground\RabbitVisualizer.tsx:93:29)
    at div
    at Canvas (E:\project\Anima-Engine\tests\frontend\landscape_showcase.test.tsx:4:16)
    at div
    at div
    at div
    at RabbitVisualizer (E:\project\Anima-Engine\playground\RabbitVisualizer.tsx:800:55)
    at Suspense
    at div
    at div
    at App (E:\project\Anima-Engine\src\App.tsx:81:53)
Warning: <lineBasicMaterial /> is using incorrect casing. Use PascalCase for React components, or lowercase for HTML elements.
    at lineBasicMaterial
    at lineSegments
    at mesh
    at mesh
    at group
    at SingleRabbitMesh (E:\project\Anima-Engine\playground\RabbitVisualizer.tsx:93:29)
    at div
    at Canvas (E:\project\Anima-Engine\tests\frontend\landscape_showcase.test.tsx:4:16)
    at div
    at div
    at div
    at RabbitVisualizer (E:\project\Anima-Engine\playground\RabbitVisualizer.tsx:800:55)
    at Suspense
    at div
    at div
    at App (E:\project\Anima-Engine\src\App.tsx:81:53)
Warning: <lineSegments /> is using incorrect casing. Use PascalCase for React components, or lowercase for HTML elements.
    at lineSegments
    at mesh
    at mesh
    at group
    at SingleRabbitMesh (E:\project\Anima-Engine\playground\RabbitVisualizer.tsx:93:29)
    at div
    at Canvas (E:\project\Anima-Engine\tests\frontend\landscape_showcase.test.tsx:4:16)
    at div
    at div
    at div
    at RabbitVisualizer (E:\project\Anima-Engine\playground\RabbitVisualizer.tsx:800:55)
    at Suspense
    at div
    at div
    at App (E:\project\Anima-Engine\src\App.tsx:81:53)
Warning: <meshStandardMaterial /> is using incorrect casing. Use PascalCase for React components, or lowercase for HTML elements.
    at meshStandardMaterial
    at mesh
    at group
    at SingleRabbitMesh (E:\project\Anima-Engine\playground\RabbitVisualizer.tsx:93:29)
    at div
    at Canvas (E:\project\Anima-Engine\tests\frontend\landscape_showcase.test.tsx:4:16)
    at div
    at div
    at div
    at RabbitVisualizer (E:\project\Anima-Engine\playground\RabbitVisualizer.tsx:800:55)
    at Suspense
    at div
    at div
    at App (E:\project\Anima-Engine\src\App.tsx:81:53)
Warning: <lineBasicMaterial /> is using incorrect casing. Use PascalCase for React components, or lowercase for HTML elements.
    at lineBasicMaterial
    at lineSegments
    at mesh
    at group
    at SingleRabbitMesh (E:\project\Anima-Engine\playground\RabbitVisualizer.tsx:93:29)
    at div
    at Canvas (E:\project\Anima-Engine\tests\frontend\landscape_showcase.test.tsx:4:16)
    at div
    at div
    at div
    at RabbitVisualizer (E:\project\Anima-Engine\playground\RabbitVisualizer.tsx:800:55)
    at Suspense
    at div
    at div
    at App (E:\project\Anima-Engine\src\App.tsx:81:53)
Warning: <lineSegments /> is using incorrect casing. Use PascalCase for React components, or lowercase for HTML elements.
    at lineSegments
    at mesh
    at group
    at SingleRabbitMesh (E:\project\Anima-Engine\playground\RabbitVisualizer.tsx:93:29)
    at div
    at Canvas (E:\project\Anima-Engine\tests\frontend\landscape_showcase.test.tsx:4:16)
    at div
    at div
    at div
    at RabbitVisualizer (E:\project\Anima-Engine\playground\RabbitVisualizer.tsx:800:55)
    at Suspense
    at div
    at div
    at App (E:\project\Anima-Engine\src\App.tsx:81:53)

[90mstderr[2m | frontend/landscape_showcase.test.tsx[2m > [22m[2mLandscape Showcase Test Suite (93 Tests)[2m > [22m[2mTier 2: Boundary & Corner Cases (40 tests)[2m > [22m[2mF8: Integration boundaries[2m > [22m[2mF8.3: rapid resizes[22m[39m
Warning: <sphereGeometry /> is using incorrect casing. Use PascalCase for React components, or lowercase for HTML elements.
    at sphereGeometry
    at mesh
    at group
    at Sky (E:\project\Anima-Engine\src\components\Landscape\Sky.tsx:50:16)
    at div
    at Canvas (E:\project\Anima-Engine\tests\frontend\landscape_showcase.test.tsx:4:16)
    at div
    at LandscapeShowcase (E:\project\Anima-Engine\src\components\Landscape\LandscapeShowcase.tsx:28:55)
Warning: <meshBasicMaterial /> is using incorrect casing. Use PascalCase for React components, or lowercase for HTML elements.
    at meshBasicMaterial
    at mesh
    at group
    at Sky (E:\project\Anima-Engine\src\components\Landscape\Sky.tsx:50:16)
    at div
    at Canvas (E:\project\Anima-Engine\tests\frontend\landscape_showcase.test.tsx:4:16)
    at div
    at LandscapeShowcase (E:\project\Anima-Engine\src\components\Landscape\LandscapeShowcase.tsx:28:55)
Warning: <directionalLight /> is using incorrect casing. Use PascalCase for React components, or lowercase for HTML elements.
    at directionalLight
    at group
    at Sky (E:\project\Anima-Engine\src\components\Landscape\Sky.tsx:50:16)
    at div
    at Canvas (E:\project\Anima-Engine\tests\frontend\landscape_showcase.test.tsx:4:16)
    at div
    at LandscapeShowcase (E:\project\Anima-Engine\src\components\Landscape\LandscapeShowcase.tsx:28:55)
Warning: <hemisphereLight /> is using incorrect casing. Use PascalCase for React components, or lowercase for HTML elements.
    at hemisphereLight
    at group
    at Sky (E:\project\Anima-Engine\src\components\Landscape\Sky.tsx:50:16)
    at div
    at Canvas (E:\project\Anima-Engine\tests\frontend\landscape_showcase.test.tsx:4:16)
    at div
    at LandscapeShowcase (E:\project\Anima-Engine\src\components\Landscape\LandscapeShowcase.tsx:28:55)
Warning: <ambientLight /> is using incorrect casing. Use PascalCase for React components, or lowercase for HTML elements.
    at ambientLight
    at group
    at Sky (E:\project\Anima-Engine\src\components\Landscape\Sky.tsx:50:16)
    at div
    at Canvas (E:\project\Anima-Engine\tests\frontend\landscape_showcase.test.tsx:4:16)
    at div
    at LandscapeShowcase (E:\project\Anima-Engine\src\components\Landscape\LandscapeShowcase.tsx:28:55)
Warning: <boxGeometry /> is using incorrect casing. Use PascalCase for React components, or lowercase for HTML elements.
    at boxGeometry
    at mesh
    at group
    at group
    at group
    at Sky (E:\project\Anima-Engine\src\components\Landscape\Sky.tsx:50:16)
    at div
    at Canvas (E:\project\Anima-Engine\tests\frontend\landscape_showcase.test.tsx:4:16)
    at div
    at LandscapeShowcase (E:\project\Anima-Engine\src\components\Landscape\LandscapeShowcase.tsx:28:55)
Warning: <meshStandardMaterial /> is using incorrect casing. Use PascalCase for React components, or lowercase for HTML elements.
    at meshStandardMaterial
    at mesh
    at group
    at group
    at group
    at Sky (E:\project\Anima-Engine\src\components\Landscape\Sky.tsx:50:16)
    at div
    at Canvas (E:\project\Anima-Engine\tests\frontend\landscape_showcase.test.tsx:4:16)
    at div
    at LandscapeShowcase (E:\project\Anima-Engine\src\components\Landscape\LandscapeShowcase.tsx:28:55)
Warning: <boxGeometry /> is using incorrect casing. Use PascalCase for React components, or lowercase for HTML elements.
    at boxGeometry
    at mesh
    at group
    at group
    at group
    at Sky (E:\project\Anima-Engine\src\components\Landscape\Sky.tsx:50:16)
    at div
    at Canvas (E:\project\Anima-Engine\tests\frontend\landscape_showcase.test.tsx:4:16)
    at div
    at LandscapeShowcase (E:\project\Anima-Engine\src\components\Landscape\LandscapeShowcase.tsx:28:55)
Warning: <meshStandardMaterial /> is using incorrect casing. Use PascalCase for React components, or lowercase for HTML elements.
    at meshStandardMaterial
    at mesh
    at group
    at group
    at group
    at Sky (E:\project\Anima-Engine\src\components\Landscape\Sky.tsx:50:16)
    at div
    at Canvas (E:\project\Anima-Engine\tests\frontend\landscape_showcase.test.tsx:4:16)
    at div
    at LandscapeShowcase (E:\project\Anima-Engine\src\components\Landscape\LandscapeShowcase.tsx:28:55)
Warning: <boxGeometry /> is using incorrect casing. Use PascalCase for React components, or lowercase for HTML elements.
    at boxGeometry
    at mesh
    at group
    at group
    at group
    at Sky (E:\project\Anima-Engine\src\components\Landscape\Sky.tsx:50:16)
    at div
    at Canvas (E:\project\Anima-Engine\tests\frontend\landscape_showcase.test.tsx:4:16)
    at div
    at LandscapeShowcase (E:\project\Anima-Engine\src\components\Landscape\LandscapeShowcase.tsx:28:55)
Warning: <meshStandardMaterial /> is using incorrect casing. Use PascalCase for React components, or lowercase for HTML elements.
    at meshStandardMaterial
    at mesh
    at group
    at group
    at group
    at Sky (E:\project\Anima-Engine\src\components\Landscape\Sky.tsx:50:16)
    at div
    at Canvas (E:\project\Anima-Engine\tests\frontend\landscape_showcase.test.tsx:4:16)
    at div
    at LandscapeShowcase (E:\project\Anima-Engine\src\components\Landscape\LandscapeShowcase.tsx:28:55)
Warning: <boxGeometry /> is using incorrect casing. Use PascalCase for React components, or lowercase for HTML elements.
    at boxGeometry
    at mesh
    at group
    at group
    at group
    at Sky (E:\project\Anima-Engine\src\components\Landscape\Sky.tsx:50:16)
    at div
    at Canvas (E:\project\Anima-Engine\tests\frontend\landscape_showcase.test.tsx:4:16)
    at div
    at LandscapeShowcase (E:\project\Anima-Engine\src\components\Landscape\LandscapeShowcase.tsx:28:55)
Warning: <meshStandardMaterial /> is using incorrect casing. Use PascalCase for React components, or lowercase for HTML elements.
    at meshStandardMaterial
    at mesh
    at group
    at group
    at group
    at Sky (E:\project\Anima-Engine\src\components\Landscape\Sky.tsx:50:16)
    at div
    at Canvas (E:\project\Anima-Engine\tests\frontend\landscape_showcase.test.tsx:4:16)
    at div
    at LandscapeShowcase (E:\project\Anima-Engine\src\components\Landscape\LandscapeShowcase.tsx:28:55)
Warning: <boxGeometry /> is using incorrect casing. Use PascalCase for React components, or lowercase for HTML elements.
    at boxGeometry
    at mesh
    at group
    at group
    at group
    at Sky (E:\project\Anima-Engine\src\components\Landscape\Sky.tsx:50:16)
    at div
    at Canvas (E:\project\Anima-Engine\tests\frontend\landscape_showcase.test.tsx:4:16)
    at div
    at LandscapeShowcase (E:\project\Anima-Engine\src\components\Landscape\LandscapeShowcase.tsx:28:55)
Warning: <meshStandardMaterial /> is using incorrect casing. Use PascalCase for React components, or lowercase for HTML elements.
    at meshStandardMaterial
    at mesh
    at group
    at group
    at group
    at Sky (E:\project\Anima-Engine\src\components\Landscape\Sky.tsx:50:16)
    at div
    at Canvas (E:\project\Anima-Engine\tests\frontend\landscape_showcase.test.tsx:4:16)
    at div
    at LandscapeShowcase (E:\project\Anima-Engine\src\components\Landscape\LandscapeShowcase.tsx:28:55)
Warning: <boxGeometry /> is using incorrect casing. Use PascalCase for React components, or lowercase for HTML elements.
    at boxGeometry
    at mesh
    at group
    at group
    at group
    at Sky (E:\project\Anima-Engine\src\components\Landscape\Sky.tsx:50:16)
    at div
    at Canvas (E:\project\Anima-Engine\tests\frontend\landscape_showcase.test.tsx:4:16)
    at div
    at LandscapeShowcase (E:\project\Anima-Engine\src\components\Landscape\LandscapeShowcase.tsx:28:55)
Warning: <meshStandardMaterial /> is using incorrect casing. Use PascalCase for React components, or lowercase for HTML elements.
    at meshStandardMaterial
    at mesh
    at group
    at group
    at group
    at Sky (E:\project\Anima-Engine\src\components\Landscape\Sky.tsx:50:16)
    at div
    at Canvas (E:\project\Anima-Engine\tests\frontend\landscape_showcase.test.tsx:4:16)
    at div
    at LandscapeShowcase (E:\project\Anima-Engine\src\components\Landscape\LandscapeShowcase.tsx:28:55)
Warning: <boxGeometry /> is using incorrect casing. Use PascalCase for React components, or lowercase for HTML elements.
    at boxGeometry
    at mesh
    at group
    at group
    at group
    at Sky (E:\project\Anima-Engine\src\components\Landscape\Sky.tsx:50:16)
    at div
    at Canvas (E:\project\Anima-Engine\tests\frontend\landscape_showcase.test.tsx:4:16)
    at div
    at LandscapeShowcase (E:\project\Anima-Engine\src\components\Landscape\LandscapeShowcase.tsx:28:55)
Warning: <meshStandardMaterial /> is using incorrect casing. Use PascalCase for React components, or lowercase for HTML elements.
    at meshStandardMaterial
    at mesh
    at group
    at group
    at group
    at Sky (E:\project\Anima-Engine\src\components\Landscape\Sky.tsx:50:16)
    at div
    at Canvas (E:\project\Anima-Engine\tests\frontend\landscape_showcase.test.tsx:4:16)
    at div
    at LandscapeShowcase (E:\project\Anima-Engine\src\components\Landscape\LandscapeShowcase.tsx:28:55)
Warning: <boxGeometry /> is using incorrect casing. Use PascalCase for React components, or lowercase for HTML elements.
    at boxGeometry
    at mesh
    at group
    at group
    at group
    at Sky (E:\project\Anima-Engine\src\components\Landscape\Sky.tsx:50:16)
    at div
    at Canvas (E:\project\Anima-Engine\tests\frontend\landscape_showcase.test.tsx:4:16)
    at div
    at LandscapeShowcase (E:\project\Anima-Engine\src\components\Landscape\LandscapeShowcase.tsx:28:55)
Warning: <meshStandardMaterial /> is using incorrect casing. Use PascalCase for React components, or lowercase for HTML elements.
    at meshStandardMaterial
    at mesh
    at group
    at group
    at group
    at Sky (E:\project\Anima-Engine\src\components\Landscape\Sky.tsx:50:16)
    at div
    at Canvas (E:\project\Anima-Engine\tests\frontend\landscape_showcase.test.tsx:4:16)
    at div
    at LandscapeShowcase (E:\project\Anima-Engine\src\components\Landscape\LandscapeShowcase.tsx:28:55)
Warning: <boxGeometry /> is using incorrect casing. Use PascalCase for React components, or lowercase for HTML elements.
    at boxGeometry
    at mesh
    at group
    at group
    at group
    at Sky (E:\project\Anima-Engine\src\components\Landscape\Sky.tsx:50:16)
    at div
    at Canvas (E:\project\Anima-Engine\tests\frontend\landscape_showcase.test.tsx:4:16)
    at div
    at LandscapeShowcase (E:\project\Anima-Engine\src\components\Landscape\LandscapeShowcase.tsx:28:55)
Warning: <meshStandardMaterial /> is using incorrect casing. Use PascalCase for React components, or lowercase for HTML elements.
    at meshStandardMaterial
    at mesh
    at group
    at group
    at group
    at Sky (E:\project\Anima-Engine\src\components\Landscape\Sky.tsx:50:16)
    at div
    at Canvas (E:\project\Anima-Engine\tests\frontend\landscape_showcase.test.tsx:4:16)
    at div
    at LandscapeShowcase (E:\project\Anima-Engine\src\components\Landscape\LandscapeShowcase.tsx:28:55)
Warning: <boxGeometry /> is using incorrect casing. Use PascalCase for React components, or lowercase for HTML elements.
    at boxGeometry
    at mesh
    at group
    at group
    at group
    at Sky (E:\project\Anima-Engine\src\components\Landscape\Sky.tsx:50:16)
    at div
    at Canvas (E:\project\Anima-Engine\tests\frontend\landscape_showcase.test.tsx:4:16)
    at div
    at LandscapeShowcase (E:\project\Anima-Engine\src\components\Landscape\LandscapeShowcase.tsx:28:55)
Warning: <meshStandardMaterial /> is using incorrect casing. Use PascalCase for React components, or lowercase for HTML elements.
    at meshStandardMaterial
    at mesh
    at group
    at group
    at group
    at Sky (E:\project\Anima-Engine\src\components\Landscape\Sky.tsx:50:16)
    at div
    at Canvas (E:\project\Anima-Engine\tests\frontend\landscape_showcase.test.tsx:4:16)
    at div
    at LandscapeShowcase (E:\project\Anima-Engine\src\components\Landscape\LandscapeShowcase.tsx:28:55)
Warning: <boxGeometry /> is using incorrect casing. Use PascalCase for React components, or lowercase for HTML elements.
    at boxGeometry
    at mesh
    at group
    at group
    at group
    at Sky (E:\project\Anima-Engine\src\components\Landscape\Sky.tsx:50:16)
    at div
    at Canvas (E:\project\Anima-Engine\tests\frontend\landscape_showcase.test.tsx:4:16)
    at div
    at LandscapeShowcase (E:\project\Anima-Engine\src\components\Landscape\LandscapeShowcase.tsx:28:55)
Warning: <meshStandardMaterial /> is using incorrect casing. Use PascalCase for React components, or lowercase for HTML elements.
    at meshStandardMaterial
    at mesh
    at group
    at group
    at group
    at Sky (E:\project\Anima-Engine\src\components\Landscape\Sky.tsx:50:16)
    at div
    at Canvas (E:\project\Anima-Engine\tests\frontend\landscape_showcase.test.tsx:4:16)
    at div
    at LandscapeShowcase (E:\project\Anima-Engine\src\components\Landscape\LandscapeShowcase.tsx:28:55)
Warning: <boxGeometry /> is using incorrect casing. Use PascalCase for React components, or lowercase for HTML elements.
    at boxGeometry
    at mesh
    at group
    at group
    at group
    at Sky (E:\project\Anima-Engine\src\components\Landscape\Sky.tsx:50:16)
    at div
    at Canvas (E:\project\Anima-Engine\tests\frontend\landscape_showcase.test.tsx:4:16)
    at div
    at LandscapeShowcase (E:\project\Anima-Engine\src\components\Landscape\LandscapeShowcase.tsx:28:55)
Warning: <meshStandardMaterial /> is using incorrect casing. Use PascalCase for React components, or lowercase for HTML elements.
    at meshStandardMaterial
    at mesh
    at group
    at group
    at group
    at Sky (E:\project\Anima-Engine\src\components\Landscape\Sky.tsx:50:16)
    at div
    at Canvas (E:\project\Anima-Engine\tests\frontend\landscape_showcase.test.tsx:4:16)
    at div
    at LandscapeShowcase (E:\project\Anima-Engine\src\components\Landscape\LandscapeShowcase.tsx:28:55)
Warning: <boxGeometry /> is using incorrect casing. Use PascalCase for React components, or lowercase for HTML elements.
    at boxGeometry
    at mesh
    at group
    at group
    at group
    at Sky (E:\project\Anima-Engine\src\components\Landscape\Sky.tsx:50:16)
    at div
    at Canvas (E:\project\Anima-Engine\tests\frontend\landscape_showcase.test.tsx:4:16)
    at div
    at LandscapeShowcase (E:\project\Anima-Engine\src\components\Landscape\LandscapeShowcase.tsx:28:55)
Warning: <meshStandardMaterial /> is using incorrect casing. Use PascalCase for React components, or lowercase for HTML elements.
    at meshStandardMaterial
    at mesh
    at group
    at group
    at group
    at Sky (E:\project\Anima-Engine\src\components\Landscape\Sky.tsx:50:16)
    at div
    at Canvas (E:\project\Anima-Engine\tests\frontend\landscape_showcase.test.tsx:4:16)
    at div
    at LandscapeShowcase (E:\project\Anima-Engine\src\components\Landscape\LandscapeShowcase.tsx:28:55)
Warning: <boxGeometry /> is using incorrect casing. Use PascalCase for React components, or lowercase for HTML elements.
    at boxGeometry
    at mesh
    at group
    at group
    at group
    at Sky (E:\project\Anima-Engine\src\components\Landscape\Sky.tsx:50:16)
    at div
    at Canvas (E:\project\Anima-Engine\tests\frontend\landscape_showcase.test.tsx:4:16)
    at div
    at LandscapeShowcase (E:\project\Anima-Engine\src\components\Landscape\LandscapeShowcase.tsx:28:55)
Warning: <meshStandardMaterial /> is using incorrect casing. Use PascalCase for React components, or lowercase for HTML elements.
    at meshStandardMaterial
    at mesh
    at group
    at group
    at group
    at Sky (E:\project\Anima-Engine\src\components\Landscape\Sky.tsx:50:16)
    at div
    at Canvas (E:\project\Anima-Engine\tests\frontend\landscape_showcase.test.tsx:4:16)
    at div
    at LandscapeShowcase (E:\project\Anima-Engine\src\components\Landscape\LandscapeShowcase.tsx:28:55)
Warning: <boxGeometry /> is using incorrect casing. Use PascalCase for React components, or lowercase for HTML elements.
    at boxGeometry
    at mesh
    at group
    at group
    at group
    at Sky (E:\project\Anima-Engine\src\components\Landscape\Sky.tsx:50:16)
    at div
    at Canvas (E:\project\Anima-Engine\tests\frontend\landscape_showcase.test.tsx:4:16)
    at div
    at LandscapeShowcase (E:\project\Anima-Engine\src\components\Landscape\LandscapeShowcase.tsx:28:55)
Warning: <meshStandardMaterial /> is using incorrect casing. Use PascalCase for React components, or lowercase for HTML elements.
    at meshStandardMaterial
    at mesh
    at group
    at group
    at group
    at Sky (E:\project\Anima-Engine\src\components\Landscape\Sky.tsx:50:16)
    at div
    at Canvas (E:\project\Anima-Engine\tests\frontend\landscape_showcase.test.tsx:4:16)
    at div
    at LandscapeShowcase (E:\project\Anima-Engine\src\components\Landscape\LandscapeShowcase.tsx:28:55)
Warning: <boxGeometry /> is using incorrect casing. Use PascalCase for React components, or lowercase for HTML elements.
    at boxGeometry
    at mesh
    at group
    at group
    at group
    at Sky (E:\project\Anima-Engine\src\components\Landscape\Sky.tsx:50:16)
    at div
    at Canvas (E:\project\Anima-Engine\tests\frontend\landscape_showcase.test.tsx:4:16)
    at div
    at LandscapeShowcase (E:\project\Anima-Engine\src\components\Landscape\LandscapeShowcase.tsx:28:55)
Warning: <meshStandardMaterial /> is using incorrect casing. Use PascalCase for React components, or lowercase for HTML elements.
    at meshStandardMaterial
    at mesh
    at group
    at group
    at group
    at Sky (E:\project\Anima-Engine\src\components\Landscape\Sky.tsx:50:16)
    at div
    at Canvas (E:\project\Anima-Engine\tests\frontend\landscape_showcase.test.tsx:4:16)
    at div
    at LandscapeShowcase (E:\project\Anima-Engine\src\components\Landscape\LandscapeShowcase.tsx:28:55)
Warning: <boxGeometry /> is using incorrect casing. Use PascalCase for React components, or lowercase for HTML elements.
    at boxGeometry
    at mesh
    at group
    at group
    at group
    at Sky (E:\project\Anima-Engine\src\components\Landscape\Sky.tsx:50:16)
    at div
    at Canvas (E:\project\Anima-Engine\tests\frontend\landscape_showcase.test.tsx:4:16)
    at div
    at LandscapeShowcase (E:\project\Anima-Engine\src\components\Landscape\LandscapeShowcase.tsx:28:55)
Warning: <meshStandardMaterial /> is using incorrect casing. Use PascalCase for React components, or lowercase for HTML elements.
    at meshStandardMaterial
    at mesh
    at group
    at group
    at group
    at Sky (E:\project\Anima-Engine\src\components\Landscape\Sky.tsx:50:16)
    at div
    at Canvas (E:\project\Anima-Engine\tests\frontend\landscape_showcase.test.tsx:4:16)
    at div
    at LandscapeShowcase (E:\project\Anima-Engine\src\components\Landscape\LandscapeShowcase.tsx:28:55)
Warning: <boxGeometry /> is using incorrect casing. Use PascalCase for React components, or lowercase for HTML elements.
    at boxGeometry
    at mesh
    at group
    at group
    at group
    at Sky (E:\project\Anima-Engine\src\components\Landscape\Sky.tsx:50:16)
    at div
    at Canvas (E:\project\Anima-Engine\tests\frontend\landscape_showcase.test.tsx:4:16)
    at div
    at LandscapeShowcase (E:\project\Anima-Engine\src\components\Landscape\LandscapeShowcase.tsx:28:55)
Warning: <meshStandardMaterial /> is using incorrect casing. Use PascalCase for React components, or lowercase for HTML elements.
    at meshStandardMaterial
    at mesh
    at group
    at group
    at group
    at Sky (E:\project\Anima-Engine\src\components\Landscape\Sky.tsx:50:16)
    at div
    at Canvas (E:\project\Anima-Engine\tests\frontend\landscape_showcase.test.tsx:4:16)
    at div
    at LandscapeShowcase (E:\project\Anima-Engine\src\components\Landscape\LandscapeShowcase.tsx:28:55)
Warning: <bufferGeometry /> is using incorrect casing. Use PascalCase for React components, or lowercase for HTML elements.
    at bufferGeometry
    at mesh
    at lod
    at Terrain (E:\project\Anima-Engine\src\components\Landscape\Terrain.tsx:26:20)
    at div
    at Canvas (E:\project\Anima-Engine\tests\frontend\landscape_showcase.test.tsx:4:16)
    at div
    at LandscapeShowcase (E:\project\Anima-Engine\src\components\Landscape\LandscapeShowcase.tsx:28:55)
Warning: <meshStandardMaterial /> is using incorrect casing. Use PascalCase for React components, or lowercase for HTML elements.
    at meshStandardMaterial
    at mesh
    at lod
    at Terrain (E:\project\Anima-Engine\src\components\Landscape\Terrain.tsx:26:20)
    at div
    at Canvas (E:\project\Anima-Engine\tests\frontend\landscape_showcase.test.tsx:4:16)
    at div
    at LandscapeShowcase (E:\project\Anima-Engine\src\components\Landscape\LandscapeShowcase.tsx:28:55)
Warning: <bufferGeometry /> is using incorrect casing. Use PascalCase for React components, or lowercase for HTML elements.
    at bufferGeometry
    at mesh
    at lod
    at Terrain (E:\project\Anima-Engine\src\components\Landscape\Terrain.tsx:26:20)
    at div
    at Canvas (E:\project\Anima-Engine\tests\frontend\landscape_showcase.test.tsx:4:16)
    at div
    at LandscapeShowcase (E:\project\Anima-Engine\src\components\Landscape\LandscapeShowcase.tsx:28:55)
Warning: <meshStandardMaterial /> is using incorrect casing. Use PascalCase for React components, or lowercase for HTML elements.
    at meshStandardMaterial
    at mesh
    at lod
    at Terrain (E:\project\Anima-Engine\src\components\Landscape\Terrain.tsx:26:20)
    at div
    at Canvas (E:\project\Anima-Engine\tests\frontend\landscape_showcase.test.tsx:4:16)
    at div
    at LandscapeShowcase (E:\project\Anima-Engine\src\components\Landscape\LandscapeShowcase.tsx:28:55)
Warning: <bufferGeometry /> is using incorrect casing. Use PascalCase for React components, or lowercase for HTML elements.
    at bufferGeometry
    at mesh
    at lod
    at Terrain (E:\project\Anima-Engine\src\components\Landscape\Terrain.tsx:26:20)
    at div
    at Canvas (E:\project\Anima-Engine\tests\frontend\landscape_showcase.test.tsx:4:16)
    at div
    at LandscapeShowcase (E:\project\Anima-Engine\src\components\Landscape\LandscapeShowcase.tsx:28:55)
Warning: <meshStandardMaterial /> is using incorrect casing. Use PascalCase for React components, or lowercase for HTML elements.
    at meshStandardMaterial
    at mesh
    at lod
    at Terrain (E:\project\Anima-Engine\src\components\Landscape\Terrain.tsx:26:20)
    at div
    at Canvas (E:\project\Anima-Engine\tests\frontend\landscape_showcase.test.tsx:4:16)
    at div
    at LandscapeShowcase (E:\project\Anima-Engine\src\components\Landscape\LandscapeShowcase.tsx:28:55)
Warning: <shaderMaterial /> is using incorrect casing. Use PascalCase for React components, or lowercase for HTML elements.
    at shaderMaterial
    at mesh
    at group
    at Water (E:\project\Anima-Engine\src\components\Landscape\Water.tsx:87:3)
    at div
    at Canvas (E:\project\Anima-Engine\tests\frontend\landscape_showcase.test.tsx:4:16)
    at div
    at LandscapeShowcase (E:\project\Anima-Engine\src\components\Landscape\LandscapeShowcase.tsx:28:55)
Warning: <bufferAttribute /> is using incorrect casing. Use PascalCase for React components, or lowercase for HTML elements.
    at bufferAttribute
    at bufferGeometry
    at points
    at group
    at Water (E:\project\Anima-Engine\src\components\Landscape\Water.tsx:87:3)
    at div
    at Canvas (E:\project\Anima-Engine\tests\frontend\landscape_showcase.test.tsx:4:16)
    at div
    at LandscapeShowcase (E:\project\Anima-Engine\src\components\Landscape\LandscapeShowcase.tsx:28:55)
Warning: <bufferGeometry /> is using incorrect casing. Use PascalCase for React components, or lowercase for HTML elements.
    at bufferGeometry
    at points
    at group
    at Water (E:\project\Anima-Engine\src\components\Landscape\Water.tsx:87:3)
    at div
    at Canvas (E:\project\Anima-Engine\tests\frontend\landscape_showcase.test.tsx:4:16)
    at div
    at LandscapeShowcase (E:\project\Anima-Engine\src\components\Landscape\LandscapeShowcase.tsx:28:55)
Warning: <pointsMaterial /> is using incorrect casing. Use PascalCase for React components, or lowercase for HTML elements.
    at pointsMaterial
    at points
    at group
    at Water (E:\project\Anima-Engine\src\components\Landscape\Water.tsx:87:3)
    at div
    at Canvas (E:\project\Anima-Engine\tests\frontend\landscape_showcase.test.tsx:4:16)
    at div
    at LandscapeShowcase (E:\project\Anima-Engine\src\components\Landscape\LandscapeShowcase.tsx:28:55)
Warning: <instancedMesh /> is using incorrect casing. Use PascalCase for React components, or lowercase for HTML elements.
    at instancedMesh
    at group
    at Vegetation (E:\project\Anima-Engine\src\components\Landscape\Vegetation.tsx:58:3)
    at div
    at Canvas (E:\project\Anima-Engine\tests\frontend\landscape_showcase.test.tsx:4:16)
    at div
    at LandscapeShowcase (E:\project\Anima-Engine\src\components\Landscape\LandscapeShowcase.tsx:28:55)
Warning: <instancedMesh /> is using incorrect casing. Use PascalCase for React components, or lowercase for HTML elements.
    at instancedMesh
    at group
    at Vegetation (E:\project\Anima-Engine\src\components\Landscape\Vegetation.tsx:58:3)
    at div
    at Canvas (E:\project\Anima-Engine\tests\frontend\landscape_showcase.test.tsx:4:16)
    at div
    at LandscapeShowcase (E:\project\Anima-Engine\src\components\Landscape\LandscapeShowcase.tsx:28:55)
Warning: <instancedMesh /> is using incorrect casing. Use PascalCase for React components, or lowercase for HTML elements.
    at instancedMesh
    at group
    at Vegetation (E:\project\Anima-Engine\src\components\Landscape\Vegetation.tsx:58:3)
    at div
    at Canvas (E:\project\Anima-Engine\tests\frontend\landscape_showcase.test.tsx:4:16)
    at div
    at LandscapeShowcase (E:\project\Anima-Engine\src\components\Landscape\LandscapeShowcase.tsx:28:55)
Warning: <instancedMesh /> is using incorrect casing. Use PascalCase for React components, or lowercase for HTML elements.
    at instancedMesh
    at group
    at Vegetation (E:\project\Anima-Engine\src\components\Landscape\Vegetation.tsx:58:3)
    at div
    at Canvas (E:\project\Anima-Engine\tests\frontend\landscape_showcase.test.tsx:4:16)
    at div
    at LandscapeShowcase (E:\project\Anima-Engine\src\components\Landscape\LandscapeShowcase.tsx:28:55)
Warning: <instancedMesh /> is using incorrect casing. Use PascalCase for React components, or lowercase for HTML elements.
    at instancedMesh
    at group
    at Vegetation (E:\project\Anima-Engine\src\components\Landscape\Vegetation.tsx:58:3)
    at div
    at Canvas (E:\project\Anima-Engine\tests\frontend\landscape_showcase.test.tsx:4:16)
    at div
    at LandscapeShowcase (E:\project\Anima-Engine\src\components\Landscape\LandscapeShowcase.tsx:28:55)
Warning: <fogExp2 /> is using incorrect casing. Use PascalCase for React components, or lowercase for HTML elements.
    at fogExp2
    at group
    at Weather (E:\project\Anima-Engine\src\components\Landscape\Weather.tsx:10:3)
    at div
    at Canvas (E:\project\Anima-Engine\tests\frontend\landscape_showcase.test.tsx:4:16)
    at div
    at LandscapeShowcase (E:\project\Anima-Engine\src\components\Landscape\LandscapeShowcase.tsx:28:55)
Warning: <sphereGeometry /> is using incorrect casing. Use PascalCase for React components, or lowercase for HTML elements.
    at sphereGeometry
    at mesh
    at group
    at PositionalAudio (E:\project\Anima-Engine\src\components\Landscape\PositionalAudio.tsx:10:3)
    at div
    at Canvas (E:\project\Anima-Engine\tests\frontend\landscape_showcase.test.tsx:4:16)
    at div
    at LandscapeShowcase (E:\project\Anima-Engine\src\components\Landscape\LandscapeShowcase.tsx:28:55)
Warning: <meshBasicMaterial /> is using incorrect casing. Use PascalCase for React components, or lowercase for HTML elements.
    at meshBasicMaterial
    at mesh
    at group
    at PositionalAudio (E:\project\Anima-Engine\src\components\Landscape\PositionalAudio.tsx:10:3)
    at div
    at Canvas (E:\project\Anima-Engine\tests\frontend\landscape_showcase.test.tsx:4:16)
    at div
    at LandscapeShowcase (E:\project\Anima-Engine\src\components\Landscape\LandscapeShowcase.tsx:28:55)
Warning: <sphereGeometry /> is using incorrect casing. Use PascalCase for React components, or lowercase for HTML elements.
    at sphereGeometry
    at mesh
    at group
    at PositionalAudio (E:\project\Anima-Engine\src\components\Landscape\PositionalAudio.tsx:10:3)
    at div
    at Canvas (E:\project\Anima-Engine\tests\frontend\landscape_showcase.test.tsx:4:16)
    at div
    at LandscapeShowcase (E:\project\Anima-Engine\src\components\Landscape\LandscapeShowcase.tsx:28:55)
Warning: <meshBasicMaterial /> is using incorrect casing. Use PascalCase for React components, or lowercase for HTML elements.
    at meshBasicMaterial
    at mesh
    at group
    at PositionalAudio (E:\project\Anima-Engine\src\components\Landscape\PositionalAudio.tsx:10:3)
    at div
    at Canvas (E:\project\Anima-Engine\tests\frontend\landscape_showcase.test.tsx:4:16)
    at div
    at LandscapeShowcase (E:\project\Anima-Engine\src\components\Landscape\LandscapeShowcase.tsx:28:55)
Warning: <orbitControls /> is using incorrect casing. Use PascalCase for React components, or lowercase for HTML elements.
    at orbitControls
    at CameraControls (E:\project\Anima-Engine\src\components\Landscape\CameraControls.tsx:15:3)
    at div
    at Canvas (E:\project\Anima-Engine\tests\frontend\landscape_showcase.test.tsx:4:16)
    at div
    at LandscapeShowcase (E:\project\Anima-Engine\src\components\Landscape\LandscapeShowcase.tsx:28:55)
Warning: <object3D /> is using incorrect casing. Use PascalCase for React components, or lowercase for HTML elements.
    at object3D
    at CameraControls (E:\project\Anima-Engine\src\components\Landscape\CameraControls.tsx:15:3)
    at div
    at Canvas (E:\project\Anima-Engine\tests\frontend\landscape_showcase.test.tsx:4:16)
    at div
    at LandscapeShowcase (E:\project\Anima-Engine\src\components\Landscape\LandscapeShowcase.tsx:28:55)

[90mstderr[2m | frontend/landscape_showcase.test.tsx[2m > [22m[2mLandscape Showcase Test Suite (93 Tests)[2m > [22m[2mTier 2: Boundary & Corner Cases (40 tests)[2m > [22m[2mF8: Integration boundaries[2m > [22m[2mF8.4: invalid text inputs[22m[39m
Warning: <sphereGeometry /> is using incorrect casing. Use PascalCase for React components, or lowercase for HTML elements.
    at sphereGeometry
    at mesh
    at group
    at Sky (E:\project\Anima-Engine\src\components\Landscape\Sky.tsx:50:16)
    at div
    at Canvas (E:\project\Anima-Engine\tests\frontend\landscape_showcase.test.tsx:4:16)
    at div
    at LandscapeShowcase (E:\project\Anima-Engine\src\components\Landscape\LandscapeShowcase.tsx:28:55)
Warning: <meshBasicMaterial /> is using incorrect casing. Use PascalCase for React components, or lowercase for HTML elements.
    at meshBasicMaterial
    at mesh
    at group
    at Sky (E:\project\Anima-Engine\src\components\Landscape\Sky.tsx:50:16)
    at div
    at Canvas (E:\project\Anima-Engine\tests\frontend\landscape_showcase.test.tsx:4:16)
    at div
    at LandscapeShowcase (E:\project\Anima-Engine\src\components\Landscape\LandscapeShowcase.tsx:28:55)
Warning: <directionalLight /> is using incorrect casing. Use PascalCase for React components, or lowercase for HTML elements.
    at directionalLight
    at group
    at Sky (E:\project\Anima-Engine\src\components\Landscape\Sky.tsx:50:16)
    at div
    at Canvas (E:\project\Anima-Engine\tests\frontend\landscape_showcase.test.tsx:4:16)
    at div
    at LandscapeShowcase (E:\project\Anima-Engine\src\components\Landscape\LandscapeShowcase.tsx:28:55)
Warning: <hemisphereLight /> is using incorrect casing. Use PascalCase for React components, or lowercase for HTML elements.
    at hemisphereLight
    at group
    at Sky (E:\project\Anima-Engine\src\components\Landscape\Sky.tsx:50:16)
    at div
    at Canvas (E:\project\Anima-Engine\tests\frontend\landscape_showcase.test.tsx:4:16)
    at div
    at LandscapeShowcase (E:\project\Anima-Engine\src\components\Landscape\LandscapeShowcase.tsx:28:55)
Warning: <ambientLight /> is using incorrect casing. Use PascalCase for React components, or lowercase for HTML elements.
    at ambientLight
    at group
    at Sky (E:\project\Anima-Engine\src\components\Landscape\Sky.tsx:50:16)
    at div
    at Canvas (E:\project\Anima-Engine\tests\frontend\landscape_showcase.test.tsx:4:16)
    at div
    at LandscapeShowcase (E:\project\Anima-Engine\src\components\Landscape\LandscapeShowcase.tsx:28:55)
Warning: <boxGeometry /> is using incorrect casing. Use PascalCase for React components, or lowercase for HTML elements.
    at boxGeometry
    at mesh
    at group
    at group
    at group
    at Sky (E:\project\Anima-Engine\src\components\Landscape\Sky.tsx:50:16)
    at div
    at Canvas (E:\project\Anima-Engine\tests\frontend\landscape_showcase.test.tsx:4:16)
    at div
    at LandscapeShowcase (E:\project\Anima-Engine\src\components\Landscape\LandscapeShowcase.tsx:28:55)
Warning: <meshStandardMaterial /> is using incorrect casing. Use PascalCase for React components, or lowercase for HTML elements.
    at meshStandardMaterial
    at mesh
    at group
    at group
    at group
    at Sky (E:\project\Anima-Engine\src\components\Landscape\Sky.tsx:50:16)
    at div
    at Canvas (E:\project\Anima-Engine\tests\frontend\landscape_showcase.test.tsx:4:16)
    at div
    at LandscapeShowcase (E:\project\Anima-Engine\src\components\Landscape\LandscapeShowcase.tsx:28:55)
Warning: <boxGeometry /> is using incorrect casing. Use PascalCase for React components, or lowercase for HTML elements.
    at boxGeometry
    at mesh
    at group
    at group
    at group
    at Sky (E:\project\Anima-Engine\src\components\Landscape\Sky.tsx:50:16)
    at div
    at Canvas (E:\project\Anima-Engine\tests\frontend\landscape_showcase.test.tsx:4:16)
    at div
    at LandscapeShowcase (E:\project\Anima-Engine\src\components\Landscape\LandscapeShowcase.tsx:28:55)
Warning: <meshStandardMaterial /> is using incorrect casing. Use PascalCase for React components, or lowercase for HTML elements.
    at meshStandardMaterial
    at mesh
    at group
    at group
    at group
    at Sky (E:\project\Anima-Engine\src\components\Landscape\Sky.tsx:50:16)
    at div
    at Canvas (E:\project\Anima-Engine\tests\frontend\landscape_showcase.test.tsx:4:16)
    at div
    at LandscapeShowcase (E:\project\Anima-Engine\src\components\Landscape\LandscapeShowcase.tsx:28:55)
Warning: <boxGeometry /> is using incorrect casing. Use PascalCase for React components, or lowercase for HTML elements.
    at boxGeometry
    at mesh
    at group
    at group
    at group
    at Sky (E:\project\Anima-Engine\src\components\Landscape\Sky.tsx:50:16)
    at div
    at Canvas (E:\project\Anima-Engine\tests\frontend\landscape_showcase.test.tsx:4:16)
    at div
    at LandscapeShowcase (E:\project\Anima-Engine\src\components\Landscape\LandscapeShowcase.tsx:28:55)
Warning: <meshStandardMaterial /> is using incorrect casing. Use PascalCase for React components, or lowercase for HTML elements.
    at meshStandardMaterial
    at mesh
    at group
    at group
    at group
    at Sky (E:\project\Anima-Engine\src\components\Landscape\Sky.tsx:50:16)
    at div
    at Canvas (E:\project\Anima-Engine\tests\frontend\landscape_showcase.test.tsx:4:16)
    at div
    at LandscapeShowcase (E:\project\Anima-Engine\src\components\Landscape\LandscapeShowcase.tsx:28:55)
Warning: <boxGeometry /> is using incorrect casing. Use PascalCase for React components, or lowercase for HTML elements.
    at boxGeometry
    at mesh
    at group
    at group
    at group
    at Sky (E:\project\Anima-Engine\src\components\Landscape\Sky.tsx:50:16)
    at div
    at Canvas (E:\project\Anima-Engine\tests\frontend\landscape_showcase.test.tsx:4:16)
    at div
    at LandscapeShowcase (E:\project\Anima-Engine\src\components\Landscape\LandscapeShowcase.tsx:28:55)
Warning: <meshStandardMaterial /> is using incorrect casing. Use PascalCase for React components, or lowercase for HTML elements.
    at meshStandardMaterial
    at mesh
    at group
    at group
    at group
    at Sky (E:\project\Anima-Engine\src\components\Landscape\Sky.tsx:50:16)
    at div
    at Canvas (E:\project\Anima-Engine\tests\frontend\landscape_showcase.test.tsx:4:16)
    at div
    at LandscapeShowcase (E:\project\Anima-Engine\src\components\Landscape\LandscapeShowcase.tsx:28:55)
Warning: <boxGeometry /> is using incorrect casing. Use PascalCase for React components, or lowercase for HTML elements.
    at boxGeometry
    at mesh
    at group
    at group
    at group
    at Sky (E:\project\Anima-Engine\src\components\Landscape\Sky.tsx:50:16)
    at div
    at Canvas (E:\project\Anima-Engine\tests\frontend\landscape_showcase.test.tsx:4:16)
    at div
    at LandscapeShowcase (E:\project\Anima-Engine\src\components\Landscape\LandscapeShowcase.tsx:28:55)
Warning: <meshStandardMaterial /> is using incorrect casing. Use PascalCase for React components, or lowercase for HTML elements.
    at meshStandardMaterial
    at mesh
    at group
    at group
    at group
    at Sky (E:\project\Anima-Engine\src\components\Landscape\Sky.tsx:50:16)
    at div
    at Canvas (E:\project\Anima-Engine\tests\frontend\landscape_showcase.test.tsx:4:16)
    at div
    at LandscapeShowcase (E:\project\Anima-Engine\src\components\Landscape\LandscapeShowcase.tsx:28:55)
Warning: <boxGeometry /> is using incorrect casing. Use PascalCase for React components, or lowercase for HTML elements.
    at boxGeometry
    at mesh
    at group
    at group
    at group
    at Sky (E:\project\Anima-Engine\src\components\Landscape\Sky.tsx:50:16)
    at div
    at Canvas (E:\project\Anima-Engine\tests\frontend\landscape_showcase.test.tsx:4:16)
    at div
    at LandscapeShowcase (E:\project\Anima-Engine\src\components\Landscape\LandscapeShowcase.tsx:28:55)
Warning: <meshStandardMaterial /> is using incorrect casing. Use PascalCase for React components, or lowercase for HTML elements.
    at meshStandardMaterial
    at mesh
    at group
    at group
    at group
    at Sky (E:\project\Anima-Engine\src\components\Landscape\Sky.tsx:50:16)
    at div
    at Canvas (E:\project\Anima-Engine\tests\frontend\landscape_showcase.test.tsx:4:16)
    at div
    at LandscapeShowcase (E:\project\Anima-Engine\src\components\Landscape\LandscapeShowcase.tsx:28:55)
Warning: <boxGeometry /> is using incorrect casing. Use PascalCase for React components, or lowercase for HTML elements.
    at boxGeometry
    at mesh
    at group
    at group
    at group
    at Sky (E:\project\Anima-Engine\src\components\Landscape\Sky.tsx:50:16)
    at div
    at Canvas (E:\project\Anima-Engine\tests\frontend\landscape_showcase.test.tsx:4:16)
    at div
    at LandscapeShowcase (E:\project\Anima-Engine\src\components\Landscape\LandscapeShowcase.tsx:28:55)
Warning: <meshStandardMaterial /> is using incorrect casing. Use PascalCase for React components, or lowercase for HTML elements.
    at meshStandardMaterial
    at mesh
    at group
    at group
    at group
    at Sky (E:\project\Anima-Engine\src\components\Landscape\Sky.tsx:50:16)
    at div
    at Canvas (E:\project\Anima-Engine\tests\frontend\landscape_showcase.test.tsx:4:16)
    at div
    at LandscapeShowcase (E:\project\Anima-Engine\src\components\Landscape\LandscapeShowcase.tsx:28:55)
Warning: <boxGeometry /> is using incorrect casing. Use PascalCase for React components, or lowercase for HTML elements.
    at boxGeometry
    at mesh
    at group
    at group
    at group
    at Sky (E:\project\Anima-Engine\src\components\Landscape\Sky.tsx:50:16)
    at div
    at Canvas (E:\project\Anima-Engine\tests\frontend\landscape_showcase.test.tsx:4:16)
    at div
    at LandscapeShowcase (E:\project\Anima-Engine\src\components\Landscape\LandscapeShowcase.tsx:28:55)
Warning: <meshStandardMaterial /> is using incorrect casing. Use PascalCase for React components, or lowercase for HTML elements.
    at meshStandardMaterial
    at mesh
    at group
    at group
    at group
    at Sky (E:\project\Anima-Engine\src\components\Landscape\Sky.tsx:50:16)
    at div
    at Canvas (E:\project\Anima-Engine\tests\frontend\landscape_showcase.test.tsx:4:16)
    at div
    at LandscapeShowcase (E:\project\Anima-Engine\src\components\Landscape\LandscapeShowcase.tsx:28:55)
Warning: <boxGeometry /> is using incorrect casing. Use PascalCase for React components, or lowercase for HTML elements.
    at boxGeometry
    at mesh
    at group
    at group
    at group
    at Sky (E:\project\Anima-Engine\src\components\Landscape\Sky.tsx:50:16)
    at div
    at Canvas (E:\project\Anima-Engine\tests\frontend\landscape_showcase.test.tsx:4:16)
    at div
    at LandscapeShowcase (E:\project\Anima-Engine\src\components\Landscape\LandscapeShowcase.tsx:28:55)
Warning: <meshStandardMaterial /> is using incorrect casing. Use PascalCase for React components, or lowercase for HTML elements.
    at meshStandardMaterial
    at mesh
    at group
    at group
    at group
    at Sky (E:\project\Anima-Engine\src\components\Landscape\Sky.tsx:50:16)
    at div
    at Canvas (E:\project\Anima-Engine\tests\frontend\landscape_showcase.test.tsx:4:16)
    at div
    at LandscapeShowcase (E:\project\Anima-Engine\src\components\Landscape\LandscapeShowcase.tsx:28:55)
Warning: <boxGeometry /> is using incorrect casing. Use PascalCase for React components, or lowercase for HTML elements.
    at boxGeometry
    at mesh
    at group
    at group
    at group
    at Sky (E:\project\Anima-Engine\src\components\Landscape\Sky.tsx:50:16)
    at div
    at Canvas (E:\project\Anima-Engine\tests\frontend\landscape_showcase.test.tsx:4:16)
    at div
    at LandscapeShowcase (E:\project\Anima-Engine\src\components\Landscape\LandscapeShowcase.tsx:28:55)
Warning: <meshStandardMaterial /> is using incorrect casing. Use PascalCase for React components, or lowercase for HTML elements.
    at meshStandardMaterial
    at mesh
    at group
    at group
    at group
    at Sky (E:\project\Anima-Engine\src\components\Landscape\Sky.tsx:50:16)
    at div
    at Canvas (E:\project\Anima-Engine\tests\frontend\landscape_showcase.test.tsx:4:16)
    at div
    at LandscapeShowcase (E:\project\Anima-Engine\src\components\Landscape\LandscapeShowcase.tsx:28:55)
Warning: <boxGeometry /> is using incorrect casing. Use PascalCase for React components, or lowercase for HTML elements.
    at boxGeometry
    at mesh
    at group
    at group
    at group
    at Sky (E:\project\Anima-Engine\src\components\Landscape\Sky.tsx:50:16)
    at div
    at Canvas (E:\project\Anima-Engine\tests\frontend\landscape_showcase.test.tsx:4:16)
    at div
    at LandscapeShowcase (E:\project\Anima-Engine\src\components\Landscape\LandscapeShowcase.tsx:28:55)
Warning: <meshStandardMaterial /> is using incorrect casing. Use PascalCase for React components, or lowercase for HTML elements.
    at meshStandardMaterial
    at mesh
    at group
    at group
    at group
    at Sky (E:\project\Anima-Engine\src\components\Landscape\Sky.tsx:50:16)
    at div
    at Canvas (E:\project\Anima-Engine\tests\frontend\landscape_showcase.test.tsx:4:16)
    at div
    at LandscapeShowcase (E:\project\Anima-Engine\src\components\Landscape\LandscapeShowcase.tsx:28:55)
Warning: <boxGeometry /> is using incorrect casing. Use PascalCase for React components, or lowercase for HTML elements.
    at boxGeometry
    at mesh
    at group
    at group
    at group
    at Sky (E:\project\Anima-Engine\src\components\Landscape\Sky.tsx:50:16)
    at div
    at Canvas (E:\project\Anima-Engine\tests\frontend\landscape_showcase.test.tsx:4:16)
    at div
    at LandscapeShowcase (E:\project\Anima-Engine\src\components\Landscape\LandscapeShowcase.tsx:28:55)
Warning: <meshStandardMaterial /> is using incorrect casing. Use PascalCase for React components, or lowercase for HTML elements.
    at meshStandardMaterial
    at mesh
    at group
    at group
    at group
    at Sky (E:\project\Anima-Engine\src\components\Landscape\Sky.tsx:50:16)
    at div
    at Canvas (E:\project\Anima-Engine\tests\frontend\landscape_showcase.test.tsx:4:16)
    at div
    at LandscapeShowcase (E:\project\Anima-Engine\src\components\Landscape\LandscapeShowcase.tsx:28:55)
Warning: <boxGeometry /> is using incorrect casing. Use PascalCase for React components, or lowercase for HTML elements.
    at boxGeometry
    at mesh
    at group
    at group
    at group
    at Sky (E:\project\Anima-Engine\src\components\Landscape\Sky.tsx:50:16)
    at div
    at Canvas (E:\project\Anima-Engine\tests\frontend\landscape_showcase.test.tsx:4:16)
    at div
    at LandscapeShowcase (E:\project\Anima-Engine\src\components\Landscape\LandscapeShowcase.tsx:28:55)
Warning: <meshStandardMaterial /> is using incorrect casing. Use PascalCase for React components, or lowercase for HTML elements.
    at meshStandardMaterial
    at mesh
    at group
    at group
    at group
    at Sky (E:\project\Anima-Engine\src\components\Landscape\Sky.tsx:50:16)
    at div
    at Canvas (E:\project\Anima-Engine\tests\frontend\landscape_showcase.test.tsx:4:16)
    at div
    at LandscapeShowcase (E:\project\Anima-Engine\src\components\Landscape\LandscapeShowcase.tsx:28:55)
Warning: <boxGeometry /> is using incorrect casing. Use PascalCase for React components, or lowercase for HTML elements.
    at boxGeometry
    at mesh
    at group
    at group
    at group
    at Sky (E:\project\Anima-Engine\src\components\Landscape\Sky.tsx:50:16)
    at div
    at Canvas (E:\project\Anima-Engine\tests\frontend\landscape_showcase.test.tsx:4:16)
    at div
    at LandscapeShowcase (E:\project\Anima-Engine\src\components\Landscape\LandscapeShowcase.tsx:28:55)
Warning: <meshStandardMaterial /> is using incorrect casing. Use PascalCase for React components, or lowercase for HTML elements.
    at meshStandardMaterial
    at mesh
    at group
    at group
    at group
    at Sky (E:\project\Anima-Engine\src\components\Landscape\Sky.tsx:50:16)
    at div
    at Canvas (E:\project\Anima-Engine\tests\frontend\landscape_showcase.test.tsx:4:16)
    at div
    at LandscapeShowcase (E:\project\Anima-Engine\src\components\Landscape\LandscapeShowcase.tsx:28:55)
Warning: <boxGeometry /> is using incorrect casing. Use PascalCase for React components, or lowercase for HTML elements.
    at boxGeometry
    at mesh
    at group
    at group
    at group
    at Sky (E:\project\Anima-Engine\src\components\Landscape\Sky.tsx:50:16)
    at div
    at Canvas (E:\project\Anima-Engine\tests\frontend\landscape_showcase.test.tsx:4:16)
    at div
    at LandscapeShowcase (E:\project\Anima-Engine\src\components\Landscape\LandscapeShowcase.tsx:28:55)
Warning: <meshStandardMaterial /> is using incorrect casing. Use PascalCase for React components, or lowercase for HTML elements.
    at meshStandardMaterial
    at mesh
    at group
    at group
    at group
    at Sky (E:\project\Anima-Engine\src\components\Landscape\Sky.tsx:50:16)
    at div
    at Canvas (E:\project\Anima-Engine\tests\frontend\landscape_showcase.test.tsx:4:16)
    at div
    at LandscapeShowcase (E:\project\Anima-Engine\src\components\Landscape\LandscapeShowcase.tsx:28:55)
Warning: <boxGeometry /> is using incorrect casing. Use PascalCase for React components, or lowercase for HTML elements.
    at boxGeometry
    at mesh
    at group
    at group
    at group
    at Sky (E:\project\Anima-Engine\src\components\Landscape\Sky.tsx:50:16)
    at div
    at Canvas (E:\project\Anima-Engine\tests\frontend\landscape_showcase.test.tsx:4:16)
    at div
    at LandscapeShowcase (E:\project\Anima-Engine\src\components\Landscape\LandscapeShowcase.tsx:28:55)
Warning: <meshStandardMaterial /> is using incorrect casing. Use PascalCase for React components, or lowercase for HTML elements.
    at meshStandardMaterial
    at mesh
    at group
    at group
    at group
    at Sky (E:\project\Anima-Engine\src\components\Landscape\Sky.tsx:50:16)
    at div
    at Canvas (E:\project\Anima-Engine\tests\frontend\landscape_showcase.test.tsx:4:16)
    at div
    at LandscapeShowcase (E:\project\Anima-Engine\src\components\Landscape\LandscapeShowcase.tsx:28:55)
Warning: <boxGeometry /> is using incorrect casing. Use PascalCase for React components, or lowercase for HTML elements.
    at boxGeometry
    at mesh
    at group
    at group
    at group
    at Sky (E:\project\Anima-Engine\src\components\Landscape\Sky.tsx:50:16)
    at div
    at Canvas (E:\project\Anima-Engine\tests\frontend\landscape_showcase.test.tsx:4:16)
    at div
    at LandscapeShowcase (E:\project\Anima-Engine\src\components\Landscape\LandscapeShowcase.tsx:28:55)
Warning: <meshStandardMaterial /> is using incorrect casing. Use PascalCase for React components, or lowercase for HTML elements.
    at meshStandardMaterial
    at mesh
    at group
    at group
    at group
    at Sky (E:\project\Anima-Engine\src\components\Landscape\Sky.tsx:50:16)
    at div
    at Canvas (E:\project\Anima-Engine\tests\frontend\landscape_showcase.test.tsx:4:16)
    at div
    at LandscapeShowcase (E:\project\Anima-Engine\src\components\Landscape\LandscapeShowcase.tsx:28:55)
Warning: <boxGeometry /> is using incorrect casing. Use PascalCase for React components, or lowercase for HTML elements.
    at boxGeometry
    at mesh
    at group
    at group
    at group
    at Sky (E:\project\Anima-Engine\src\components\Landscape\Sky.tsx:50:16)
    at div
    at Canvas (E:\project\Anima-Engine\tests\frontend\landscape_showcase.test.tsx:4:16)
    at div
    at LandscapeShowcase (E:\project\Anima-Engine\src\components\Landscape\LandscapeShowcase.tsx:28:55)
Warning: <meshStandardMaterial /> is using incorrect casing. Use PascalCase for React components, or lowercase for HTML elements.
    at meshStandardMaterial
    at mesh
    at group
    at group
    at group
    at Sky (E:\project\Anima-Engine\src\components\Landscape\Sky.tsx:50:16)
    at div
    at Canvas (E:\project\Anima-Engine\tests\frontend\landscape_showcase.test.tsx:4:16)
    at div
    at LandscapeShowcase (E:\project\Anima-Engine\src\components\Landscape\LandscapeShowcase.tsx:28:55)
Warning: <bufferGeometry /> is using incorrect casing. Use PascalCase for React components, or lowercase for HTML elements.
    at bufferGeometry
    at mesh
    at lod
    at Terrain (E:\project\Anima-Engine\src\components\Landscape\Terrain.tsx:26:20)
    at div
    at Canvas (E:\project\Anima-Engine\tests\frontend\landscape_showcase.test.tsx:4:16)
    at div
    at LandscapeShowcase (E:\project\Anima-Engine\src\components\Landscape\LandscapeShowcase.tsx:28:55)
Warning: <meshStandardMaterial /> is using incorrect casing. Use PascalCase for React components, or lowercase for HTML elements.
    at meshStandardMaterial
    at mesh
    at lod
    at Terrain (E:\project\Anima-Engine\src\components\Landscape\Terrain.tsx:26:20)
    at div
    at Canvas (E:\project\Anima-Engine\tests\frontend\landscape_showcase.test.tsx:4:16)
    at div
    at LandscapeShowcase (E:\project\Anima-Engine\src\components\Landscape\LandscapeShowcase.tsx:28:55)
Warning: <bufferGeometry /> is using incorrect casing. Use PascalCase for React components, or lowercase for HTML elements.
    at bufferGeometry
    at mesh
    at lod
    at Terrain (E:\project\Anima-Engine\src\components\Landscape\Terrain.tsx:26:20)
    at div
    at Canvas (E:\project\Anima-Engine\tests\frontend\landscape_showcase.test.tsx:4:16)
    at div
    at LandscapeShowcase (E:\project\Anima-Engine\src\components\Landscape\LandscapeShowcase.tsx:28:55)
Warning: <meshStandardMaterial /> is using incorrect casing. Use PascalCase for React components, or lowercase for HTML elements.
    at meshStandardMaterial
    at mesh
    at lod
    at Terrain (E:\project\Anima-Engine\src\components\Landscape\Terrain.tsx:26:20)
    at div
    at Canvas (E:\project\Anima-Engine\tests\frontend\landscape_showcase.test.tsx:4:16)
    at div
    at LandscapeShowcase (E:\project\Anima-Engine\src\components\Landscape\LandscapeShowcase.tsx:28:55)
Warning: <bufferGeometry /> is using incorrect casing. Use PascalCase for React components, or lowercase for HTML elements.
    at bufferGeometry
    at mesh
    at lod
    at Terrain (E:\project\Anima-Engine\src\components\Landscape\Terrain.tsx:26:20)
    at div
    at Canvas (E:\project\Anima-Engine\tests\frontend\landscape_showcase.test.tsx:4:16)
    at div
    at LandscapeShowcase (E:\project\Anima-Engine\src\components\Landscape\LandscapeShowcase.tsx:28:55)
Warning: <meshStandardMaterial /> is using incorrect casing. Use PascalCase for React components, or lowercase for HTML elements.
    at meshStandardMaterial
    at mesh
    at lod
    at Terrain (E:\project\Anima-Engine\src\components\Landscape\Terrain.tsx:26:20)
    at div
    at Canvas (E:\project\Anima-Engine\tests\frontend\landscape_showcase.test.tsx:4:16)
    at div
    at LandscapeShowcase (E:\project\Anima-Engine\src\components\Landscape\LandscapeShowcase.tsx:28:55)
Warning: <shaderMaterial /> is using incorrect casing. Use PascalCase for React components, or lowercase for HTML elements.
    at shaderMaterial
    at mesh
    at group
    at Water (E:\project\Anima-Engine\src\components\Landscape\Water.tsx:87:3)
    at div
    at Canvas (E:\project\Anima-Engine\tests\frontend\landscape_showcase.test.tsx:4:16)
    at div
    at LandscapeShowcase (E:\project\Anima-Engine\src\components\Landscape\LandscapeShowcase.tsx:28:55)
Warning: <bufferAttribute /> is using incorrect casing. Use PascalCase for React components, or lowercase for HTML elements.
    at bufferAttribute
    at bufferGeometry
    at points
    at group
    at Water (E:\project\Anima-Engine\src\components\Landscape\Water.tsx:87:3)
    at div
    at Canvas (E:\project\Anima-Engine\tests\frontend\landscape_showcase.test.tsx:4:16)
    at div
    at LandscapeShowcase (E:\project\Anima-Engine\src\components\Landscape\LandscapeShowcase.tsx:28:55)
Warning: <bufferGeometry /> is using incorrect casing. Use PascalCase for React components, or lowercase for HTML elements.
    at bufferGeometry
    at points
    at group
    at Water (E:\project\Anima-Engine\src\components\Landscape\Water.tsx:87:3)
    at div
    at Canvas (E:\project\Anima-Engine\tests\frontend\landscape_showcase.test.tsx:4:16)
    at div
    at LandscapeShowcase (E:\project\Anima-Engine\src\components\Landscape\LandscapeShowcase.tsx:28:55)
Warning: <pointsMaterial /> is using incorrect casing. Use PascalCase for React components, or lowercase for HTML elements.
    at pointsMaterial
    at points
    at group
    at Water (E:\project\Anima-Engine\src\components\Landscape\Water.tsx:87:3)
    at div
    at Canvas (E:\project\Anima-Engine\tests\frontend\landscape_showcase.test.tsx:4:16)
    at div
    at LandscapeShowcase (E:\project\Anima-Engine\src\components\Landscape\LandscapeShowcase.tsx:28:55)
Warning: <instancedMesh /> is using incorrect casing. Use PascalCase for React components, or lowercase for HTML elements.
    at instancedMesh
    at group
    at Vegetation (E:\project\Anima-Engine\src\components\Landscape\Vegetation.tsx:58:3)
    at div
    at Canvas (E:\project\Anima-Engine\tests\frontend\landscape_showcase.test.tsx:4:16)
    at div
    at LandscapeShowcase (E:\project\Anima-Engine\src\components\Landscape\LandscapeShowcase.tsx:28:55)
Warning: <instancedMesh /> is using incorrect casing. Use PascalCase for React components, or lowercase for HTML elements.
    at instancedMesh
    at group
    at Vegetation (E:\project\Anima-Engine\src\components\Landscape\Vegetation.tsx:58:3)
    at div
    at Canvas (E:\project\Anima-Engine\tests\frontend\landscape_showcase.test.tsx:4:16)
    at div
    at LandscapeShowcase (E:\project\Anima-Engine\src\components\Landscape\LandscapeShowcase.tsx:28:55)
Warning: <instancedMesh /> is using incorrect casing. Use PascalCase for React components, or lowercase for HTML elements.
    at instancedMesh
    at group
    at Vegetation (E:\project\Anima-Engine\src\components\Landscape\Vegetation.tsx:58:3)
    at div
    at Canvas (E:\project\Anima-Engine\tests\frontend\landscape_showcase.test.tsx:4:16)
    at div
    at LandscapeShowcase (E:\project\Anima-Engine\src\components\Landscape\LandscapeShowcase.tsx:28:55)
Warning: <instancedMesh /> is using incorrect casing. Use PascalCase for React components, or lowercase for HTML elements.
    at instancedMesh
    at group
    at Vegetation (E:\project\Anima-Engine\src\components\Landscape\Vegetation.tsx:58:3)
    at div
    at Canvas (E:\project\Anima-Engine\tests\frontend\landscape_showcase.test.tsx:4:16)
    at div
    at LandscapeShowcase (E:\project\Anima-Engine\src\components\Landscape\LandscapeShowcase.tsx:28:55)
Warning: <instancedMesh /> is using incorrect casing. Use PascalCase for React components, or lowercase for HTML elements.
    at instancedMesh
    at group
    at Vegetation (E:\project\Anima-Engine\src\components\Landscape\Vegetation.tsx:58:3)
    at div
    at Canvas (E:\project\Anima-Engine\tests\frontend\landscape_showcase.test.tsx:4:16)
    at div
    at LandscapeShowcase (E:\project\Anima-Engine\src\components\Landscape\LandscapeShowcase.tsx:28:55)
Warning: <fogExp2 /> is using incorrect casing. Use PascalCase for React components, or lowercase for HTML elements.
    at fogExp2
    at group
    at Weather (E:\project\Anima-Engine\src\components\Landscape\Weather.tsx:10:3)
    at div
    at Canvas (E:\project\Anima-Engine\tests\frontend\landscape_showcase.test.tsx:4:16)
    at div
    at LandscapeShowcase (E:\project\Anima-Engine\src\components\Landscape\LandscapeShowcase.tsx:28:55)
Warning: <sphereGeometry /> is using incorrect casing. Use PascalCase for React components, or lowercase for HTML elements.
    at sphereGeometry
    at mesh
    at group
    at PositionalAudio (E:\project\Anima-Engine\src\components\Landscape\PositionalAudio.tsx:10:3)
    at div
    at Canvas (E:\project\Anima-Engine\tests\frontend\landscape_showcase.test.tsx:4:16)
    at div
    at LandscapeShowcase (E:\project\Anima-Engine\src\components\Landscape\LandscapeShowcase.tsx:28:55)
Warning: <meshBasicMaterial /> is using incorrect casing. Use PascalCase for React components, or lowercase for HTML elements.
    at meshBasicMaterial
    at mesh
    at group
    at PositionalAudio (E:\project\Anima-Engine\src\components\Landscape\PositionalAudio.tsx:10:3)
    at div
    at Canvas (E:\project\Anima-Engine\tests\frontend\landscape_showcase.test.tsx:4:16)
    at div
    at LandscapeShowcase (E:\project\Anima-Engine\src\components\Landscape\LandscapeShowcase.tsx:28:55)
Warning: <sphereGeometry /> is using incorrect casing. Use PascalCase for React components, or lowercase for HTML elements.
    at sphereGeometry
    at mesh
    at group
    at PositionalAudio (E:\project\Anima-Engine\src\components\Landscape\PositionalAudio.tsx:10:3)
    at div
    at Canvas (E:\project\Anima-Engine\tests\frontend\landscape_showcase.test.tsx:4:16)
    at div
    at LandscapeShowcase (E:\project\Anima-Engine\src\components\Landscape\LandscapeShowcase.tsx:28:55)
Warning: <meshBasicMaterial /> is using incorrect casing. Use PascalCase for React components, or lowercase for HTML elements.
    at meshBasicMaterial
    at mesh
    at group
    at PositionalAudio (E:\project\Anima-Engine\src\components\Landscape\PositionalAudio.tsx:10:3)
    at div
    at Canvas (E:\project\Anima-Engine\tests\frontend\landscape_showcase.test.tsx:4:16)
    at div
    at LandscapeShowcase (E:\project\Anima-Engine\src\components\Landscape\LandscapeShowcase.tsx:28:55)
Warning: <orbitControls /> is using incorrect casing. Use PascalCase for React components, or lowercase for HTML elements.
    at orbitControls
    at CameraControls (E:\project\Anima-Engine\src\components\Landscape\CameraControls.tsx:15:3)
    at div
    at Canvas (E:\project\Anima-Engine\tests\frontend\landscape_showcase.test.tsx:4:16)
    at div
    at LandscapeShowcase (E:\project\Anima-Engine\src\components\Landscape\LandscapeShowcase.tsx:28:55)
Warning: <object3D /> is using incorrect casing. Use PascalCase for React components, or lowercase for HTML elements.
    at object3D
    at CameraControls (E:\project\Anima-Engine\src\components\Landscape\CameraControls.tsx:15:3)
    at div
    at Canvas (E:\project\Anima-Engine\tests\frontend\landscape_showcase.test.tsx:4:16)
    at div
    at LandscapeShowcase (E:\project\Anima-Engine\src\components\Landscape\LandscapeShowcase.tsx:28:55)

[90mstderr[2m | frontend/landscape_showcase.test.tsx[2m > [22m[2mLandscape Showcase Test Suite (93 Tests)[2m > [22m[2mTier 2: Boundary & Corner Cases (40 tests)[2m > [22m[2mF8: Integration boundaries[2m > [22m[2mF8.5: performance stats counter[22m[39m
Warning: An update to App inside a test was not wrapped in act(...).

When testing, code that causes React state updates should be wrapped into act(...):

act(() => {
  /* fire events that update state */
});
/* assert on the output */

This ensures that you're testing the behavior the user would see in the browser. Learn more at https://reactjs.org/link/wrap-tests-with-act
    at App (E:\project\Anima-Engine\src\App.tsx:81:53)
Warning: An update to App inside a test was not wrapped in act(...).

When testing, code that causes React state updates should be wrapped into act(...):

act(() => {
  /* fire events that update state */
});
/* assert on the output */

This ensures that you're testing the behavior the user would see in the browser. Learn more at https://reactjs.org/link/wrap-tests-with-act
    at App (E:\project\Anima-Engine\src\App.tsx:81:53)
Warning: An update to App inside a test was not wrapped in act(...).

When testing, code that causes React state updates should be wrapped into act(...):

act(() => {
  /* fire events that update state */
});
/* assert on the output */

This ensures that you're testing the behavior the user would see in the browser. Learn more at https://reactjs.org/link/wrap-tests-with-act
    at App (E:\project\Anima-Engine\src\App.tsx:81:53)
Warning: An update to App inside a test was not wrapped in act(...).

When testing, code that causes React state updates should be wrapped into act(...):

act(() => {
  /* fire events that update state */
});
/* assert on the output */

This ensures that you're testing the behavior the user would see in the browser. Learn more at https://reactjs.org/link/wrap-tests-with-act
    at App (E:\project\Anima-Engine\src\App.tsx:81:53)
Warning: An update to App inside a test was not wrapped in act(...).

When testing, code that causes React state updates should be wrapped into act(...):

act(() => {
  /* fire events that update state */
});
/* assert on the output */

This ensures that you're testing the behavior the user would see in the browser. Learn more at https://reactjs.org/link/wrap-tests-with-act
    at App (E:\project\Anima-Engine\src\App.tsx:81:53)

[90mstderr[2m | frontend/landscape_showcase.test.tsx[2m > [22m[2mLandscape Showcase Test Suite (93 Tests)[2m > [22m[2mTier 3: Cross-Feature Combinations (8 tests)[2m > [22m[2mTier 3: Test 1 (Weather & Terrain)[22m[39m
Warning: <bufferGeometry /> is using incorrect casing. Use PascalCase for React components, or lowercase for HTML elements.
    at bufferGeometry
    at mesh
    at lod
    at Terrain (E:\project\Anima-Engine\src\components\Landscape\Terrain.tsx:26:20)
Warning: <meshStandardMaterial /> is using incorrect casing. Use PascalCase for React components, or lowercase for HTML elements.
    at meshStandardMaterial
    at mesh
    at lod
    at Terrain (E:\project\Anima-Engine\src\components\Landscape\Terrain.tsx:26:20)
Warning: <bufferGeometry /> is using incorrect casing. Use PascalCase for React components, or lowercase for HTML elements.
    at bufferGeometry
    at mesh
    at lod
    at Terrain (E:\project\Anima-Engine\src\components\Landscape\Terrain.tsx:26:20)
Warning: <meshStandardMaterial /> is using incorrect casing. Use PascalCase for React components, or lowercase for HTML elements.
    at meshStandardMaterial
    at mesh
    at lod
    at Terrain (E:\project\Anima-Engine\src\components\Landscape\Terrain.tsx:26:20)
Warning: <bufferGeometry /> is using incorrect casing. Use PascalCase for React components, or lowercase for HTML elements.
    at bufferGeometry
    at mesh
    at lod
    at Terrain (E:\project\Anima-Engine\src\components\Landscape\Terrain.tsx:26:20)
Warning: <meshStandardMaterial /> is using incorrect casing. Use PascalCase for React components, or lowercase for HTML elements.
    at meshStandardMaterial
    at mesh
    at lod
    at Terrain (E:\project\Anima-Engine\src\components\Landscape\Terrain.tsx:26:20)

[90mstderr[2m | frontend/landscape_showcase.test.tsx[2m > [22m[2mLandscape Showcase Test Suite (93 Tests)[2m > [22m[2mTier 3: Cross-Feature Combinations (8 tests)[2m > [22m[2mTier 3: Test 2 (Sky & Water)[22m[39m
Warning: <sphereGeometry /> is using incorrect casing. Use PascalCase for React components, or lowercase for HTML elements.
    at sphereGeometry
    at mesh
    at group
    at Sky (E:\project\Anima-Engine\src\components\Landscape\Sky.tsx:50:16)
Warning: <meshBasicMaterial /> is using incorrect casing. Use PascalCase for React components, or lowercase for HTML elements.
    at meshBasicMaterial
    at mesh
    at group
    at Sky (E:\project\Anima-Engine\src\components\Landscape\Sky.tsx:50:16)
Warning: <directionalLight /> is using incorrect casing. Use PascalCase for React components, or lowercase for HTML elements.
    at directionalLight
    at group
    at Sky (E:\project\Anima-Engine\src\components\Landscape\Sky.tsx:50:16)
Warning: <directionalLight /> is using incorrect casing. Use PascalCase for React components, or lowercase for HTML elements.
    at directionalLight
    at group
    at Sky (E:\project\Anima-Engine\src\components\Landscape\Sky.tsx:50:16)
Warning: <hemisphereLight /> is using incorrect casing. Use PascalCase for React components, or lowercase for HTML elements.
    at hemisphereLight
    at group
    at Sky (E:\project\Anima-Engine\src\components\Landscape\Sky.tsx:50:16)
Warning: <ambientLight /> is using incorrect casing. Use PascalCase for React components, or lowercase for HTML elements.
    at ambientLight
    at group
    at Sky (E:\project\Anima-Engine\src\components\Landscape\Sky.tsx:50:16)
Warning: <sphereGeometry /> is using incorrect casing. Use PascalCase for React components, or lowercase for HTML elements.
    at sphereGeometry
    at mesh
    at group
    at Sky (E:\project\Anima-Engine\src\components\Landscape\Sky.tsx:50:16)
Warning: <meshBasicMaterial /> is using incorrect casing. Use PascalCase for React components, or lowercase for HTML elements.
    at meshBasicMaterial
    at mesh
    at group
    at Sky (E:\project\Anima-Engine\src\components\Landscape\Sky.tsx:50:16)
Warning: <bufferAttribute /> is using incorrect casing. Use PascalCase for React components, or lowercase for HTML elements.
    at bufferAttribute
    at bufferGeometry
    at points
    at group
    at Sky (E:\project\Anima-Engine\src\components\Landscape\Sky.tsx:50:16)
Warning: <bufferGeometry /> is using incorrect casing. Use PascalCase for React components, or lowercase for HTML elements.
    at bufferGeometry
    at points
    at group
    at Sky (E:\project\Anima-Engine\src\components\Landscape\Sky.tsx:50:16)
Warning: <pointsMaterial /> is using incorrect casing. Use PascalCase for React components, or lowercase for HTML elements.
    at pointsMaterial
    at points
    at group
    at Sky (E:\project\Anima-Engine\src\components\Landscape\Sky.tsx:50:16)
Warning: <boxGeometry /> is using incorrect casing. Use PascalCase for React components, or lowercase for HTML elements.
    at boxGeometry
    at mesh
    at group
    at group
    at group
    at Sky (E:\project\Anima-Engine\src\components\Landscape\Sky.tsx:50:16)
Warning: <meshStandardMaterial /> is using incorrect casing. Use PascalCase for React components, or lowercase for HTML elements.
    at meshStandardMaterial
    at mesh
    at group
    at group
    at group
    at Sky (E:\project\Anima-Engine\src\components\Landscape\Sky.tsx:50:16)
Warning: <boxGeometry /> is using incorrect casing. Use PascalCase for React components, or lowercase for HTML elements.
    at boxGeometry
    at mesh
    at group
    at group
    at group
    at Sky (E:\project\Anima-Engine\src\components\Landscape\Sky.tsx:50:16)
Warning: <meshStandardMaterial /> is using incorrect casing. Use PascalCase for React components, or lowercase for HTML elements.
    at meshStandardMaterial
    at mesh
    at group
    at group
    at group
    at Sky (E:\project\Anima-Engine\src\components\Landscape\Sky.tsx:50:16)
Warning: <boxGeometry /> is using incorrect casing. Use PascalCase for React components, or lowercase for HTML elements.
    at boxGeometry
    at mesh
    at group
    at group
    at group
    at Sky (E:\project\Anima-Engine\src\components\Landscape\Sky.tsx:50:16)
Warning: <meshStandardMaterial /> is using incorrect casing. Use PascalCase for React components, or lowercase for HTML elements.
    at meshStandardMaterial
    at mesh
    at group
    at group
    at group
    at Sky (E:\project\Anima-Engine\src\components\Landscape\Sky.tsx:50:16)
Warning: <boxGeometry /> is using incorrect casing. Use PascalCase for React components, or lowercase for HTML elements.
    at boxGeometry
    at mesh
    at group
    at group
    at group
    at Sky (E:\project\Anima-Engine\src\components\Landscape\Sky.tsx:50:16)
Warning: <meshStandardMaterial /> is using incorrect casing. Use PascalCase for React components, or lowercase for HTML elements.
    at meshStandardMaterial
    at mesh
    at group
    at group
    at group
    at Sky (E:\project\Anima-Engine\src\components\Landscape\Sky.tsx:50:16)
Warning: <boxGeometry /> is using incorrect casing. Use PascalCase for React components, or lowercase for HTML elements.
    at boxGeometry
    at mesh
    at group
    at group
    at group
    at Sky (E:\project\Anima-Engine\src\components\Landscape\Sky.tsx:50:16)
Warning: <meshStandardMaterial /> is using incorrect casing. Use PascalCase for React components, or lowercase for HTML elements.
    at meshStandardMaterial
    at mesh
    at group
    at group
    at group
    at Sky (E:\project\Anima-Engine\src\components\Landscape\Sky.tsx:50:16)
Warning: <boxGeometry /> is using incorrect casing. Use PascalCase for React components, or lowercase for HTML elements.
    at boxGeometry
    at mesh
    at group
    at group
    at group
    at Sky (E:\project\Anima-Engine\src\components\Landscape\Sky.tsx:50:16)
Warning: <meshStandardMaterial /> is using incorrect casing. Use PascalCase for React components, or lowercase for HTML elements.
    at meshStandardMaterial
    at mesh
    at group
    at group
    at group
    at Sky (E:\project\Anima-Engine\src\components\Landscape\Sky.tsx:50:16)
Warning: <boxGeometry /> is using incorrect casing. Use PascalCase for React components, or lowercase for HTML elements.
    at boxGeometry
    at mesh
    at group
    at group
    at group
    at Sky (E:\project\Anima-Engine\src\components\Landscape\Sky.tsx:50:16)
Warning: <meshStandardMaterial /> is using incorrect casing. Use PascalCase for React components, or lowercase for HTML elements.
    at meshStandardMaterial
    at mesh
    at group
    at group
    at group
    at Sky (E:\project\Anima-Engine\src\components\Landscape\Sky.tsx:50:16)
Warning: <boxGeometry /> is using incorrect casing. Use PascalCase for React components, or lowercase for HTML elements.
    at boxGeometry
    at mesh
    at group
    at group
    at group
    at Sky (E:\project\Anima-Engine\src\components\Landscape\Sky.tsx:50:16)
Warning: <meshStandardMaterial /> is using incorrect casing. Use PascalCase for React components, or lowercase for HTML elements.
    at meshStandardMaterial
    at mesh
    at group
    at group
    at group
    at Sky (E:\project\Anima-Engine\src\components\Landscape\Sky.tsx:50:16)
Warning: <boxGeometry /> is using incorrect casing. Use PascalCase for React components, or lowercase for HTML elements.
    at boxGeometry
    at mesh
    at group
    at group
    at group
    at Sky (E:\project\Anima-Engine\src\components\Landscape\Sky.tsx:50:16)
Warning: <meshStandardMaterial /> is using incorrect casing. Use PascalCase for React components, or lowercase for HTML elements.
    at meshStandardMaterial
    at mesh
    at group
    at group
    at group
    at Sky (E:\project\Anima-Engine\src\components\Landscape\Sky.tsx:50:16)
Warning: <boxGeometry /> is using incorrect casing. Use PascalCase for React components, or lowercase for HTML elements.
    at boxGeometry
    at mesh
    at group
    at group
    at group
    at Sky (E:\project\Anima-Engine\src\components\Landscape\Sky.tsx:50:16)
Warning: <meshStandardMaterial /> is using incorrect casing. Use PascalCase for React components, or lowercase for HTML elements.
    at meshStandardMaterial
    at mesh
    at group
    at group
    at group
    at Sky (E:\project\Anima-Engine\src\components\Landscape\Sky.tsx:50:16)
Warning: <boxGeometry /> is using incorrect casing. Use PascalCase for React components, or lowercase for HTML elements.
    at boxGeometry
    at mesh
    at group
    at group
    at group
    at Sky (E:\project\Anima-Engine\src\components\Landscape\Sky.tsx:50:16)
Warning: <meshStandardMaterial /> is using incorrect casing. Use PascalCase for React components, or lowercase for HTML elements.
    at meshStandardMaterial
    at mesh
    at group
    at group
    at group
    at Sky (E:\project\Anima-Engine\src\components\Landscape\Sky.tsx:50:16)
Warning: <boxGeometry /> is using incorrect casing. Use PascalCase for React components, or lowercase for HTML elements.
    at boxGeometry
    at mesh
    at group
    at group
    at group
    at Sky (E:\project\Anima-Engine\src\components\Landscape\Sky.tsx:50:16)
Warning: <meshStandardMaterial /> is using incorrect casing. Use PascalCase for React components, or lowercase for HTML elements.
    at meshStandardMaterial
    at mesh
    at group
    at group
    at group
    at Sky (E:\project\Anima-Engine\src\components\Landscape\Sky.tsx:50:16)
Warning: <boxGeometry /> is using incorrect casing. Use PascalCase for React components, or lowercase for HTML elements.
    at boxGeometry
    at mesh
    at group
    at group
    at group
    at Sky (E:\project\Anima-Engine\src\components\Landscape\Sky.tsx:50:16)
Warning: <meshStandardMaterial /> is using incorrect casing. Use PascalCase for React components, or lowercase for HTML elements.
    at meshStandardMaterial
    at mesh
    at group
    at group
    at group
    at Sky (E:\project\Anima-Engine\src\components\Landscape\Sky.tsx:50:16)
Warning: <boxGeometry /> is using incorrect casing. Use PascalCase for React components, or lowercase for HTML elements.
    at boxGeometry
    at mesh
    at group
    at group
    at group
    at Sky (E:\project\Anima-Engine\src\components\Landscape\Sky.tsx:50:16)
Warning: <meshStandardMaterial /> is using incorrect casing. Use PascalCase for React components, or lowercase for HTML elements.
    at meshStandardMaterial
    at mesh
    at group
    at group
    at group
    at Sky (E:\project\Anima-Engine\src\components\Landscape\Sky.tsx:50:16)
Warning: <boxGeometry /> is using incorrect casing. Use PascalCase for React components, or lowercase for HTML elements.
    at boxGeometry
    at mesh
    at group
    at group
    at group
    at Sky (E:\project\Anima-Engine\src\components\Landscape\Sky.tsx:50:16)
Warning: <meshStandardMaterial /> is using incorrect casing. Use PascalCase for React components, or lowercase for HTML elements.
    at meshStandardMaterial
    at mesh
    at group
    at group
    at group
    at Sky (E:\project\Anima-Engine\src\components\Landscape\Sky.tsx:50:16)
Warning: <boxGeometry /> is using incorrect casing. Use PascalCase for React components, or lowercase for HTML elements.
    at boxGeometry
    at mesh
    at group
    at group
    at group
    at Sky (E:\project\Anima-Engine\src\components\Landscape\Sky.tsx:50:16)
Warning: <meshStandardMaterial /> is using incorrect casing. Use PascalCase for React components, or lowercase for HTML elements.
    at meshStandardMaterial
    at mesh
    at group
    at group
    at group
    at Sky (E:\project\Anima-Engine\src\components\Landscape\Sky.tsx:50:16)
Warning: <boxGeometry /> is using incorrect casing. Use PascalCase for React components, or lowercase for HTML elements.
    at boxGeometry
    at mesh
    at group
    at group
    at group
    at Sky (E:\project\Anima-Engine\src\components\Landscape\Sky.tsx:50:16)
Warning: <meshStandardMaterial /> is using incorrect casing. Use PascalCase for React components, or lowercase for HTML elements.
    at meshStandardMaterial
    at mesh
    at group
    at group
    at group
    at Sky (E:\project\Anima-Engine\src\components\Landscape\Sky.tsx:50:16)
Warning: <boxGeometry /> is using incorrect casing. Use PascalCase for React components, or lowercase for HTML elements.
    at boxGeometry
    at mesh
    at group
    at group
    at group
    at Sky (E:\project\Anima-Engine\src\components\Landscape\Sky.tsx:50:16)
Warning: <meshStandardMaterial /> is using incorrect casing. Use PascalCase for React components, or lowercase for HTML elements.
    at meshStandardMaterial
    at mesh
    at group
    at group
    at group
    at Sky (E:\project\Anima-Engine\src\components\Landscape\Sky.tsx:50:16)
Warning: <shaderMaterial /> is using incorrect casing. Use PascalCase for React components, or lowercase for HTML elements.
    at shaderMaterial
    at mesh
    at group
    at Water (E:\project\Anima-Engine\src\components\Landscape\Water.tsx:87:3)
Warning: <bufferAttribute /> is using incorrect casing. Use PascalCase for React components, or lowercase for HTML elements.
    at bufferAttribute
    at bufferGeometry
    at points
    at group
    at Water (E:\project\Anima-Engine\src\components\Landscape\Water.tsx:87:3)
Warning: <bufferGeometry /> is using incorrect casing. Use PascalCase for React components, or lowercase for HTML elements.
    at bufferGeometry
    at points
    at group
    at Water (E:\project\Anima-Engine\src\components\Landscape\Water.tsx:87:3)
Warning: <pointsMaterial /> is using incorrect casing. Use PascalCase for React components, or lowercase for HTML elements.
    at pointsMaterial
    at points
    at group
    at Water (E:\project\Anima-Engine\src\components\Landscape\Water.tsx:87:3)

[90mstderr[2m | frontend/landscape_showcase.test.tsx[2m > [22m[2mLandscape Showcase Test Suite (93 Tests)[2m > [22m[2mTier 3: Cross-Feature Combinations (8 tests)[2m > [22m[2mTier 3: Test 5 (Sky & Vegetation)[22m[39m
Warning: <sphereGeometry /> is using incorrect casing. Use PascalCase for React components, or lowercase for HTML elements.
    at sphereGeometry
    at mesh
    at group
    at Sky (E:\project\Anima-Engine\src\components\Landscape\Sky.tsx:50:16)
Warning: <meshBasicMaterial /> is using incorrect casing. Use PascalCase for React components, or lowercase for HTML elements.
    at meshBasicMaterial
    at mesh
    at group
    at Sky (E:\project\Anima-Engine\src\components\Landscape\Sky.tsx:50:16)
Warning: <directionalLight /> is using incorrect casing. Use PascalCase for React components, or lowercase for HTML elements.
    at directionalLight
    at group
    at Sky (E:\project\Anima-Engine\src\components\Landscape\Sky.tsx:50:16)
Warning: <hemisphereLight /> is using incorrect casing. Use PascalCase for React components, or lowercase for HTML elements.
    at hemisphereLight
    at group
    at Sky (E:\project\Anima-Engine\src\components\Landscape\Sky.tsx:50:16)
Warning: <ambientLight /> is using incorrect casing. Use PascalCase for React components, or lowercase for HTML elements.
    at ambientLight
    at group
    at Sky (E:\project\Anima-Engine\src\components\Landscape\Sky.tsx:50:16)
Warning: <boxGeometry /> is using incorrect casing. Use PascalCase for React components, or lowercase for HTML elements.
    at boxGeometry
    at mesh
    at group
    at group
    at group
    at Sky (E:\project\Anima-Engine\src\components\Landscape\Sky.tsx:50:16)
Warning: <meshStandardMaterial /> is using incorrect casing. Use PascalCase for React components, or lowercase for HTML elements.
    at meshStandardMaterial
    at mesh
    at group
    at group
    at group
    at Sky (E:\project\Anima-Engine\src\components\Landscape\Sky.tsx:50:16)
Warning: <boxGeometry /> is using incorrect casing. Use PascalCase for React components, or lowercase for HTML elements.
    at boxGeometry
    at mesh
    at group
    at group
    at group
    at Sky (E:\project\Anima-Engine\src\components\Landscape\Sky.tsx:50:16)
Warning: <meshStandardMaterial /> is using incorrect casing. Use PascalCase for React components, or lowercase for HTML elements.
    at meshStandardMaterial
    at mesh
    at group
    at group
    at group
    at Sky (E:\project\Anima-Engine\src\components\Landscape\Sky.tsx:50:16)
Warning: <boxGeometry /> is using incorrect casing. Use PascalCase for React components, or lowercase for HTML elements.
    at boxGeometry
    at mesh
    at group
    at group
    at group
    at Sky (E:\project\Anima-Engine\src\components\Landscape\Sky.tsx:50:16)
Warning: <meshStandardMaterial /> is using incorrect casing. Use PascalCase for React components, or lowercase for HTML elements.
    at meshStandardMaterial
    at mesh
    at group
    at group
    at group
    at Sky (E:\project\Anima-Engine\src\components\Landscape\Sky.tsx:50:16)
Warning: <boxGeometry /> is using incorrect casing. Use PascalCase for React components, or lowercase for HTML elements.
    at boxGeometry
    at mesh
    at group
    at group
    at group
    at Sky (E:\project\Anima-Engine\src\components\Landscape\Sky.tsx:50:16)
Warning: <meshStandardMaterial /> is using incorrect casing. Use PascalCase for React components, or lowercase for HTML elements.
    at meshStandardMaterial
    at mesh
    at group
    at group
    at group
    at Sky (E:\project\Anima-Engine\src\components\Landscape\Sky.tsx:50:16)
Warning: <boxGeometry /> is using incorrect casing. Use PascalCase for React components, or lowercase for HTML elements.
    at boxGeometry
    at mesh
    at group
    at group
    at group
    at Sky (E:\project\Anima-Engine\src\components\Landscape\Sky.tsx:50:16)
Warning: <meshStandardMaterial /> is using incorrect casing. Use PascalCase for React components, or lowercase for HTML elements.
    at meshStandardMaterial
    at mesh
    at group
    at group
    at group
    at Sky (E:\project\Anima-Engine\src\components\Landscape\Sky.tsx:50:16)
Warning: <boxGeometry /> is using incorrect casing. Use PascalCase for React components, or lowercase for HTML elements.
    at boxGeometry
    at mesh
    at group
    at group
    at group
    at Sky (E:\project\Anima-Engine\src\components\Landscape\Sky.tsx:50:16)
Warning: <meshStandardMaterial /> is using incorrect casing. Use PascalCase for React components, or lowercase for HTML elements.
    at meshStandardMaterial
    at mesh
    at group
    at group
    at group
    at Sky (E:\project\Anima-Engine\src\components\Landscape\Sky.tsx:50:16)
Warning: <boxGeometry /> is using incorrect casing. Use PascalCase for React components, or lowercase for HTML elements.
    at boxGeometry
    at mesh
    at group
    at group
    at group
    at Sky (E:\project\Anima-Engine\src\components\Landscape\Sky.tsx:50:16)
Warning: <meshStandardMaterial /> is using incorrect casing. Use PascalCase for React components, or lowercase for HTML elements.
    at meshStandardMaterial
    at mesh
    at group
    at group
    at group
    at Sky (E:\project\Anima-Engine\src\components\Landscape\Sky.tsx:50:16)
Warning: <boxGeometry /> is using incorrect casing. Use PascalCase for React components, or lowercase for HTML elements.
    at boxGeometry
    at mesh
    at group
    at group
    at group
    at Sky (E:\project\Anima-Engine\src\components\Landscape\Sky.tsx:50:16)
Warning: <meshStandardMaterial /> is using incorrect casing. Use PascalCase for React components, or lowercase for HTML elements.
    at meshStandardMaterial
    at mesh
    at group
    at group
    at group
    at Sky (E:\project\Anima-Engine\src\components\Landscape\Sky.tsx:50:16)
Warning: <boxGeometry /> is using incorrect casing. Use PascalCase for React components, or lowercase for HTML elements.
    at boxGeometry
    at mesh
    at group
    at group
    at group
    at Sky (E:\project\Anima-Engine\src\components\Landscape\Sky.tsx:50:16)
Warning: <meshStandardMaterial /> is using incorrect casing. Use PascalCase for React components, or lowercase for HTML elements.
    at meshStandardMaterial
    at mesh
    at group
    at group
    at group
    at Sky (E:\project\Anima-Engine\src\components\Landscape\Sky.tsx:50:16)
Warning: <boxGeometry /> is using incorrect casing. Use PascalCase for React components, or lowercase for HTML elements.
    at boxGeometry
    at mesh
    at group
    at group
    at group
    at Sky (E:\project\Anima-Engine\src\components\Landscape\Sky.tsx:50:16)
Warning: <meshStandardMaterial /> is using incorrect casing. Use PascalCase for React components, or lowercase for HTML elements.
    at meshStandardMaterial
    at mesh
    at group
    at group
    at group
    at Sky (E:\project\Anima-Engine\src\components\Landscape\Sky.tsx:50:16)
Warning: <boxGeometry /> is using incorrect casing. Use PascalCase for React components, or lowercase for HTML elements.
    at boxGeometry
    at mesh
    at group
    at group
    at group
    at Sky (E:\project\Anima-Engine\src\components\Landscape\Sky.tsx:50:16)
Warning: <meshStandardMaterial /> is using incorrect casing. Use PascalCase for React components, or lowercase for HTML elements.
    at meshStandardMaterial
    at mesh
    at group
    at group
    at group
    at Sky (E:\project\Anima-Engine\src\components\Landscape\Sky.tsx:50:16)
Warning: <boxGeometry /> is using incorrect casing. Use PascalCase for React components, or lowercase for HTML elements.
    at boxGeometry
    at mesh
    at group
    at group
    at group
    at Sky (E:\project\Anima-Engine\src\components\Landscape\Sky.tsx:50:16)
Warning: <meshStandardMaterial /> is using incorrect casing. Use PascalCase for React components, or lowercase for HTML elements.
    at meshStandardMaterial
    at mesh
    at group
    at group
    at group
    at Sky (E:\project\Anima-Engine\src\components\Landscape\Sky.tsx:50:16)
Warning: <boxGeometry /> is using incorrect casing. Use PascalCase for React components, or lowercase for HTML elements.
    at boxGeometry
    at mesh
    at group
    at group
    at group
    at Sky (E:\project\Anima-Engine\src\components\Landscape\Sky.tsx:50:16)
Warning: <meshStandardMaterial /> is using incorrect casing. Use PascalCase for React components, or lowercase for HTML elements.
    at meshStandardMaterial
    at mesh
    at group
    at group
    at group
    at Sky (E:\project\Anima-Engine\src\components\Landscape\Sky.tsx:50:16)
Warning: <boxGeometry /> is using incorrect casing. Use PascalCase for React components, or lowercase for HTML elements.
    at boxGeometry
    at mesh
    at group
    at group
    at group
    at Sky (E:\project\Anima-Engine\src\components\Landscape\Sky.tsx:50:16)
Warning: <meshStandardMaterial /> is using incorrect casing. Use PascalCase for React components, or lowercase for HTML elements.
    at meshStandardMaterial
    at mesh
    at group
    at group
    at group
    at Sky (E:\project\Anima-Engine\src\components\Landscape\Sky.tsx:50:16)
Warning: <boxGeometry /> is using incorrect casing. Use PascalCase for React components, or lowercase for HTML elements.
    at boxGeometry
    at mesh
    at group
    at group
    at group
    at Sky (E:\project\Anima-Engine\src\components\Landscape\Sky.tsx:50:16)
Warning: <meshStandardMaterial /> is using incorrect casing. Use PascalCase for React components, or lowercase for HTML elements.
    at meshStandardMaterial
    at mesh
    at group
    at group
    at group
    at Sky (E:\project\Anima-Engine\src\components\Landscape\Sky.tsx:50:16)
Warning: <boxGeometry /> is using incorrect casing. Use PascalCase for React components, or lowercase for HTML elements.
    at boxGeometry
    at mesh
    at group
    at group
    at group
    at Sky (E:\project\Anima-Engine\src\components\Landscape\Sky.tsx:50:16)
Warning: <meshStandardMaterial /> is using incorrect casing. Use PascalCase for React components, or lowercase for HTML elements.
    at meshStandardMaterial
    at mesh
    at group
    at group
    at group
    at Sky (E:\project\Anima-Engine\src\components\Landscape\Sky.tsx:50:16)
Warning: <boxGeometry /> is using incorrect casing. Use PascalCase for React components, or lowercase for HTML elements.
    at boxGeometry
    at mesh
    at group
    at group
    at group
    at Sky (E:\project\Anima-Engine\src\components\Landscape\Sky.tsx:50:16)
Warning: <meshStandardMaterial /> is using incorrect casing. Use PascalCase for React components, or lowercase for HTML elements.
    at meshStandardMaterial
    at mesh
    at group
    at group
    at group
    at Sky (E:\project\Anima-Engine\src\components\Landscape\Sky.tsx:50:16)
Warning: <boxGeometry /> is using incorrect casing. Use PascalCase for React components, or lowercase for HTML elements.
    at boxGeometry
    at mesh
    at group
    at group
    at group
    at Sky (E:\project\Anima-Engine\src\components\Landscape\Sky.tsx:50:16)
Warning: <meshStandardMaterial /> is using incorrect casing. Use PascalCase for React components, or lowercase for HTML elements.
    at meshStandardMaterial
    at mesh
    at group
    at group
    at group
    at Sky (E:\project\Anima-Engine\src\components\Landscape\Sky.tsx:50:16)

[90mstderr[2m | frontend/landscape_showcase.test.tsx[2m > [22m[2mLandscape Showcase Test Suite (93 Tests)[2m > [22m[2mTier 3: Cross-Feature Combinations (8 tests)[2m > [22m[2mTier 3: Test 6 (Camera & Terrain)[22m[39m
Warning: <object3D /> is using incorrect casing. Use PascalCase for React components, or lowercase for HTML elements.
    at object3D
    at CameraControls (E:\project\Anima-Engine\src\components\Landscape\CameraControls.tsx:15:3)

[90mstderr[2m | frontend/landscape_showcase.test.tsx[2m > [22m[2mLandscape Showcase Test Suite (93 Tests)[2m > [22m[2mTier 3: Cross-Feature Combinations (8 tests)[2m > [22m[2mTier 3: Test 7 (Weather & Vegetation)[22m[39m
Warning: <instancedMesh /> is using incorrect casing. Use PascalCase for React components, or lowercase for HTML elements.
    at instancedMesh
    at group
    at Vegetation (E:\project\Anima-Engine\src\components\Landscape\Vegetation.tsx:58:3)
Warning: <instancedMesh /> is using incorrect casing. Use PascalCase for React components, or lowercase for HTML elements.
    at instancedMesh
    at group
    at Vegetation (E:\project\Anima-Engine\src\components\Landscape\Vegetation.tsx:58:3)
Warning: <instancedMesh /> is using incorrect casing. Use PascalCase for React components, or lowercase for HTML elements.
    at instancedMesh
    at group
    at Vegetation (E:\project\Anima-Engine\src\components\Landscape\Vegetation.tsx:58:3)
Warning: <instancedMesh /> is using incorrect casing. Use PascalCase for React components, or lowercase for HTML elements.
    at instancedMesh
    at group
    at Vegetation (E:\project\Anima-Engine\src\components\Landscape\Vegetation.tsx:58:3)
Warning: <instancedMesh /> is using incorrect casing. Use PascalCase for React components, or lowercase for HTML elements.
    at instancedMesh
    at group
    at Vegetation (E:\project\Anima-Engine\src\components\Landscape\Vegetation.tsx:58:3)

[90mstderr[2m | frontend/landscape_showcase.test.tsx[2m > [22m[2mLandscape Showcase Test Suite (93 Tests)[2m > [22m[2mTier 3: Cross-Feature Combinations (8 tests)[2m > [22m[2mTier 3: Test 8 (Day-Night Cycle & Lighting/UI)[22m[39m
Warning: <sphereGeometry /> is using incorrect casing. Use PascalCase for React components, or lowercase for HTML elements.
    at sphereGeometry
    at mesh
    at group
    at Sky (E:\project\Anima-Engine\src\components\Landscape\Sky.tsx:50:16)
Warning: <meshBasicMaterial /> is using incorrect casing. Use PascalCase for React components, or lowercase for HTML elements.
    at meshBasicMaterial
    at mesh
    at group
    at Sky (E:\project\Anima-Engine\src\components\Landscape\Sky.tsx:50:16)
Warning: <directionalLight /> is using incorrect casing. Use PascalCase for React components, or lowercase for HTML elements.
    at directionalLight
    at group
    at Sky (E:\project\Anima-Engine\src\components\Landscape\Sky.tsx:50:16)
Warning: <hemisphereLight /> is using incorrect casing. Use PascalCase for React components, or lowercase for HTML elements.
    at hemisphereLight
    at group
    at Sky (E:\project\Anima-Engine\src\components\Landscape\Sky.tsx:50:16)
Warning: <ambientLight /> is using incorrect casing. Use PascalCase for React components, or lowercase for HTML elements.
    at ambientLight
    at group
    at Sky (E:\project\Anima-Engine\src\components\Landscape\Sky.tsx:50:16)
Warning: <boxGeometry /> is using incorrect casing. Use PascalCase for React components, or lowercase for HTML elements.
    at boxGeometry
    at mesh
    at group
    at group
    at group
    at Sky (E:\project\Anima-Engine\src\components\Landscape\Sky.tsx:50:16)
Warning: <meshStandardMaterial /> is using incorrect casing. Use PascalCase for React components, or lowercase for HTML elements.
    at meshStandardMaterial
    at mesh
    at group
    at group
    at group
    at Sky (E:\project\Anima-Engine\src\components\Landscape\Sky.tsx:50:16)
Warning: <boxGeometry /> is using incorrect casing. Use PascalCase for React components, or lowercase for HTML elements.
    at boxGeometry
    at mesh
    at group
    at group
    at group
    at Sky (E:\project\Anima-Engine\src\components\Landscape\Sky.tsx:50:16)
Warning: <meshStandardMaterial /> is using incorrect casing. Use PascalCase for React components, or lowercase for HTML elements.
    at meshStandardMaterial
    at mesh
    at group
    at group
    at group
    at Sky (E:\project\Anima-Engine\src\components\Landscape\Sky.tsx:50:16)
Warning: <boxGeometry /> is using incorrect casing. Use PascalCase for React components, or lowercase for HTML elements.
    at boxGeometry
    at mesh
    at group
    at group
    at group
    at Sky (E:\project\Anima-Engine\src\components\Landscape\Sky.tsx:50:16)
Warning: <meshStandardMaterial /> is using incorrect casing. Use PascalCase for React components, or lowercase for HTML elements.
    at meshStandardMaterial
    at mesh
    at group
    at group
    at group
    at Sky (E:\project\Anima-Engine\src\components\Landscape\Sky.tsx:50:16)
Warning: <boxGeometry /> is using incorrect casing. Use PascalCase for React components, or lowercase for HTML elements.
    at boxGeometry
    at mesh
    at group
    at group
    at group
    at Sky (E:\project\Anima-Engine\src\components\Landscape\Sky.tsx:50:16)
Warning: <meshStandardMaterial /> is using incorrect casing. Use PascalCase for React components, or lowercase for HTML elements.
    at meshStandardMaterial
    at mesh
    at group
    at group
    at group
    at Sky (E:\project\Anima-Engine\src\components\Landscape\Sky.tsx:50:16)
Warning: <boxGeometry /> is using incorrect casing. Use PascalCase for React components, or lowercase for HTML elements.
    at boxGeometry
    at mesh
    at group
    at group
    at group
    at Sky (E:\project\Anima-Engine\src\components\Landscape\Sky.tsx:50:16)
Warning: <meshStandardMaterial /> is using incorrect casing. Use PascalCase for React components, or lowercase for HTML elements.
    at meshStandardMaterial
    at mesh
    at group
    at group
    at group
    at Sky (E:\project\Anima-Engine\src\components\Landscape\Sky.tsx:50:16)
Warning: <boxGeometry /> is using incorrect casing. Use PascalCase for React components, or lowercase for HTML elements.
    at boxGeometry
    at mesh
    at group
    at group
    at group
    at Sky (E:\project\Anima-Engine\src\components\Landscape\Sky.tsx:50:16)
Warning: <meshStandardMaterial /> is using incorrect casing. Use PascalCase for React components, or lowercase for HTML elements.
    at meshStandardMaterial
    at mesh
    at group
    at group
    at group
    at Sky (E:\project\Anima-Engine\src\components\Landscape\Sky.tsx:50:16)
Warning: <boxGeometry /> is using incorrect casing. Use PascalCase for React components, or lowercase for HTML elements.
    at boxGeometry
    at mesh
    at group
    at group
    at group
    at Sky (E:\project\Anima-Engine\src\components\Landscape\Sky.tsx:50:16)
Warning: <meshStandardMaterial /> is using incorrect casing. Use PascalCase for React components, or lowercase for HTML elements.
    at meshStandardMaterial
    at mesh
    at group
    at group
    at group
    at Sky (E:\project\Anima-Engine\src\components\Landscape\Sky.tsx:50:16)
Warning: <boxGeometry /> is using incorrect casing. Use PascalCase for React components, or lowercase for HTML elements.
    at boxGeometry
    at mesh
    at group
    at group
    at group
    at Sky (E:\project\Anima-Engine\src\components\Landscape\Sky.tsx:50:16)
Warning: <meshStandardMaterial /> is using incorrect casing. Use PascalCase for React components, or lowercase for HTML elements.
    at meshStandardMaterial
    at mesh
    at group
    at group
    at group
    at Sky (E:\project\Anima-Engine\src\components\Landscape\Sky.tsx:50:16)
Warning: <boxGeometry /> is using incorrect casing. Use PascalCase for React components, or lowercase for HTML elements.
    at boxGeometry
    at mesh
    at group
    at group
    at group
    at Sky (E:\project\Anima-Engine\src\components\Landscape\Sky.tsx:50:16)
Warning: <meshStandardMaterial /> is using incorrect casing. Use PascalCase for React components, or lowercase for HTML elements.
    at meshStandardMaterial
    at mesh
    at group
    at group
    at group
    at Sky (E:\project\Anima-Engine\src\components\Landscape\Sky.tsx:50:16)
Warning: <boxGeometry /> is using incorrect casing. Use PascalCase for React components, or lowercase for HTML elements.
    at boxGeometry
    at mesh
    at group
    at group
    at group
    at Sky (E:\project\Anima-Engine\src\components\Landscape\Sky.tsx:50:16)
Warning: <meshStandardMaterial /> is using incorrect casing. Use PascalCase for React components, or lowercase for HTML elements.
    at meshStandardMaterial
    at mesh
    at group
    at group
    at group
    at Sky (E:\project\Anima-Engine\src\components\Landscape\Sky.tsx:50:16)
Warning: <boxGeometry /> is using incorrect casing. Use PascalCase for React components, or lowercase for HTML elements.
    at boxGeometry
    at mesh
    at group
    at group
    at group
    at Sky (E:\project\Anima-Engine\src\components\Landscape\Sky.tsx:50:16)
Warning: <meshStandardMaterial /> is using incorrect casing. Use PascalCase for React components, or lowercase for HTML elements.
    at meshStandardMaterial
    at mesh
    at group
    at group
    at group
    at Sky (E:\project\Anima-Engine\src\components\Landscape\Sky.tsx:50:16)
Warning: <boxGeometry /> is using incorrect casing. Use PascalCase for React components, or lowercase for HTML elements.
    at boxGeometry
    at mesh
    at group
    at group
    at group
    at Sky (E:\project\Anima-Engine\src\components\Landscape\Sky.tsx:50:16)
Warning: <meshStandardMaterial /> is using incorrect casing. Use PascalCase for React components, or lowercase for HTML elements.
    at meshStandardMaterial
    at mesh
    at group
    at group
    at group
    at Sky (E:\project\Anima-Engine\src\components\Landscape\Sky.tsx:50:16)
Warning: <boxGeometry /> is using incorrect casing. Use PascalCase for React components, or lowercase for HTML elements.
    at boxGeometry
    at mesh
    at group
    at group
    at group
    at Sky (E:\project\Anima-Engine\src\components\Landscape\Sky.tsx:50:16)
Warning: <meshStandardMaterial /> is using incorrect casing. Use PascalCase for React components, or lowercase for HTML elements.
    at meshStandardMaterial
    at mesh
    at group
    at group
    at group
    at Sky (E:\project\Anima-Engine\src\components\Landscape\Sky.tsx:50:16)
Warning: <boxGeometry /> is using incorrect casing. Use PascalCase for React components, or lowercase for HTML elements.
    at boxGeometry
    at mesh
    at group
    at group
    at group
    at Sky (E:\project\Anima-Engine\src\components\Landscape\Sky.tsx:50:16)
Warning: <meshStandardMaterial /> is using incorrect casing. Use PascalCase for React components, or lowercase for HTML elements.
    at meshStandardMaterial
    at mesh
    at group
    at group
    at group
    at Sky (E:\project\Anima-Engine\src\components\Landscape\Sky.tsx:50:16)
Warning: <boxGeometry /> is using incorrect casing. Use PascalCase for React components, or lowercase for HTML elements.
    at boxGeometry
    at mesh
    at group
    at group
    at group
    at Sky (E:\project\Anima-Engine\src\components\Landscape\Sky.tsx:50:16)
Warning: <meshStandardMaterial /> is using incorrect casing. Use PascalCase for React components, or lowercase for HTML elements.
    at meshStandardMaterial
    at mesh
    at group
    at group
    at group
    at Sky (E:\project\Anima-Engine\src\components\Landscape\Sky.tsx:50:16)
Warning: <boxGeometry /> is using incorrect casing. Use PascalCase for React components, or lowercase for HTML elements.
    at boxGeometry
    at mesh
    at group
    at group
    at group
    at Sky (E:\project\Anima-Engine\src\components\Landscape\Sky.tsx:50:16)
Warning: <meshStandardMaterial /> is using incorrect casing. Use PascalCase for React components, or lowercase for HTML elements.
    at meshStandardMaterial
    at mesh
    at group
    at group
    at group
    at Sky (E:\project\Anima-Engine\src\components\Landscape\Sky.tsx:50:16)
Warning: <boxGeometry /> is using incorrect casing. Use PascalCase for React components, or lowercase for HTML elements.
    at boxGeometry
    at mesh
    at group
    at group
    at group
    at Sky (E:\project\Anima-Engine\src\components\Landscape\Sky.tsx:50:16)
Warning: <meshStandardMaterial /> is using incorrect casing. Use PascalCase for React components, or lowercase for HTML elements.
    at meshStandardMaterial
    at mesh
    at group
    at group
    at group
    at Sky (E:\project\Anima-Engine\src\components\Landscape\Sky.tsx:50:16)
Warning: <boxGeometry /> is using incorrect casing. Use PascalCase for React components, or lowercase for HTML elements.
    at boxGeometry
    at mesh
    at group
    at group
    at group
    at Sky (E:\project\Anima-Engine\src\components\Landscape\Sky.tsx:50:16)
Warning: <meshStandardMaterial /> is using incorrect casing. Use PascalCase for React components, or lowercase for HTML elements.
    at meshStandardMaterial
    at mesh
    at group
    at group
    at group
    at Sky (E:\project\Anima-Engine\src\components\Landscape\Sky.tsx:50:16)

[90mstderr[2m | frontend/landscape_showcase.test.tsx[2m > [22m[2mLandscape Showcase Test Suite (93 Tests)[2m > [22m[2mTier 4: Real-World Application Scenarios (5 tests)[2m > [22m[2mTier 4: Scenario 1 (Cinematic Flyover)[22m[39m
Warning: <sphereGeometry /> is using incorrect casing. Use PascalCase for React components, or lowercase for HTML elements.
    at sphereGeometry
    at mesh
    at group
    at Sky (E:\project\Anima-Engine\src\components\Landscape\Sky.tsx:50:16)
Warning: <meshBasicMaterial /> is using incorrect casing. Use PascalCase for React components, or lowercase for HTML elements.
    at meshBasicMaterial
    at mesh
    at group
    at Sky (E:\project\Anima-Engine\src\components\Landscape\Sky.tsx:50:16)
Warning: <directionalLight /> is using incorrect casing. Use PascalCase for React components, or lowercase for HTML elements.
    at directionalLight
    at group
    at Sky (E:\project\Anima-Engine\src\components\Landscape\Sky.tsx:50:16)
Warning: <hemisphereLight /> is using incorrect casing. Use PascalCase for React components, or lowercase for HTML elements.
    at hemisphereLight
    at group
    at Sky (E:\project\Anima-Engine\src\components\Landscape\Sky.tsx:50:16)
Warning: <ambientLight /> is using incorrect casing. Use PascalCase for React components, or lowercase for HTML elements.
    at ambientLight
    at group
    at Sky (E:\project\Anima-Engine\src\components\Landscape\Sky.tsx:50:16)
Warning: <boxGeometry /> is using incorrect casing. Use PascalCase for React components, or lowercase for HTML elements.
    at boxGeometry
    at mesh
    at group
    at group
    at group
    at Sky (E:\project\Anima-Engine\src\components\Landscape\Sky.tsx:50:16)
Warning: <meshStandardMaterial /> is using incorrect casing. Use PascalCase for React components, or lowercase for HTML elements.
    at meshStandardMaterial
    at mesh
    at group
    at group
    at group
    at Sky (E:\project\Anima-Engine\src\components\Landscape\Sky.tsx:50:16)
Warning: <boxGeometry /> is using incorrect casing. Use PascalCase for React components, or lowercase for HTML elements.
    at boxGeometry
    at mesh
    at group
    at group
    at group
    at Sky (E:\project\Anima-Engine\src\components\Landscape\Sky.tsx:50:16)
Warning: <meshStandardMaterial /> is using incorrect casing. Use PascalCase for React components, or lowercase for HTML elements.
    at meshStandardMaterial
    at mesh
    at group
    at group
    at group
    at Sky (E:\project\Anima-Engine\src\components\Landscape\Sky.tsx:50:16)
Warning: <boxGeometry /> is using incorrect casing. Use PascalCase for React components, or lowercase for HTML elements.
    at boxGeometry
    at mesh
    at group
    at group
    at group
    at Sky (E:\project\Anima-Engine\src\components\Landscape\Sky.tsx:50:16)
Warning: <meshStandardMaterial /> is using incorrect casing. Use PascalCase for React components, or lowercase for HTML elements.
    at meshStandardMaterial
    at mesh
    at group
    at group
    at group
    at Sky (E:\project\Anima-Engine\src\components\Landscape\Sky.tsx:50:16)
Warning: <boxGeometry /> is using incorrect casing. Use PascalCase for React components, or lowercase for HTML elements.
    at boxGeometry
    at mesh
    at group
    at group
    at group
    at Sky (E:\project\Anima-Engine\src\components\Landscape\Sky.tsx:50:16)
Warning: <meshStandardMaterial /> is using incorrect casing. Use PascalCase for React components, or lowercase for HTML elements.
    at meshStandardMaterial
    at mesh
    at group
    at group
    at group
    at Sky (E:\project\Anima-Engine\src\components\Landscape\Sky.tsx:50:16)
Warning: <boxGeometry /> is using incorrect casing. Use PascalCase for React components, or lowercase for HTML elements.
    at boxGeometry
    at mesh
    at group
    at group
    at group
    at Sky (E:\project\Anima-Engine\src\components\Landscape\Sky.tsx:50:16)
Warning: <meshStandardMaterial /> is using incorrect casing. Use PascalCase for React components, or lowercase for HTML elements.
    at meshStandardMaterial
    at mesh
    at group
    at group
    at group
    at Sky (E:\project\Anima-Engine\src\components\Landscape\Sky.tsx:50:16)
Warning: <boxGeometry /> is using incorrect casing. Use PascalCase for React components, or lowercase for HTML elements.
    at boxGeometry
    at mesh
    at group
    at group
    at group
    at Sky (E:\project\Anima-Engine\src\components\Landscape\Sky.tsx:50:16)
Warning: <meshStandardMaterial /> is using incorrect casing. Use PascalCase for React components, or lowercase for HTML elements.
    at meshStandardMaterial
    at mesh
    at group
    at group
    at group
    at Sky (E:\project\Anima-Engine\src\components\Landscape\Sky.tsx:50:16)
Warning: <boxGeometry /> is using incorrect casing. Use PascalCase for React components, or lowercase for HTML elements.
    at boxGeometry
    at mesh
    at group
    at group
    at group
    at Sky (E:\project\Anima-Engine\src\components\Landscape\Sky.tsx:50:16)
Warning: <meshStandardMaterial /> is using incorrect casing. Use PascalCase for React components, or lowercase for HTML elements.
    at meshStandardMaterial
    at mesh
    at group
    at group
    at group
    at Sky (E:\project\Anima-Engine\src\components\Landscape\Sky.tsx:50:16)
Warning: <boxGeometry /> is using incorrect casing. Use PascalCase for React components, or lowercase for HTML elements.
    at boxGeometry
    at mesh
    at group
    at group
    at group
    at Sky (E:\project\Anima-Engine\src\components\Landscape\Sky.tsx:50:16)
Warning: <meshStandardMaterial /> is using incorrect casing. Use PascalCase for React components, or lowercase for HTML elements.
    at meshStandardMaterial
    at mesh
    at group
    at group
    at group
    at Sky (E:\project\Anima-Engine\src\components\Landscape\Sky.tsx:50:16)
Warning: <boxGeometry /> is using incorrect casing. Use PascalCase for React components, or lowercase for HTML elements.
    at boxGeometry
    at mesh
    at group
    at group
    at group
    at Sky (E:\project\Anima-Engine\src\components\Landscape\Sky.tsx:50:16)
Warning: <meshStandardMaterial /> is using incorrect casing. Use PascalCase for React components, or lowercase for HTML elements.
    at meshStandardMaterial
    at mesh
    at group
    at group
    at group
    at Sky (E:\project\Anima-Engine\src\components\Landscape\Sky.tsx:50:16)
Warning: <boxGeometry /> is using incorrect casing. Use PascalCase for React components, or lowercase for HTML elements.
    at boxGeometry
    at mesh
    at group
    at group
    at group
    at Sky (E:\project\Anima-Engine\src\components\Landscape\Sky.tsx:50:16)
Warning: <meshStandardMaterial /> is using incorrect casing. Use PascalCase for React components, or lowercase for HTML elements.
    at meshStandardMaterial
    at mesh
    at group
    at group
    at group
    at Sky (E:\project\Anima-Engine\src\components\Landscape\Sky.tsx:50:16)
Warning: <boxGeometry /> is using incorrect casing. Use PascalCase for React components, or lowercase for HTML elements.
    at boxGeometry
    at mesh
    at group
    at group
    at group
    at Sky (E:\project\Anima-Engine\src\components\Landscape\Sky.tsx:50:16)
Warning: <meshStandardMaterial /> is using incorrect casing. Use PascalCase for React components, or lowercase for HTML elements.
    at meshStandardMaterial
    at mesh
    at group
    at group
    at group
    at Sky (E:\project\Anima-Engine\src\components\Landscape\Sky.tsx:50:16)
Warning: <boxGeometry /> is using incorrect casing. Use PascalCase for React components, or lowercase for HTML elements.
    at boxGeometry
    at mesh
    at group
    at group
    at group
    at Sky (E:\project\Anima-Engine\src\components\Landscape\Sky.tsx:50:16)
Warning: <meshStandardMaterial /> is using incorrect casing. Use PascalCase for React components, or lowercase for HTML elements.
    at meshStandardMaterial
    at mesh
    at group
    at group
    at group
    at Sky (E:\project\Anima-Engine\src\components\Landscape\Sky.tsx:50:16)
Warning: <boxGeometry /> is using incorrect casing. Use PascalCase for React components, or lowercase for HTML elements.
    at boxGeometry
    at mesh
    at group
    at group
    at group
    at Sky (E:\project\Anima-Engine\src\components\Landscape\Sky.tsx:50:16)
Warning: <meshStandardMaterial /> is using incorrect casing. Use PascalCase for React components, or lowercase for HTML elements.
    at meshStandardMaterial
    at mesh
    at group
    at group
    at group
    at Sky (E:\project\Anima-Engine\src\components\Landscape\Sky.tsx:50:16)
Warning: <boxGeometry /> is using incorrect casing. Use PascalCase for React components, or lowercase for HTML elements.
    at boxGeometry
    at mesh
    at group
    at group
    at group
    at Sky (E:\project\Anima-Engine\src\components\Landscape\Sky.tsx:50:16)
Warning: <meshStandardMaterial /> is using incorrect casing. Use PascalCase for React components, or lowercase for HTML elements.
    at meshStandardMaterial
    at mesh
    at group
    at group
    at group
    at Sky (E:\project\Anima-Engine\src\components\Landscape\Sky.tsx:50:16)
Warning: <boxGeometry /> is using incorrect casing. Use PascalCase for React components, or lowercase for HTML elements.
    at boxGeometry
    at mesh
    at group
    at group
    at group
    at Sky (E:\project\Anima-Engine\src\components\Landscape\Sky.tsx:50:16)
Warning: <meshStandardMaterial /> is using incorrect casing. Use PascalCase for React components, or lowercase for HTML elements.
    at meshStandardMaterial
    at mesh
    at group
    at group
    at group
    at Sky (E:\project\Anima-Engine\src\components\Landscape\Sky.tsx:50:16)
Warning: <boxGeometry /> is using incorrect casing. Use PascalCase for React components, or lowercase for HTML elements.
    at boxGeometry
    at mesh
    at group
    at group
    at group
    at Sky (E:\project\Anima-Engine\src\components\Landscape\Sky.tsx:50:16)
Warning: <meshStandardMaterial /> is using incorrect casing. Use PascalCase for React components, or lowercase for HTML elements.
    at meshStandardMaterial
    at mesh
    at group
    at group
    at group
    at Sky (E:\project\Anima-Engine\src\components\Landscape\Sky.tsx:50:16)
Warning: <boxGeometry /> is using incorrect casing. Use PascalCase for React components, or lowercase for HTML elements.
    at boxGeometry
    at mesh
    at group
    at group
    at group
    at Sky (E:\project\Anima-Engine\src\components\Landscape\Sky.tsx:50:16)
Warning: <meshStandardMaterial /> is using incorrect casing. Use PascalCase for React components, or lowercase for HTML elements.
    at meshStandardMaterial
    at mesh
    at group
    at group
    at group
    at Sky (E:\project\Anima-Engine\src\components\Landscape\Sky.tsx:50:16)
Warning: <boxGeometry /> is using incorrect casing. Use PascalCase for React components, or lowercase for HTML elements.
    at boxGeometry
    at mesh
    at group
    at group
    at group
    at Sky (E:\project\Anima-Engine\src\components\Landscape\Sky.tsx:50:16)
Warning: <meshStandardMaterial /> is using incorrect casing. Use PascalCase for React components, or lowercase for HTML elements.
    at meshStandardMaterial
    at mesh
    at group
    at group
    at group
    at Sky (E:\project\Anima-Engine\src\components\Landscape\Sky.tsx:50:16)
Warning: <object3D /> is using incorrect casing. Use PascalCase for React components, or lowercase for HTML elements.
    at object3D
    at CameraControls (E:\project\Anima-Engine\src\components\Landscape\CameraControls.tsx:15:3)

[90mstderr[2m | frontend/landscape_showcase.test.tsx[2m > [22m[2mLandscape Showcase Test Suite (93 Tests)[2m > [22m[2mTier 4: Real-World Application Scenarios (5 tests)[2m > [22m[2mTier 4: Scenario 2 (Weather Transition)[22m[39m
Warning: <fogExp2 /> is using incorrect casing. Use PascalCase for React components, or lowercase for HTML elements.
    at fogExp2
    at group
    at Weather (E:\project\Anima-Engine\src\components\Landscape\Weather.tsx:10:3)
Warning: <bufferAttribute /> is using incorrect casing. Use PascalCase for React components, or lowercase for HTML elements.
    at bufferAttribute
    at bufferGeometry
    at points
    at group
    at Weather (E:\project\Anima-Engine\src\components\Landscape\Weather.tsx:10:3)
Warning: <bufferGeometry /> is using incorrect casing. Use PascalCase for React components, or lowercase for HTML elements.
    at bufferGeometry
    at points
    at group
    at Weather (E:\project\Anima-Engine\src\components\Landscape\Weather.tsx:10:3)
Warning: <pointsMaterial /> is using incorrect casing. Use PascalCase for React components, or lowercase for HTML elements.
    at pointsMaterial
    at points
    at group
    at Weather (E:\project\Anima-Engine\src\components\Landscape\Weather.tsx:10:3)

[90mstderr[2m | frontend/landscape_showcase.test.tsx[2m > [22m[2mLandscape Showcase Test Suite (93 Tests)[2m > [22m[2mTier 4: Real-World Application Scenarios (5 tests)[2m > [22m[2mTier 4: Scenario 3 (Alpine Exploration)[22m[39m
Warning: <fogExp2 /> is using incorrect casing. Use PascalCase for React components, or lowercase for HTML elements.
    at fogExp2
    at group
    at Weather (E:\project\Anima-Engine\src\components\Landscape\Weather.tsx:10:3)
Warning: <bufferAttribute /> is using incorrect casing. Use PascalCase for React components, or lowercase for HTML elements.
    at bufferAttribute
    at bufferGeometry
    at points
    at group
    at Weather (E:\project\Anima-Engine\src\components\Landscape\Weather.tsx:10:3)
Warning: <bufferGeometry /> is using incorrect casing. Use PascalCase for React components, or lowercase for HTML elements.
    at bufferGeometry
    at points
    at group
    at Weather (E:\project\Anima-Engine\src\components\Landscape\Weather.tsx:10:3)
Warning: <pointsMaterial /> is using incorrect casing. Use PascalCase for React components, or lowercase for HTML elements.
    at pointsMaterial
    at points
    at group
    at Weather (E:\project\Anima-Engine\src\components\Landscape\Weather.tsx:10:3)

[90mstderr[2m | frontend/landscape_showcase.test.tsx[2m > [22m[2mLandscape Showcase Test Suite (93 Tests)[2m > [22m[2mTier 4: Real-World Application Scenarios (5 tests)[2m > [22m[2mTier 4: Scenario 4 (Beach Exploration)[22m[39m
Warning: <shaderMaterial /> is using incorrect casing. Use PascalCase for React components, or lowercase for HTML elements.
    at shaderMaterial
    at mesh
    at group
    at Water (E:\project\Anima-Engine\src\components\Landscape\Water.tsx:87:3)
Warning: <bufferAttribute /> is using incorrect casing. Use PascalCase for React components, or lowercase for HTML elements.
    at bufferAttribute
    at bufferGeometry
    at points
    at group
    at Water (E:\project\Anima-Engine\src\components\Landscape\Water.tsx:87:3)
Warning: <bufferGeometry /> is using incorrect casing. Use PascalCase for React components, or lowercase for HTML elements.
    at bufferGeometry
    at points
    at group
    at Water (E:\project\Anima-Engine\src\components\Landscape\Water.tsx:87:3)
Warning: <pointsMaterial /> is using incorrect casing. Use PascalCase for React components, or lowercase for HTML elements.
    at pointsMaterial
    at points
    at group
    at Water (E:\project\Anima-Engine\src\components\Landscape\Water.tsx:87:3)

[90mstderr[2m | frontend/landscape_showcase.test.tsx[2m > [22m[2mLandscape Showcase Test Suite (93 Tests)[2m > [22m[2mTier 4: Real-World Application Scenarios (5 tests)[2m > [22m[2mTier 4: Scenario 5 (Ecosystem Speedup)[22m[39m
Warning: <sphereGeometry /> is using incorrect casing. Use PascalCase for React components, or lowercase for HTML elements.
    at sphereGeometry
    at mesh
    at group
    at Sky (E:\project\Anima-Engine\src\components\Landscape\Sky.tsx:50:16)
    at div
    at Canvas (E:\project\Anima-Engine\tests\frontend\landscape_showcase.test.tsx:4:16)
    at div
    at LandscapeShowcase (E:\project\Anima-Engine\src\components\Landscape\LandscapeShowcase.tsx:28:55)
Warning: <meshBasicMaterial /> is using incorrect casing. Use PascalCase for React components, or lowercase for HTML elements.
    at meshBasicMaterial
    at mesh
    at group
    at Sky (E:\project\Anima-Engine\src\components\Landscape\Sky.tsx:50:16)
    at div
    at Canvas (E:\project\Anima-Engine\tests\frontend\landscape_showcase.test.tsx:4:16)
    at div
    at LandscapeShowcase (E:\project\Anima-Engine\src\components\Landscape\LandscapeShowcase.tsx:28:55)
Warning: <directionalLight /> is using incorrect casing. Use PascalCase for React components, or lowercase for HTML elements.
    at directionalLight
    at group
    at Sky (E:\project\Anima-Engine\src\components\Landscape\Sky.tsx:50:16)
    at div
    at Canvas (E:\project\Anima-Engine\tests\frontend\landscape_showcase.test.tsx:4:16)
    at div
    at LandscapeShowcase (E:\project\Anima-Engine\src\components\Landscape\LandscapeShowcase.tsx:28:55)
Warning: <hemisphereLight /> is using incorrect casing. Use PascalCase for React components, or lowercase for HTML elements.
    at hemisphereLight
    at group
    at Sky (E:\project\Anima-Engine\src\components\Landscape\Sky.tsx:50:16)
    at div
    at Canvas (E:\project\Anima-Engine\tests\frontend\landscape_showcase.test.tsx:4:16)
    at div
    at LandscapeShowcase (E:\project\Anima-Engine\src\components\Landscape\LandscapeShowcase.tsx:28:55)
Warning: <ambientLight /> is using incorrect casing. Use PascalCase for React components, or lowercase for HTML elements.
    at ambientLight
    at group
    at Sky (E:\project\Anima-Engine\src\components\Landscape\Sky.tsx:50:16)
    at div
    at Canvas (E:\project\Anima-Engine\tests\frontend\landscape_showcase.test.tsx:4:16)
    at div
    at LandscapeShowcase (E:\project\Anima-Engine\src\components\Landscape\LandscapeShowcase.tsx:28:55)
Warning: <boxGeometry /> is using incorrect casing. Use PascalCase for React components, or lowercase for HTML elements.
    at boxGeometry
    at mesh
    at group
    at group
    at group
    at Sky (E:\project\Anima-Engine\src\components\Landscape\Sky.tsx:50:16)
    at div
    at Canvas (E:\project\Anima-Engine\tests\frontend\landscape_showcase.test.tsx:4:16)
    at div
    at LandscapeShowcase (E:\project\Anima-Engine\src\components\Landscape\LandscapeShowcase.tsx:28:55)
Warning: <meshStandardMaterial /> is using incorrect casing. Use PascalCase for React components, or lowercase for HTML elements.
    at meshStandardMaterial
    at mesh
    at group
    at group
    at group
    at Sky (E:\project\Anima-Engine\src\components\Landscape\Sky.tsx:50:16)
    at div
    at Canvas (E:\project\Anima-Engine\tests\frontend\landscape_showcase.test.tsx:4:16)
    at div
    at LandscapeShowcase (E:\project\Anima-Engine\src\components\Landscape\LandscapeShowcase.tsx:28:55)
Warning: <boxGeometry /> is using incorrect casing. Use PascalCase for React components, or lowercase for HTML elements.
    at boxGeometry
    at mesh
    at group
    at group
    at group
    at Sky (E:\project\Anima-Engine\src\components\Landscape\Sky.tsx:50:16)
    at div
    at Canvas (E:\project\Anima-Engine\tests\frontend\landscape_showcase.test.tsx:4:16)
    at div
    at LandscapeShowcase (E:\project\Anima-Engine\src\components\Landscape\LandscapeShowcase.tsx:28:55)
Warning: <meshStandardMaterial /> is using incorrect casing. Use PascalCase for React components, or lowercase for HTML elements.
    at meshStandardMaterial
    at mesh
    at group
    at group
    at group
    at Sky (E:\project\Anima-Engine\src\components\Landscape\Sky.tsx:50:16)
    at div
    at Canvas (E:\project\Anima-Engine\tests\frontend\landscape_showcase.test.tsx:4:16)
    at div
    at LandscapeShowcase (E:\project\Anima-Engine\src\components\Landscape\LandscapeShowcase.tsx:28:55)
Warning: <boxGeometry /> is using incorrect casing. Use PascalCase for React components, or lowercase for HTML elements.
    at boxGeometry
    at mesh
    at group
    at group
    at group
    at Sky (E:\project\Anima-Engine\src\components\Landscape\Sky.tsx:50:16)
    at div
    at Canvas (E:\project\Anima-Engine\tests\frontend\landscape_showcase.test.tsx:4:16)
    at div
    at LandscapeShowcase (E:\project\Anima-Engine\src\components\Landscape\LandscapeShowcase.tsx:28:55)
Warning: <meshStandardMaterial /> is using incorrect casing. Use PascalCase for React components, or lowercase for HTML elements.
    at meshStandardMaterial
    at mesh
    at group
    at group
    at group
    at Sky (E:\project\Anima-Engine\src\components\Landscape\Sky.tsx:50:16)
    at div
    at Canvas (E:\project\Anima-Engine\tests\frontend\landscape_showcase.test.tsx:4:16)
    at div
    at LandscapeShowcase (E:\project\Anima-Engine\src\components\Landscape\LandscapeShowcase.tsx:28:55)
Warning: <boxGeometry /> is using incorrect casing. Use PascalCase for React components, or lowercase for HTML elements.
    at boxGeometry
    at mesh
    at group
    at group
    at group
    at Sky (E:\project\Anima-Engine\src\components\Landscape\Sky.tsx:50:16)
    at div
    at Canvas (E:\project\Anima-Engine\tests\frontend\landscape_showcase.test.tsx:4:16)
    at div
    at LandscapeShowcase (E:\project\Anima-Engine\src\components\Landscape\LandscapeShowcase.tsx:28:55)
Warning: <meshStandardMaterial /> is using incorrect casing. Use PascalCase for React components, or lowercase for HTML elements.
    at meshStandardMaterial
    at mesh
    at group
    at group
    at group
    at Sky (E:\project\Anima-Engine\src\components\Landscape\Sky.tsx:50:16)
    at div
    at Canvas (E:\project\Anima-Engine\tests\frontend\landscape_showcase.test.tsx:4:16)
    at div
    at LandscapeShowcase (E:\project\Anima-Engine\src\components\Landscape\LandscapeShowcase.tsx:28:55)
Warning: <boxGeometry /> is using incorrect casing. Use PascalCase for React components, or lowercase for HTML elements.
    at boxGeometry
    at mesh
    at group
    at group
    at group
    at Sky (E:\project\Anima-Engine\src\components\Landscape\Sky.tsx:50:16)
    at div
    at Canvas (E:\project\Anima-Engine\tests\frontend\landscape_showcase.test.tsx:4:16)
    at div
    at LandscapeShowcase (E:\project\Anima-Engine\src\components\Landscape\LandscapeShowcase.tsx:28:55)
Warning: <meshStandardMaterial /> is using incorrect casing. Use PascalCase for React components, or lowercase for HTML elements.
    at meshStandardMaterial
    at mesh
    at group
    at group
    at group
    at Sky (E:\project\Anima-Engine\src\components\Landscape\Sky.tsx:50:16)
    at div
    at Canvas (E:\project\Anima-Engine\tests\frontend\landscape_showcase.test.tsx:4:16)
    at div
    at LandscapeShowcase (E:\project\Anima-Engine\src\components\Landscape\LandscapeShowcase.tsx:28:55)
Warning: <boxGeometry /> is using incorrect casing. Use PascalCase for React components, or lowercase for HTML elements.
    at boxGeometry
    at mesh
    at group
    at group
    at group
    at Sky (E:\project\Anima-Engine\src\components\Landscape\Sky.tsx:50:16)
    at div
    at Canvas (E:\project\Anima-Engine\tests\frontend\landscape_showcase.test.tsx:4:16)
    at div
    at LandscapeShowcase (E:\project\Anima-Engine\src\components\Landscape\LandscapeShowcase.tsx:28:55)
Warning: <meshStandardMaterial /> is using incorrect casing. Use PascalCase for React components, or lowercase for HTML elements.
    at meshStandardMaterial
    at mesh
    at group
    at group
    at group
    at Sky (E:\project\Anima-Engine\src\components\Landscape\Sky.tsx:50:16)
    at div
    at Canvas (E:\project\Anima-Engine\tests\frontend\landscape_showcase.test.tsx:4:16)
    at div
    at LandscapeShowcase (E:\project\Anima-Engine\src\components\Landscape\LandscapeShowcase.tsx:28:55)
Warning: <boxGeometry /> is using incorrect casing. Use PascalCase for React components, or lowercase for HTML elements.
    at boxGeometry
    at mesh
    at group
    at group
    at group
    at Sky (E:\project\Anima-Engine\src\components\Landscape\Sky.tsx:50:16)
    at div
    at Canvas (E:\project\Anima-Engine\tests\frontend\landscape_showcase.test.tsx:4:16)
    at div
    at LandscapeShowcase (E:\project\Anima-Engine\src\components\Landscape\LandscapeShowcase.tsx:28:55)
Warning: <meshStandardMaterial /> is using incorrect casing. Use PascalCase for React components, or lowercase for HTML elements.
    at meshStandardMaterial
    at mesh
    at group
    at group
    at group
    at Sky (E:\project\Anima-Engine\src\components\Landscape\Sky.tsx:50:16)
    at div
    at Canvas (E:\project\Anima-Engine\tests\frontend\landscape_showcase.test.tsx:4:16)
    at div
    at LandscapeShowcase (E:\project\Anima-Engine\src\components\Landscape\LandscapeShowcase.tsx:28:55)
Warning: <boxGeometry /> is using incorrect casing. Use PascalCase for React components, or lowercase for HTML elements.
    at boxGeometry
    at mesh
    at group
    at group
    at group
    at Sky (E:\project\Anima-Engine\src\components\Landscape\Sky.tsx:50:16)
    at div
    at Canvas (E:\project\Anima-Engine\tests\frontend\landscape_showcase.test.tsx:4:16)
    at div
    at LandscapeShowcase (E:\project\Anima-Engine\src\components\Landscape\LandscapeShowcase.tsx:28:55)
Warning: <meshStandardMaterial /> is using incorrect casing. Use PascalCase for React components, or lowercase for HTML elements.
    at meshStandardMaterial
    at mesh
    at group
    at group
    at group
    at Sky (E:\project\Anima-Engine\src\components\Landscape\Sky.tsx:50:16)
    at div
    at Canvas (E:\project\Anima-Engine\tests\frontend\landscape_showcase.test.tsx:4:16)
    at div
    at LandscapeShowcase (E:\project\Anima-Engine\src\components\Landscape\LandscapeShowcase.tsx:28:55)
Warning: <boxGeometry /> is using incorrect casing. Use PascalCase for React components, or lowercase for HTML elements.
    at boxGeometry
    at mesh
    at group
    at group
    at group
    at Sky (E:\project\Anima-Engine\src\components\Landscape\Sky.tsx:50:16)
    at div
    at Canvas (E:\project\Anima-Engine\tests\frontend\landscape_showcase.test.tsx:4:16)
    at div
    at LandscapeShowcase (E:\project\Anima-Engine\src\components\Landscape\LandscapeShowcase.tsx:28:55)
Warning: <meshStandardMaterial /> is using incorrect casing. Use PascalCase for React components, or lowercase for HTML elements.
    at meshStandardMaterial
    at mesh
    at group
    at group
    at group
    at Sky (E:\project\Anima-Engine\src\components\Landscape\Sky.tsx:50:16)
    at div
    at Canvas (E:\project\Anima-Engine\tests\frontend\landscape_showcase.test.tsx:4:16)
    at div
    at LandscapeShowcase (E:\project\Anima-Engine\src\components\Landscape\LandscapeShowcase.tsx:28:55)
Warning: <boxGeometry /> is using incorrect casing. Use PascalCase for React components, or lowercase for HTML elements.
    at boxGeometry
    at mesh
    at group
    at group
    at group
    at Sky (E:\project\Anima-Engine\src\components\Landscape\Sky.tsx:50:16)
    at div
    at Canvas (E:\project\Anima-Engine\tests\frontend\landscape_showcase.test.tsx:4:16)
    at div
    at LandscapeShowcase (E:\project\Anima-Engine\src\components\Landscape\LandscapeShowcase.tsx:28:55)
Warning: <meshStandardMaterial /> is using incorrect casing. Use PascalCase for React components, or lowercase for HTML elements.
    at meshStandardMaterial
    at mesh
    at group
    at group
    at group
    at Sky (E:\project\Anima-Engine\src\components\Landscape\Sky.tsx:50:16)
    at div
    at Canvas (E:\project\Anima-Engine\tests\frontend\landscape_showcase.test.tsx:4:16)
    at div
    at LandscapeShowcase (E:\project\Anima-Engine\src\components\Landscape\LandscapeShowcase.tsx:28:55)
Warning: <boxGeometry /> is using incorrect casing. Use PascalCase for React components, or lowercase for HTML elements.
    at boxGeometry
    at mesh
    at group
    at group
    at group
    at Sky (E:\project\Anima-Engine\src\components\Landscape\Sky.tsx:50:16)
    at div
    at Canvas (E:\project\Anima-Engine\tests\frontend\landscape_showcase.test.tsx:4:16)
    at div
    at LandscapeShowcase (E:\project\Anima-Engine\src\components\Landscape\LandscapeShowcase.tsx:28:55)
Warning: <meshStandardMaterial /> is using incorrect casing. Use PascalCase for React components, or lowercase for HTML elements.
    at meshStandardMaterial
    at mesh
    at group
    at group
    at group
    at Sky (E:\project\Anima-Engine\src\components\Landscape\Sky.tsx:50:16)
    at div
    at Canvas (E:\project\Anima-Engine\tests\frontend\landscape_showcase.test.tsx:4:16)
    at div
    at LandscapeShowcase (E:\project\Anima-Engine\src\components\Landscape\LandscapeShowcase.tsx:28:55)
Warning: <boxGeometry /> is using incorrect casing. Use PascalCase for React components, or lowercase for HTML elements.
    at boxGeometry
    at mesh
    at group
    at group
    at group
    at Sky (E:\project\Anima-Engine\src\components\Landscape\Sky.tsx:50:16)
    at div
    at Canvas (E:\project\Anima-Engine\tests\frontend\landscape_showcase.test.tsx:4:16)
    at div
    at LandscapeShowcase (E:\project\Anima-Engine\src\components\Landscape\LandscapeShowcase.tsx:28:55)
Warning: <meshStandardMaterial /> is using incorrect casing. Use PascalCase for React components, or lowercase for HTML elements.
    at meshStandardMaterial
    at mesh
    at group
    at group
    at group
    at Sky (E:\project\Anima-Engine\src\components\Landscape\Sky.tsx:50:16)
    at div
    at Canvas (E:\project\Anima-Engine\tests\frontend\landscape_showcase.test.tsx:4:16)
    at div
    at LandscapeShowcase (E:\project\Anima-Engine\src\components\Landscape\LandscapeShowcase.tsx:28:55)
Warning: <boxGeometry /> is using incorrect casing. Use PascalCase for React components, or lowercase for HTML elements.
    at boxGeometry
    at mesh
    at group
    at group
    at group
    at Sky (E:\project\Anima-Engine\src\components\Landscape\Sky.tsx:50:16)
    at div
    at Canvas (E:\project\Anima-Engine\tests\frontend\landscape_showcase.test.tsx:4:16)
    at div
    at LandscapeShowcase (E:\project\Anima-Engine\src\components\Landscape\LandscapeShowcase.tsx:28:55)
Warning: <meshStandardMaterial /> is using incorrect casing. Use PascalCase for React components, or lowercase for HTML elements.
    at meshStandardMaterial
    at mesh
    at group
    at group
    at group
    at Sky (E:\project\Anima-Engine\src\components\Landscape\Sky.tsx:50:16)
    at div
    at Canvas (E:\project\Anima-Engine\tests\frontend\landscape_showcase.test.tsx:4:16)
    at div
    at LandscapeShowcase (E:\project\Anima-Engine\src\components\Landscape\LandscapeShowcase.tsx:28:55)
Warning: <boxGeometry /> is using incorrect casing. Use PascalCase for React components, or lowercase for HTML elements.
    at boxGeometry
    at mesh
    at group
    at group
    at group
    at Sky (E:\project\Anima-Engine\src\components\Landscape\Sky.tsx:50:16)
    at div
    at Canvas (E:\project\Anima-Engine\tests\frontend\landscape_showcase.test.tsx:4:16)
    at div
    at LandscapeShowcase (E:\project\Anima-Engine\src\components\Landscape\LandscapeShowcase.tsx:28:55)
Warning: <meshStandardMaterial /> is using incorrect casing. Use PascalCase for React components, or lowercase for HTML elements.
    at meshStandardMaterial
    at mesh
    at group
    at group
    at group
    at Sky (E:\project\Anima-Engine\src\components\Landscape\Sky.tsx:50:16)
    at div
    at Canvas (E:\project\Anima-Engine\tests\frontend\landscape_showcase.test.tsx:4:16)
    at div
    at LandscapeShowcase (E:\project\Anima-Engine\src\components\Landscape\LandscapeShowcase.tsx:28:55)
Warning: <boxGeometry /> is using incorrect casing. Use PascalCase for React components, or lowercase for HTML elements.
    at boxGeometry
    at mesh
    at group
    at group
    at group
    at Sky (E:\project\Anima-Engine\src\components\Landscape\Sky.tsx:50:16)
    at div
    at Canvas (E:\project\Anima-Engine\tests\frontend\landscape_showcase.test.tsx:4:16)
    at div
    at LandscapeShowcase (E:\project\Anima-Engine\src\components\Landscape\LandscapeShowcase.tsx:28:55)
Warning: <meshStandardMaterial /> is using incorrect casing. Use PascalCase for React components, or lowercase for HTML elements.
    at meshStandardMaterial
    at mesh
    at group
    at group
    at group
    at Sky (E:\project\Anima-Engine\src\components\Landscape\Sky.tsx:50:16)
    at div
    at Canvas (E:\project\Anima-Engine\tests\frontend\landscape_showcase.test.tsx:4:16)
    at div
    at LandscapeShowcase (E:\project\Anima-Engine\src\components\Landscape\LandscapeShowcase.tsx:28:55)
Warning: <boxGeometry /> is using incorrect casing. Use PascalCase for React components, or lowercase for HTML elements.
    at boxGeometry
    at mesh
    at group
    at group
    at group
    at Sky (E:\project\Anima-Engine\src\components\Landscape\Sky.tsx:50:16)
    at div
    at Canvas (E:\project\Anima-Engine\tests\frontend\landscape_showcase.test.tsx:4:16)
    at div
    at LandscapeShowcase (E:\project\Anima-Engine\src\components\Landscape\LandscapeShowcase.tsx:28:55)
Warning: <meshStandardMaterial /> is using incorrect casing. Use PascalCase for React components, or lowercase for HTML elements.
    at meshStandardMaterial
    at mesh
    at group
    at group
    at group
    at Sky (E:\project\Anima-Engine\src\components\Landscape\Sky.tsx:50:16)
    at div
    at Canvas (E:\project\Anima-Engine\tests\frontend\landscape_showcase.test.tsx:4:16)
    at div
    at LandscapeShowcase (E:\project\Anima-Engine\src\components\Landscape\LandscapeShowcase.tsx:28:55)
Warning: <boxGeometry /> is using incorrect casing. Use PascalCase for React components, or lowercase for HTML elements.
    at boxGeometry
    at mesh
    at group
    at group
    at group
    at Sky (E:\project\Anima-Engine\src\components\Landscape\Sky.tsx:50:16)
    at div
    at Canvas (E:\project\Anima-Engine\tests\frontend\landscape_showcase.test.tsx:4:16)
    at div
    at LandscapeShowcase (E:\project\Anima-Engine\src\components\Landscape\LandscapeShowcase.tsx:28:55)
Warning: <meshStandardMaterial /> is using incorrect casing. Use PascalCase for React components, or lowercase for HTML elements.
    at meshStandardMaterial
    at mesh
    at group
    at group
    at group
    at Sky (E:\project\Anima-Engine\src\components\Landscape\Sky.tsx:50:16)
    at div
    at Canvas (E:\project\Anima-Engine\tests\frontend\landscape_showcase.test.tsx:4:16)
    at div
    at LandscapeShowcase (E:\project\Anima-Engine\src\components\Landscape\LandscapeShowcase.tsx:28:55)
Warning: <boxGeometry /> is using incorrect casing. Use PascalCase for React components, or lowercase for HTML elements.
    at boxGeometry
    at mesh
    at group
    at group
    at group
    at Sky (E:\project\Anima-Engine\src\components\Landscape\Sky.tsx:50:16)
    at div
    at Canvas (E:\project\Anima-Engine\tests\frontend\landscape_showcase.test.tsx:4:16)
    at div
    at LandscapeShowcase (E:\project\Anima-Engine\src\components\Landscape\LandscapeShowcase.tsx:28:55)
Warning: <meshStandardMaterial /> is using incorrect casing. Use PascalCase for React components, or lowercase for HTML elements.
    at meshStandardMaterial
    at mesh
    at group
    at group
    at group
    at Sky (E:\project\Anima-Engine\src\components\Landscape\Sky.tsx:50:16)
    at div
    at Canvas (E:\project\Anima-Engine\tests\frontend\landscape_showcase.test.tsx:4:16)
    at div
    at LandscapeShowcase (E:\project\Anima-Engine\src\components\Landscape\LandscapeShowcase.tsx:28:55)
Warning: <bufferGeometry /> is using incorrect casing. Use PascalCase for React components, or lowercase for HTML elements.
    at bufferGeometry
    at mesh
    at lod
    at Terrain (E:\project\Anima-Engine\src\components\Landscape\Terrain.tsx:26:20)
    at div
    at Canvas (E:\project\Anima-Engine\tests\frontend\landscape_showcase.test.tsx:4:16)
    at div
    at LandscapeShowcase (E:\project\Anima-Engine\src\components\Landscape\LandscapeShowcase.tsx:28:55)
Warning: <meshStandardMaterial /> is using incorrect casing. Use PascalCase for React components, or lowercase for HTML elements.
    at meshStandardMaterial
    at mesh
    at lod
    at Terrain (E:\project\Anima-Engine\src\components\Landscape\Terrain.tsx:26:20)
    at div
    at Canvas (E:\project\Anima-Engine\tests\frontend\landscape_showcase.test.tsx:4:16)
    at div
    at LandscapeShowcase (E:\project\Anima-Engine\src\components\Landscape\LandscapeShowcase.tsx:28:55)
Warning: <bufferGeometry /> is using incorrect casing. Use PascalCase for React components, or lowercase for HTML elements.
    at bufferGeometry
    at mesh
    at lod
    at Terrain (E:\project\Anima-Engine\src\components\Landscape\Terrain.tsx:26:20)
    at div
    at Canvas (E:\project\Anima-Engine\tests\frontend\landscape_showcase.test.tsx:4:16)
    at div
    at LandscapeShowcase (E:\project\Anima-Engine\src\components\Landscape\LandscapeShowcase.tsx:28:55)
Warning: <meshStandardMaterial /> is using incorrect casing. Use PascalCase for React components, or lowercase for HTML elements.
    at meshStandardMaterial
    at mesh
    at lod
    at Terrain (E:\project\Anima-Engine\src\components\Landscape\Terrain.tsx:26:20)
    at div
    at Canvas (E:\project\Anima-Engine\tests\frontend\landscape_showcase.test.tsx:4:16)
    at div
    at LandscapeShowcase (E:\project\Anima-Engine\src\components\Landscape\LandscapeShowcase.tsx:28:55)
Warning: <bufferGeometry /> is using incorrect casing. Use PascalCase for React components, or lowercase for HTML elements.
    at bufferGeometry
    at mesh
    at lod
    at Terrain (E:\project\Anima-Engine\src\components\Landscape\Terrain.tsx:26:20)
    at div
    at Canvas (E:\project\Anima-Engine\tests\frontend\landscape_showcase.test.tsx:4:16)
    at div
    at LandscapeShowcase (E:\project\Anima-Engine\src\components\Landscape\LandscapeShowcase.tsx:28:55)
Warning: <meshStandardMaterial /> is using incorrect casing. Use PascalCase for React components, or lowercase for HTML elements.
    at meshStandardMaterial
    at mesh
    at lod
    at Terrain (E:\project\Anima-Engine\src\components\Landscape\Terrain.tsx:26:20)
    at div
    at Canvas (E:\project\Anima-Engine\tests\frontend\landscape_showcase.test.tsx:4:16)
    at div
    at LandscapeShowcase (E:\project\Anima-Engine\src\components\Landscape\LandscapeShowcase.tsx:28:55)
Warning: <shaderMaterial /> is using incorrect casing. Use PascalCase for React components, or lowercase for HTML elements.
    at shaderMaterial
    at mesh
    at group
    at Water (E:\project\Anima-Engine\src\components\Landscape\Water.tsx:87:3)
    at div
    at Canvas (E:\project\Anima-Engine\tests\frontend\landscape_showcase.test.tsx:4:16)
    at div
    at LandscapeShowcase (E:\project\Anima-Engine\src\components\Landscape\LandscapeShowcase.tsx:28:55)
Warning: <bufferAttribute /> is using incorrect casing. Use PascalCase for React components, or lowercase for HTML elements.
    at bufferAttribute
    at bufferGeometry
    at points
    at group
    at Water (E:\project\Anima-Engine\src\components\Landscape\Water.tsx:87:3)
    at div
    at Canvas (E:\project\Anima-Engine\tests\frontend\landscape_showcase.test.tsx:4:16)
    at div
    at LandscapeShowcase (E:\project\Anima-Engine\src\components\Landscape\LandscapeShowcase.tsx:28:55)
Warning: <bufferGeometry /> is using incorrect casing. Use PascalCase for React components, or lowercase for HTML elements.
    at bufferGeometry
    at points
    at group
    at Water (E:\project\Anima-Engine\src\components\Landscape\Water.tsx:87:3)
    at div
    at Canvas (E:\project\Anima-Engine\tests\frontend\landscape_showcase.test.tsx:4:16)
    at div
    at LandscapeShowcase (E:\project\Anima-Engine\src\components\Landscape\LandscapeShowcase.tsx:28:55)
Warning: <pointsMaterial /> is using incorrect casing. Use PascalCase for React components, or lowercase for HTML elements.
    at pointsMaterial
    at points
    at group
    at Water (E:\project\Anima-Engine\src\components\Landscape\Water.tsx:87:3)
    at div
    at Canvas (E:\project\Anima-Engine\tests\frontend\landscape_showcase.test.tsx:4:16)
    at div
    at LandscapeShowcase (E:\project\Anima-Engine\src\components\Landscape\LandscapeShowcase.tsx:28:55)
Warning: <instancedMesh /> is using incorrect casing. Use PascalCase for React components, or lowercase for HTML elements.
    at instancedMesh
    at group
    at Vegetation (E:\project\Anima-Engine\src\components\Landscape\Vegetation.tsx:58:3)
    at div
    at Canvas (E:\project\Anima-Engine\tests\frontend\landscape_showcase.test.tsx:4:16)
    at div
    at LandscapeShowcase (E:\project\Anima-Engine\src\components\Landscape\LandscapeShowcase.tsx:28:55)
Warning: <instancedMesh /> is using incorrect casing. Use PascalCase for React components, or lowercase for HTML elements.
    at instancedMesh
    at group
    at Vegetation (E:\project\Anima-Engine\src\components\Landscape\Vegetation.tsx:58:3)
    at div
    at Canvas (E:\project\Anima-Engine\tests\frontend\landscape_showcase.test.tsx:4:16)
    at div
    at LandscapeShowcase (E:\project\Anima-Engine\src\components\Landscape\LandscapeShowcase.tsx:28:55)
Warning: <instancedMesh /> is using incorrect casing. Use PascalCase for React components, or lowercase for HTML elements.
    at instancedMesh
    at group
    at Vegetation (E:\project\Anima-Engine\src\components\Landscape\Vegetation.tsx:58:3)
    at div
    at Canvas (E:\project\Anima-Engine\tests\frontend\landscape_showcase.test.tsx:4:16)
    at div
    at LandscapeShowcase (E:\project\Anima-Engine\src\components\Landscape\LandscapeShowcase.tsx:28:55)
Warning: <instancedMesh /> is using incorrect casing. Use PascalCase for React components, or lowercase for HTML elements.
    at instancedMesh
    at group
    at Vegetation (E:\project\Anima-Engine\src\components\Landscape\Vegetation.tsx:58:3)
    at div
    at Canvas (E:\project\Anima-Engine\tests\frontend\landscape_showcase.test.tsx:4:16)
    at div
    at LandscapeShowcase (E:\project\Anima-Engine\src\components\Landscape\LandscapeShowcase.tsx:28:55)
Warning: <instancedMesh /> is using incorrect casing. Use PascalCase for React components, or lowercase for HTML elements.
    at instancedMesh
    at group
    at Vegetation (E:\project\Anima-Engine\src\components\Landscape\Vegetation.tsx:58:3)
    at div
    at Canvas (E:\project\Anima-Engine\tests\frontend\landscape_showcase.test.tsx:4:16)
    at div
    at LandscapeShowcase (E:\project\Anima-Engine\src\components\Landscape\LandscapeShowcase.tsx:28:55)
Warning: <fogExp2 /> is using incorrect casing. Use PascalCase for React components, or lowercase for HTML elements.
    at fogExp2
    at group
    at Weather (E:\project\Anima-Engine\src\components\Landscape\Weather.tsx:10:3)
    at div
    at Canvas (E:\project\Anima-Engine\tests\frontend\landscape_showcase.test.tsx:4:16)
    at div
    at LandscapeShowcase (E:\project\Anima-Engine\src\components\Landscape\LandscapeShowcase.tsx:28:55)
Warning: <sphereGeometry /> is using incorrect casing. Use PascalCase for React components, or lowercase for HTML elements.
    at sphereGeometry
    at mesh
    at group
    at PositionalAudio (E:\project\Anima-Engine\src\components\Landscape\PositionalAudio.tsx:10:3)
    at div
    at Canvas (E:\project\Anima-Engine\tests\frontend\landscape_showcase.test.tsx:4:16)
    at div
    at LandscapeShowcase (E:\project\Anima-Engine\src\components\Landscape\LandscapeShowcase.tsx:28:55)
Warning: <meshBasicMaterial /> is using incorrect casing. Use PascalCase for React components, or lowercase for HTML elements.
    at meshBasicMaterial
    at mesh
    at group
    at PositionalAudio (E:\project\Anima-Engine\src\components\Landscape\PositionalAudio.tsx:10:3)
    at div
    at Canvas (E:\project\Anima-Engine\tests\frontend\landscape_showcase.test.tsx:4:16)
    at div
    at LandscapeShowcase (E:\project\Anima-Engine\src\components\Landscape\LandscapeShowcase.tsx:28:55)
Warning: <sphereGeometry /> is using incorrect casing. Use PascalCase for React components, or lowercase for HTML elements.
    at sphereGeometry
    at mesh
    at group
    at PositionalAudio (E:\project\Anima-Engine\src\components\Landscape\PositionalAudio.tsx:10:3)
    at div
    at Canvas (E:\project\Anima-Engine\tests\frontend\landscape_showcase.test.tsx:4:16)
    at div
    at LandscapeShowcase (E:\project\Anima-Engine\src\components\Landscape\LandscapeShowcase.tsx:28:55)
Warning: <meshBasicMaterial /> is using incorrect casing. Use PascalCase for React components, or lowercase for HTML elements.
    at meshBasicMaterial
    at mesh
    at group
    at PositionalAudio (E:\project\Anima-Engine\src\components\Landscape\PositionalAudio.tsx:10:3)
    at div
    at Canvas (E:\project\Anima-Engine\tests\frontend\landscape_showcase.test.tsx:4:16)
    at div
    at LandscapeShowcase (E:\project\Anima-Engine\src\components\Landscape\LandscapeShowcase.tsx:28:55)
Warning: <orbitControls /> is using incorrect casing. Use PascalCase for React components, or lowercase for HTML elements.
    at orbitControls
    at CameraControls (E:\project\Anima-Engine\src\components\Landscape\CameraControls.tsx:15:3)
    at div
    at Canvas (E:\project\Anima-Engine\tests\frontend\landscape_showcase.test.tsx:4:16)
    at div
    at LandscapeShowcase (E:\project\Anima-Engine\src\components\Landscape\LandscapeShowcase.tsx:28:55)
Warning: <object3D /> is using incorrect casing. Use PascalCase for React components, or lowercase for HTML elements.
    at object3D
    at CameraControls (E:\project\Anima-Engine\src\components\Landscape\CameraControls.tsx:15:3)
    at div
    at Canvas (E:\project\Anima-Engine\tests\frontend\landscape_showcase.test.tsx:4:16)
    at div
    at LandscapeShowcase (E:\project\Anima-Engine\src\components\Landscape\LandscapeShowcase.tsx:28:55)

 [32m✓[39m frontend/landscape_showcase.test.tsx [2m ([22m[2m93 tests[22m[2m)[22m[33m 31397[2mms[22m[39m

[2m Test Files [22m [1m[32m19 passed[39m[22m[90m (19)[39m
[2m      Tests [22m [1m[32m204 passed[39m[22m[90m (204)[39m
[2m   Start at [22m 13:38:39
[2m   Duration [22m 38.54s[2m (transform 6.26s, setup 5.27s, collect 30.10s, tests 76.48s, environment 43.98s, prepare 11.65s)[22m

